04-26 12:43:11.829  5020  5020 D OplusTelephonyController: onSignalStrengthChanged: SignalStrength=SignalStrength:{mCdma=CellSignalStrengthCdma: cdmaDbm=2147483647 cdmaEcio=2147483647 evdoDbm=2147483647 evdoEcio=2147483647 evdoSnr=2147483647 level=0,mGsm=CellSignalStrengthGsm: rssi=2147483647 ber=2147483647 mTa=2147483647 mLevel=0,mWcdma=CellSignalStrengthWcdma: ss=2147483647 ber=2147483647 rscp=2147483647 ecno=2147483647 level=0,mTdscdma=CellSignalStrengthTdscdma: rssi=2147483647 ber=2147483647 rscp=2147483647 level=0,mLte=CellSignalStrengthLte: rssi=2147483647 rsrp=-109 rsrq=2147483647 rssnr=2147483647 cqiTableIndex=2147483647 cqi=2147483647 ta=2147483647 level=1 parametersUseForLevel=0,mNr=CellSignalStrengthNr:{ csiRsrp = 2147483647 csiRsrq = 2147483647 csiCqiTableIndex = 2147483647 csiCqiReport = [] ssRsrp = 2147483647 ssRsrq = 2147483647 ssSinr = 2147483647 level = 0 parametersUseForLevel = 0 timingAdvance = 2147483647 },primary=CellSignalStrengthLte}
04-26 12:43:11.830  5272  5272 D SubsysEventListenerManager-SubsysTelephonyCallback[0]: onSignalStrengthsChanged
04-26 12:43:11.830  4925  5079 I SystemUi--Statusbar: MobileConnectionRepositoryImpl-->subId:1 isSoftSimCard:false slotId:0
04-26 12:43:11.831  4925  4925 D Tile.OplusCellularTile: refreshState: tile not listening, ignore
04-26 12:43:11.901  2086  2086 D SensorFeature: name=ssc_screenshot_info ,index = 22
04-26 12:43:11.901  2086  2086 D SensorFeature: write 37 bytes:72172959062151,72172970173262,53151,0
04-26 12:43:11.968  1955 30145 I sensors-hal: handle_oplus_wise_rgb_event:189, high_pwm_light:lux 10.0,cct 5300.0,brl/algo/ir 2023.0/2.0/0.0,pwm/dc 0.0/0.0,rgbc 1058.564575/884.586670/572.639343/1818.479736,ts 72172942693888,cnt 3587,flag 53151
04-26 12:43:11.969  3393  4380 D FusionLightNextGen: process end reported = 1, mode: 0, cnt: 166395, lux 18.6, cct -1.0, r/g/b/c: 1073.9/903.1/584.8/1838.2, R/G/B: 17.0/19.0/27.0, bri 2023.0, match 0.99, ir 0.276105, conf 0.0, ts 72172975756909
04-26 12:43:11.969  3393  3624 D OplusBrightnessSceneAdapter: Arc scene change!!! NormalScene -> StableScene [erraticScore:-1, stableScore:5467] isLuxRefresh:true
04-26 12:43:11.969  3393  3624 D OplusBrightnessAmbientAdapter[StabilityProcess]: updateRangeStrategy: reason[SceneChange ] baseLux:20.63, scene:StableScene large{7.4783745, 63.419716} largeForAux{7.4783745, 50.94949} small{14.666653, 28.624018} null
04-26 12:43:11.975  3393  3626 D VRR [OPlusSAManager]: updateAutoMinfps for 4630946756802996883 with nits: 270.36304, mHistOK true, mAmbientOK true, mCctOK true, mIrOK true, mBrightnessOK true, isPkgOK true, SA min fps: 89
04-26 12:43:11.975  2265  2448 I VRR-[OPlusRefreshRateSelector]: updateAutoMode success, display 0, mode 0, fakeframe 1, min fps: 1
04-26 12:43:11.975  1986 26628 I SDM     : DisplayBuiltIn::SetQSyncMode: VRR + update qsync mode 0 minfps 00C08181
04-26 12:43:11.980  1986  2514 E SDM     : DRMConnector::Perform: Connector 68: Setting Qsync min fps 12616065
04-26 12:43:12.015  5075  5568 D DnsDomainBlock: onDnsEvent: latencyMs=0, returnCode=4, uid=10480
04-26 12:43:12.044 31285 31303 D OplusScrollToTopManager: com.openautolink.companion/com.openautolink.companion.MainActivity,This com.android.internal.policy.DecorView{54a54b9 V.E...... R....... 0,0-1080,2376 aid=0 alpha=1.0 viewInfo = }[MainActivity] change focus to true
04-26 12:43:12.095  2995  2995 I cnss-daemon: nl80211 response handler invoked
04-26 12:43:12.095  2995  2995 I cnss-daemon: nl80211_response_handler: cmd 103, vendorID 4980, subcmd 13  received
04-26 12:43:12.095  1958 30234 I WifiHAL : event received NL80211_CMD_VENDOR, vendor_id = 0x1374, subcmd = 0xd
04-26 12:43:12.095  3037 30239 D LOWI-9.0.1.118: [LOWI-Scan] wait_event:Wait done with Cmd 103
04-26 12:43:12.095  3037 30239 D LOWI-9.0.1.118: [LOWI-Scan] do_listen_events: Rcvd valid Netlink Cmd 0 Err 0
04-26 12:43:12.160  3393  4481 I serviceDiscovery: [MdnsAdvertiser.wlan0] Probing finished for service 1518
04-26 12:43:12.162  8448  8529 I NearbyMediums: WIFI_LAN registered service name:I1NWSUhQIcYAAA type:null at ip:null port:0
04-26 12:43:12.162  8448 29530 I NearbyMediums: Successfully advertised I1NWSUhQIcYAAA on serviceID com.andrerinas.hurev over Wifi LAN.
04-26 12:43:12.164  8448 29530 I NearbyMediums: Unable to start accepting USB connections. USB is not available for reason CONNECTIONS_FEATURE_DISABLED.
04-26 12:43:12.165  8448 29530 W NearbyConnections: In startUsbAdvertising([ 0x4c 0x61 0x6e 0x63 0x65 0x20 0x4f 0x6e 0x65 0x50 0x6c 0x75 0x73 0x20 0x31 0x33 ]), client 45317455 failed to start listening for incoming USB connections to ServiceId com.andrerinas.hurev
04-26 12:43:12.167  8448 29530 I NearbyMediums: [WifiNetworkV2] WifiStatusChangedCallback registered for com.andrerinas.hurev (wifiStatusChangedCallbacks.size:1)
04-26 12:43:12.167  8448 29530 I NearbyConnections: Get local endpoint id from the existing localEndpointId:SVIH (last:null) for client 45317455(com.openautolink.companion)
04-26 12:43:12.168 31285 31285 I OAL_Nearby: Advertising started (service=com.andrerinas.hurev)
04-26 12:43:12.178  2086  2086 D SensorFeature: name=ssc_screenshot_info ,index = 22
04-26 12:43:12.178  2086  2086 D SensorFeature: write 37 bytes:72173235962620,72173247073731,53152,0
04-26 12:43:12.209  3393  3585 W QosScheduler: executeSceneQosStrategy failed! qos feature no enable
04-26 12:43:12.247  2132  2174 D vendor.oplus.hardware.charger-V10-service: ret_value:160, read content:,280,280,4467,4464,0,100,100,1,9,1048704,87,5072,100,1,4500,500,2000,0,0,9500,0,0,1,0,2,1,0,0,4,5849,99,0,4956,4956,0,0,0,0,0,0,100.00,100,100.00,97.02,100.00,
04-26 12:43:12.247  2132  2174 D vendor.oplus.hardware.charger-V10-service: gmtime: 2026-04-26-12-43-12
04-26 12:43:12.247  2132  2174 D vendor.oplus.hardware.charger-V10-service: usb_online:1, ac_online:-2147483648, wireless_online:0
04-26 12:43:12.255  2132  2175 D BatteryChargeControl: bcc get no support from charging protocol
04-26 12:43:12.268  3393  4389 V AlarmManager: sending alarm Alarm{919a825 type 1 origWhen 1777232592268 whenElapsed 72173338 android} uid 1000 whenElapsed 72173338 windowLength 0 maxWhenElapsed 72173338 repeatInterval 0 action null component null tag StorgaeBandInfoAlarmTag flags 0x9 procName system_server
04-26 12:43:12.269  3393 19256 E OplusStorageUFSBandwidth: storage_io_metrics_path is /proc/oplus_storage/io_metrics/forever/
04-26 12:43:12.269  3393 19256 E OplusStorageUFSBandwidth: Bandwidth - Read: 16.49 MB/s, Write: 0.50 MB/s
04-26 12:43:12.269  3393 19256 E OplusStorageUFSBandwidth: Task time: 0ms
04-26 12:43:12.272  3393 19256 E OplusStorageUFSBandwidth: Alarm set to trigger in 10 seconds
04-26 12:43:12.311  1955 31349 I sensors-hal: handle_sns_client_event:324, mag_sample_uncal: ts=72172885966804 ns; value = [34.848759, 28.134214, 69.136673], bias = [17.101095, 58.094219, 67.267502]
04-26 12:43:12.313  4917 31347 D DebugReportServiceIDLClient: getReport ...
04-26 12:43:12.313  4917 31347 D DebugReportServiceIDLClient: getReport success: true
04-26 12:43:12.313  4917 31347 D DebugReportServiceIDLClient: getReport 1.0 success: true
04-26 12:43:12.313  4917 31347 D DebugReportService: Sending report to android.uid.phone:1001
04-26 12:43:12.314  4917 31347 D DebugReportService: Sending report to android.uid.system:1000
04-26 12:43:12.314  5089  6375 V IZatManager: onDebugDataAvailable
04-26 12:43:12.314  3393  8220 V IZatManager: onDebugDataAvailable
04-26 12:43:12.344  1955 32118 I sensors-hal: qsh_conn_event_cb:756, event[0] msg_id=769, ts=1385821828740, sensor_type = tcs3720 Proximity Sensor Wakeup
04-26 12:43:12.344  1955 32118 I sensors-hal: handle_sns_client_event:104, prox_event: ts=72173412471284, raw_adc=278, near_far=1, distance=0.000000, timestamp = 1385821828740
04-26 12:43:12.345  3393  4380 D SensorServiceUtils: sensorEventBufferFlagsHook send new event PROXIMITY = 0.000000
04-26 12:43:12.346  3393  3624 D ProximityEventHandler: MSG_PROXIMITY_CHANGED, event = ProximityEvent{event:NEAR id:0}
04-26 12:43:12.411  3393  4643 D ScorerUtils: isLowTraffic: txTputKBps=2, rxTputKBps=8
04-26 12:43:12.411  5075  5571 D NAS-SmartVowifiIssue[0]: onEvent event:9,action:1
04-26 12:43:12.411  5272  5272 D VendorWifiService: onEvent event:9,action:1
04-26 12:43:12.412  3393  4643 D OplusWifiResidenceRecognition: No available relateBssidList
04-26 12:43:12.454  2086  2086 D SensorFeature: name=ssc_screenshot_info ,index = 22
04-26 12:43:12.454  2086  2086 D SensorFeature: write 37 bytes:72173512662880,72173523773991,53153,0
04-26 12:43:12.500  1955 30145 I sensors-hal: handle_oplus_wise_rgb_event:189, high_pwm_light:lux 8.5,cct 5300.0,brl/algo/ir 2023.0/2.0/0.0,pwm/dc 0.0/0.0,rgbc 783.837219/696.219604/440.357941/1360.901367,ts 72173495494200,cnt 3597,flag 53153
04-26 12:43:12.539  3393  4886 D Osense-BaseDecisionMaker: notifyDelayedSceneToPolicy
04-26 12:43:12.546  2132  2188 E BatteryDamageDetect: BddVoltDiffCheck begins
04-26 12:43:12.546  2132  2188 E BatteryDamageDetect: volt diff trend not changed, volt_diff_trend = 0
04-26 12:43:12.606  1942 21156 I vendor.qti.bluetooth@1.0-ibs_handler: ProcessIbsCmd: Received IBS_WAKE_IND: 0xFD
04-26 12:43:12.606  1942 21156 D vendor.qti.bluetooth@1.0-ibs_handler: SerialClockVote: vote for UART CLK ON
04-26 12:43:12.606  1942 21156 D vendor.qti.bluetooth@1.0-wake_lock: Acquire wakelock is acquired 
04-26 12:43:12.606  1942 21156 I vendor.qti.bluetooth@1.0-ibs_handler: ProcessIbsCmd: Writing IBS_WAKE_ACK
04-26 12:43:12.608 21080 21192 I oplus_btif_dm_utils: [oplus_btif_dm_utils.cc:109] oplus_btif_set_remote_deivce_class: update device cod xx:xx:xx:xx:5d:f2, from 0 -> 5898764
04-26 12:43:12.608 21080 21142 I bluetooth: [oplus_dumo_impl.h:117]  Not find dumo BD_ADDR
04-26 12:43:12.611 21080 21142 D bt_device_interop: [interop_oplus.cc:614] interop_oplus_match_addr: OplusL2capAcceptConnAsSlave, check xx:xx:xx:xx:5d:f2 return false
04-26 12:43:12.611 21080 21142 D btm_dev : [btm_dev.cc:357] btm_find_dev: bda=xx:xx:xx:xx:5d:f2 is not found
04-26 12:43:12.611 21080 21142 D btm_acl : [btm_acl.cc:377] btm_bda_to_acl: bda=xx:xx:xx:xx:5d:f2 transport=1 not found in acl_db
04-26 12:43:12.611 21080 21142 D btm_acl : [btm_acl.cc:377] btm_bda_to_acl: bda=xx:xx:xx:xx:5d:f2 transport=2 not found in acl_db
04-26 12:43:12.611 21080 21142 W btm_acl : [btm_acl.cc:2047] BTM_ReadRemoteVersion: Unable to find active acl
04-26 12:43:12.611 21080 21142 I Bluetooth: [interop_oplus.cc:790] bt_device_interop: interop_oplus_match_ver get remote version fail
04-26 12:43:12.611 21080 21142 D btm_dev : [btm_dev.cc:357] btm_find_dev: bda=xx:xx:xx:xx:5d:f2 is not found
04-26 12:43:12.611 21080 21142 D btm_dev : [btm_dev.cc:357] btm_find_dev: bda=xx:xx:xx:xx:5d:f2 is not found
04-26 12:43:12.611 21080 21142 D bt_device_interop: [interop_oplus.cc:614] interop_oplus_match_addr: OplusA2dpChoppyAbnormal, check xx:xx:xx:xx:04:d0 return false
04-26 12:43:12.611 21080 21142 D btm_dev : [btm_dev.cc:357] btm_find_dev: bda=xx:xx:xx:xx:04:d0 is not found
04-26 12:43:12.611 21080 21142 D bluetooth: [acl.cc:2000] OnConnectRequest: Received connect request remote:xx:xx:xx:xx:5d:f2 gd_cod:5a0-2-0c legacy_dev_class:5a00-2-c
04-26 12:43:12.612 21080 21126 D bt_btm_sec: [btm_sec.cc:2131]  btm_sec_conn_req bda=d0:**:**:**:5d:f2
04-26 12:43:12.612 21080 21126 D btm_dev : [btm_dev.cc:357] btm_find_dev: bda=xx:xx:xx:xx:5d:f2 is not found
04-26 12:43:12.612 21080 21126 D btm_dev : [btm_dev.cc:264] btm_sec_alloc_dev: Allocated device record bd_addr:xx:xx:xx:xx:5d:f2
04-26 12:43:12.612 21080 21126 D btm_acl : [btm_acl.cc:377] btm_bda_to_acl: bda=xx:xx:xx:xx:5d:f2 transport=2 not found in acl_db
04-26 12:43:12.612 21080 21126 D btm_acl : [btm_acl.cc:377] btm_bda_to_acl: bda=xx:xx:xx:xx:5d:f2 transport=1 not found in acl_db
04-26 12:43:12.612 21080 21192 I oplus_a2dp_choppy_proc: [oplus_a2dp_choppy_proc.cc:600] oplus_reset_a2dp_choppy_cnt: enter
04-26 12:43:12.612  1942  2060 I vendor.qti.bluetooth@1.0-ibs_handler: DeviceWakeUp: Writing IBS_WAKE_IND
04-26 12:43:12.612  1942 21156 I vendor.qti.bluetooth@1.0-ibs_handler: ProcessIbsCmd: Received IBS_WAKE_ACK: 0xFC
04-26 12:43:12.612  1942 21156 I vendor.qti.bluetooth@1.0-ibs_handler: ProcessIbsCmd: Signal wack_cond_
04-26 12:43:12.612  1942  2060 D vendor.qti.bluetooth@1.0-ibs_handler: DeviceWakeUp: Unblocked from waiting for FC, pthread_cond_timedwait ret = 0
04-26 12:43:12.641 30519 30519 I Process : Quit itself,  Pid:30519  StackTrace:com.heytap.mcs.biz.appservice.a.e:8 com.heytap.mcs.biz.appservice.a.c:1 com.heytap.mcs.biz.appservice.a$a.handleMessage:3 android.os.Handler.dispatchMessage:111 android.os.Looper.loopOnce:302 android.os.Looper.loop:412 android.app.ActivityThread.main:9998 java.lang.reflect.Method.invoke:-2 com.android.internal.os.RuntimeInit$MethodAndArgsCaller.run:613 com.android.internal.os.ZygoteInit.main:1074 
04-26 12:43:12.642 30519 30519 I Process : Sending signal. PID: 30519 SIG: 9
04-26 12:43:12.649  3393  3585 I UserAwareMgr: event is already released: SceneEvent{id=2023, maxWorkDurationMs=2000, caller='[launcher]', eventFlags=0, fbPriority=1, keyThreads=[KeyThread{name=TaskIconCache, owner=self, schedPolicy=ux, priority=ANIMATOR, maxThreadCount=1}, KeyThread{name=TaskThumbnailCache, owner=self, schedPolicy=ux, priority=ANIMATOR, maxThreadCount=1}], vipBinderGroup=null}, callingPid: 5294, appPid: 0
04-26 12:43:12.653  1942 21156 I vendor.qti.bluetooth@1.0-ibs_handler: ProcessIbsCmd: Received IBS_SLEEP_IND: 0xFE
04-26 12:43:12.666  5272  7536 D CommonApp-117-10511: transport layer data is invalid
04-26 12:43:12.666  5272  7536 D ScorePolicy: handleScoreChanged: []
04-26 12:43:12.666  5272  7536 D ScorePolicy: handleScoreChanged: []
04-26 12:43:12.666  5272  7536 D ScorePolicy: handleScoreChanged: []
04-26 12:43:12.669  3393  5045 I ActivityManager: Death received, pid = 30519, processName = com.heytap.mcs.appservice for thread android.os.BinderProxy@1dbe7bd
04-26 12:43:12.669  1842  1842 I Zygote  : Process 30519 exited due to signal 9 (Killed)
04-26 12:43:12.669  3393 12308 I ActivityManager: Process com.heytap.mcs.appservice (pid 30519) has died: cch+25 CEM 
04-26 12:43:12.670  3393  3592 I libprocessgroup: Removed cgroup /sys/fs/cgroup/system/uid_1000/pid_30519
04-26 12:43:12.672  3393 12308 E WindowProcessControllerExtImpl: shouldMakeAbnormalActivityFinishing, list may empty, mHasActivities: false
04-26 12:43:12.672  3393  5404 W Athena  : athena_optimize: recordTime, mLastDeathTime: 71509
04-26 12:43:12.672  3393  5404 W Athena  : athena_optimize: recordInterval,  intervalTime: 641
04-26 12:43:12.673 10089 12666 D ShellSubscriberWorkerThread: the first 8 bytes empty, and RestData length > 8 
04-26 12:43:12.672  3393  5404 E Athena  : athena_optimize: pkg: com.heytap.mcs, processName: com.heytap.mcs.appservicegetPercentage: 0
04-26 12:43:12.694  1955 32118 I sensors-hal: qsh_conn_event_cb:756, event[0] msg_id=769, ts=1385828548715, sensor_type = tcs3720 Proximity Sensor Wakeup
04-26 12:43:12.695  1955 32118 I sensors-hal: handle_sns_client_event:104, prox_event: ts=72173762469981, raw_adc=54, near_far=0, distance=5.000000, timestamp = 1385828548715
04-26 12:43:12.696  3393  4380 D SensorServiceUtils: sensorEventBufferFlagsHook send new event PROXIMITY = 5.000000
04-26 12:43:12.733  2086  2086 D SensorFeature: name=ssc_screenshot_info ,index = 22
04-26 12:43:12.733  2086  2086 D SensorFeature: write 37 bytes:72173790416839,72173801527950,53154,0
04-26 12:43:12.769  1942 21156 I vendor.qti.bluetooth@1.0-ibs_handler: ProcessIbsCmd: Received IBS_WAKE_IND: 0xFD
04-26 12:43:12.769  1942 21156 I vendor.qti.bluetooth@1.0-ibs_handler: ProcessIbsCmd: Writing IBS_WAKE_ACK
04-26 12:43:12.770 21080 21142 I bluetooth: [classic_impl.h:806] on_role_change: Role change for xx:xx:xx:xx:5d:f2 with no matching connection (new role: CENTRAL(0x00))
04-26 12:43:12.775  1942 21156 D vendor.qti.bluetooth@1.0-data_handler: isBtTpiAsyncVSEvent: true
04-26 12:43:12.775  1942 21156 D vendor.qti.hardware.bttpi-impl: operator(): TPI Async BT radio State Report, dataLen-5
04-26 12:43:12.780 21080 21142 I bluetooth: [round_robin_scheduler.cc:163]  dequeue_is_registered_ is true
04-26 12:43:12.780 21080 21192 I oplus_bt_dual_sync: [oplus_bt_dual_sync.cc:627] do_stack_up_sync: stack_to_apk_type = 4
04-26 12:43:12.780 21080 21142 I bluetooth: [classic_impl.h:430] operator(): Sending delayed role change for xx:xx:xx:xx:5d:f2
04-26 12:43:12.780 21080 21142 D bluetooth: [acl.cc:1985] OnConnectSuccess: Connection successful classic remote:xx:xx:xx:xx:5d:f2 handle:5 initiator:remote
04-26 12:43:12.781 21080 21126 D bt_btm_sec: [btm_sec.cc:4050] btm_sec_connected: Connected to known device state:IDLE handle:0x0005 status:HCI_SUCCESS enc_mode:0 bda:xx:xx:xx:xx:5d:f2 RName:
04-26 12:43:12.781 21080 21126 D bt_device_interop: [interop_oplus.cc:614] interop_oplus_match_addr: OplusGapDisableRefreshRnrOnAcl, check xx:xx:xx:xx:5d:f2 return false
04-26 12:43:12.781 21080 21126 D btm_acl : [btm_acl.cc:377] btm_bda_to_acl: bda=xx:xx:xx:xx:5d:f2 transport=1 not found in acl_db
04-26 12:43:12.781 21080 21126 D btm_acl : [btm_acl.cc:377] btm_bda_to_acl: bda=xx:xx:xx:xx:5d:f2 transport=2 not found in acl_db
04-26 12:43:12.781 21080 21126 W btm_acl : [btm_acl.cc:2047] BTM_ReadRemoteVersion: Unable to find active acl
04-26 12:43:12.781 21080 21126 I Bluetooth: [interop_oplus.cc:790] bt_device_interop: interop_oplus_match_ver get remote version fail
04-26 12:43:12.781 21080 21126 D bt_btm_sec: [btm_sec.cc:4111]  btm_sec_connected: p_dev_rec->sec_bd_name=
04-26 12:43:12.781 21080 21126 D bt_device_interop: [interop_oplus.cc:614] interop_oplus_match_addr: OplusGapSetHpm, check xx:xx:xx:xx:5d:f2 return false
04-26 12:43:12.781 21080 21126 D btm_acl : [btm_acl.cc:377] btm_bda_to_acl: bda=xx:xx:xx:xx:5d:f2 transport=1 not found in acl_db
04-26 12:43:12.781 21080 21126 D btm_acl : [btm_acl.cc:377] btm_bda_to_acl: bda=xx:xx:xx:xx:5d:f2 transport=2 not found in acl_db
04-26 12:43:12.781 21080 21126 W btm_acl : [btm_acl.cc:2047] BTM_ReadRemoteVersion: Unable to find active acl
04-26 12:43:12.781 21080 21192 I oplus_bt_dual_sync: [oplus_bt_dual_sync.cc:675] operator(): up_sync done.
04-26 12:43:12.781 21080 21126 I Bluetooth: [interop_oplus.cc:790] bt_device_interop: interop_oplus_match_ver get remote version fail
04-26 12:43:12.781 21080 21126 D btm_acl : [btm_acl.cc:490]  btm_acl_created hci_handle=5 link_role=1 transport=1
04-26 12:43:12.781 21080 21126 D btm_acl : [btm_acl.cc:377] btm_bda_to_acl: bda=xx:xx:xx:xx:5d:f2 transport=1 not found in acl_db
04-26 12:43:12.781 21080 21192 I oplus_bt_stack_conn_event: [oplus_bt_stack_conn_event.cc:769] stack_connection_complete_event_report: address=xx:xx:xx:xx:5d:f2, reason=0, role = 2
04-26 12:43:12.781 21080 21126 D btm_acl : [btm_acl.cc:523] btm_acl_created: Created new ACL connection peer:xx:xx:xx:xx:5d:f2 role:peripheral handle:0x0005 transport:BT_TRANSPORT_BR_EDR
04-26 12:43:12.781 21080 21126 D bt_btm_pm: [btm_pm.cc:176]  BTM_PM_OnConnected: handle: 5, address: xx:xx:xx:xx:5d:f2
04-26 12:43:12.781 21080 21126 I oplus_bt_power: [oplus_bt_power.cc:358]  acl_links_num: 2, is_any_active_acl = 1
04-26 12:43:12.781 21080 21126 D btm_acl : [btm_acl.cc:908]  btm_set_link_policy
04-26 12:43:12.781 21080 21126 D bt_device_interop: [interop_oplus.cc:614] interop_oplus_match_addr: OplusDisableSniff, check xx:xx:xx:xx:5d:f2 return false
04-26 12:43:12.781 21080 21215 E OplusBluetoothProfileTracker: could not find the device from device profile list!
04-26 12:43:12.781 21080 21126 W btm_acl : [btm_acl.cc:2053] BTM_ReadRemoteVersion: Remote version information is invalid
04-26 12:43:12.782 21080 21126 I Bluetooth: [interop_oplus.cc:790] bt_device_interop: interop_oplus_match_ver get remote version fail
04-26 12:43:12.782 21080 21126 D bt_device_interop: [interop_oplus.cc:614] interop_oplus_match_addr: OplusRoleSwitchPolicyBlacklist, check xx:xx:xx:xx:5d:f2 return false
04-26 12:43:12.782 21080 21126 W btm_acl : [btm_acl.cc:2053] BTM_ReadRemoteVersion: Remote version information is invalid
04-26 12:43:12.782 21080 21126 I Bluetooth: [interop_oplus.cc:790] bt_device_interop: interop_oplus_match_ver get remote version fail
04-26 12:43:12.782 21080 21126 D bt_shim_hci: [hci_layer.cc:235] transmit_command: Sending command WRITE_LINK_POLICY_SETTINGS(0x080d)
04-26 12:43:12.782 21080 21126 D ble_sec : [btm_ble_sec.cc:532] BTM_ReadDevInfo: Determined device_type:BR_EDR addr_type:public
04-26 12:43:12.782 21080 21126 D bt_shim_hci: [hci_layer.cc:235] transmit_command: Sending command READ_CLOCK_OFFSET(0x041f)
04-26 12:43:12.782 21080 21126 I btm_acl : [btm_acl.cc:1915] change_connection_packet_types: Unable to include remote supported packet types as read feature incomplete
04-26 12:43:12.782 21080 21126 I btm_acl : [btm_acl.cc:1918] change_connection_packet_types: TIP: Maybe wait until read feature complete beforehand
04-26 12:43:12.782 21080 21126 D bt_shim_hci: [hci_layer.cc:235] transmit_command: Sending command CHANGE_CONNECTION_PACKET_TYPE(0x040f)
04-26 12:43:12.782 21080 21126 D btm_acl : [btm_acl.cc:1929] change_connection_packet_types: Started change connection packet type:0xcc18 address:xx:xx:xx:xx:5d:f2
04-26 12:43:12.782 21080 21126 D bt_btm_sec: [btm_sec.cc:4329] btm_sec_connected: Is connection locally initiated:false
04-26 12:43:12.782 21080 21126 D bt_btm_sec: [btm_sec.cc:5094] btm_sec_execute_procedure: security_required:0x0 security_flags:0x80 security_state:BTM_SEC_STATE_IDLE[BTM_SEC_STATE_IDLE]
04-26 12:43:12.782 21080 21126 I bt_btm_sec: [btm_sec.cc:5102]  btm_is_acl_locally_initiated 0
04-26 12:43:12.782 21080 21126 D bt_btm_sec: [btm_sec.cc:5119] btm_sec_execute_procedure: Security Manager: Start get name
04-26 12:43:12.782  1942  2060 D vendor.qti.hardware.bttpi-impl: setTpiParams: reqType:38, size:24
04-26 12:43:12.782  1942  2060 D vendor.qti.hardware.bttpi-impl: sendFragment: pendingReq(38), nextSeqNum(0), remainingLen(24)
04-26 12:43:12.782  1942  2060 D vendor.qti.hardware.bttpi-impl: sendDataToController: sending VS cmd, starting timer
04-26 12:43:12.782 21080 21142 I bluetooth: [remote_name_request.cc:60] StartRemoteNameRequest: Enqueuing remote name request to xx:xx:xx:xx:5d:f2
04-26 12:43:12.782  1942  2060 D vendor.qti.hardware.bttpi-impl: BtTpiTimerStart: is_timer_created=1
04-26 12:43:12.782  1942  2060 D vendor.qti.bluetooth@1.0-data_handler: SendBtTpiData
04-26 12:43:12.782  1942  2060 D vendor.qti.bluetooth@1.0-data_handler: isProtocolInitialized:
04-26 12:43:12.782 21080 21126 D l2c_link: [l2c_link.cc:780] l2c_link_adjust_allocation: l2c_link_adjust_allocation  num_hipri: 0  num_lowpri: 2  low_quota: 8  round_robin_quota: 0  qq: 4
04-26 12:43:12.782  1942  2060 I vendor.qti.bluetooth@1.0-data_handler: isProtocolInitialized: status:1
04-26 12:43:12.782 21080 21142 I bluetooth: [acl_scheduler.cc:230] try_dequeue_next_operation: Pending connections is not empty; so sending next connection
04-26 12:43:12.782 21080 21126 I l2c_link: [l2c_link.cc:824] l2c_link_adjust_allocation: LCB Hndl=0x4
04-26 12:43:12.782 21080 21126 D l2c_link: [l2c_link.cc:825] l2c_link_adjust_allocation: l2c_link_adjust_allocation LCB 0   Priority: 0  XmitQuota: 4
04-26 12:43:12.782 21080 21142 I bluetooth: [remote_name_request.cc:118] actually_start_remote_name_request: Starting remote name request to xx:xx:xx:xx:5d:f2
04-26 12:43:12.782 21080 21126 D l2c_link: [l2c_link.cc:829] l2c_link_adjust_allocation: SentNotAcked: 0  RRUnacked: 0
04-26 12:43:12.782 21080 21126 I l2c_link: [l2c_link.cc:824] l2c_link_adjust_allocation: LCB Hndl=0xffff
04-26 12:43:12.782  1942  2060 D vendor.qti.hardware.bttpi-impl: sendDataToController: Command is sent
04-26 12:43:12.783 21080 21126 D l2c_link: [l2c_link.cc:825] l2c_link_adjust_allocation: l2c_link_adjust_allocation LCB 1   Priority: 0  XmitQuota: 4
04-26 12:43:12.783 21080 21126 D l2c_link: [l2c_link.cc:829] l2c_link_adjust_allocation: SentNotAcked: 0  RRUnacked: 0
04-26 12:43:12.783 21080 21126 D l2c_link: [l2c_link.cc:141] l2c_link_hci_conn_comp: Allocated l2cap control block for new connection state:LST_DISCONNECTED
04-26 12:43:12.783 21080 21126 I bluetooth: [oplus_bta_echo_api.cc:256] oplus_bta_echo_notify_acl_status: remote device addr:xx:xx:xx:xx:5d:f2,  is not oplus headset, so don't execute echo interaction
04-26 12:43:12.783 21080 21126 W btm_acl : [btm_acl.cc:1552] BTM_SetLinkSuperTout: Role is peripheral so unable to set supervision timeout:80.00ms bd_addr:xx:xx:xx:xx:5d:f2
04-26 12:43:12.783 21080 21126 D btm_acl : [btm_acl.cc:1807] btm_acl_role_changed: Role change event received peer:xx:xx:xx:xx:5d:f2 hci_status:HCI_SUCCESS new_role:central
04-26 12:43:12.783 21080 21126 D bt_shim_hci: [hci_layer.cc:235] transmit_command: Sending command WRITE_LINK_SUPERVISION_TIMEOUT(0x0c37)
04-26 12:43:12.783 21080 21126 D btm_acl : [btm_acl.cc:1548] BTM_SetLinkSuperTout: Set supervision timeout:80.00ms bd_addr:xx:xx:xx:xx:5d:f2
04-26 12:43:12.783 21080 21126 I bt_bta_dm: [bta_dm_act.cc:802]  bd_addr: xx:xx:xx:xx:5d:f2, transport 1
04-26 12:43:12.783 21080 21126 I bt_bta_dm: [bta_dm_act.cc:817] bta_dm_acl_up: Acl connected peer:xx:xx:xx:xx:5d:f2 transport:BT_TRANSPORT_BR_EDR handle:5
04-26 12:43:12.783 21080 21126 D bt_device_interop: [interop_oplus.cc:614] interop_oplus_match_addr: OplusGapNotDoSniffSubrating, check xx:xx:xx:xx:5d:f2 return false
04-26 12:43:12.783 21080 21126 W btm_acl : [btm_acl.cc:2053] BTM_ReadRemoteVersion: Remote version information is invalid
04-26 12:43:12.783 21080 21126 I Bluetooth: [interop_oplus.cc:790] bt_device_interop: interop_oplus_match_ver get remote version fail
04-26 12:43:12.783 21080 21126 W btm_acl : [btm_acl.cc:2609] acl_peer_supports_sniff_subrating: Checking remote features but remote feature read is incomplete
04-26 12:43:12.783 21080 21126 I bluetooth: [acl.cc:2325] IsAclLocallyInitiated: to check is local initiated for ACL: 0x0005
04-26 12:43:12.783 21080 21142 I bluetooth: [acl.cc:2330] operator(): check is local initiated for ACL: 0x0005
04-26 12:43:12.783 21080 21126 I bluetooth: [acl.cc:2345] IsAclLocallyInitiated: For ACL: 0x0005, is local inistated: false
04-26 12:43:12.784 21080 21126 D btif_smart_audio: [oplus_btif_smart_audio.cc:130] update_device_connection_state_changed: remote_addr = xx:xx:xx:xx:5d:f2, connect = true, is_oplus_buds false
04-26 12:43:12.784  1942 21156 D vendor.qti.bluetooth@1.0-data_handler: isBtTpiEvent: cmd_opcode: fcda cmd_subopcode: 26 opcode: fcda subopcode: 26
04-26 12:43:12.784 21080 21126 I oplus_bt_dual_sync: [oplus_bt_dual_sync.cc:627] do_stack_up_sync: stack_to_apk_type = 4
04-26 12:43:12.784  1942 21156 D vendor.qti.bluetooth@1.0-data_handler: isBtTpiEvent: true
04-26 12:43:12.784  1942 21156 D vendor.qti.hardware.bttpi-impl: operator(): HCI event received. Status(00)
04-26 12:43:12.784  1942 21156 D vendor.qti.hardware.bttpi-impl: BtTpiTimerStop: is_timer_created= 1
04-26 12:43:12.785 21080 21126 I oplus_bt_dual_sync: [oplus_bt_dual_sync.cc:696] do_stack_up_sync: Waited for 1 milliseconds
04-26 12:43:12.785 21080 21142 I bluetooth: [hci_layer.cc:173] drop: Dropping event MAX_SLOTS_CHANGE(0x1b)
04-26 12:43:12.785 21080 21126 W btm_acl : [btm_acl.cc:2053] BTM_ReadRemoteVersion: Remote version information is invalid
04-26 12:43:12.785 21080 21126 I bt_btif_dm: [btif_dm.cc:937] btif_update_remote_version_property: Remote version info valid:false [xx:xx:xx:xx:5d:f2]:0x0,0x0,0x0
04-26 12:43:12.785 21080 21126 D bt_btif_dm: [btif_dm.cc:5305]  oplus.bt.conn.count=2
04-26 12:43:12.785 21080 21126 I bluetooth: [oplus_btif_entry.cc:9] oplus_btif_entry_on_device_connected: oplus_btif_entry_on_device_connected 
04-26 12:43:12.786 21080 21126 D bt_bta_dm: [bta_dm_act.cc:855] bta_dm_acl_up: Executed security callback for new connection available
04-26 12:43:12.787 21080 21142 I bluetooth: [acl.cc:656] OnRoleDiscoveryComplete: Notify stack that current role: 0 of device xx:xx:xx:xx:5d:f2
04-26 12:43:12.788 21080 21142 D bt_shim_hci: [hci_layer.cc:196] OnTransmitPacketCommandComplete: Received cmd complete for WRITE_LINK_POLICY_SETTINGS(0x080d)
04-26 12:43:12.789 21080 21142 D bt_shim_hci: [hci_layer.cc:205] OnTransmitPacketStatus: Received cmd status SUCCESS(0x00) for READ_CLOCK_OFFSET(0x041f)
04-26 12:43:12.790 21080 21142 D bt_shim_hci: [hci_layer.cc:205] OnTransmitPacketStatus: Received cmd status SUCCESS(0x00) for CHANGE_CONNECTION_PACKET_TYPE(0x040f)
04-26 12:43:12.792 21080 21142 I bluetooth: [remote_name_request.cc:145] on_start_remote_name_request_status: Started remote name request peer:xx:xx:xx:xx:5d:f2 status:SUCCESS(0x00)
04-26 12:43:12.793 21080 21142 D bt_shim_hci: [hci_layer.cc:196] OnTransmitPacketCommandComplete: Received cmd complete for WRITE_LINK_SUPERVISION_TIMEOUT(0x0c37)
04-26 12:43:12.794 21080 21126 I oplus_bt_iot_deivice_identity: [oplus_bt_stack_device_identity.cc:293] oplus_iot_device_is_carkit: Is carkit: false
04-26 12:43:12.796 21080 21126 I bt_bta_dm: [bta_dm_act.cc:701] handle_role_change: Role change callback peer:xx:xx:xx:xx:5d:f2 info:0x00:none new_role:central dev count:2 hci_status:HCI_SUCCESS
04-26 12:43:12.796 21080 21126 D bluetooth: [bta_sys_conn.cc:79] bta_sys_notify_role_chg: Role changed peer:xx:xx:xx:xx:5d:f2 new_role:central hci_status:HCI_SUCCESS
04-26 12:43:12.796 21080 21192 I oplus_bt_dual_sync: [oplus_bt_dual_sync.cc:627] do_stack_up_sync: stack_to_apk_type = 27
04-26 12:43:12.796 21080 21126 D btm_acl : [btm_acl.cc:1807] btm_acl_role_changed: Role change event received peer:xx:xx:xx:xx:5d:f2 hci_status:HCI_SUCCESS new_role:central
04-26 12:43:12.796 21080 21126 D bt_shim_hci: [hci_layer.cc:235] transmit_command: Sending command WRITE_LINK_SUPERVISION_TIMEOUT(0x0c37)
04-26 12:43:12.796 21080 21126 D btm_acl : [btm_acl.cc:1548] BTM_SetLinkSuperTout: Set supervision timeout:80.00ms bd_addr:xx:xx:xx:xx:5d:f2
04-26 12:43:12.796 21080 21126 E bt_btu_hcif: [btu_hcif.cc:1096] btu_hcif_hdl_command_complete: Command complete for opcode:0x80d should not be handled here
04-26 12:43:12.796 21080 21126 D bt_l2c_main: [l2c_main.cc:336] process_l2cap_cmd: cmd: L2CAP_CMD_INFO_REQ, id:2, cmd_len:2
04-26 12:43:12.796 21080 21126 D bt_device_interop: [interop_oplus.cc:797] interop_oplus_match_ver: [OplusGapRoleSwitch] check xx:xx:xx:xx:5d:f2 return false
04-26 12:43:12.796 21080 21126 D bt_device_interop: [interop_oplus.cc:614] interop_oplus_match_addr: OplusGapRoleSwitch, check xx:xx:xx:xx:5d:f2 return false
04-26 12:43:12.796 21080 21126 D bt_device_interop: [interop_oplus.cc:797] interop_oplus_match_ver: [OplusGapRoleSwitch] check xx:xx:xx:xx:5d:f2 return false
04-26 12:43:12.796 21080 21126 D bt_device_interop: [interop_oplus.cc:614] interop_oplus_match_addr: OplusA2dpChoppyAbnormal, check xx:xx:xx:xx:5d:f2 return false
04-26 12:43:12.796 21080 21126 D btm_acl : [btm_acl.cc:3118] acl_process_supported_features: Copied supported feature pages handle:5 current_page_number:0 features:0xbf 0xfe 0xcf 0xfe 0xdb 0xff 0x7b 0x87 
04-26 12:43:12.796 21080 21126 D btm_acl : [btm_acl.cc:3127] acl_process_supported_features: Waiting for remote extended feature response to arrive
04-26 12:43:12.796 21080 21126 I bt_bta_dm: [bta_dm_act.cc:701] handle_role_change: Role change callback peer:xx:xx:xx:xx:5d:f2 info:0x00:none new_role:central dev count:2 hci_status:HCI_SUCCESS
04-26 12:43:12.796 21080 21126 D bluetooth: [bta_sys_conn.cc:79] bta_sys_notify_role_chg: Role changed peer:xx:xx:xx:xx:5d:f2 new_role:central hci_status:HCI_SUCCESS
04-26 12:43:12.796 21080 21126 D bt_bta_dm: [bta_dm_act.cc:994]  bta_dm_notify_remote_version_complete bta_dm_sec_cb.p_sec_cback=0x7ac4f0e6b4
04-26 12:43:12.796 21080 21126 I bt_btif_dm: [btif_dm.cc:937] btif_update_remote_version_property: Remote version info valid:true [xx:xx:xx:xx:5d:f2]:0x9,0xf,0x4208
04-26 12:43:12.797 21080 21142 D bt_shim_hci: [hci_layer.cc:196] OnTransmitPacketCommandComplete: Received cmd complete for WRITE_LINK_SUPERVISION_TIMEOUT(0x0c37)
04-26 12:43:12.798 21080 21192 I oplus_bt_dual_sync: [oplus_bt_dual_sync.cc:675] operator(): up_sync done.
04-26 12:43:12.798 21080 21142 I bluetooth: [acl.cc:615] OnReadClockOffsetComplete: UNIMPLEMENTED
04-26 12:43:12.798 21080 21192 I oplus_bt_dual_sync: [oplus_bt_dual_sync.cc:675] operator(): up_sync done.
04-26 12:43:12.798 21080 21215 I AdapterProperties: getBondedDevices: length=0
04-26 12:43:12.798  3393  3393 D OplusWifiBroadCastDispatcher: mBroadcastReceiver: onReceiver  action=oplus.bluetooth.sar.TX_STATUS
04-26 12:43:12.800  3393  4643 I OplusWifiSarManager: Received action: oplus.bluetooth.sar.TX_STATUS
04-26 12:43:12.801  3393  5045 I OplusLocationStatistics: recordHeldWakelock: *location*:GnssLocationProvider
04-26 12:43:12.801  3393  3567 I GnssLocationProvider: SV count: 22
04-26 12:43:12.801  3393  5045 E AppOps  : attributionTag OplusLBS not declared in manifest of android
04-26 12:43:12.801  3393  4643 I OplusWifiSarManager: mWifiConnected: true mWifiState: true
04-26 12:43:12.801  3393  3567 W OplusFused3Controller: update abandon origin gnss loc: false
04-26 12:43:12.802  3393  5045 E AppOps  : attributionTag ArcBrightness not declared in manifest of android
04-26 12:43:12.802  3393  3567 I OplusLocationStatistics: recordReleaseWakelock: *location*:GnssLocationProvider
04-26 12:43:12.802 21080 21126 D btm_acl : [btm_acl.cc:3160] acl_process_extended_features: Copied extended feature pages handle:5 current_page_number:1 max_page_number:2 features:0x0b 0x00 0x00 0x00 0x00 0x00 0x00 0x00 
04-26 12:43:12.803  3393  3624 W LocationFreezeProc: removeLocationRequest [android.location.LocationManager$LocationListenerTransport@39d529]
04-26 12:43:12.803  3393  3624 E AppOps  : attributionTag ArcBrightness not declared in manifest of android
04-26 12:43:12.803  3393  3624 E AppOps  : attributionTag ArcBrightness not declared in manifest of android
04-26 12:43:12.803  3393  3624 I OplusLocationStatistics: stopRequesting
04-26 12:43:12.803  3393  3624 I LocationRequestStatistics: stopRequesting, PackageProviderKey = PackageProviderKey: gps: android: ArcBrightness
04-26 12:43:12.803  3393  4643 D OplusWifiSarManager: set wifi_dbs_enable to false
04-26 12:43:12.803  3393  4643 D OplusWifiSarManager: wifiBand mWifi2gState:false mWifi5gState: true mWifi5gBand:WIFI_5G_BAND1 mWifi6gBand:WIFI_5G_DISABLE
04-26 12:43:12.803  3393  4643 I OplusWifiSarManager: sar sensor state:
04-26 12:43:12.803  3393  4643 I OplusWifiSarManager: sensor index: 0, state: null
04-26 12:43:12.803  3393  4643 I OplusWifiSarManager: sensor index: 1, state: null
04-26 12:43:12.803  3393  4643 I OplusWifiSarManager: sensor index: 2, state: null
04-26 12:43:12.803  3393  4643 I OplusWifiSarManager: sensor index: 3, state: null
04-26 12:43:12.803  3393  4643 I OplusWifiSarManager: sensor index: 4, state: null
04-26 12:43:12.803  3393  4643 I OplusWifiSarManager: sensor index: 5, state: null
04-26 12:43:12.803  3393  4643 I OplusWifiSarManager: sensor index: 6, state: null
04-26 12:43:12.803  3393  4643 I OplusWifiSarManager: sensor index: 7, state: null
04-26 12:43:12.803  3393  4643 I OplusWifiSarManager: sensor index: 8, state: null
04-26 12:43:12.803  3393  4643 I OplusWifiSarManager: sensor index: 9, state: null
04-26 12:43:12.803  3393  4643 I OplusWifiSarManager: sensor index: 10, state: null
04-26 12:43:12.803  3393  4643 I OplusWifiSarManager: sensor index: 11, state: null
04-26 12:43:12.803  3393  4643 I OplusWifiSarManager: sensor index: 12, state: null
04-26 12:43:12.803  3393  4643 I OplusWifiSarManager: sensor index: 13, state: null
04-26 12:43:12.803  3393  4643 I OplusWifiSarManager: sensor index: 14, state: null
04-26 12:43:12.803  3393  4643 I OplusWifiSarManager: sensor index: 15, state: null
04-26 12:43:12.803  3393  4643 I OplusWifiSarManager: project: 23893, country: US
04-26 12:43:12.803  3393  4643 I OplusWifiSarManager: sensor state: earpiece: 2, sensor: null, isScreenOn: true
04-26 12:43:12.803  3393  4643 I OplusWifiSarManager: modem state: mCellOn: false mDataOn: false mData5gOn: true
04-26 12:43:12.803  3393  4643 I OplusWifiSarManager: wifi state: mWifiConnected: true mWifiSapEnabled: false mWifiP2pConnected: false mWifi2gState: false mWifi5gState: true mWifi5gBand: WIFI_5G_BAND1 mWifi6gBand: WIFI_5G_DISABLE mIsBluetoothTxOn: true
04-26 12:43:12.803  3393  4643 I OplusWifiSarManager: mSta5gBand: WIFI_5G_BAND1 , mP2p5gBand: WIFI_5G_DISABLE , mSap5gBand: WIFI_5G_DISABLE , mSta6gBand: WIFI_5G_DISABLE , mP2p6gBand: WIFI_5G_DISABLE , mSap6gBand: WIFI_5G_DISABLE , wifiBand5g: WIFI_5G_BAND1 , wifiBand6g: WIFI_5G_DISABLE
04-26 12:43:12.803  3393  4643 I OplusWifiSarManager: wifisar engineerMode state: enable: false, Regdomain: , modemWorkType(2:4G, 3:5G): -1, sensorWorkType: -1, wifiChannel2.4G: -1, wifiChannel5G: -1, wifiChannel6G: -1 mWifiSarTestFoldWorkType((1=unfold,0=fold)):-1, bt work type: -1, hotspot work type: -1
04-26 12:43:12.803  3393  4643 I OplusWifiSarManager: sensor index: 13, max: 16
04-26 12:43:12.803  3393  4643 D OplusWifiSarManager: is countrylist Country US
04-26 12:43:12.803  3393  4643 D OplusWifiSarManager:  state: 11110001001100100 country: US
04-26 12:43:12.804  3393  4668 I LocationFreezeProc: Remove: Don't find the app's name, do nothing! [android.location.LocationManager$LocationListenerTransport@39d529]
04-26 12:43:12.805  3393  3624 D LocationManagerService: gps provider removed registration from 1000/android[ArcBrightness]/52347EC8
04-26 12:43:12.805  3393  3624 W LocationFreezeProc: remove [gps]'s Location Request[android.location.LocationManager$LocationListenerTransport@39d529] Done from 1000/android[ArcBrightness]/52347EC8
04-26 12:43:12.805  3393  3624 D LocationManagerService: gps provider request changed to ProviderRequest[OFF]
04-26 12:43:12.805 21080 21192 I oplus_bt_dual_sync: [oplus_bt_dual_sync.cc:151] stack_down_sync_action: type=28, len=51
04-26 12:43:12.806  5075  5324 I NAS-NetworkEvent: BluetoothDevice connected...
04-26 12:43:12.806  5075  5324 I NAS-NetworkEvent: isBluetoothConnected?, mBluetoothConnectedCount:2
04-26 12:43:12.806  8448  8463 I NearbyDiscovery: (REDACTED) %s: onDeviceConnected
04-26 12:43:12.806  3393  3567 I GnssLocationProvider: setRequest ProviderRequest[OFF]
04-26 12:43:12.806  4925  4925 I SystemUi--Notification: OplusQsMediaPanelViewController-->MEDIA_PANEL-->Received ACTION_ACL_CONNECTED headsetConnected: true
04-26 12:43:12.807  3393  3393 D OplusWifiBroadCastDispatcher: mHighPriorityReceiver: onReceiver  action=android.bluetooth.device.action.ACL_CONNECTED
04-26 12:43:12.808  4925  5138 W BluetoothEventManager: AclStateChangedHandler: activeDevice is null
04-26 12:43:12.808  3393  3567 V GnssListenerMultiplexer: removeListener android.location.LocationManager$GnssStatusTransport@d76f9dc
04-26 12:43:12.808  3393  3567 I OplusGnssPowerCorrector: isEngineOffByStrategy: true && false
04-26 12:43:12.808  3393  3567 I GnssLocationProvider: Update client Uids --> old: WorkSource{1000 android} new: WorkSource{}
04-26 12:43:12.808  3393  3567 I GnssLocationProvider: Returning Diffs done --> current clientSource is : WorkSource{}
04-26 12:43:12.808  3393  3567 D GnssLocationProvider: stopNavigating
04-26 12:43:12.808  1948  1948 I GnssAidl: ===> stop line 210 
04-26 12:43:12.808  3393  3585 W QosScheduler: executeSceneQosStrategy failed! qos feature no enable
04-26 12:43:12.808  3393  3585 W QosScheduler: executeSceneQosStrategy failed! qos feature no enable
04-26 12:43:12.808  3393  3567 I OplusLocationStatistics: recordGnssNavigatingStopped
04-26 12:43:12.808  1948  2030 I LocSvc_SystemStatusOsObserver: sendCachedDataItems:471] DataItem: TRACKING_STARTED: false >> XtraSystemStatusObserver
04-26 12:43:12.808  1948  2030 I LocSvc_SystemStatusOsObserver: sendCachedDataItems:471] DataItem: TRACKING_STARTED: false >> LOC_LAUNCHER
04-26 12:43:12.809 20164 20164 W WS_BT_BluetoothEventManager: AclStateChangedHandler: activeDevice is null
04-26 12:43:12.809  3017  3017 E LocSvc_launcher: Parent woken up!
04-26 12:43:12.809  1948  2078 I LocSvc_api_v02: ---> locClientSendReq line 2409 QMI_LOC_STOP_REQ_V02
04-26 12:43:12.809  5481  5481 W BluetoothEventManager: AclStateChangedHandler: activeDevice is null
04-26 12:43:12.810 21080 21142 I bluetooth: [remote_name_request.cc:192] completed: Received REMOTE_NAME_REQUEST_COMPLETE from xx:xx:xx:xx:5d:f2 with status SUCCESS(0x00)
04-26 12:43:12.810 21080 21142 I bluetooth: [acl_scheduler.cc:129] operator(): Remote name request completed
04-26 12:43:12.810 21080 21126 D btm_acl : [btm_acl.cc:377] btm_bda_to_acl: bda=00:00:00:00:00:00 transport=1 not found in acl_db
04-26 12:43:12.810 21080 21126 D btm_acl : [btm_acl.cc:377] btm_bda_to_acl: bda=00:00:00:00:00:00 transport=2 not found in acl_db
04-26 12:43:12.810 21080 21126 D ble_sec : [btm_ble_sec.cc:532] BTM_ReadDevInfo: Determined device_type:BLE addr_type:public
04-26 12:43:12.810 21080 21126 I bluetooth: [btm_inq.cc:2216] btm_process_remote_name: RNR received UNEXPECTED name bd_addr:xx:xx:xx:xx:5d:f2 inq_addr:00:00:00:00:00:00 hci_status:HCI_SUCCESS le_link:true rnr_active:false
04-26 12:43:12.810 21080 21126 I bt_btm_sec: [btm_sec.cc:2414] btm_sec_rmt_name_request_complete: btm_sec_rmt_name_request_complete for xx:xx:xx:xx:5d:f2
04-26 12:43:12.810 21080 21126 D bt_btm_sec: [btm_sec.cc:2460] btm_sec_rmt_name_request_complete: Remote read request complete for known device pairing_state:IDLE name:Galaxy S21 FE 5G sec_state:BTM_SEC_STATE_GETTING_NAME
04-26 12:43:12.810 21080 21126 I bt_btif_dm: [btif_dm.cc:2868] btif_on_name_read_from_btm: xx:xx:xx:xx:5d:f2 Galaxy S21 FE 5G
04-26 12:43:12.810 21080 21126 I bt_btif_dm: [btif_dm.cc:2836] btif_on_name_read: Callback for read name event addr:xx:xx:xx:xx:5d:f2 name:Galaxy S21 FE 5G
04-26 12:43:12.810 21080 21126 D bluetooth: [oplus_bta_dm_act.cc:79]  bta_dm_sec_remname_cback name=<****xy S21 FE 5G>
04-26 12:43:12.810 21080 21126 I Bluetooth: [oplus_btif_dm_utils.cc:255] btif_dm_update_rmt_device_name: Update remote name to storage xx:xx:xx:xx:5d:f2 ****xy S21 FE 5G
04-26 12:43:12.810 21080 21126 D bt_btm_sec: [btm_sec.cc:5094] btm_sec_execute_procedure: security_required:0x0 security_flags:0x88 security_state:BTM_SEC_STATE_IDLE[BTM_SEC_STATE_IDLE]
04-26 12:43:12.810 21080 21126 I bt_btm_sec: [btm_sec.cc:5102]  btm_is_acl_locally_initiated 0
04-26 12:43:12.810 21080 21126 D bt_btm_sec: [btm_sec.cc:5212] btm_sec_execute_procedure: Encryption not required
04-26 12:43:12.810 21080 21126 D bt_btm_sec: [btm_sec.cc:5538] btm_sec_dev_rec_cback_event: transport=classic, btm_status=BTM_SUCCESS
04-26 12:43:12.810 21080 21126 D btm_acl : [btm_acl.cc:3160] acl_process_extended_features: Copied extended feature pages handle:5 current_page_number:2 max_page_number:2 features:0x33 0x0b 0x00 0x00 0x00 0x00 0x00 0x00 
04-26 12:43:12.810 21080 21126 D btm_dev : [btm_dev.cc:301]  is_handle_equal: handle=5 is not found
04-26 12:43:12.810 21080 21126 D btm_dev : [btm_dev.cc:301]  is_handle_equal: handle=5 is not found
04-26 12:43:12.810 21080 21126 D btm_acl : [btm_acl.cc:908]  btm_set_link_policy
04-26 12:43:12.811 21080 21126 D bt_device_interop: [interop_oplus.cc:614] interop_oplus_match_addr: OplusDisableSniff, check xx:xx:xx:xx:5d:f2 return false
04-26 12:43:12.811 21080 21126 D bt_device_interop: [interop_oplus.cc:626]  interop_oplus_match_name_impl:[OplusDisableSniff] check ****xy S21 FE 5G return 0
04-26 12:43:12.811 21080 21126 D bt_device_interop: [interop_oplus.cc:797] interop_oplus_match_ver: [OplusDisableSniff] check xx:xx:xx:xx:5d:f2 return false
04-26 12:43:12.811 21080 21126 D bt_device_interop: [interop_oplus.cc:639] interop_oplus_match_both_name_and_addr_impl: [OplusDisableSniff] check ****xy S21 FE 5G-xx:xx:xx:xx:5d:f2 return false
04-26 12:43:12.811 21080 21126 D bt_device_interop: [interop_oplus.cc:664] interop_oplus_match_both_name_addr_and_ver_impl: [OplusDisableSniff] check ****xy S21 FE 5G-xx:xx:xx:xx:5d:f2-0x09:0x000F:0x4208 return false
04-26 12:43:12.811 21080 21126 D bt_device_interop: [interop_oplus.cc:614] interop_oplus_match_addr: OplusRoleSwitchPolicyBlacklist, check xx:xx:xx:xx:5d:f2 return false
04-26 12:43:12.811 21080 21126 D bt_device_interop: [interop_oplus.cc:626]  interop_oplus_match_name_impl:[OplusRoleSwitchPolicyBlacklist] check ****xy S21 FE 5G return 0
04-26 12:43:12.811 21080 21126 D bt_device_interop: [interop_oplus.cc:797] interop_oplus_match_ver: [OplusRoleSwitchPolicyBlacklist] check xx:xx:xx:xx:5d:f2 return false
04-26 12:43:12.811 21080 21126 D bt_device_interop: [interop_oplus.cc:639] interop_oplus_match_both_name_and_addr_impl: [OplusRoleSwitchPolicyBlacklist] check ****xy S21 FE 5G-xx:xx:xx:xx:5d:f2 return false
04-26 12:43:12.811 21080 21126 D bt_device_interop: [interop_oplus.cc:664] interop_oplus_match_both_name_addr_and_ver_impl: [OplusRoleSwitchPolicyBlacklist] check ****xy S21 FE 5G-xx:xx:xx:xx:5d:f2-0x09:0x000F:0x4208 return false
04-26 12:43:12.811 21080 21126 D bt_shim_hci: [hci_layer.cc:235] transmit_command: Sending command WRITE_LINK_POLICY_SETTINGS(0x080d)
04-26 12:43:12.811 21080 21126 D bt_l2c_main: [l2c_main.cc:336] process_l2cap_cmd: cmd: L2CAP_CMD_INFO_RSP, id:2, cmd_len:8
04-26 12:43:12.811 21080 21126 D bt_bta_dm: [bta_dm_act.cc:765] handle_remote_features_complete: Device supports sniff subrating peer:xx:xx:xx:xx:5d:f2
04-26 12:43:12.814 21080 21126 D bt_l2c_main: [l2c_main.cc:336] process_l2cap_cmd: cmd: L2CAP_CMD_INFO_REQ, id:3, cmd_len:2
04-26 12:43:12.814 21080 21142 D bt_shim_hci: [hci_layer.cc:196] OnTransmitPacketCommandComplete: Received cmd complete for WRITE_LINK_POLICY_SETTINGS(0x080d)
04-26 12:43:12.814 21080 21126 E bt_btu_hcif: [btu_hcif.cc:1096] btu_hcif_hdl_command_complete: Command complete for opcode:0x80d should not be handled here
04-26 12:43:12.815  3393  3624 I ListenerMultiplexer: GPS_PROVIDER removeRegistration done
04-26 12:43:12.815  3393  3624 I ListenerMultiplexer: listRegistrations, size isEmpty
04-26 12:43:12.815  8584  8584 I PTC.APPCORE.EventBroadcastReceiver: onReceive, action=android.bluetooth.device.action.ACL_CONNECTED
04-26 12:43:12.816  3393  3567 W LocationFreezeProc: removeLocationRequest [android.location.LocationManager$LocationListenerTransport@7f19ae5]
04-26 12:43:12.816  3393  3567 E AppOps  : attributionTag OplusLBS not declared in manifest of android
04-26 12:43:12.816  3393  3567 I OplusLocationStatistics: stopRequesting
04-26 12:43:12.816  3393  3567 D LocationManagerService: passive provider removed registration from 1000/android[OplusLBS]/3CDBFC39
04-26 12:43:12.816  3393  4668 I LocationFreezeProc: Remove: Don't find the app's name, do nothing! [android.location.LocationManager$LocationListenerTransport@7f19ae5]
04-26 12:43:12.816  3393  3567 W LocationFreezeProc: remove [passive]'s Location Request[android.location.LocationManager$LocationListenerTransport@7f19ae5] Done from 1000/android[OplusLBS]/3CDBFC39
04-26 12:43:12.816  3393  3567 V OplusLocationStatusMonitor: remove listener succeed
04-26 12:43:12.816  3393  3567 I GnssNvController: trigger
04-26 12:43:12.816  3393  3567 I GnssNvController: rus read Seedpos=-1, Dpo=-1, Weeknum=-1, Lpm=-1, ConstellationPreferrd=-1
04-26 12:43:12.816  3393  3567 W AlarmManager: Unrecognized alarm listener com.android.server.location.gnss.GnssLocationProvider$$ExternalSyntheticLambda25@b295d08
04-26 12:43:12.816  3393  3567 W AlarmManager: Unrecognized alarm listener com.android.server.location.gnss.GnssLocationProvider$$ExternalSyntheticLambda24@7253ca1
04-26 12:43:12.816  3393  3567 D GnssLocationProvider: stopBatching
04-26 12:43:12.816  3393  3567 I OplusLocationStatistics: recordGnssPowerSaveStopped, strategyCode 2
04-26 12:43:12.817  1948  2078 I LocSvc_ApiV02: adjustLocClientEventMask:762] oldQmiMask=0x4e1220e060a24b qmiMask=0x4d0020e060a2c8 mInSession: 0, power state 0, retry queue empty 1, mEngineOn: 1, qmi mask has engine state 1
04-26 12:43:12.817  1948  2078 I LocSvc_api_v02: ---> locClientSendReq line 2409 QMI_LOC_REG_EVENTS_REQ_V02
04-26 12:43:12.817  1948  4003 I LocSvc_ApiV02: <--- globalEventCb line 263 QMI_LOC_EVENT_REPORT_IND_V02
04-26 12:43:12.817  1948  4003 I LocSvc_LocApiBase: setQwesFeatureStatus:247] Feature : 20 isValid: 0
04-26 12:43:12.817  1948  4003 I LocSvc_LocApiBase: setQwesFeatureStatus:247] Feature : 8 isValid: 0
04-26 12:43:12.817  1948  4003 I LocSvc_LocApiBase: setQwesFeatureStatus:247] Feature : 7 isValid: 0
04-26 12:43:12.817  1948  4003 I LocSvc_LocApiBase: setQwesFeatureStatus:247] Feature : 17 isValid: 1
04-26 12:43:12.817  1948  4003 I LocSvc_LocApiBase: setQwesFeatureStatus:247] Feature : 6 isValid: 1
04-26 12:43:12.817  1948  4003 I LocSvc_LocApiBase: setQwesFeatureStatus:247] Feature : 5 isValid: 1
04-26 12:43:12.817  1948  4003 I LocSvc_LocApiBase: setQwesFeatureStatus:247] Feature : 4 isValid: 1
04-26 12:43:12.817  1948  4003 I LocSvc_LocApiBase: setQwesFeatureStatus:247] Feature : 3 isValid: 0
04-26 12:43:12.817  1948  4003 I LocSvc_LocApiBase: setQwesFeatureStatus:247] Feature : 13 isValid: 0
04-26 12:43:12.817  1948  4003 I LocSvc_LocApiBase: setQwesFeatureStatus:247] Feature : 2 isValid: 1
04-26 12:43:12.817  1948  4003 I LocSvc_LocApiBase: setQwesFeatureStatus:247] Feature : 1 isValid: 0
04-26 12:43:12.817  1948  2030 I LocSvc_GnssAdapter: ReportQwesFeatureStatus before caps 17001a7f7f 
04-26 12:43:12.817  1948  2030 I LocSvc_GnssAdapter: ReportQwesFeatureStatus after caps 17001a7f7f 
04-26 12:43:12.819  1948  4003 I LocSvc_ApiV02: <--- globalEventCb line 263 QMI_LOC_EVENT_ENGINE_STATE_IND_V02
04-26 12:43:12.819 21080 21126 D bt_l2c_main: [l2c_main.cc:336] process_l2cap_cmd: cmd: L2CAP_CMD_INFO_RSP, id:3, cmd_len:12
04-26 12:43:12.819  1948  2078 I android.hardware.gnss-aidl-service-qti: registerEventMask:  mMask: 0x16a878244253 mQmiMask=0x4d0020e060a2c8 qmiMask=0x4d0020e060a2c8
04-26 12:43:12.819 21080 21126 W bt_l2c_main: [l2c_main.cc:913]  process_l2cap_cmd: L2CAP_CMD_INFO_RSP - fixed_chnl_array_size=8
