04-26 12:43:11.060  8448  8828 I NearbyConnections: Client 45317455 requested advertising to start.
04-26 12:43:11.060  8448 29029 I NearbyConnections: 45317455 com.openautolink.companion startAdvertising in nc mode.
04-26 12:43:11.060  6394  9415 D OplusAtlas.OplusAudioScene: callback success event:atlas_event_on_foreground_activities_changed eventInfo:pid:5294,uid:10259,hasForegroundActivities:0
04-26 12:43:11.064  8448 29530 I Nearby  : (REDACTED) Note nearby client %s for operation %s
04-26 12:43:11.065 16642 16642 W Finsky  : [2] STU: Failed to get storage stats for package 'com.google.android.widevine.nonupdatable' (1601: Error getting stats: android.content.pm.PackageManager.NameNotFoundException)
04-26 12:43:11.066  8448 29530 I NearbyConnections: Instant Connection Security key rotated.
04-26 12:43:11.066  8448 29530 I NearbyConnections: Scheduled invalidation of the HPKE key alarm (delayMillis:8000) for client 45317455
04-26 12:43:11.066  8448 29530 I NearbyConnections: Re-using cached endpoint id SVIH
04-26 12:43:11.066  8448 29530 I NearbyConnections: Get local endpoint id from random generation SVIH (last:null) for client 45317455
04-26 12:43:11.067  8448 29530 I NearbyConnections: [PcpManager] In startAdvertising() advertisingMediums:[USB, WIFI_LAN, WIFI_AWARE, BLUETOOTH, BLE, NFC] upgradeMediums:[USB, WIFI_LAN, WIFI_DIRECT, WIFI_AWARE, WIFI_HOTSPOT, BLE_L2CAP, BLUETOOTH, BLE, NFC] listener:203789553
04-26 12:43:11.067  8448 29530 I NearbyConnections: Get local endpoint id from the existing localEndpointId:SVIH (last:null) for client 45317455(com.openautolink.companion)
04-26 12:43:11.067  8448 29530 I NearbyConnections: generateRxInstantConnectionAdvBytes() returns null because the client (com.openautolink.companion) is not allowed for an instant connection.
04-26 12:43:11.068  8448 29530 W NearbyConnections: Missing permission: com.openautolink.companion does not have required permission android.permission.NFC
04-26 12:43:11.068  8448 29530 E NearbyConnections: Need to add corresponding status code for missing permission android.permission.NFC
04-26 12:43:11.068  8448 29530 I NearbyConnections: In startNfcAdvertising([ 0x4c 0x61 0x6e 0x63 0x65 0x20 0x4f 0x6e 0x65 0x50 0x6c 0x75 0x73 0x20 0x31 0x33 ]), client 45317455 failed to advertise because of missing permissions
04-26 12:43:11.068  2086  2086 D SensorFeature: name=ssc_screenshot_info ,index = 22
04-26 12:43:11.068  2086  2086 D SensorFeature: write 37 bytes:72172129333628,72172137666961,53148,0
04-26 12:43:11.071  3393  6452 I OStatsManager_Calc: add screen power pkgName = com.openautolink.companion, uid = 10511, power = 115.22755000181496, is Fg = true, fore size = 3, mScale = 1.0
04-26 12:43:11.072  3393  6452 I OStatsManager_Calc: add screen power pkgName = com.google.android.projection.gearhead, uid = 10123, power = 115.22755000181496, is Fg = true, fore size = 3, mScale = 1.0
04-26 12:43:11.072  3393  6452 I OStatsManager_Calc: noteBeforePkgSwitch change = false, curTime = 72172130, com.android.launcher, fg = true
04-26 12:43:11.072 21080 21318 I BtSocketManagerBinder: createSocketChannel: type=1, serviceName=com.andrerinas.hurev, uuid=****fe54-33ed-398e-989c-************, port=-1, from uid/pid=10146/8448
04-26 12:43:11.072 21080 21318 I bt_btif_sock: [btif_sock.cc:166] btsock_listen: Attempting listen for socket connections for device: 00:00:00:00:00:00, type: 1, channel: -1, app_uid: 10146
04-26 12:43:11.072 21080 21318 I bt_btif_sock_rfcomm: [btif_sock_rfc.cc:373]  btsock_rfc_listen: channel= -1, flags= 0, app_uid= 10146
04-26 12:43:11.072 21080 21318 I bt_btif_sock_rfcomm: [btif_sock_rfc.cc:387]  btsock_rfc_listen: (flags & BTSOCK_FLAG_NO_SDP) == 0
04-26 12:43:11.072 21080 21318 I bt_btif_sock_rfcomm: [btif_sock_rfc.cc:406]  btsock_rfc_listen: service_uuid != NULL
04-26 12:43:11.072 21080 21318 I bt_btif_sock_rfcomm: [btif_sock_rfc.cc:429] btsock_rfc_listen: Adding listening socket service_name: com.andrerinas.hurev - channel: -1
04-26 12:43:11.072 21080 21126 D bta     : [bta_rfcomm_scn.cc:48] BTA_AllocateSCN: Allocating scn: 8
04-26 12:43:11.072 21080 21126 I bt_btif_sock_rfcomm: [btif_sock_rfc.cc:980] jv_dm_cback: handling event:BTA_JV_GET_SCN_EVT, id:9
04-26 12:43:11.072 21080 21126 D bt_btif_sock_rfcomm: [btif_sock_rfc.cc:629] send_app_scn: Sending scn for slot 9. bd_addr:00:00:00:00:00:00
04-26 12:43:11.072 21080 21126 I bt_btif_sock_rfcomm: [btif_sock_rfc.cc:980] jv_dm_cback: handling event:BTA_JV_CREATE_RECORD_EVT, id:9
04-26 12:43:11.072 21080 21126 I bt_bta_dm: [bta_dm_act.cc:1291] bta_dm_set_eir: Generating extended inquiry response packet EIR
04-26 12:43:11.072 21080 21126 E bt_bta_dm: [bta_dm_act.cc:1453] bta_dm_set_eir: set eir free_eir_length =98 
04-26 12:43:11.072 21080 21126 E bt_bta_dm: [bta_dm_act.cc:1462] bta_dm_set_eir: set eir p_length = NULL
04-26 12:43:11.072 21080 21126 D bt_shim_hci: [hci_layer.cc:235] transmit_command: Sending command WRITE_EXTENDED_INQUIRY_RESPONSE(0x0c52)
04-26 12:43:11.072 21080 21126 W rfcomm_port_utils: [port_utils.cc:290] port_find_mcb: not found, bd_addr:ff:ff:ff:ff:ff:ff
04-26 12:43:11.072 21080 21126 I bt_port_api: [port_api.cc:229] RFCOMM_CreateConnectionWithSecurity: bd_addr=xx:xx:xx:xx:ff:ff, scn=8, is_server=true, mtu=990, uuid=000000, dlci=16, signal_state=0x0b, p_port=0x7ac52ac138
04-26 12:43:11.072 21080 21126 D bt_btif_sock_rfcomm: [btif_sock_rfc.cc:917]  rfcomm_cback: event= 28, rfcomm_slot_id= 9
04-26 12:43:11.072 21080 21126 I bt_btif_sock_rfcomm: [btif_sock_rfc.cc:922] rfcomm_cback: handling BTA_JV_RFCOMM_START_EVT, rfcomm_slot_id:9
04-26 12:43:11.073 21080 21126 I oplus_bt_dual_sync: [oplus_bt_dual_sync.cc:627] do_stack_up_sync: stack_to_apk_type = 37
04-26 12:43:11.073  1942  2060 D vendor.qti.bluetooth@1.0-ibs_handler: SerialClockVote: vote for UART CLK ON
04-26 12:43:11.073 21080 21192 I oplus_bt_dual_sync: [oplus_bt_dual_sync.cc:675] operator(): up_sync done.
04-26 12:43:11.073 21080 21126 I oplus_bt_dual_sync: [oplus_bt_dual_sync.cc:688] do_stack_up_sync: Retrieve the result of future done.
04-26 12:43:11.073 21080 21126 I bt_btif_sock_rfcomm: [btif_sock_rfc.cc:695] on_srv_rfc_listen_started: listening for RFCOMM socket connections for device: 00:00:00:00:00:00, scn: 8, app_uid: 10146, id: 9
04-26 12:43:11.073  1942  2060 D vendor.qti.bluetooth@1.0-wake_lock: Acquire wakelock is acquired 
04-26 12:43:11.073  1942  2060 I vendor.qti.bluetooth@1.0-ibs_handler: DeviceWakeUp: Writing IBS_WAKE_IND
04-26 12:43:11.073  8448 29530 I NearbyMediums: Started accepting Bluetooth Classic connections for com.andrerinas.hurev.
04-26 12:43:11.073  8448 27982 D BluetoothSocket: accept(), timeout (ms):-1
04-26 12:43:11.076 21080 21126 D bt_shim_hci: [hci_layer.cc:235] transmit_command: Sending command WRITE_LOCAL_NAME(0x0c13)
04-26 12:43:11.076 21080 21126 I bt_bta_dm: [bta_dm_act.cc:1291] bta_dm_set_eir: Generating extended inquiry response packet EIR
04-26 12:43:11.076 21080 21126 E bt_bta_dm: [bta_dm_act.cc:1453] bta_dm_set_eir: set eir free_eir_length =71 
04-26 12:43:11.076 21080 21126 E bt_bta_dm: [bta_dm_act.cc:1462] bta_dm_set_eir: set eir p_length = NULL
04-26 12:43:11.076 21080 21192 I AdapterProperties: adapterPropertyChangedCallback with type:1 len:43
04-26 12:43:11.076 21080 21126 D bt_shim_hci: [hci_layer.cc:235] transmit_command: Sending command WRITE_EXTENDED_INQUIRY_RESPONSE(0x0c52)
04-26 12:43:11.077  8448 29530 I Nearby  : (REDACTED) Beginning attempt #%d out of %d for %s...
04-26 12:43:11.078  6827  7199 I ThermalEngine: ACTION: CPU - Setting CPU[6] to 4
04-26 12:43:11.078  8448 29530 I NearbyMediums: Successfully started Bluetooth Classic advertising with deviceName I1NWSUhQIcYAAAAAAAAAEExhbmNlIE9uZVBsdXMgMTM
04-26 12:43:11.079  1942 21156 I vendor.qti.bluetooth@1.0-ibs_handler: ProcessIbsCmd: Received IBS_WAKE_ACK: 0xFC
04-26 12:43:11.079  1942 21156 I vendor.qti.bluetooth@1.0-ibs_handler: ProcessIbsCmd: Signal wack_cond_
04-26 12:43:11.079  1942  2060 D vendor.qti.bluetooth@1.0-ibs_handler: DeviceWakeUp: Unblocked from waiting for FC, pthread_cond_timedwait ret = 0
04-26 12:43:11.079  8448 29530 D BluetoothGattServer: object: android.bluetooth.BluetoothGattServer@236115, mService: android.bluetooth.IBluetoothGatt$Stub$Proxy@1e2ec2a
04-26 12:43:11.079  2265  2461 D skia    : GrGpu::writePixels takes 1
04-26 12:43:11.080  8448 29530 D BluetoothGattServer: registerCallback()
04-26 12:43:11.080  8448 29530 D BluetoothGattServer: registerCallback() - UUID=5d7ad5eb-f17e-4d1d-bae7-8b4d13039c6a
04-26 12:43:11.081  3393  4408 D BluetoothSystemServer: BluetoothManagerService: Bluetooth Adapter name changed to I1NWSUhQIcYAAAAAAAAAEExhbmNlIE9uZVBsdXMgMTM
04-26 12:43:11.081  3393  4408 D BluetoothSystemServer: BluetoothManagerService: storeNameAndAddress(I1NWSUhQIcYAAAAAAAAAEExhbmNlIE9uZVBsdXMgMTM, [address is null]): Completed successfully
04-26 12:43:11.081 21080 21126 I bluetooth: [bta_gatts_act.cc:203] bta_gatts_register: register application first_unuse rcb_idx=7
04-26 12:43:11.081 21080 21126 I gatt_api: [gatt_api.cc:1366] GATT_Register: Allocated name:GattServer uuid:5d7ad5eb-f17e-4d1d-bae7-8b4d13039c6a gatt_if:17 eatt_support:false
04-26 12:43:11.081 21080 21126 D gatt_api: [gatt_api.cc:1470] GATT_StartIf: Starting GATT interface gatt_if_:17
04-26 12:43:11.081 21080 21126 D gatt_utils: [gatt_utils.cc:300] gatt_find_the_connected_bda: start_idx=0
04-26 12:43:11.081 21080 21126 D gatt_utils: [gatt_utils.cc:312] gatt_find_the_connected_bda: found=false found_idx=8
04-26 12:43:11.081  1942 21156 I vendor.qti.bluetooth@1.0-ibs_handler: ProcessIbsCmd: Received IBS_WAKE_IND: 0xFD
04-26 12:43:11.081  1942 21156 I vendor.qti.bluetooth@1.0-ibs_handler: ProcessIbsCmd: Writing IBS_WAKE_ACK
04-26 12:43:11.082 21080 21221 E OplusBtAppCallStats_apk: unknow handle message
04-26 12:43:11.082  8448  8828 D BluetoothGattServer: onServerRegistered() - status=0 serverIf=17
04-26 12:43:11.082  8584  8584 I PTC.APPCORE.EventBroadcastReceiver: onReceive, action=android.bluetooth.adapter.action.LOCAL_NAME_CHANGED
04-26 12:43:11.082 21080 21142 D bt_shim_hci: [hci_layer.cc:196] OnTransmitPacketCommandComplete: Received cmd complete for WRITE_EXTENDED_INQUIRY_RESPONSE(0x0c52)
04-26 12:43:11.082  8584 29757 I PTC.DISC.ServiceLifecycleObserver: Service resume required due to event: BluetoothNameChanged.
04-26 12:43:11.082  3393  6452 I OStatsManager_OplusBatteryStatsManager: updateStateTime: PkgName = com.android.launcher, uid = 10259, state to bg, mForegroundCnt = 0, isFg = false
04-26 12:43:11.082  3393  6452 I OStatsManager_OplusBatteryStatsManager: notePkgBackground [com.openautolink.companion10511, com.google.android.projection.gearhead10123], uid = 10259, pid = 5294, pkgName = com.android.launcher
04-26 12:43:11.082  8584 29757 W PTC.DISC.NetRegisterCentral: registerLanInfo failed. msg=Account not logged in desc=deviceNameChanged
04-26 12:43:11.082  8584 29757 I PTC.APPCORE.SystemStateChangeManager: received Bluetooth name changed: $**ExhbmNlIE9uZVBsdXMgMTM
04-26 12:43:11.082  8584 29757 I cpkit::jni_main: [cpNotifySystemStateChange]JSON data: {"deviceName":"I1NWSUhQIcYAAAAAAAAAEExhbmNlIE9uZVBsdXMgMTM"}
04-26 12:43:11.083  8584  9030 D adapter::system_event..: [SystemEventManager] Dispatching event: DeviceNameChanged at timestamp 1777232591083
04-26 12:43:11.083  8584  9030 W adapter::system_event..: [SystemEventManager] No subscribers registered. Event: DeviceNameChanged at timestamp 1777232591083
04-26 12:43:11.083  8448 29530 I NearbyMediums: Started accepting BLE Gatt connections, service-id=com.andrerinas.hurev
04-26 12:43:11.083 21080 21142 D bt_shim_hci: [hci_layer.cc:196] OnTransmitPacketCommandComplete: Received cmd complete for WRITE_LOCAL_NAME(0x0c13)
04-26 12:43:11.084 21080 21142 D bt_shim_hci: [hci_layer.cc:196] OnTransmitPacketCommandComplete: Received cmd complete for WRITE_EXTENDED_INQUIRY_RESPONSE(0x0c52)
04-26 12:43:11.085 21080 21111 I BtSocketManagerBinder: createSocketChannel: type=4, serviceName=null, uuid=****0000-0000-0000-0000-************, port=-2, from uid/pid=10146/8448
04-26 12:43:11.085 21080 21111 I bt_btif_sock: [btif_sock.cc:166] btsock_listen: Attempting listen for socket connections for device: 00:00:00:00:00:00, type: 4, channel: -2, app_uid: 10146
04-26 12:43:11.085 21080 21111 I bluetooth: [btif_sock_l2cap.cc:364] btsock_l2cap_alloc_l: Allocated l2cap socket structure socket_id:5
04-26 12:43:11.086 21080 21126 I bt_btif_sock_rfcomm: [btif_sock_rfc.cc:980] jv_dm_cback: handling event:BTA_JV_GET_PSM_EVT, id:5
04-26 12:43:11.086 21080 21126 I bluetooth: [gap_conn.cc:226] GAP_ConnOpen: Limiting MPS to one buffer size - 251
04-26 12:43:11.086 21080 21126 D SEC_CB  : [btm_sec_cb.cc:320] AddService: [15]: id:0, is_orig:false psm:0x0080 proto_id:0 chan_id:0  : sec:0x80 service_name:[] (up to 21 chars saved)
04-26 12:43:11.086 21080 21126 D bt_l2cap: [l2c_api.cc:467] L2CA_RegisterLECoc: Allocate rcp for Virtual PSM: 0x0080
04-26 12:43:11.086 21080 21126 I bt_l2cap: [l2c_api.cc:476] L2CA_RegisterLECoc: Registered service LE COC PSM: 0x0080
04-26 12:43:11.086 21080 21126 I bluetooth: [btif_sock_l2cap.cc:474] on_srv_l2cap_listen_started: Listening for L2CAP connection for device: 00:00:00:00:00:00, channel: 128, app_uid: 10146, id: 5, is_le: true
04-26 12:43:11.086 21080 21126 I bluetooth: [btif_sock_l2cap.cc:388] send_app_psm_or_chan_l: Sending l2cap socket socket_id:5 channel:128
04-26 12:43:11.087  8448 29530 D BluetoothAdapter: listenUsingInsecureL2capChannel: set assigned PSM to 128
04-26 12:43:11.087  8448 29530 I NearbyMediums: Started accepting BLE L2CAP connections, service-id=com.andrerinas.hurev
04-26 12:43:11.088  8448 31341 D BluetoothSocket: accept(), timeout (ms):-1
04-26 12:43:11.088  2265  2461 D skia    : GrGpu::writePixels takes 1
04-26 12:43:11.088  6827  7199 I ThermalEngine: ACTION: CPU - Setting CPU[6] to 3
04-26 12:43:11.093  5020  8575 I BeaconSdk.BeaconAdvertiser: stopAdvertising, type:BLR_REPLY_NETLESS_CONTRACT, service name: netless_contract_reply
04-26 12:43:11.098  5020  8575 I BeaconSdk.AppIpc: remoteCall, method=stopAdvertisingWithType
04-26 12:43:11.098  6827  7199 I ThermalEngine: ACTION: CPU - Setting CPU[6] to 4
04-26 12:43:11.100  3393  3572 D SurfaceAnimationRunner: onAnimationEnd:Surface(name=Surface(name=e287b98 Splash Screen com.google.android.projection.gearhead)/@0xda93460 - animation-leash of window_animation)/@0x37668bd
04-26 12:43:11.100  3393  3571 I WindowStateExtImpl: onSurfaceShowChange show = false mPackageName = com.google.android.projection.gearhead parentPkgName = com.google.android.projection.gearhead
04-26 12:43:11.100  3393  3571 I WindowManager: Window{e287b98 u0 Splash Screen com.google.android.projection.gearhead EXITING} state from HAS_DRAWN to NO_SURFACE; reason: destroySurface
04-26 12:43:11.100  3393  3585 W UserAwareMgr: event can not be released, id: 5004, count: 3, releasePid: 3393
04-26 12:43:11.102  3393  3585 W UserAwareMgr: event can not be released, id: 5005, count: 3, releasePid: 3393
04-26 12:43:11.102  8584 19852 I PTC.BEACON.BeaconContentProvider: ---authority call--- stopAdvertisingWithType, authority=com.heytap.accessory.beacon.BeaconContentProvider, callingPkg=com.android.phone
04-26 12:43:11.103  8584 19852 I PTC.BEACON.BeaconCallMethodProcessor: -- BEA-IPC -- process method In, method=stopAdvertisingWithType callingPackage=com.android.phone
04-26 12:43:11.104  8584 19852 I PTC.BEACON.BeaconCallMethodProcessor: -- BEA-IPC -- stopAdvertising In. client=BeaconClient={clientId=171032835, pkg=com.android.phone, pid=5020}, advertise type=BLR_REPLY_NETLESS_CONTRACT
04-26 12:43:11.104  8584 31342 I PTC.BEACON.BeaconCallMethodProcessor: -- BEA-IPC -- stopAdvertising Out.
04-26 12:43:11.105  8584 19852 I PTC.BEACON.BeaconCallMethodProcessor: -- BEA-IPC -- process stopAdvertisingWithType Out. result=SUCCESS
04-26 12:43:11.105  8584 19852 I PTC.BEACON.BeaconCallMethodProcessor: -- BEA-IPC -- process method Out, method: stopAdvertisingWithType, result is: SealedResult(resultCode=SUCCESS, data=null, errorCode=null, message=null)
04-26 12:43:11.105  8584 31338 I PTC.DISC.AdvertiserContainer: Stop advertise, not found advertising client=DiscoveryClient(id=netless_contract_reply, pkg=com.android.phone, pid=5020)
04-26 12:43:11.105 16642 16642 W Finsky  : [2] STU: Failed to get storage stats for package 'com.google.android.devicelock' (1601: Error getting stats: android.content.pm.PackageManager.NameNotFoundException)
04-26 12:43:11.105  5020  8575 W BeaconSdk.ServerDeathRecipient: already has binder death recipient
04-26 12:43:11.106  2601 25479 I InstalldExtImpl: Measuring codePath /my_stock/del-app/NewSoundRecorder lib /data/preapps-lib/NewSoundRecorder
04-26 12:43:11.107  2601 25479 I InstalldExtImpl: Measuring codePath /my_stock/del-app/BackupAndRestore lib /data/preapps-lib/BackupAndRestore
04-26 12:43:11.109  6827  7199 I ThermalEngine: ACTION: CPU - Setting CPU[6] to 3
04-26 12:43:11.118  2601 25479 I InstalldExtImpl: Measuring codePath /my_stock/del-app/OPBreathMode lib /data/preapps-lib/OPBreathMode
04-26 12:43:11.119  6827  7199 I ThermalEngine: ACTION: CPU - Setting CPU[6] to 4
04-26 12:43:11.121 16642 16642 W Finsky  : [2] STU: Failed to get storage stats for package 'com.android.apex.cts.shim' (1601: Error getting stats: android.content.pm.PackageManager.NameNotFoundException)
04-26 12:43:11.124  1942 21156 I vendor.qti.bluetooth@1.0-ibs_handler: ProcessIbsCmd: Received IBS_SLEEP_IND: 0xFE
04-26 12:43:11.129  6827  7199 I ThermalEngine: ACTION: CPU - Setting CPU[6] to 3
04-26 12:43:11.129  2265  2461 D skia    : GrGpu::writePixels takes 1
04-26 12:43:11.133 16642 16642 W Finsky  : [2] STU: Failed to get storage stats for package 'com.google.android.appsearch' (1601: Error getting stats: android.content.pm.PackageManager.NameNotFoundException)
04-26 12:43:11.134 16642 16642 W Finsky  : [2] STU: Failed to get storage stats for package 'com.google.android.art' (1601: Error getting stats: android.content.pm.PackageManager.NameNotFoundException)
04-26 12:43:11.139  6827  7199 I ThermalEngine: ACTION: CPU - Setting CPU[6] to 4
04-26 12:43:11.149  6827  7199 I ThermalEngine: ACTION: CPU - Setting CPU[6] to 3
04-26 12:43:11.154  2265  2461 D skia    : GrGpu::writePixels takes 1
04-26 12:43:11.159 16642 16642 W Finsky  : [2] STU: Failed to get storage stats for package 'com.google.android.mediaprovider' (1601: Error getting stats: android.content.pm.PackageManager.NameNotFoundException)
04-26 12:43:11.162  2265  2461 D skia    : GrGpu::writePixels takes 1
04-26 12:43:11.165  2601 25479 I InstalldExtImpl: Measuring codePath /my_product/del-app/ConsumerIRApp lib /data/preapps-lib/ConsumerIRApp
04-26 12:43:11.167 16642 16642 W Finsky  : [2] STU: Failed to get storage stats for package 'com.android.virt' (1601: Error getting stats: android.content.pm.PackageManager.NameNotFoundException)
04-26 12:43:11.168  6827  7081 I ThermalEngine: VIRTUAL-CPU-L-PID, Update received trip sensor cpu-1-1-1 79900
04-26 12:43:11.169  6827  7199 I ThermalEngine: ACTION: CPU - Setting CPU[6] to 0
04-26 12:43:11.170 16642 16642 W Finsky  : [2] STU: Failed to get storage stats for package 'com.google.android.resolv' (1601: Error getting stats: android.content.pm.PackageManager.NameNotFoundException)
04-26 12:43:11.177 16642 16642 W Finsky  : [2] STU: Failed to get storage stats for package 'com.google.android.configinfrastructure' (1601: Error getting stats: android.content.pm.PackageManager.NameNotFoundException)
04-26 12:43:11.177 16642 16642 W Finsky  : [2] STU: Failed to get storage stats for package 'com.google.android.media' (1601: Error getting stats: android.content.pm.PackageManager.NameNotFoundException)
04-26 12:43:11.178  4925  5004 D AdfrV32FrameRateUtils: set frameRate in trantion end, leash=Surface(name=Task=295)/@0x38efb26, transaction=android.view.SurfaceControl$Transaction@f24b517, precisionType=1, typeId=20101, typeEnable=false
04-26 12:43:11.178  4925  5004 D AdfrV32FrameRateUtils: set frameRate in trantion end, leash=Surface(name=Task=296)/@0x6e29e81, transaction=android.view.SurfaceControl$Transaction@f24b517, precisionType=1, typeId=20101, typeEnable=false
04-26 12:43:11.178  4925  4991 D OplusShellTransition: DefaultTransitionHandler#onAnimFinish=> transition=android.os.BinderProxy@8e17808, backAnimContinue=false
04-26 12:43:11.178  4925  4991 V WindowManagerShell: Transition animation finished (aborted=false), notifying core (#1489) android.os.BinderProxy@8e17808@0
04-26 12:43:11.178  4925  4991 D SplitScreen-->AppLockManager: setStartFromSafeControl mStartFromSafeControl=false
04-26 12:43:11.178  4925  4991 D ShellTaskOrganizerExt: adjust change for exiting mini task: -1
04-26 12:43:11.179  2265  2461 D skia    : GrGpu::writePixels takes 1
04-26 12:43:11.179  3393  8235 D Transition: finishTransition ar ActivityRecord{28262702 u0 com.google.android.projection.gearhead/.companion.settings.Material3SettingsActivity t295}, isVisibleRequested=false, state=PAUSED, visibleAtTransitionEndTokens={ActivityRecord{220309503 u0 com.openautolink.companion/.MainActivity t296}}, this=TransitionRecord{6ddfa89 id=1489 track=0 type=OPEN flags=0x0 state=2 c=[
04-26 12:43:11.179  3393  8235 D Transition:    ChangeInfo{290b2fa container=ActivityRecord{28262702 u0 com.google.android.projection.gearhead/.companion.settings.Material3SettingsActivity t295} flags=0x0}
04-26 12:43:11.179  3393  8235 D Transition:    ChangeInfo{58090ab container=DefaultTaskDisplayArea@46608555 flags=0x0}
04-26 12:43:11.179  3393  8235 D Transition:    ChangeInfo{4945251 container=Task{2ce9113 #295 type=standard A=10123:com.google.android.projection.gearhead nonResizable} flags=0x10}
04-26 12:43:11.179  3393  8235 D Transition:    ChangeInfo{d157b78 container=Task{9f2c51b #296 type=standard A=10511:com.openautolink.companion} flags=0x10}
04-26 12:43:11.179  3393  8235 D Transition:    ChangeInfo{313e308 container=Display{#0 state=ON size=1080x2376 ROTATION_0} flags=0x0}
04-26 12:43:11.179  3393  8235 D Transition:    ChangeInfo{ed44aa1 container=ActivityRecord{220309503 u0 com.openautolink.companion/.MainActivity t296} flags=0x0}
04-26 12:43:11.179  3393  8235 D Transition: ]
04-26 12:43:11.179  3393  8235 D Transition: }
04-26 12:43:11.179  3393  8235 D ActivityTaskManager: commitVisibility: ActivityRecord{28262702 u0 com.google.android.projection.gearhead/.companion.settings.Material3SettingsActivity t295}: visible=false visibleRequested=false, isInTransition=false 
04-26 12:43:11.180  3393  8235 D WindowManager: NFW_setClientVisible:ActivityRecord{28262702 u0 com.google.android.projection.gearhead/.companion.settings.Material3SettingsActivity t295} clientVisible:false
04-26 12:43:11.180  3393  8235 I WindowManager: Window{95ec5a3 u0 com.google.android.projection.gearhead/com.google.android.projection.gearhead.companion.settings.Material3SettingsActivity} state from HAS_DRAWN to DRAW_PENDING; reason: resetDrawState
04-26 12:43:11.180 31154 31166 D VRI[Material3SettingsActivity]: dispatchAppVisibility visible:false mUpcomingWindowFocus:false
04-26 12:43:11.180  3393  8235 D Transition: finishTransition ar ActivityRecord{220309503 u0 com.openautolink.companion/.MainActivity t296}, isVisibleRequested=true, state=RESUMED, visibleAtTransitionEndTokens={ActivityRecord{220309503 u0 com.openautolink.companion/.MainActivity t296}}, this=TransitionRecord{6ddfa89 id=1489 track=0 type=OPEN flags=0x0 state=2 c=[
04-26 12:43:11.180  3393  8235 D Transition:    ChangeInfo{290b2fa container=ActivityRecord{28262702 u0 com.google.android.projection.gearhead/.companion.settings.Material3SettingsActivity t295} flags=0x0}
04-26 12:43:11.180  3393  8235 D Transition:    ChangeInfo{58090ab container=DefaultTaskDisplayArea@46608555 flags=0x0}
04-26 12:43:11.180  3393  8235 D Transition:    ChangeInfo{4945251 container=Task{2ce9113 #295 type=standard A=10123:com.google.android.projection.gearhead nonResizable} flags=0x10}
04-26 12:43:11.180  3393  8235 D Transition:    ChangeInfo{d157b78 container=Task{9f2c51b #296 type=standard A=10511:com.openautolink.companion} flags=0x10}
04-26 12:43:11.180  3393  8235 D Transition:    ChangeInfo{313e308 container=Display{#0 state=ON size=1080x2376 ROTATION_0} flags=0x0}
04-26 12:43:11.180  3393  8235 D Transition:    ChangeInfo{ed44aa1 container=ActivityRecord{220309503 u0 com.openautolink.companion/.MainActivity t296} flags=0x0}
04-26 12:43:11.180  3393  8235 D Transition: ]
04-26 12:43:11.180  3393  8235 D Transition: }
04-26 12:43:11.180  3393  8235 I OplusAppSwitchManagerService:  handleAppVisible , r = ActivityRecord{220309503 u0 com.openautolink.companion/.MainActivity t296}
04-26 12:43:11.180 31154 31154 D VRI[Material3SettingsActivity]: visibilityChanged oldVisibility=true newVisibility=false
04-26 12:43:11.180  3393  8235 D OplusTransitionController: finishTransition, transition: TransitionRecord{6ddfa89 id=1489 track=0 type=OPEN flags=0x0 state=4 c=[
04-26 12:43:11.180  3393  8235 D OplusTransitionController:    ChangeInfo{290b2fa container=ActivityRecord{28262702 u0 com.google.android.projection.gearhead/.companion.settings.Material3SettingsActivity t295} flags=0x0}
04-26 12:43:11.180  3393  8235 D OplusTransitionController:    ChangeInfo{58090ab container=DefaultTaskDisplayArea@46608555 flags=0x0}
04-26 12:43:11.180  3393  8235 D OplusTransitionController:    ChangeInfo{4945251 container=Task{2ce9113 #295 type=standard A=10123:com.google.android.projection.gearhead nonResizable} flags=0x10}
04-26 12:43:11.180  3393  8235 D OplusTransitionController:    ChangeInfo{d157b78 container=Task{9f2c51b #296 type=standard A=10511:com.openautolink.companion} flags=0x10}
04-26 12:43:11.180  3393  8235 D OplusTransitionController:    ChangeInfo{313e308 container=Display{#0 state=ON size=1080x2376 ROTATION_0} flags=0x0}
04-26 12:43:11.180  3393  8235 D OplusTransitionController:    ChangeInfo{ed44aa1 container=ActivityRecord{220309503 u0 com.openautolink.companion/.MainActivity t296} flags=0x0}
04-26 12:43:11.180  3393  8235 D OplusTransitionController: ]
04-26 12:43:11.180  3393  8235 D OplusTransitionController: }
04-26 12:43:11.180  3393  8235 D FlexibleTaskTransitionController:  finishTransition pendingRecentToFlexibleTask:null,isRotationTransition:false ,pendingRecentToFlexible:null ,transition:TransitionRecord{6ddfa89 id=1489 track=0 type=OPEN flags=0x0 state=4 c=[
04-26 12:43:11.180  3393  8235 D FlexibleTaskTransitionController:    ChangeInfo{290b2fa container=ActivityRecord{28262702 u0 com.google.android.projection.gearhead/.companion.settings.Material3SettingsActivity t295} flags=0x0}
04-26 12:43:11.180  3393  8235 D FlexibleTaskTransitionController:    ChangeInfo{58090ab container=DefaultTaskDisplayArea@46608555 flags=0x0}
04-26 12:43:11.180  3393  8235 D FlexibleTaskTransitionController:    ChangeInfo{4945251 container=Task{2ce9113 #295 type=standard A=10123:com.google.android.projection.gearhead nonResizable} flags=0x10}
04-26 12:43:11.180  3393  8235 D FlexibleTaskTransitionController:    ChangeInfo{d157b78 container=Task{9f2c51b #296 type=standard A=10511:com.openautolink.companion} flags=0x10}
04-26 12:43:11.180  3393  8235 D FlexibleTaskTransitionController:    ChangeInfo{313e308 container=Display{#0 state=ON size=1080x2376 ROTATION_0} flags=0x0}
04-26 12:43:11.180  3393  8235 D FlexibleTaskTransitionController:    ChangeInfo{ed44aa1 container=ActivityRecord{220309503 u0 com.openautolink.companion/.MainActivity t296} flags=0x0}
04-26 12:43:11.180  3393  8235 D FlexibleTaskTransitionController: ]
04-26 12:43:11.180  3393  8235 D FlexibleTaskTransitionController: }
04-26 12:43:11.181  3393  3585 W UserAwareMgr: event can not be released, id: 5005, count: 2, releasePid: 3393
04-26 12:43:11.181  3393  8235 D RefreshRate: ***** request traversal for refresh rate change, reason is highTempRefreshRateChanged: false, windowRefreshRateChanged: true, flexibleWindowStateChanged: false, has float/zoom window *****
04-26 12:43:11.181  3393  8235 D TransitionControllerExtImpl: NFW_send RECOMPUTE_FOCUS in finishTransition
04-26 12:43:11.181  4925  4991 D ShellTaskOrganizer: onTransitionFinish, isRecent:false
04-26 12:43:11.181  4925  4991 V WindowManagerShell: Track 0 became idle
04-26 12:43:11.181  4925  4991 V WindowManagerShell: All active transition animations finished
04-26 12:43:11.182  3393  3626 D VRR [OPlusRefreshRateService]:  setDirectorStates [flag: 1, state: 0, directorStateOff: 0]
04-26 12:43:11.182  2265  2448 D VRR [RefreshRateDirector]: updateState mState = 1
04-26 12:43:11.182  3393  3571 I TaskOrganizerController: onTaskInfoChanged taskid 295 config { mBounds=Rect(0, 0 - 1080, 2376) mAppBounds=Rect(0, 0 - 1080, 2376) mMaxBounds=Rect(0, 0 - 1080, 2376) mDisplayRotation=ROTATION_0 mWindowingMode=fullscreen mActivityType=standard mAlwaysOnTop=undefined mRotation=ROTATION_0}
04-26 12:43:11.182  3393  3571 D OplusFlexibleDragToSplitAnimController: visibleFlexibleTaskInfos delete:295
04-26 12:43:11.182  3393  3571 E FlexibleWindowManagerService: notifyTaskObserverToAttachController not need to notify!
04-26 12:43:11.182  3393  3571 I FlexibleWindowManagerService: onFlexibleWindowTaskInfoChanged, return for cur task not embedded
04-26 12:43:11.182  4925  4991 D ShellTaskOrganizerExt: visibleFlexibleTaskInfos delete:295
04-26 12:43:11.182  4925  4991 D ShellTaskOrganizerExt: isOnCanvas size:0
04-26 12:43:11.182  4925  4991 D ShellTaskOrganizerExt: isOnThreeFlexibleCanvas size:0
04-26 12:43:11.183  3393  3570 D WindowManager: NFW_findFocusedWindowIfNeeded:Window{1e81648 u0 com.openautolink.companion/com.openautolink.companion.MainActivity} mCurrentFocus:Window{1e81648 u0 com.openautolink.companion/com.openautolink.companion.MainActivity}
04-26 12:43:11.183  3393  3585 I UserAwareMgr: handleAppChangedToBg, pkgName: com.google.android.projection.gearhead, pid: 31154
04-26 12:43:11.187  2265  2461 D skia    : GrGpu::writePixels takes 1
04-26 12:43:11.187 31154 31154 D HWUI    : RenderProxy::destroy: this=0xb400007b1698d200, mContext=0xb400007a32c5c8c0
04-26 12:43:11.187  4917  6345 V OsAgent : broadcastSystemEvent - 7
04-26 12:43:11.188 31154 31198 D HWUI    : SkiaVulkanPipeline::setSurface: this=0xb400007b69bb3e00, surface=NULL
04-26 12:43:11.188 31154 31198 D BufferQueueProducer: [VRI[Material3SettingsActivity]#0(BLAST Consumer)0](id:79b200000000,api:1,p:31154,c:31154) disconnect: api 1
04-26 12:43:11.192  3393  5045 D Transition: finishTransaction-onCommitted syncId=1489
04-26 12:43:11.192 31154 31154 D ViewRootImplExtImpl: wrapConfigInfoIntoFlags rotation=0, smallestScreenWidthDp=411, residentWS=false, scenario=0, bounds=Rect(0, 0 - 1080, 2376), relayoutAsync=false, flags=0, newFlags=1245721440, title=com.google.android.projection.gearhead/com.google.android.projection.gearhead.companion.settings.Material3SettingsActivity
04-26 12:43:11.193  3393  5045 V WindowManager: Relayout Window{95ec5a3 u0 com.google.android.projection.gearhead/com.google.android.projection.gearhead.companion.settings.Material3SettingsActivity}: viewVisibility=8, oldvis=0, req=1080x2376 , apr = 0, vsysui=LAYOUT_STABLE LAYOUT_FULLSCREEN
04-26 12:43:11.194  3393  5045 D WindowManager: NFW_findFocusedWindowIfNeeded:Window{1e81648 u0 com.openautolink.companion/com.openautolink.companion.MainActivity} mCurrentFocus:Window{1e81648 u0 com.openautolink.companion/com.openautolink.companion.MainActivity}
04-26 12:43:11.194 31154 31154 D VRI[Material3SettingsActivity]: relayoutWindow result, sizeChanged:false, surfaceControlChanged:true, transformHintChanged:false, mSurfaceSize:Point(1080, 2376), mLastSurfaceSize:Point(1080, 2376), mWidth:1080, mHeight:2376, requestedWidth:1080, requestedHeight:2376, transformHint:0, installOrientation:0, displayRotation:0, isSurfaceValid:false, attr.flag:-2122252032, tmpFrames:ClientWindowFrames{frame=[0,0][1080,2376] display=[0,0][1080,2376] parentFrame=[0,0][0,0]}, relayoutAsync:false, mSyncSeqId:0
04-26 12:43:11.194 31154 31154 D BLASTBufferQueue: [VRI[Material3SettingsActivity]#0](f:0,a:1) destructor()
04-26 12:43:11.194 31154 31154 D BufferQueueConsumer: [VRI[Material3SettingsActivity]#0(BLAST Consumer)0](id:79b200000000,api:0,p:-1,c:31154) disconnect
04-26 12:43:11.195 31154 31154 D VRI[Material3SettingsActivity]: setWindowStopped stopped:true
04-26 12:43:11.202 16642 16642 W Finsky  : [2] STU: Failed to get storage stats for package 'com.android.crashrecovery' (1601: Error getting stats: android.content.pm.PackageManager.NameNotFoundException)
04-26 12:43:11.203 31154 31154 D ViewRootImplExtImpl: wrapConfigInfoIntoFlags rotation=0, smallestScreenWidthDp=411, residentWS=false, scenario=0, bounds=Rect(0, 0 - 1080, 2376), relayoutAsync=false, flags=0, newFlags=1245721440, title=com.google.android.projection.gearhead/com.google.android.projection.gearhead.companion.settings.Material3SettingsActivity
04-26 12:43:11.203  3393  8235 V WindowManager: Relayout Window{95ec5a3 u0 com.google.android.projection.gearhead/com.google.android.projection.gearhead.companion.settings.Material3SettingsActivity}: viewVisibility=8, oldvis=8, req=1080x2376 , apr = 0, vsysui=LAYOUT_STABLE LAYOUT_FULLSCREEN, x=0, y=0
04-26 12:43:11.203 31154 31154 D VRI[Material3SettingsActivity]: relayoutWindow result, sizeChanged:false, surfaceControlChanged:true, transformHintChanged:false, mSurfaceSize:Point(1080, 2376), mLastSurfaceSize:Point(1080, 2376), mWidth:1080, mHeight:2376, requestedWidth:1080, requestedHeight:2376, transformHint:0, installOrientation:0, displayRotation:0, isSurfaceValid:false, attr.flag:-2122252032, tmpFrames:ClientWindowFrames{frame=[0,0][1080,2376] display=[0,0][1080,2376] parentFrame=[0,0][0,0]}, relayoutAsync:false, mSyncSeqId:0
04-26 12:43:11.204  3393  4768 I WindowManager: Window{95ec5a3 u0 com.google.android.projection.gearhead/com.google.android.projection.gearhead.companion.settings.Material3SettingsActivity} state from DRAW_PENDING to NO_SURFACE; reason: destroySurface
04-26 12:43:11.204  3393  4768 D OplusStartingWindowManager: skip remove starting window for activity = ActivityRecord{28262702 u0 com.google.android.projection.gearhead/.companion.settings.Material3SettingsActivity t295} ,ar != topActivityContainsStartingWindow on activityStopped
04-26 12:43:11.205  3393  4554 D BackgroundInstallControlService: Package event received: 0
04-26 12:43:11.206  3393  3393 W NotificationHistory: Attempted to add notif for locked/gone/disabled user 0
04-26 12:43:11.206  3393  6452 I OStatsManager_Calc: add screen power pkgName = com.openautolink.companion, uid = 10511, power = 35.7940899990499, is Fg = true, fore size = 2, mScale = 1.0
04-26 12:43:11.206  3393  6452 I OStatsManager_Calc: add screen power pkgName = com.google.android.projection.gearhead, uid = 10123, power = 35.7940899990499, is Fg = true, fore size = 2, mScale = 1.0
04-26 12:43:11.206  3393  6452 I OStatsManager_Calc: noteBeforePkgSwitch change = false, curTime = 72172275, com.google.android.projection.gearhead, fg = true
04-26 12:43:11.206  3393  6452 I OStatsManager_OplusBatteryStatsManager: updateStateTime: PkgName = com.google.android.projection.gearhead, uid = 10123, state to bg, mForegroundCnt = 0, isFg = false
04-26 12:43:11.206  3393  6452 I OStatsManager_OplusBatteryStatsManager: notePkgBackground [com.openautolink.companion10511], uid = 10123, pid = 31154, pkgName = com.google.android.projection.gearhead
04-26 12:43:11.206  6394  9415 D OplusAtlas.OplusAudioScene: callback success event:atlas_event_on_foreground_activities_changed eventInfo:pid:31154,uid:10123,hasForegroundActivities:0
04-26 12:43:11.206  3393  4805 D OsenseCommonUtils: /dev/memcg/apps/uid_10123/memory.app_score not exist
04-26 12:43:11.206  2242 19743 D AudioBoost: audioSchedBoost, pid=2242, tid=19743, enable=1, ret=0
04-26 12:43:11.207  2242 19743 D AudioFlingerExtImpl: AudioFlingerExtImpl oplusSetParameters: keyvalue onForegroundActivitiesChanged=com.google.android.projection.gearhead:foreground:0|10123:31154
04-26 12:43:11.207  2242 19743 D AudioFlingerExtImpl: updateForegroundInfo, mapInf mForegroundMap(1)|[com.openautolink.companion]=1, uidPidMapInf mForegroundUidPidMap(1)|[10511]=31285
04-26 12:43:11.207  2242 19743 D AudioBoost: audioSchedBoost, pid=2242, tid=19743, enable=0, ret=0
04-26 12:43:11.209  3393  3585 W QosSceneRecognizer[NotificationScene]: get pid failed while enterNotificationScene, processInfos is null! uid: -1
04-26 12:43:11.209  4925  4925 I SystemUi--Notification: OplusLiveAlertNotificationsRepository-->onRankingApplied
04-26 12:43:11.211  6283  6283 I id.ext.services: AssetManager2(0xb400007b169d4628) locale list changing from [] to [en-US]
04-26 12:43:11.213  2601 25479 I InstalldExtImpl: Measuring codePath /my_stock/del-app/OppoNote2 lib /data/preapps-lib/OppoNote2
04-26 12:43:11.216 16642 16642 W Finsky  : [2] STU: Failed to get storage stats for package 'com.google.android.sdkext' (1601: Error getting stats: android.content.pm.PackageManager.NameNotFoundException)
04-26 12:43:11.219 16642 16642 W Finsky  : [2] STU: Failed to get storage stats for package 'com.google.android.adservices' (1601: Error getting stats: android.content.pm.PackageManager.NameNotFoundException)
04-26 12:43:11.219 16642 16642 W Finsky  : [2] STU: Failed to get storage stats for package 'com.google.android.tethering' (1601: Error getting stats: android.content.pm.PackageManager.NameNotFoundException)
04-26 12:43:11.220  4925  4925 E LockScreenNotificationDispatcherImp: updateNotificationListOnKg size:0
04-26 12:43:11.222  4925  4925 I SystemUi--Notification: OplusLiveAlertNotificationsRepository-->onRankingApplied
04-26 12:43:11.225  4925  4925 E LockScreenNotificationDispatcherImp: updateNotificationListOnKg size:0
04-26 12:43:11.226  4925  4925 I SystemUi--Notification: LockScreenNotificationDispatcherImp-->updateNotificationListOnKg resultCode: 0
04-26 12:43:11.226  4925  4925 I SystemUi--Notification: LockScreenNotificationDispatcherImp-->updateNotificationListOnKg resultCode: 0
04-26 12:43:11.227  4925  4925 W SystemUi--Common: SubsetBitmapDrawable-->[isValid] innerBitmap?.isRecycled=null
04-26 12:43:11.235  2601 25479 I InstalldExtImpl: Measuring codePath /my_stock/del-app/OppoTranslation lib /data/preapps-lib/OppoTranslation
04-26 12:43:11.236 16642 16642 W Finsky  : [2] STU: Failed to get storage stats for package 'com.android.runtime' (1601: Error getting stats: android.content.pm.PackageManager.NameNotFoundException)
04-26 12:43:11.239  4925  5250 D LocalImageResolver: Couldn't use ImageDecoder for drawable, falling back to non-resized load.
04-26 12:43:11.239  4925  4925 D OplusNotificationDateTimeView: setTime mSettingTimeMillis 1777232591007, mSettingLocalDateTime 2026-04-26T12:43:00.007
04-26 12:43:11.242  4925  5250 D LocalImageResolver: Couldn't use ImageDecoder for drawable, falling back to non-resized load.
04-26 12:43:11.244  4925  4925 D OplusNotificationDateTimeView: setTime mSettingTimeMillis 1777232591007, mSettingLocalDateTime 2026-04-26T12:43:00.007
04-26 12:43:11.246  4925  4925 I SystemUi--Notification: OplusNotificationTempla-->resolveContentMargin: marginTop=84 isChildInGroup=false hasSubtitle=true params.topMargin=84
04-26 12:43:11.246  4925  4925 W SystemUi--Notification: OplusNotificationGroupExtImpl-->setChildrenExpanded: groupHeader is null
04-26 12:43:11.252 16642 16642 W Finsky  : [2] STU: Failed to get storage stats for package 'com.google.android.cellbroadcast' (1601: Error getting stats: android.content.pm.PackageManager.NameNotFoundException)
04-26 12:43:11.253  4925  4925 I PluginSeedling--Track: RequestHandler-->notificationUpdated 0|com.openautolink.companion|1|null|10511 postTime: 1777232591008
04-26 12:43:11.253  4925  4925 E LockScreenNotificationDispatcherImp: updateNotificationListOnKg size:0
04-26 12:43:11.255  2132  2175 D BatteryChargeControl: bcc get no support from charging protocol
04-26 12:43:11.256  4925  4925 I SystemUi--Notification: NotificationStackScrollLayoutExtImpl-->bind scrollGridCount 3 o.visibleChildrenCount 4 o.childCount 8
04-26 12:43:11.256  4925  4925 I SystemUi--Notification: SeparatePanelAnimation-->updateVisibleChildCount change, currentChildCount: 4 totalCount 5
04-26 12:43:11.256  4925  4925 W SystemUi--Notification: OplusNotificationGroupExtImpl-->setChildrenExpanded: groupHeader is null
04-26 12:43:11.257  4925  4925 I SystemUi--Notification: LockScreenNotificationDispatcherImp-->updateNotificationListOnKg resultCode: 0
04-26 12:43:11.260 16642 16642 W Finsky  : [2] STU: Failed to get storage stats for package 'com.google.android.rkpd' (1601: Error getting stats: android.content.pm.PackageManager.NameNotFoundException)
04-26 12:43:11.283  8584 31338 I PTC.CONN.SenselessScheduleImpl: --Senseless Event Changed-- handleStartEvent is BLUETOOTH_NAME_CHANGED
04-26 12:43:11.285  8584 31338 I SettingImpl: isSenselessConnectionToggleChecked switchValue: 1, state is true
04-26 12:43:11.285  8584 31338 I SettingImpl: isSenselessConnectionToggleChecked switchValue: 1, state is true
04-26 12:43:11.285  8584 31338 I PTC.APPCORE.ResourceObtaining: expGetModelId get modelId
04-26 12:43:11.285  8584 31338 I SettingImpl: isMarketModeToggleChecked=0
04-26 12:43:11.285  8584 31338 I PTC.CONN.SenselessNetworkingImpl: acceptSenselessConnection, accept job is active, return
04-26 12:43:11.286  8584 31338 I PTC.DISC.DiscCoreImpl: advertise, options=DeviceAdvOptions={plan=Plan(planType=BLE), client=DiscoveryClient(id=accept-senseless, pkg=com.heytap.accessory, pid=8584), timeoutMillis=10000}
04-26 12:43:11.286  8584 31338 I SettingImpl: export quick device toggle value is 0
04-26 12:43:11.286  3393  4228 E OsenseCommonUtils: write /dev/memcg/memory.force_shrink_file failed
04-26 12:43:11.286  3393  4228 E OsenseCommonUtils: java.io.IOException: write failed: EBUSY (Device or resource busy)
04-26 12:43:11.286  3393  4228 E OsenseCommonUtils: 	at libcore.io.IoBridge.write(IoBridge.java:651)
04-26 12:43:11.286  3393  4228 E OsenseCommonUtils: 	at java.io.FileOutputStream.write(FileOutputStream.java:436)
04-26 12:43:11.286  3393  4228 E OsenseCommonUtils: 	at sun.nio.cs.StreamEncoder.writeBytes(StreamEncoder.java:233)
04-26 12:43:11.286  3393  4228 E OsenseCommonUtils: 	at sun.nio.cs.StreamEncoder.implFlushBuffer(StreamEncoder.java:309)
04-26 12:43:11.286  3393  4228 E OsenseCommonUtils: 	at sun.nio.cs.StreamEncoder.implFlush(StreamEncoder.java:313)
04-26 12:43:11.286  3393  4228 E OsenseCommonUtils: 	at sun.nio.cs.StreamEncoder.flush(StreamEncoder.java:153)
04-26 12:43:11.286  3393  4228 E OsenseCommonUtils: 	at java.io.OutputStreamWriter.flush(OutputStreamWriter.java:248)
04-26 12:43:11.286  3393  4228 E OsenseCommonUtils: 	at com.android.server.oplus.osense.utils.OsenseCommonUtils.writeFile(OsenseCommonUtils.java:154)
04-26 12:43:11.286  3393  4228 E OsenseCommonUtils: 	at com.android.server.am.OplusOsenseCompressAction.doGlobalShrink(OplusOsenseCompressAction.java:1887)
04-26 12:43:11.286  3393  4228 E OsenseCommonUtils: 	at com.android.server.am.OplusOsenseCompressAction.-$$Nest$mdoGlobalShrink(Unknown Source:0)
04-26 12:43:11.286  3393  4228 E OsenseCommonUtils: 	at com.android.server.am.OplusOsenseCompressAction$CompressHandler.handleMessage(OplusOsenseCompressAction.java:1335)
04-26 12:43:11.286  3393  4228 E OsenseCommonUtils: 	at android.os.Handler.dispatchMessage(Handler.java:115)
04-26 12:43:11.286  3393  4228 E OsenseCommonUtils: 	at android.os.Looper.loopOnce(Looper.java:302)
04-26 12:43:11.286  3393  4228 E OsenseCommonUtils: 	at android.os.Looper.loop(Looper.java:412)
04-26 12:43:11.286  3393  4228 E OsenseCommonUtils: 	at android.os.HandlerThread.run(HandlerThread.java:85)
04-26 12:43:11.286  3393  4228 E OsenseCommonUtils: Caused by: android.system.ErrnoException: write failed: EBUSY (Device or resource busy)
04-26 12:43:11.286  3393  4228 E OsenseCommonUtils: 	at libcore.io.Linux.writeBytes(Native Method)
04-26 12:43:11.286  3393  4228 E OsenseCommonUtils: 	at libcore.io.Linux.write(Linux.java:338)
04-26 12:43:11.286  3393  4228 E OsenseCommonUtils: 	at libcore.io.ForwardingOs.write(ForwardingOs.java:954)
04-26 12:43:11.286  3393  4228 E OsenseCommonUtils: 	at libcore.io.BlockGuardOs.write(BlockGuardOs.java:448)
04-26 12:43:11.286  3393  4228 E OsenseCommonUtils: 	at libcore.io.IoBridge.write(IoBridge.java:646)
04-26 12:43:11.286  3393  4228 E OsenseCommonUtils: 	... 14 more
04-26 12:43:11.286  8584 31338 I PTC.DISC.BleAdvertiser: startAdvertise In. request(startAdvertise) traceId=6ca191b4-5dc1-4e5f-ae2f-986605406822, client=DiscoveryClient(id=accept-senseless, pkg=com.heytap.accessory, pid=8584), details={rdi=**B6E86B, fHide=null}
04-26 12:43:11.286  8584 31338 I PTC.DISC.BleAdvConfig: toStartAdvertiseConfig In.
04-26 12:43:11.290  8584 31338 D AudioManager: isBluetoothScoOn()=false, calling application:com.heytap.accessory
04-26 12:43:11.290  8584 31338 V AudioManagerExtImpl: isBluetoothA2dpOnCacheAPP result = false, uid = 10148
04-26 12:43:11.291  8584 31338 I PTC.DISC.BleAdvConfig: toStartAdvertiseConfig timeoutMillis: 10000
04-26 12:43:11.291  8584 31338 I SettingImpl: export quick device toggle value is 0
04-26 12:43:11.291  8584 31338 I PTC.DISC.BleAdvertiser: suspendableStartAdvertise client=DiscoveryClient(id=accept-senseless, pkg=com.heytap.accessory, pid=8584), timeoutMillis=10000, advertiseMode=LOW_POWER, strategy=Senseless
04-26 12:43:11.291  8584 31338 I PTC.DISC.BleAdvertiserAdapter: ptcBleStartAdvertising client=DiscoveryClient(id=accept-senseless, pkg=com.heytap.accessory, pid=8584), senseless=true
04-26 12:43:11.291  8584 31338 D AdvertiseSettings: setTxPowerLevel: 3
04-26 12:43:11.291  8584 31338 I PTC.DISC.BleAdvertiserAdapter: ManufactureSpecificData=AF302B1488004C2648000000008336AA2D8107
04-26 12:43:11.291  8584 31338 I PTC.DISC.BleAdvertiserAdapter: IncludeDeviceName ServiceData=B70E0EB6E86B084C616E6365204F6E65506C7573203133
04-26 12:43:11.291  8584 31338 D AdvertiseSettings: setTxPowerLevel: 3
04-26 12:43:11.291  8584 31338 W BluetoothAdapterExtImpl: uid is 10148
04-26 12:43:11.291  8584 31338 D BluetoothAdapter: isLeEnabled(): ON
04-26 12:43:11.291  8584 31338 D BluetoothLeAdvertiser: TxPower == ADVERTISE_TX_POWER_HIGH
04-26 12:43:11.291  8584 31338 D BluetoothAdapter: isLeEnabled(): ON
04-26 12:43:11.292 21080 21318 I bt_shim_advertiser: [le_advertising_manager.cc:150] StartAdvertisingSet: in shim layer
04-26 12:43:11.293 21080 21318 I bt_shim_advertiser: [le_advertising_manager.cc:170] StartAdvertisingSet: create advertising set, client_id:255, reg_id:-6
04-26 12:43:11.293 21080 21142 I bluetooth: [le_address_manager.cc:231] register_client: Client registered
04-26 12:43:11.294  1942 21156 I vendor.qti.bluetooth@1.0-ibs_handler: ProcessIbsCmd: Received IBS_WAKE_IND: 0xFD
04-26 12:43:11.294  1942 21156 I vendor.qti.bluetooth@1.0-ibs_handler: ProcessIbsCmd: Writing IBS_WAKE_ACK
04-26 12:43:11.295 21080 21142 I bluetooth: [le_advertising_manager.cc:1780] on_set_advertising_set_random_address_complete: update random address for advertising set 0 : xx:xx:xx:xx:8a:b5
04-26 12:43:11.296 16642 16642 W Finsky  : [2] STU: Failed to get storage stats for package 'com.android.compos' (1601: Error getting stats: android.content.pm.PackageManager.NameNotFoundException)
04-26 12:43:11.297  8584  8584 I PTC.DISC.BleAdvertiserAdapter: ptc resume suspendableStartAdvertising client=DiscoveryClient(id=accept-senseless, pkg=com.heytap.accessory, pid=8584)
04-26 12:43:11.297  8584 31338 I PTC.DISC.BleAdvertiser: startAdvertise Out. response(startAdvertise) traceId=6ca191b4-5dc1-4e5f-ae2f-986605406822, client=DiscoveryClient(id=accept-senseless, pkg=com.heytap.accessory, pid=8584), result=true, exception=null, details={name=**ePlus 13, strategy=Senseless, rdi=**B6E86B}
04-26 12:43:11.297  8584 31338 I PTC.DISC.AdvertiserContainer: Advertise started, add advertising client=DiscoveryClient(id=accept-senseless, pkg=com.heytap.accessory, pid=8584)
04-26 12:43:11.304 16642 16642 W Finsky  : [2] STU: Failed to get storage stats for package 'com.google.android.tzdata6' (1601: Error getting stats: android.content.pm.PackageManager.NameNotFoundException)
04-26 12:43:11.304  3393  3624 D DeepThinkerDelegate: requestLocationInfo...
04-26 12:43:11.305  3393  3624 D LocationManagerService: gps provider added registration from 1000/android[ArcBrightness]/52347EC8 -> Request[@0 HIGH_ACCURACY, WorkSource{1000 android}] permissionLevel: 2 permitted: true
04-26 12:43:11.305  3393  3624 V LocationManagerService: gps provider package android permitted = true
04-26 12:43:11.306  3393  3624 I OplusLocationStatistics: startRequesting
04-26 12:43:11.306  3393  3624 I LocationRequestStatistics: startRequesting, PackageProviderKey = PackageProviderKey: gps: android: ArcBrightness
04-26 12:43:11.306  3393  3624 V OplusLocationBlacklistUtil: block status: android = false
04-26 12:43:11.307  3393  3624 V OplusLocationBlacklistUtil: block status: android = false
04-26 12:43:11.308  3393  3624 E AppOps  : attributionTag ArcBrightness not declared in manifest of android
04-26 12:43:11.308  3393  3624 E AppOps  : attributionTag ArcBrightness not declared in manifest of android
04-26 12:43:11.308  3393  3624 D LocationManagerService: gps provider request changed to ProviderRequest[@0, HIGH_ACCURACY, WorkSource{1000 android}]
04-26 12:43:11.308  3393  3624 I ListenerMultiplexer: GPS_PROVIDER replaceRegistration done
04-26 12:43:11.308  3393  3624 I ListenerMultiplexer: listRegistrations, size = 1
04-26 12:43:11.308  3393  3624 D ListenerMultiplexer: isActive: true, listener[0]: k= android.location.LocationManager$LocationListenerTransport@39d529, v= 1000/android[ArcBrightness]/52347EC8 Request[@0 HIGH_ACCURACY, WorkSource{1000 android}]
04-26 12:43:11.308  3393  3624 W LocationFreezeProc: ignore LocationRequest 1000/android
04-26 12:43:11.308  3393  3567 I GnssLocationProvider: setRequest ProviderRequest[@0, HIGH_ACCURACY, WorkSource{1000 android}]
