04-26 13:00:09.313 12487 12487 D ResourcesManagerExtImpl: applyConfigurationToAppResourcesLocked app.getDisplayId() return callback.displayId:-1
04-26 13:00:09.314  1841  1872 I statsd  : An anomaly (119840000001) (100198)0x10000->com.google.android.projection.gearhead[S] (100198)0x20000->10123[I]  has occurred! Informing subscribers.
04-26 13:00:09.314  3393  4581 D OplusNetlinkSocket: handleNetlinkRecvKernelMessage:nlmsghdr:StructNlMsgHdr{ nlmsg_len{3004}, nlmsg_type{51()}, nlmsg_flags{0()}, nlmsg_seq{0}, nlmsg_pid{222368229} }
04-26 13:00:09.315  3393  4581 D KernelStatsHelper: get magic :[-1, -1, -1, 77, 65, 71, 73, 67]
04-26 13:00:09.315  3393  4581 D KernelStatsHelper: magic matched count:207 data_len:10764
04-26 13:00:09.315  3393  4581 D OplusNetlinkSocket: handleNetlinkRecvKernelMessage:nlmsghdr:StructNlMsgHdr{ nlmsg_len{2988}, nlmsg_type{51()}, nlmsg_flags{0()}, nlmsg_seq{0}, nlmsg_pid{222368229} }
04-26 13:00:09.315  3393  4581 D OplusNetlinkSocket: handleNetlinkRecvKernelMessage:nlmsghdr:StructNlMsgHdr{ nlmsg_len{2988}, nlmsg_type{51()}, nlmsg_flags{0()}, nlmsg_seq{0}, nlmsg_pid{222368229} }
04-26 13:00:09.315  3393  4581 D OplusNetlinkSocket: handleNetlinkRecvKernelMessage:nlmsghdr:StructNlMsgHdr{ nlmsg_len{1896}, nlmsg_type{51()}, nlmsg_flags{0()}, nlmsg_seq{0}, nlmsg_pid{222368229} }
04-26 13:00:09.315  3393  4581 D KernelStatsHelper: data over! check: true
04-26 13:00:09.315 12487 12487 D ProcessLifecycleG3: androidx.startup is not available, initializing using ProcessLifecycleOwnerInitializer instead.
04-26 13:00:09.316 10089 21365 I OplusObrain: OplusObrainClientInvoke.nativeGetTelephonyInfo
04-26 13:00:09.316 10089 21363 I OplusObrain: OplusObrainClientInvoke.nativeGetTrafficTypeInfoForNetworkType networkType 0
04-26 13:00:09.316 12487 12487 I CAR.GH  : onCreate
04-26 13:00:09.318 12487 12487 I GH.PrimesMgr: transmitting to prod
04-26 13:00:09.319 12512 12512 E gearhead:shared: Unknown bits set in runtime_flags: 0x40000000
04-26 13:00:09.319 12512 12512 I gearhead:shared: Using CollectorTypeCMC GC.
04-26 13:00:09.319 12487 12487 I CAR.GH  : Process: PROJECTION
04-26 13:00:09.319 12487 12487 I CAR.GH  : Channel: BETA
04-26 13:00:09.320  3393  5045 W PackageManager: package com.google.android.projection.gearhead uid 10123 pid 12487 call SetEnabledSetting(com.google.android.projection.gearhead component = com.google.android.apps.auto.components.telecom.service.NonCarInCallServiceImpl, 2, 0)
04-26 13:00:09.322  3235  3243 I adbd    : jdwp connection from 12512
04-26 13:00:09.322 12487 12487 I GH.CallAdapterFactory: creating call adapter instance
04-26 13:00:09.323 12512 12512 D nativeloader: Load libframework-connectivity-tiramisu-jni.so using APEX ns com_android_tethering for caller /apex/com.android.tethering/javalib/framework-connectivity-t.jar: ok
04-26 13:00:09.323 12487 12487 I CAR.GH  : onCreate completed
04-26 13:00:09.324  3393  4229 I ActivityManager: Flag disabled. Ignoring finishAttachApplication from uid: 10123. pid: 12487
04-26 13:00:09.324  3393  3626 D VRR [OPlusRefreshRateService]: handleConfigIdChange physicalDisplayId: 4630946756802996883 configId: 6 renderPeriod: 11111111
04-26 13:00:09.324 12487 12487 E ANDR-PERF-CLIENT-SYS: death recipent object is fine
04-26 13:00:09.324 12487 12487 W head:projection: AIBinder_linkToDeath is being called with a non-null cookie and no onUnlink callback set. This might not be intended. AIBinder_DeathRecipient_setOnUnlinked should be called first.
04-26 13:00:09.325 12487 12487 D OplusActivityManager: get AMS extension: android.os.BinderProxy@c4c84c6
04-26 13:00:09.325  3393  5045 I [UAH_CLIENT]: UahEventAcquire, cmdid:2, pkg:none, identity:OplusActivityManagerServiceEnhance
04-26 13:00:09.325  3393  3626 D VRR [OPlusGameStatusManager]: updateGameState mOSyncFeatureSwitch: false mIsGamePolicy: false
04-26 13:00:09.325  3393  3626 D VRR [OPlusGameStatusManager]: updateGameAccelerationStatus pkgName: com.google.android.projection.gearhead mOSyncFeatureSwitch: false mIsGamePolicy: false mHeartStop: false mHasFlickerRisk: false mForceAcceleration: false mToastReady: false enable: false
04-26 13:00:09.325  3393  3626 D VRR [OPlusExternalRefreshRateManager]:  Display refreshrate :90 , Switch to OTI-HW 
04-26 13:00:09.325  2256  2256 D GpuServiceExtImpl: getRUSWhiteList  size 2
04-26 13:00:09.325 12487 12487 I HWUI    : SupportApps size 2
04-26 13:00:09.325 12487 12487 D ExtensionsLoader: createInstance(64bit) : createExtendedFactory
04-26 13:00:09.325 12512 12512 D OplusActivityThreadExtImpl: java.lang.NoSuchMethodException: dalvik.system.VMRuntime.SupressionGC [int, int]
04-26 13:00:09.326 12487 12487 D ExtensionsLoader: Opened libSchedAssistExtImpl.so
04-26 13:00:09.326 12512 12512 W libc    : Access denied finding property "persist.vendor.sys.activitylog"
04-26 13:00:09.326 12487 12487 E SchedAssist: open sharedFd failed with error=Permission denied
04-26 13:00:09.326 12512 12512 I OneTrace: Mark active for pid=12512? true
04-26 13:00:09.326 12512 12512 D cutils-dev: otrace_set_tracing_enabled? true tag:0
04-26 13:00:09.326 12512 12512 D cutils-dev: properties changed in otrace_seq_number_changed!
04-26 13:00:09.326  4917  6345 V OsAgent : broadcastSystemEvent - 7
04-26 13:00:09.326 12487 12487 I head:projection: AssetManager2(0xb400007b1696b328) locale list changing from [] to [en-US]
04-26 13:00:09.327 12487 12487 D ResourcesManagerExtImpl: applyConfigurationToAppResourcesLocked app.getDisplayId() return callback.displayId:0
04-26 13:00:09.327 12487 12533 D OplusGraphicsEvent: OplusGraphicsEventListener create now!
04-26 13:00:09.327 21080 21080 I OplusCustomScanStrategy: msg.what = 6
04-26 13:00:09.327 12487 12533 D OplusGraphicsEvent: addEventListener success!
04-26 13:00:09.327 12487 12533 D ExtensionsLoader: createInstance(64bit) : createExtendedFactory
04-26 13:00:09.328 12487 12533 D ExtensionsLoader: Opened libSchedAssistExtImpl.so
04-26 13:00:09.328 12487 12533 I DisplayManager: Choreographer implicitly registered for the refresh rate.
04-26 13:00:09.328  3393  5045 D SplitScreenAppReader: SPLIT_TOUCH support check:com.google.android.projection.gearhead = false
04-26 13:00:09.328  3393  5045 D RGBNormalizeServer: OplusRGBNormalize feature enabled ? true
04-26 13:00:09.328  3393  5045 D ResourcesManagerCache: For package com.google.android.projection.gearhead we got cacheList [null] appInfoExt is null ? false hasFeature ? false
04-26 13:00:09.328 12487 12533 D vulkan  : searching for layers in '/data/app/~~Y3wHTPPIKZ0YJSRZSRYUvQ==/com.google.android.projection.gearhead-O334O48HDpHJ2iLK_His4w==/lib/arm64'
04-26 13:00:09.329 12487 12533 D vulkan  : searching for layers in '/data/app/~~Y3wHTPPIKZ0YJSRZSRYUvQ==/com.google.android.projection.gearhead-O334O48HDpHJ2iLK_His4w==/base.apk!/lib/arm64-v8a'
04-26 13:00:09.329 12487 12533 D vulkan  : searching for layers in '/data/app/~~Y3wHTPPIKZ0YJSRZSRYUvQ==/com.google.android.projection.gearhead-O334O48HDpHJ2iLK_His4w==/split_config.arm64_v8a.apk!/lib/arm64-v8a'
04-26 13:00:09.330 12487 12533 D vulkan  : searching for layers in '/data/app/~~Y3wHTPPIKZ0YJSRZSRYUvQ==/com.google.android.projection.gearhead-O334O48HDpHJ2iLK_His4w==/split_config.en.apk!/lib/arm64-v8a'
04-26 13:00:09.330 12487 12533 D vulkan  : searching for layers in '/data/app/~~Y3wHTPPIKZ0YJSRZSRYUvQ==/com.google.android.projection.gearhead-O334O48HDpHJ2iLK_His4w==/split_config.xxxhdpi.apk!/lib/arm64-v8a'
04-26 13:00:09.331 12487 12487 E ashmem  : Pinning is deprecated since Android Q. Please use trim or other methods.
04-26 13:00:09.331 12487 12533 D colorx  : I can't find colorx layer , let's enumerate colorx layers first.
04-26 13:00:09.331  2086  2086 D SensorFeature: name=ssc_screenshot_info ,index = 22
04-26 13:00:09.332  2086  2086 D SensorFeature: write 37 bytes:73190076823916,73190399685739,56652,0
04-26 13:00:09.332 12487 12487 D ActivityClient: activity finished by caller: android.app.Activity.finish:7644 android.app.Activity.finishAndRemoveTask:7760 com.google.android.projection.gearhead.companion.settings.DefaultSettingsActivity.onCreate:1 android.app.Activity.performCreate:9400 android.app.Activity.performCreate:9372 android.app.Instrumentation.callActivityOnCreate:1541 android.app.ActivityThread.performLaunchActivity:4628 android.app.ActivityThread.handleLaunchActivity:4851 android.app.servertransaction.LaunchActivityItem.execute:242 android.app.servertransaction.TransactionExecutor.executeNonLifecycleItem:138 
04-26 13:00:09.333  3393  8238 I FlexibleTaskController: destroyFlexibleTaskSurface() called with: transaction = [Task{74432af #308 type=standard A=10123:com.google.android.projection.gearhead nonResizable}], reason = [RemoveTask]
04-26 13:00:09.333  3393  4592 I [UAH_CLIENT]: UahEventAcquire, cmdid:0, pkg:com.google.android.projection.gearhead, identity:com.android.server.wm
04-26 13:00:09.333  4925  4991 V WindowManagerShell: Transition requested (#1523): android.os.BinderProxy@f7ae35f TransitionRequestInfo { type = CLOSE, triggerTask = TaskInfo{userId=0 taskId=308 effectiveUid=10123 displayId=0 isRunning=true baseIntent=Intent { flg=0x10000000 cmp=com.google.android.projection.gearhead/.companion.settings.DefaultSettingsActivity mCallingUid=2000 } baseActivity=ComponentInfo{com.google.android.projection.gearhead/com.google.android.projection.gearhead.companion.settings.DefaultSettingsActivity} topActivity=ComponentInfo{com.google.android.projection.gearhead/com.google.android.projection.gearhead.companion.settings.DefaultSettingsActivity} origActivity=null realActivity=ComponentInfo{com.google.android.projection.gearhead/com.google.android.projection.gearhead.companion.settings.DefaultSettingsActivity}
04-26 13:00:09.333  4925  4991 V WindowManagerShell:  numActivities=1 lastActiveTime=73190355 supportsSplitScreenMultiWindow=false supportsMultiWindow=false supportsPocketStudioMultiWindow=true isInFlexibleEmbedded = false uid = 10123 pid = 12487 resizeMode=0 isResizeable=false minWidth=-1 minHeight=-1 defaultMinSize=220 token=WCT{android.window.IWindowContainerToken$Stub$Proxy@313f1ac} topActivityType=1 pictureInPictureParams=null shouldDockBigOverlays=false launchIntoPipHostTaskId=-1 lastParentTaskIdBeforePip=-1 displayCutoutSafeInsets=Rect(0, 0 - 0, 0)
04-26 13:00:09.333  4925  4991 V WindowManagerShell:  topActivityInfo=ActivityInfo{a287e75 com.google.android.projection.gearhead.companion.settings.DefaultSettingsActivity} launchCookies=[] positionInParent=Point(0, 0) parentTaskId=-1 isFocused=true isVisible=true isVisibleRequested=true isTopActivityNoDisplay=false isSleeping=false locusId=null displayAreaFeatureId=1 isTopActivityTransparent=false isActivityStackTransparent=false lastNonFullscreenBounds=Rect(277, 687 - 803, 1767) capturedLink=null capturedLinkTimestamp=0 requestedVisibleTypes=-9 topActivityRequestOpenInBrowserEducationTimestamp=0
04-26 13:00:09.333  4925  4991 V WindowManagerShell:  appCompatTaskInfo=AppCompatTaskInfo { topActivityInSizeCompat=false topActivityInOplusCompatMode=false eligibleForLetterboxEducation= false isLetterboxEducationEnabled= false isLetterboxDoubleTapEnabled= false eligibleForUserAspectRatioButton= false topActivityBoundsLetterboxed= false isFromLetterboxDoubleTap= false topActivityLetterboxVerticalPosition= -1 topActivityLetterboxHorizontalPosition= -1 topActivityLetterboxWidth=-1 topActivityLetterboxHeight=-1 topActivityAppBounds=Rect(0, 0 - 1080, 2376) isUserFullscreenOverrideEnabled=false isSystemFullscreenOverrideEnabled=false hasMinAspectRatioOverride=false topActivityLetterboxBounds=null cameraCompatTaskInfo=CameraCompatTaskInfo { freeformCameraCompatMode=inactive}} topActivityMainWindowFrame=null topActivityLetterboxInsets=Rect(0, 0 - 0, 0)
04-26 13:00:09.333  4925  4991 V WindowManagerShell:  mOplusExtraBundle = Bundle[mParcelledData.dataSize=1528]}, pipChange = null, remoteTransition = null, displayChange = null, flags = 0, debugId = 1523 }
04-26 13:00:09.333  3393  8238 D ActivityTaskManager: setAppVisibility(Token{1d516bc ActivityRecord{206858889 u0 com.google.android.projection.gearhead/.companion.settings.DefaultSettingsActivity t308 f}}}, visible=false):  visible=true mVisibleRequested=true
04-26 13:00:09.333  3393  8238 D ActivityTaskManager: setVisibility(Token{1d516bc ActivityRecord{206858889 u0 com.google.android.projection.gearhead/.companion.settings.DefaultSettingsActivity t308 f}}}, visible=false) defer commitVisibility for transition collecting
04-26 13:00:09.333  3393  8238 D ActivityTrigger: ActivityTrigger activityPauseTrigger 
04-26 13:00:09.334  3393  8238 D TaskFragmentExtImpl: shouldSetReadyFalse and resumedActivity: ActivityRecord{10080600 u0 com.openautolink.companion/.MainActivity t302} prev: ActivityRecord{206858889 u0 com.google.android.projection.gearhead/.companion.settings.DefaultSettingsActivity t308 f}} resumedLaunchFromLauncher: true prevLaunchFromApp: true transitionType: 2
04-26 13:00:09.334 12512 12530 D OplusAppHeapManager: java.lang.NoSuchMethodException: dalvik.system.VMRuntime.updateProcessValue [int, int, int]
04-26 13:00:09.334 12512 12512 D CompactWindowAppManager: initCompactApplicationInfo CompactMode: , NormalMode: 
04-26 13:00:09.335 12512 12512 V Configuration: Updating configuration, locales updated from [] to [en_US]
04-26 13:00:09.335  3393  8238 I TaskOrganizerController: onTaskInfoChanged taskid 308 config { mBounds=Rect(0, 0 - 1080, 2376) mAppBounds=Rect(0, 0 - 1080, 2376) mMaxBounds=Rect(0, 0 - 1080, 2376) mDisplayRotation=ROTATION_0 mWindowingMode=fullscreen mActivityType=standard mAlwaysOnTop=undefined mRotation=ROTATION_0}
04-26 13:00:09.335  3393  8238 D OplusFlexibleDragToSplitAnimController: visibleFlexibleTaskInfos delete:308
04-26 13:00:09.335  3393  8238 E FlexibleWindowManagerService: notifyTaskObserverToAttachController not need to notify!
04-26 13:00:09.335  3393  8238 I FlexibleWindowManagerService: onFlexibleWindowTaskInfoChanged, return for cur task not embedded
04-26 13:00:09.335 12512 12512 D OplusScrollToTopManager: setIsInWhiteList false
04-26 13:00:09.335  3393  8238 D ActivityTaskManager: notifyTaskRemoved, task: Task{74432af #308 type=standard A=10123:com.google.android.projection.gearhead nonResizable} trace:com.android.server.wm.RecentTasks.notifyTaskRemoved:566 com.android.server.wm.RecentTasks.remove:1512 com.android.server.wm.ActivityTaskSupervisor.cleanUpRemovedTask:2167 com.android.server.wm.ActivityTaskSupervisor.removeTask:2131 com.android.server.wm.ActivityClientController.finishActivity:609 
04-26 13:00:09.335  2050  2050 I qspmHal : enter getGpuProf at: -882851209
04-26 13:00:09.335  2050  2050 I qspmHal : Coudn't match the GFX PID 12487 to AT PID 12512. Checking in local cache.
04-26 13:00:09.335  2050  2050 I qspmHal : Found the GFX PID in cache
04-26 13:00:09.335  2050  2050 I qspmHal : PID 12487 from GFX matched.
04-26 13:00:09.335  2050  2050 I qspmHal : gpuProfName:com.google.android.projection.gearhead-gpu - gpu prof_info.path:/data/vendor/gaming/com.google.android.projection.gearhead-gpu
04-26 13:00:09.335  2050  2050 E qspmHal : GPU profile file NOT found !!
04-26 13:00:09.335  3393  8238 W ActivityTaskManager: callingPackage for (uid=-1, pid=-1) has no WPC
04-26 13:00:09.335 12512 12512 D OplusViewDebugManager: OplusViewDebugManager Constructor android.view.debug.OplusViewDebugManager@f4cb224 [mHasViewDebugProperty true] [mHasMsgDebugProperty false] [DEBUG false] [EXTRAINFOENABLE false] [LIGHT_OS false]
04-26 13:00:09.335 12487 12533 I AdrenoVK-0: ===== BEGIN DUMP OF OVERRIDDEN SETTINGS =====
04-26 13:00:09.335 12487 12533 I AdrenoVK-0: ===== END DUMP OF OVERRIDDEN SETTINGS =====
04-26 13:00:09.336  4925  4991 D ShellTaskOrganizerExt: visibleFlexibleTaskInfos delete:308
04-26 13:00:09.336  4925  4991 D ShellTaskOrganizerExt: isOnCanvas size:0
04-26 13:00:09.336  4925  4991 D ShellTaskOrganizerExt: isOnThreeFlexibleCanvas size:0
04-26 13:00:09.336  3393  4592 I [UAH_CLIENT]: UahEventAcquire, cmdid:2, pkg:none, identity:com.android.server.wm
04-26 13:00:09.336  3393  8238 D WindowManager: NFW_setClientVisible:ActivityRecord{1087844 u0 com.google.android.projection.gearhead/.companion.settings.Material3SettingsActivity clientVisible:true
04-26 13:00:09.336  3393  8238 V GrammaticalInflectionUtils: AttributionSource: android.content.AttributionSource@dba36ca3 does not have READ_SYSTEM_GRAMMATICAL_GENDER permission.
04-26 13:00:09.336  3393  8238 D FlexibleTaskController: isSupportFlexibleWindow target = com.google.android.projection.gearhead/.companion.settings.Material3SettingsActivity callPkg = FlexibleTaskController support = true ,caller = 3393
04-26 13:00:09.336  3393  8238 D ActivityStarterExtImpl: NOT BACKGROUND_START_ACTIVITY_PERMISSION FEATURE
04-26 13:00:09.336  3393  8238 D FlexibleWindowManagerService: isIgnoreAppearedAcrossTask:false
04-26 13:00:09.336  3393  8238 D ActivityStarterExtImpl: setForceUpdateWindow, targetTask = Task{74432af #308 type=standard A=10123:com.google.android.projection.gearhead nonResizable} r = ActivityRecord{1087844 u0 com.google.android.projection.gearhead/.companion.settings.Material3SettingsActivity t-1} notFinish =false
04-26 13:00:09.337  3393  8238 D FlexibleWindowManagerService: isIgnoreAppearedAcrossTask:false
04-26 13:00:09.337  3393  8238 D FlexibleTaskController: adjustOptionsForFlexibleTask skip adjust options reason:4
04-26 13:00:09.337  3393  8238 I InsensibleTaskController: adjustOptionsForInsensibleTask targetTask is resuse so not pureInsensibleOptions
04-26 13:00:09.337  3393  8238 D FlexibleTaskController: isSupportFlexibleWindow target = com.google.android.projection.gearhead/.companion.settings.Material3SettingsActivity callPkg = FlexibleTaskController support = true ,caller = 3393
04-26 13:00:09.337  3393  8238 D FlexibleWindowManagerService: no reused task found for ActivityRecord{1087844 u0 com.google.android.projection.gearhead/.companion.settings.Material3SettingsActivity t-1}
04-26 13:00:09.337  3393  8238 D ActivityStarterExtImpl: isLaunchingRootActivity = false
04-26 13:00:09.337  3393  8238 D ActivityStarterExtImpl: shouldAvoidMoveToFrontIfNeeded targetTask =Task{74432af #308 type=standard A=10123:com.google.android.projection.gearhead nonResizable} targetIsInTransition = true topNonFinishingInTransition = false
04-26 13:00:09.337  3393  8238 D ActivityStarterExtImpl: checkLauncherOpening lastResumedActivity = ActivityRecord{206858889 u0 com.google.android.projection.gearhead/.companion.settings.DefaultSettingsActivity t308 f}} isLastResumedActivityLauncher = false lastResumedAnimating = true userLeaving = true isRecentPlaying = false isBackToHomePlaying = false
04-26 13:00:09.337  4925  4991 D ZoomController: onTaskMovedToFront, task id:302
04-26 13:00:09.337  4925  4991 I ZoomUiController: FloatHandle-isFloatHandleShow mPackageName = null
04-26 13:00:09.337  3393  8238 D SecondaryPageStartupPolicy: checkSecondaryPageStartupStatus not support sourcePackage=com.google.android.projection.gearhead
04-26 13:00:09.337  3393  8238 D OplusStartingWindowManager: we don't revise window flags for third app
04-26 13:00:09.337 12512 12512 W libc    : Access denied finding property "ro.odm.prev.product.name"
04-26 13:00:09.337  3393  8238 D ActivityTaskManager: validateStartingWindowTheme:  Pkg=com.google.android.projection.gearhead, Translucent=false, Floating=false, ShowWallpaper=false, Disable=false, LaunchSource=4, Prev=ActivityRecord{206858889 u0 com.google.android.projection.gearhead/.companion.settings.DefaultSettingsActivity t308 f}}, LaunchedFromPackage=com.google.android.projection.gearhead
04-26 13:00:09.337  3393  8238 D ActivityTaskManager: addStartingWindow for ActivityRecord{1087844 u0 com.google.android.projection.gearhead/.companion.settings.Material3SettingsActivity t308}, mainWin=null, state=INITIALIZING, isKeyguardLocked=false, isKeyguardGoingAway=false
04-26 13:00:09.337  3393  8238 D ActivityTaskManager: getStartingWindowType: , newTask=true, taskSwitch=true, processRunning=true, allowTaskSnapshot=true, activityCreated=false, activityAllDrawn=false, snapshot exist: false
04-26 13:00:09.337  3393  8238 D ActivityRecordExtImpl: handleStartingWindowForCompactWindow origin type:2, adjustType : 2
04-26 13:00:09.338  3393  8238 D ActivityTaskManager: Moving existing StartingWindow Window{1b007f9 u0 Splash Screen com.google.android.projection.gearhead} from ActivityRecord{206858889 u0 com.google.android.projection.gearhead/.companion.settings.DefaultSettingsActivity t308 f}} to ActivityRecord{1087844 u0 com.google.android.projection.gearhead/.companion.settings.Material3SettingsActivity t308}
04-26 13:00:09.338  3393  8238 D ActivityTaskManager: Removing StartingWindow Window{1b007f9 u0 Splash Screen com.google.android.projection.gearhead} from ActivityRecord{206858889 u0 com.google.android.projection.gearhead/.companion.settings.DefaultSettingsActivity t308 f}}
04-26 13:00:09.338 12487 12533 D qdgralloc: Fetching IMapper5 from QtiMapper5
04-26 13:00:09.338  3393  8238 D WindowManager: NFW_findFocusedWindowIfNeeded:null mCurrentFocus:null
04-26 13:00:09.338  3393  8238 D ActivityTaskManager: skip transferStartingWindow  from: ActivityRecord{206858889 u0 com.google.android.projection.gearhead/.companion.settings.DefaultSettingsActivity t308 f}}
04-26 13:00:09.338  3393  8238 D ActivityTaskManager: notifyTaskAdded, task: Task{74432af #308 type=standard A=10123:com.google.android.projection.gearhead nonResizable} trace:com.android.server.wm.RecentTasks.add:1392 com.android.server.wm.ActivityStarter.startActivityInner:3031 com.android.server.wm.ActivityStarter.startActivityUnchecked:2166 com.android.server.wm.ActivityStarter.executeRequest:1916 com.android.server.wm.ActivityStarter.execute:1004 
04-26 13:00:09.338 12512 12512 D ApplicationLoaders: Returning zygote-cached class loader: /system_ext/framework/androidx.window.extensions.jar
04-26 13:00:09.338 12512 12512 D ApplicationLoaders: Returning zygote-cached class loader: /system_ext/framework/androidx.window.sidecar.jar
04-26 13:00:09.339  3393  8238 I TaskOrganizerController: onTaskInfoChanged taskid 308 config { mBounds=Rect(0, 0 - 1080, 2376) mAppBounds=Rect(0, 0 - 1080, 2376) mMaxBounds=Rect(0, 0 - 1080, 2376) mDisplayRotation=ROTATION_0 mWindowingMode=fullscreen mActivityType=standard mAlwaysOnTop=undefined mRotation=ROTATION_0}
04-26 13:00:09.339  3393  8238 D OplusFlexibleDragToSplitAnimController: visibleFlexibleTaskInfos delete:308
04-26 13:00:09.339  3393  8238 E FlexibleWindowManagerService: notifyTaskObserverToAttachController not need to notify!
04-26 13:00:09.339  3393  8238 I FlexibleWindowManagerService: onFlexibleWindowTaskInfoChanged, return for cur task not embedded
04-26 13:00:09.339  3393  8238 I ActivityTaskManager: START u0 {flg=0x4000000 xflg=0x4 cmp=com.google.android.projection.gearhead/.companion.settings.Material3SettingsActivity mCallingUid=10123} with LAUNCH_MULTIPLE from uid 10123 (sr=206858889) (BAL_ALLOW_VISIBLE_WINDOW (callingUid has visible window)) result code=0
04-26 13:00:09.339  4925  4991 D ShellTaskOrganizerExt: visibleFlexibleTaskInfos delete:308
04-26 13:00:09.339  4925  4991 D ShellTaskOrganizerExt: isOnCanvas size:0
04-26 13:00:09.339  4925  4991 D ShellTaskOrganizerExt: isOnThreeFlexibleCanvas size:0
04-26 13:00:09.340 12487 12487 E OplusPredictiveBackController:  NoSuchMethodException 
04-26 13:00:09.340 12487 12487 E OplusPredictiveBackController:  NoSuchMethodException 
04-26 13:00:09.340 12487 12487 D OplusPredictiveBackController: should not HookOnBackInvokedCallbackEnabled for application com.google.android.projection.gearhead.companion.settings.DefaultSettingsActivity@e61057f hasOnBackInvokedCallBackEnabled
04-26 13:00:09.340 12487 12487 D OplusPredictiveBackController: initPredictiveBackConfig for com.google.android.projection.gearhead.companion.settings.DefaultSettingsActivity@e61057f initPredictiveBackConfig mShouldInterceptKeyEvent false
04-26 13:00:09.340 12487 12487 D OplusPredictiveBackController: should not HookOnBackInvokedCallbackEnabled for application com.google.android.projection.gearhead.companion.settings.DefaultSettingsActivity@e61057f hasOnBackInvokedCallBackEnabled
04-26 13:00:09.340  3393  3570 E AppStateEventMonitor: mTaskInfoChangeListener onVisibleTasksInfoChange param is illegal.
04-26 13:00:09.341 12487 12487 I oplus.android.OplusFrameworkFactoryImpl: Unknow feature:IOplusTextViewRTLUtilForUG
04-26 13:00:09.342 12487 12487 D DesktopModeFlags: Toggle override initialized to: OVERRIDE_UNSET
04-26 13:00:09.343  4925  4991 D ZoomController: onTaskMovedToFront, task id:308
04-26 13:00:09.343  4925  4991 I ZoomUiController: FloatHandle-isFloatHandleShow mPackageName = null
04-26 13:00:09.343 12487 12487 D ScrollOptimizationHelper: can't find the config file for optimizaiton
04-26 13:00:09.343 12487 12487 D ScrollOptimizationHelper: will not debug for debug is false
04-26 13:00:09.344 12487 12533 I SnapAlloc: Graphics lib is available
04-26 13:00:09.345 12487 12487 E OplusCustomizeRestrictionManager: sInstance is null, start a new sInstance
04-26 13:00:09.346 12512 12512 W gearhead:shared: Failed to find entry 'classes.dex': Entry not found
04-26 13:00:09.346 12512 12512 W gearhead:shared: Failed to find entry 'classes.dex': Entry not found
04-26 13:00:09.347 12512 12512 W gearhead:shared: Failed to find entry 'classes.dex': Entry not found
04-26 13:00:09.347 12512 12512 D nativeloader: Configuring clns-9 for other apk /data/app/~~Y3wHTPPIKZ0YJSRZSRYUvQ==/com.google.android.projection.gearhead-O334O48HDpHJ2iLK_His4w==/base.apk:/data/app/~~Y3wHTPPIKZ0YJSRZSRYUvQ==/com.google.android.projection.gearhead-O334O48HDpHJ2iLK_His4w==/split_config.arm64_v8a.apk:/data/app/~~Y3wHTPPIKZ0YJSRZSRYUvQ==/com.google.android.projection.gearhead-O334O48HDpHJ2iLK_His4w==/split_config.en.apk:/data/app/~~Y3wHTPPIKZ0YJSRZSRYUvQ==/com.google.android.projection.gearhead-O334O48HDpHJ2iLK_His4w==/split_config.xxxhdpi.apk. target_sdk_version=37, uses_libraries=, library_path=/data/app/~~Y3wHTPPIKZ0YJSRZSRYUvQ==/com.google.android.projection.gearhead-O334O48HDpHJ2iLK_His4w==/lib/arm64:/data/app/~~Y3wHTPPIKZ0YJSRZSRYUvQ==/com.google.android.projection.gearhead-O334O48HDpHJ2iLK_His4w==/base.apk!/lib/arm64-v8a:/data/app/~~Y3wHTPPIKZ0YJSRZSRYUvQ==/com.google.android.projection.gearhead-O334O48HDpHJ2iLK_His4w==/split_config.arm64_v8a.apk!/lib/arm64-v8a:/data/app/~~Y3wHTPPIKZ0YJSRZSRYUvQ==/com.google.android.projection.gearh
04-26 13:00:09.348 12487 12533 I Adreno-UNKNOWN: Using previously loaded IMapper library.
04-26 13:00:09.349 12512 12512 I gearhead:shared: AssetManager2(0xb400007b264e5728) locale list changing from [] to [en-US]
04-26 13:00:09.350 12512 12512 V GraphicsEnvironment: Currently set values for:
04-26 13:00:09.350 12512 12512 V GraphicsEnvironment:   angle_gl_driver_selection_pkgs=[]
04-26 13:00:09.350 12512 12512 V GraphicsEnvironment:   angle_gl_driver_selection_values=[]
04-26 13:00:09.350 12512 12512 V GraphicsEnvironment: com.google.android.projection.gearhead is not listed in per-application setting
04-26 13:00:09.350 12512 12512 V GraphicsEnvironment: ANGLE allowlist from config: 
04-26 13:00:09.350 12512 12512 V GraphicsEnvironment: com.google.android.projection.gearhead is not listed in ANGLE allowlist or settings, returning default
04-26 13:00:09.350 12487 12533 I AdrenoVK-0: QUALCOMM build          : d9c51359ee, Ib0a60ffc99
04-26 13:00:09.350 12487 12533 I AdrenoVK-0: Build Date              : 12/19/25
04-26 13:00:09.350 12487 12533 I AdrenoVK-0: Shader Compiler Version : E031.47.18.44
04-26 13:00:09.350 12487 12533 I AdrenoVK-0: Local Branch            : 
04-26 13:00:09.350 12487 12533 I AdrenoVK-0: Remote Branch           : refs/tags/AU_LINUX_ANDROID_LA.VENDOR.15.4.0.11.00.00.1088.837
04-26 13:00:09.350 12487 12533 I AdrenoVK-0: Remote Branch           : NONE
04-26 13:00:09.350 12487 12533 I AdrenoVK-0: Reconstruct Branch      : NOTHING
04-26 13:00:09.350 12487 12533 I AdrenoVK-0: Build Config            : S P 18.0.0 AArch64
04-26 13:00:09.350 12487 12533 I AdrenoVK-0: Driver Path             : /vendor/lib64/hw/vulkan.adreno.so
04-26 13:00:09.350 12487 12533 I AdrenoVK-0: Driver Version          : 0800.67
04-26 13:00:09.350 12487 12533 I AdrenoVK-0: PFP                     : 0x01500081
04-26 13:00:09.350 12487 12533 I AdrenoVK-0: ME                      : 0x01500022
04-26 13:00:09.350 12487 12533 I AdrenoVK-0: Application Name    : android framework
04-26 13:00:09.350 12487 12533 I AdrenoVK-0: Process Name        : com.google.android.projection.gearhead:projection
04-26 13:00:09.350 12487 12533 I AdrenoVK-0: Application Version : 0x00000000
04-26 13:00:09.350 12487 12533 I AdrenoVK-0: Engine Name         : android framework
04-26 13:00:09.350 12487 12533 I AdrenoVK-0: Engine Version      : 0x00000000
04-26 13:00:09.350 12487 12533 I AdrenoVK-0: Api Version         : 0x00401000
04-26 13:00:09.350 12512 12512 D ResourcesManagerExtImpl: applyConfigurationToAppResourcesLocked app.getDisplayId() return callback.displayId:-1
04-26 13:00:09.352 12487 12533 D ExtensionsLoader: createInstance(64bit) : createExtendedFactory
04-26 13:00:09.353 12487 12487 D OplusPredictiveBackController: should not HookOnBackInvokedCallbackEnabled for application com.google.android.projection.gearhead.companion.settings.DefaultSettingsActivity@e61057f hasOnBackInvokedCallBackEnabled
04-26 13:00:09.353 12487 12533 D ExtensionsLoader: Opened libeglextimpl.so
04-26 13:00:09.353 12487 12533 D PreCache: [IPreCacheRus]loadRUSConfigs#102 failed to transact: -22 prc:com.google.android.projection.gearhead:projection
04-26 13:00:09.353 12487 12487 D ActivityThread: ComponentInfo{com.google.android.projection.gearhead/com.google.android.projection.gearhead.companion.settings.DefaultSettingsActivity} checkFinished=true 1
04-26 13:00:09.353 12487 12487 D ActivityThread: ComponentInfo{com.google.android.projection.gearhead/com.google.android.projection.gearhead.companion.settings.DefaultSettingsActivity} checkFinished=true 1
04-26 13:00:09.354  3393  8238 D RefreshRate: don't do app switch boost,arDisplayId:0 mDisplayId:0 currentSettingMode:0 hasAppSwitchBoostPriority:true is supportRefreshRateSwitch:true
04-26 13:00:09.354  3393  8238 I ActivityTaskManager: The Process com.google.android.projection.gearhead:projection Already Exists in BG. So sending its PID: 12487
04-26 13:00:09.354  1841  1872 E statsd  : Stats puller failed for tag: 150134 at 73190423584645
04-26 13:00:09.354  3393  4554 D BackgroundInstallControlService: Package event received: 0
04-26 13:00:09.354  3393  8238 D FlexibleTaskController: isFullToFlexibleAnimating: false
04-26 13:00:09.354  3393  8238 D WindowManager: rotation(ROTATION_0) no changed  displayId = 0, lastOrientation = -1
04-26 13:00:09.355  3393  8238 I TaskOrganizerController: onTaskInfoChanged taskid 308 config { mBounds=Rect(0, 0 - 1080, 2376) mAppBounds=Rect(0, 0 - 1080, 2376) mMaxBounds=Rect(0, 0 - 1080, 2376) mDisplayRotation=ROTATION_0 mWindowingMode=fullscreen mActivityType=standard mAlwaysOnTop=undefined mRotation=ROTATION_0}
04-26 13:00:09.355 12512 12512 I CAR.GH  : onCreate
04-26 13:00:09.355  3393  8238 D OplusFlexibleDragToSplitAnimController: visibleFlexibleTaskInfos delete:308
04-26 13:00:09.355  3393  8238 E FlexibleWindowManagerService: notifyTaskObserverToAttachController not need to notify!
04-26 13:00:09.355  3393  8238 I FlexibleWindowManagerService: onFlexibleWindowTaskInfoChanged, return for cur task not embedded
04-26 13:00:09.355  3393  8238 D OplusDexOptimizeManager: Do not in AppLaunchOptList, and is systemApp, don't need start-app or repair-dex com.google.android.projection.gearhead
04-26 13:00:09.355  4925  4991 D ShellTaskOrganizerExt: visibleFlexibleTaskInfos delete:308
04-26 13:00:09.355  4925  4991 D ShellTaskOrganizerExt: isOnCanvas size:0
04-26 13:00:09.355  4925  4991 D ShellTaskOrganizerExt: isOnThreeFlexibleCanvas size:0
04-26 13:00:09.355  3393  8238 D ActivityTaskManager: NFW_setLastResumedActivityUncheckLocked:true r:ActivityRecord{1087844 u0 com.google.android.projection.gearhead/.companion.settings.Material3SettingsActivity t308} currentFocus:null
04-26 13:00:09.355  3393  8238 D WindowManager: NFW_findFocusedWindowIfNeeded:null mCurrentFocus:null
04-26 13:00:09.355  3393  5196 D OplusAppSwitchRuleInfo: generateActivityEnterInfo - launch_source_type =  , launch_source_traceid = 
04-26 13:00:09.356  3393  5196 D OplusAppSwitchRuleInfo: generateActivityEnterInfo - launch_source_type =  , launch_source_traceid = 
04-26 13:00:09.356  1841  1872 E statsd  : Stats puller failed for tag: 150134 at 73190426004853
04-26 13:00:09.356  3393  8238 D WindowManager: onSyncFinishedDrawing: Window{1b007f9 u0 Splash Screen com.google.android.projection.gearhead}
04-26 13:00:09.356  3393  4554 D BackgroundInstallControlService: Package event received: 0
04-26 13:00:09.356  1841  1872 E statsd  : Gauge Stats puller failed for tag: 150119 at 73190426004853
04-26 13:00:09.356  3393  8238 E OplusAppQuickStart_AppQuickStartController: not start from launcher transition:1523
04-26 13:00:09.356  3393  8238 D Transition: collectOrderChanges onTopTasksEnd: [Task{74432af #308 type=standard A=10123:com.google.android.projection.gearhead nonResizable}], reportedOnTop:null, mOnTopTasksStart: [Task{74432af #308 type=standard A=10123:com.google.android.projection.gearhead nonResizable}], TDA child: [Task{5652e43 #2 type=undefined}, Task{316f1cb #143 type=standard A=10479:com.roborock.smart}, Task{d9bca91 #121 type=standard A=10362:com.x8bit.bitwarden}, Task{e4bf19b #149 type=standard I=com.google.android.apps.authenticator2/.main.MainActivity nonResizable}, Task{6238731 #153 type=standard A=10385:com.eightsleep.eight}, Task{f7bb946 #156 type=standard A=10191:google.android.task.calendar}, Task{2376fce #157 type=standard A=10383:com.kevinforeman.nzb360}, Task{3da5dea #159 type=standard A=10207:com.google.android.youtube}, Task{61452ae #161 type=standard A=10377:com.google.android.keep}, Task{4263f8c #113 type=standard A=10378:com.google.android.apps.googlevoice}, Task{98d7b0e #175 type=standard A=10405:com.august.luna}, Task{39c4dab #177 type=standard A=10386:com.dmholdings.MarantzAVRRemote nonResizable}, Task{4726c1b #179 type=standard A=10431:com.gm.chevrolet.nomad.ownership}, Task{402f9cc #183 type=standard A=10382:com.whisker.android}, Task{fe58a96 #189 type=standard A=10393:com.EVGATEWAY}, Task{b21f9bc #192 type=standard A=10417:com.driivz.mobile.android.evgo.driver}, Task{68d3f82 #197 type=standard A=10490:com.ubnt.easyunifi}, Task{50ac881 #198 type=standard A=10192:com.android.chrome}, Task{dd44687 #199 type=standard A=10194:com.google.android.apps.walletnfcrel}, Task{f95c8a9 #187 type=standard A=10373:com.google.android.apps.magazines}, Task{4a822f3 #200 type=standard A=10144:com.android.vending}, Task{9b591c0 #160 type=standard A=10204:com.google.android.apps.photos}, Task{9c2d048 #173 type=standard A=10355:com.google.android.apps.chromecast.app}, Task{e895ae #213 type=standard A=10381:com.devhd.feedly}, Task{7259d41 #174 type=standard A=10200:com.google.android.gm}, Task{bbe924d #214 type=standard A=10342:com.google.android.apps.adm}, Task{e03e260 #142 type=standard A=10374:com.google.android.apps.dynamite}, Task{e276535 #106 type=standard A=1000:com.android.settings.root}, Task{3a7d194 #1 type=home}, Task{1642f44 #302 type=standard A=10511:com.openautolink.companion}, Task{74432af #308 type=standard A=10123:com.google.android.projection.gearhead nonResizable}]
04-26 13:00:09.356  1841  1872 I statsd  : An anomaly (104240000001) (42)0x10000->10123[I] (42)0x20000->com.google.android.projection.gearhead[S] (42)0x30000->.companion.settings.Material3SettingsActivity[S]  has occurred! Informing subscribers.
04-26 13:00:09.356  3393  8238 D OplusFlexibleActivityTransitionManager: fixTransitType type result:2, targets: [ChangeInfo{cf3592 container=ActivityRecord{1087844 u0 com.google.android.projection.gearhead/.companion.settings.Material3SettingsActivity t308} flags=0x0}, ChangeInfo{b787b63 container=ActivityRecord{206858889 u0 com.google.android.projection.gearhead/.companion.settings.DefaultSettingsActivity t308 f}} flags=0x0}]
04-26 13:00:09.357  3393  8238 D OplusTransitionAnimationManager: activityRecordCount1fullScreenArBeHindStartingWindow null
04-26 13:00:09.357  3393  8238 D OplusTransitionAnimationManager: activityRecordCount1fullScreenArBeHindStartingWindow null
04-26 13:00:09.357 12512 12512 I GH.PrimesMgr: transmitting to prod
04-26 13:00:09.357  3393  8238 D QuickBackInputPolicy: resetInputInterceptState for remoteTransition: false
04-26 13:00:09.357  3393  8238 D OplusTransitionController: onTransactionReady, transition: 1523, info: {id=1523 t=CLOSE f=0x0 trk=0 r=[0@Point(0, 0)] c=[{m=OPEN f=STARTING_WINDOW_TRANSFER|FILLS_TASK|IS_BEHIND_STARTING_WINDOW leash=Surface(name=ActivityRecord{1087844 u0 com.google.android.projection.gearhead/.companion.settings.Material3SettingsActivity t308})/@0xd264019 sb=Rect(0, 0 - 0, 0) eb=Rect(0, 0 - 1080, 2376) epz=Point(1080, 2376) d=-1->0 r=-1->0:-1 bc=ff000000 component=com.google.android.projection.gearhead/.companion.settings.Material3SettingsActivity},{m=TO_BACK f=FILLS_TASK|IS_BEHIND_STARTING_WINDOW|IS_OCCLUDED leash=Surface(name=ActivityRecord{206858889 u0 com.google.android.projection.gearhead/.companion.settings.DefaultSettingsActivity t308})/@0xd2718de sb=Rect(0, 0 - 1080, 2376) eb=Rect(0, 0 - 1080, 2376) epz=Point(1080, 2376) d=0 bc=ff000000 component=com.google.android.projection.gearhead/.companion.settings.DefaultSettingsActivity}] 
04-26 13:00:09.357  3393  8238 D OplusTransitionController: extendInfo=[
04-26 13:00:09.357  3393  8238 D OplusTransitionController:  OplusTransitionExtendedInfo{mTmpFinishT=null, mInOplusCompatMode=false, mIsProcessRunning=false, mHasMismatchBoundsTarget=false, mRecentsController=null, mRemoteTransition=null, mIsTranslucentActivityToHome=false, mAvoidInterceptKeyEventToHome=false, mIsFromHome=false, mParentLeash=null, mBackAnimClosingLeash=null, mIsOplusAnimRes=false, mKeepBgForContinuous=false, mIsBalAllow=false, mTaskNotInRecent=false, mIsPredictiveBackAnim=false, mIsMergedWithPredictive=false, mIsLaunchFromSpruce=false, mIsLaunchFromDrive=false, mGlobalSearchPageSwitch=false, mNeedNoAlphaGlobalSearchScene=false, mAssistScreenShowing=false, mSwipeUpBrowserScreenShowing=false, mUserIdTransition=-1
04-26 13:00:09.357  3393  8238 D OplusTransitionController: , mInRemoteScene=false, mInPreReady=false, mPreStart=false, mToken=null, mAbortByRemoteFromHome=false, mShellApplyToken=null, mRequestTransitionTaskId=308, mAbortTransitionOnShell=0, mStartFromShortcut=false, mRemovedTaskId=-1, mTransitionInterruptType=0, mMergeSecondTaskId=-1, mTaskIdStartFromRecents=0, mTransitionId=1523, mCanUseSpringSlideAnim=false, mTransitionLaunchFrom=0, mFoldChangeType=-1, mAnimStartingPosition=[0, 0, 0, 0], mIsOpeningStkDialogActivity=false, mSecondaryHomeToFrontWhenUnFolding=false, mIsNeedApplyStartTForEmbedded=false
04-26 13:00:09.357  3393  8238 D OplusTransitionController: , mNeedCanvasExitAnim=false, mMergeSecondTaskAnimation=false, mIsLaunchUnityStart=false, mIsLaunchFromAssistantByDefault=false, mSkipRemoteTransitionfalse, mIsStartFromKeyguard=false flags=0x0, mWCT=null, mIsOpenMergeToInValidPredictive=false, mPromoteTaskWhenKeyguard-1, mRootLayerZOrderArray={}}]}, targets : [ChangeInfo{cf3592 container=ActivityRecord{1087844 u0 com.google.android.projection.gearhead/.companion.settings.Material3SettingsActivity t308} flags=0x0}, ChangeInfo{b787b63 container=ActivityRecord{206858889 u0 com.google.android.projection.gearhead/.companion.settings.DefaultSettingsActivity t308 f}} flags=0x0}], participants: {ActivityRecord{1087844 u0 com.google.android.projection.gearhead/.companion.settings.Material3SettingsActivity t308}, Window{1b007f9 u0 Splash Screen com.google.android.projection.gearhead}, Task{74432af #308 type=standard A=10123:com.google.android.projection.gearhead nonResizable}, ActivityRecord{206858889 u0 com.google.android.projection.gearhead/.companion.settings.DefaultSettingsActivity t308 f}}}
04-26 13:00:09.358 12512 12512 I CAR.GH  : Process: SHARED_SERVICE
04-26 13:00:09.358  3393  3567 V WindowManager: Sent Transition (#1523) createdAt=04-26 13:00:09.332 via request=TransitionRequestInfo { type = CLOSE, triggerTask = TaskInfo{userId=0 taskId=308 effectiveUid=10123 displayId=0 isRunning=true baseIntent=Intent { flg=0x10000000 cmp=com.google.android.projection.gearhead/.companion.settings.DefaultSettingsActivity mCallingUid=2000 } baseActivity=ComponentInfo{com.google.android.projection.gearhead/com.google.android.projection.gearhead.companion.settings.DefaultSettingsActivity} topActivity=ComponentInfo{com.google.android.projection.gearhead/com.google.android.projection.gearhead.companion.settings.DefaultSettingsActivity} origActivity=null realActivity=ComponentInfo{com.google.android.projection.gearhead/com.google.android.projection.gearhead.companion.settings.DefaultSettingsActivity}
04-26 13:00:09.358  3393  3567 V WindowManager:  numActivities=1 lastActiveTime=73190355 supportsSplitScreenMultiWindow=false supportsMultiWindow=false supportsPocketStudioMultiWindow=true isInFlexibleEmbedded = false uid = 10123 pid = 12487 resizeMode=0 isResizeable=false minWidth=-1 minHeight=-1 defaultMinSize=220 token=WCT{RemoteToken{43fcb80 Task{74432af #308 type=standard A=10123:com.google.android.projection.gearhead nonResizable}}} topActivityType=1 pictureInPictureParams=null shouldDockBigOverlays=false launchIntoPipHostTaskId=-1 lastParentTaskIdBeforePip=-1 displayCutoutSafeInsets=Rect(0, 0 - 0, 0)
04-26 13:00:09.358  3393  3567 V WindowManager:  topActivityInfo=ActivityInfo{42ad5b9 com.google.android.projection.gearhead.companion.settings.DefaultSettingsActivity} launchCookies=[] positionInParent=Point(0, 0) parentTaskId=-1 isFocused=true isVisible=true isVisibleRequested=true isTopActivityNoDisplay=false isSleeping=false locusId=null displayAreaFeatureId=1 isTopActivityTransparent=false isActivityStackTransparent=false lastNonFullscreenBounds=Rect(277, 687 - 803, 1767) capturedLink=null capturedLinkTimestamp=0 requestedVisibleTypes=-9 topActivityRequestOpenInBrowserEducationTimestamp=0
04-26 13:00:09.358  3393  3567 V WindowManager:  appCompatTaskInfo=AppCompatTaskInfo { topActivityInSizeCompat=false topActivityInOplusCompatMode=false eligibleForLetterboxEducation= false isLetterboxEducationEnabled= false isLetterboxDoubleTapEnabled= false eligibleForUserAspectRatioButton= false topActivityBoundsLetterboxed= false isFromLetterboxDoubleTap= false topActivityLetterboxVerticalPosition= -1 topActivityLetterboxHorizontalPosition= -1 topActivityLetterboxWidth=-1 topActivityLetterboxHeight=-1 topActivityAppBounds=Rect(0, 0 - 1080, 2376) isUserFullscreenOverrideEnabled=false isSystemFullscreenOverrideEnabled=false hasMinAspectRatioOverride=false topActivityLetterboxBounds=null cameraCompatTaskInfo=CameraCompatTaskInfo { freeformCameraCompatMode=inactive}} topActivityMainWindowFrame=null topActivityLetterboxInsets=Rect(0, 0 - 0, 0)
04-26 13:00:09.358  3393  3567 V WindowManager:  mOplusExtraBundle = Bundle[{androidx.flexible.taskFrame=Rect(0, 0 - 0, 0), androidx.flexible.Alpha=1.0, androidx.activity.task.attach.blur=0, androidx.activity.LaunchInsensible=0, androidx.activity.LaunchCornerRadius=0, key_flexible_task_state=0, topActivitySupportAppInnerSplit=false, key_flexible_task_animating_type=-1, key_flexible_task_root_activity_processname=com.google.android.projection.gearhead:projection, androidx.activity.LaunchScenario=0, is_oplus_clone_task=false, flexible_super_mini_state=false, topRunningActivityHash=206858889, androidx.activity.LaunchScale=1.0, androidx.activity.LaunchShadowRadius=0, is_transient_hide_for_task_info=false, key_flexible_task_root_activity_pid=12487, key_flexible_task_root_activity_uid=10123}]}, pipChange = null, remoteTransition = null, displayChange = null, flags = 0, debugId = 1523 }
04-26 13:00:09.358  3393  3567 V WindowManager:     startWCT=WindowContainerTransaction { changes= {} hops= [] errorCallbackToken=null taskFragmentOrganizer=null }
04-26 13:00:09.358 12512 12512 I CAR.GH  : Channel: BETA
04-26 13:00:09.358  4925  5024 V WindowManagerShell: onTransitionReady(transaction=14572824155637)
04-26 13:00:09.358  3393  8238 I [UAH_CLIENT]: UahEventAcquire, cmdid:2, pkg:none, identity:OplusActivityManagerServiceEnhance
04-26 13:00:09.358 12487 12487 D ResourcesManagerExtImpl: applyConfigurationToAppResourcesLocked app.getDisplayId() return callback.displayId:0
04-26 13:00:09.358 12512 12512 I CAR.GH  : onCreate completed
04-26 13:00:09.358  4925  4991 V WindowManagerShell: onTransitionReady (#1523) android.os.BinderProxy@f7ae35f: {id=1523 t=CLOSE f=0x0 trk=0 r=[0@Point(0, 0)] c=[
04-26 13:00:09.358  4925  4991 V WindowManagerShell:         {m=OPEN f=STARTING_WINDOW_TRANSFER|FILLS_TASK|IS_BEHIND_STARTING_WINDOW leash=Surface(name=ActivityRecord{1087844 u0 com.google.android.projection.gearhead/.companion.settings.Material3SettingsActivity t308})/@0x1a47c98 sb=Rect(0, 0 - 0, 0) eb=Rect(0, 0 - 1080, 2376) epz=Point(1080, 2376) d=-1->0 r=-1->0:-1 bc=ff000000 component=com.google.android.projection.gearhead/.companion.settings.Material3SettingsActivity},
04-26 13:00:09.358  4925  4991 V WindowManagerShell:         {m=TO_BACK f=FILLS_TASK|IS_BEHIND_STARTING_WINDOW|IS_OCCLUDED leash=Surface(name=ActivityRecord{206858889 u0 com.google.android.projection.gearhead/.companion.settings.DefaultSettingsActivity t308})/@0x68f8cf1 sb=Rect(0, 0 - 1080, 2376) eb=Rect(0, 0 - 1080, 2376) epz=Point(1080, 2376) d=0 bc=ff000000 component=com.google.android.projection.gearhead/.companion.settings.DefaultSettingsActivity}
04-26 13:00:09.358  4925  4991 V WindowManagerShell:     ] 
04-26 13:00:09.358  4925  4991 V WindowManagerShell: extendInfo=[
04-26 13:00:09.358  4925  4991 V WindowManagerShell:  OplusTransitionExtendedInfo{mTmpFinishT=null, mInOplusCompatMode=false, mIsProcessRunning=false, mHasMismatchBoundsTarget=false, mRecentsController=null, mRemoteTransition=null, mIsTranslucentActivityToHome=false, mAvoidInterceptKeyEventToHome=false, mIsFromHome=false, mParentLeash=null, mBackAnimClosingLeash=null, mIsOplusAnimRes=false, mKeepBgForContinuous=false, mIsBalAllow=false, mTaskNotInRecent=false, mIsPredictiveBackAnim=false, mIsMergedWithPredictive=false, mIsLaunchFromSpruce=false, mIsLaunchFromDrive=false, mGlobalSearchPageSwitch=false, mNeedNoAlphaGlobalSearchScene=false, mAssistScreenShowing=false, mSwipeUpBrowserScreenShowing=false, mUserIdTransition=-1
04-26 13:00:09.358  4925  4991 V WindowManagerShell: , mInRemoteScene=false, mInPreReady=false, mPreStart=false, mToken=null, mAbortByRemoteFromHome=false, mShellApplyToken=null, mRequestTransitionTaskId=308, mAbortTransitionOnShell=0, mStartFromShortcut=false, mRemovedTaskId=-1, mTransitionInterruptType=0, mMergeSecondTaskId=-1, mTaskIdStartFromRecents=0, mTransitionId=1523, mCanUseSpringSlideAnim=false, mTransitionLaunchFrom=0, mFoldChangeType=-1, mAnimStartingPosition=[0, 0, 0, 0], mIsOpeningStkDialogActivity=false, mSecondaryHomeToFrontWhenUnFolding=false, mIsNeedApplyStartTForEmbedded=false
04-26 13:00:09.358  4925  4991 V WindowManagerShell: , mNeedCanvasExitAnim=false, mMergeSecondTaskAnimation=false, mIsLaunchUnityStart=false, mIsLaunchFromAssistantByDefault=false, mSkipRemoteTransitionfalse, mIsStartFromKeyguard=false flags=0x0, mWCT=null, mIsOpenMergeToInValidPredictive=false, mPromoteTaskWhenKeyguard-1, mRootLayerZOrderArray={}}]}
04-26 13:00:09.358  4925  4991 D OplusShellTransition: dispatchReady, active:(#1523) android.os.BinderProxy@f7ae35f@0, isSync=false, track:com.android.wm.shell.transition.Transitions$Track@975b119
04-26 13:00:09.358  4925  4991 D OplusShellTransition: Abort transition (#1523) android.os.BinderProxy@f7ae35f@0 WMCore requested. reason: 0; abortTransition: false
04-26 13:00:09.358  4925  4991 V WindowManagerShell: Non-visible anim so abort: (#1523) android.os.BinderProxy@f7ae35f@0
04-26 13:00:09.358  3393  5045 I ActivityManager: Flag disabled. Ignoring finishAttachApplication from uid: 10123. pid: 12512
04-26 13:00:09.358  4925  4991 D OplusShellTransition: RemoteTransitionHandlerabortPrereadyTransition:  pendingRemote: null; isInPreready: false
04-26 13:00:09.358  4925  4991 V WindowManagerShell: Transition was merged: (#1523) android.os.BinderProxy@f7ae35f@0 into (#1522) android.os.BinderProxy@7a929f0@0
04-26 13:00:09.358  4925  4991 D OplusShellTransition: Transition was merged: (#1523) android.os.BinderProxy@f7ae35f@0 into (#1522) android.os.BinderProxy@7a929f0@0
04-26 13:00:09.358 12487 12487 D AppCompatDelegate: Checking for metadata for AppLocalesMetadataHolderService : Service not found
04-26 13:00:09.358  3393  3570 D FlexibleTaskController: check task which not have enough child, isInSingleWhiteList:false isCloneTask:false
04-26 13:00:09.358  3393  3567 V WindowManager:     info={id=1523 t=CLOSE f=0x0 trk=0 r=[0@Point(0, 0)] c=[
04-26 13:00:09.358  3393  3567 V WindowManager:         {m=OPEN f=STARTING_WINDOW_TRANSFER|FILLS_TASK|IS_BEHIND_STARTING_WINDOW leash=Surface(name=ActivityRecord{1087844 u0 com.google.android.projection.gearhead/.companion.settings.Material3SettingsActivity t308})/@0xd264019 sb=Rect(0, 0 - 0, 0) eb=Rect(0, 0 - 1080, 2376) epz=Point(1080, 2376) d=-1->0 r=-1->0:-1 bc=ff000000 component=com.google.android.projection.gearhead/.companion.settings.Material3SettingsActivity},
04-26 13:00:09.358  3393  3567 V WindowManager:         {m=TO_BACK f=FILLS_TASK|IS_BEHIND_STARTING_WINDOW|IS_OCCLUDED leash=Surface(name=ActivityRecord{206858889 u0 com.google.android.projection.gearhead/.companion.settings.DefaultSettingsActivity t308})/@0xd2718de sb=Rect(0, 0 - 1080, 2376) eb=Rect(0, 0 - 1080, 2376) epz=Point(1080, 2376) d=0 bc=ff000000 component=com.google.android.projection.gearhead/.companion.settings.DefaultSettingsActivity}
04-26 13:00:09.358  3393  3567 V WindowManager:     ] 
