04-26 12:46:22.672   440   440 D OplusActivityThreadExtImpl: java.lang.NoSuchMethodException: dalvik.system.VMRuntime.SupressionGC [int, int]
04-26 12:46:22.672   440   440 W libc    : Access denied finding property "persist.vendor.sys.activitylog"
04-26 12:46:22.672   440   440 I OneTrace: Mark active for pid=440? true
04-26 12:46:22.672   440   440 D cutils-dev: otrace_set_tracing_enabled? true tag:0
04-26 12:46:22.672   440   440 D cutils-dev: properties changed in otrace_seq_number_changed!
04-26 12:46:22.673 24813 24903 E metis_v2_JenaHandlerManager: local thread match
04-26 12:46:22.674  3393  4229 D SplitScreenAppReader: SPLIT_TOUCH support check:com.qualcomm.qti.workloadclassifier = false
04-26 12:46:22.674  3393  4229 D ActivityTaskManagerServiceExtImpl: preBindApplication record is null
04-26 12:46:22.674  3393  4229 D RGBNormalizeServer: OplusRGBNormalize feature enabled ? true
04-26 12:46:22.674  3393  4229 D ResourcesManagerCache: For package com.qualcomm.qti.workloadclassifier we got cacheList [null] appInfoExt is null ? false hasFeature ? false
04-26 12:46:22.675  3393  3598 V GrammaticalInflectionUtils: AttributionSource: android.content.AttributionSource@dba36ca3 does not have READ_SYSTEM_GRAMMATICAL_GENDER permission.
04-26 12:46:22.676  4917  6345 V OsAgent : broadcastSystemEvent - 7
04-26 12:46:22.677   440   465 D OplusAppHeapManager: java.lang.NoSuchMethodException: dalvik.system.VMRuntime.updateProcessValue [int, int, int]
04-26 12:46:22.677   440   440 D CompactWindowAppManager: initCompactApplicationInfo CompactMode: , NormalMode: 
04-26 12:46:22.678   440   440 V Configuration: Updating configuration, locales updated from [] to [en_US]
04-26 12:46:22.678  5204  6144 W IWlanProxy: RESP_WAKE_LOCK_TIMEOUT
04-26 12:46:22.678   440   440 D OplusScrollToTopManager: setIsInWhiteList false
04-26 12:46:22.679   440   440 D OplusViewDebugManager: OplusViewDebugManager Constructor android.view.debug.OplusViewDebugManager@144fab7 [mHasViewDebugProperty true] [mHasMsgDebugProperty false] [DEBUG false] [EXTRAINFOENABLE false] [LIGHT_OS false]
04-26 12:46:22.680   440   440 D CompatChangeReporter: Compat change id reported: 202956589; UID 10306; state: ENABLED
04-26 12:46:22.680   403   403 W head:projection: Failed to find entry 'classes.dex': Entry not found
04-26 12:46:22.681   440   440 W libc    : Access denied finding property "ro.odm.prev.product.name"
04-26 12:46:22.681   403   403 W head:projection: Failed to find entry 'classes.dex': Entry not found
04-26 12:46:22.681   403   403 W head:projection: Failed to find entry 'classes.dex': Entry not found
04-26 12:46:22.681   440   440 E OplusCustomizePackageManager: mIOplusCustomizePackageManagerService is null
04-26 12:46:22.681   403   403 D nativeloader: Configuring clns-9 for other apk /data/app/~~Y3wHTPPIKZ0YJSRZSRYUvQ==/com.google.android.projection.gearhead-O334O48HDpHJ2iLK_His4w==/base.apk:/data/app/~~Y3wHTPPIKZ0YJSRZSRYUvQ==/com.google.android.projection.gearhead-O334O48HDpHJ2iLK_His4w==/split_config.arm64_v8a.apk:/data/app/~~Y3wHTPPIKZ0YJSRZSRYUvQ==/com.google.android.projection.gearhead-O334O48HDpHJ2iLK_His4w==/split_config.en.apk:/data/app/~~Y3wHTPPIKZ0YJSRZSRYUvQ==/com.google.android.projection.gearhead-O334O48HDpHJ2iLK_His4w==/split_config.xxxhdpi.apk. target_sdk_version=37, uses_libraries=, library_path=/data/app/~~Y3wHTPPIKZ0YJSRZSRYUvQ==/com.google.android.projection.gearhead-O334O48HDpHJ2iLK_His4w==/lib/arm64:/data/app/~~Y3wHTPPIKZ0YJSRZSRYUvQ==/com.google.android.projection.gearhead-O334O48HDpHJ2iLK_His4w==/base.apk!/lib/arm64-v8a:/data/app/~~Y3wHTPPIKZ0YJSRZSRYUvQ==/com.google.android.projection.gearhead-O334O48HDpHJ2iLK_His4w==/split_config.arm64_v8a.apk!/lib/arm64-v8a:/data/app/~~Y3wHTPPIKZ0YJSRZSRYUvQ==/com.google.android.projection.gearh
04-26 12:46:22.681   440   440 E OplusCustomizePackageManager: mIOplusCustomizePackageManagerService is null
04-26 12:46:22.681   440   440 E OplusCustomizePackageManager: isOplusCertificatePackage Errorjava.lang.NullPointerException: Attempt to invoke interface method 'boolean android.os.customize.IOplusCustomizePackageManagerService.isOplusCertificatePackage(java.lang.String)' on a null object reference
04-26 12:46:22.683   440   440 D nativeloader: Configuring clns-shared-9 for other apk /system_ext/app/workloadclassifier/workloadclassifier.apk. target_sdk_version=35, uses_libraries=, library_path=/system_ext/app/workloadclassifier/lib/arm64:/system/lib64:/system_ext/lib64, permitted_path=/data:/mnt/expand:/data/user/0/com.qualcomm.qti.workloadclassifier:/system_ext/app/workloadclassifier:/system/lib64:/system_ext/lib64
04-26 12:46:22.683   403   403 I head:projection: AssetManager2(0xb400007b264e5728) locale list changing from [] to [en-US]
04-26 12:46:22.684 24813 24903 E metis_v2_JenaHandlerManager: local thread match
04-26 12:46:22.684   440   440 I kloadclassifier: AssetManager2(0xb400007b264e5728) locale list changing from [] to [en-US]
04-26 12:46:22.684   403   403 V GraphicsEnvironment: Currently set values for:
04-26 12:46:22.684   403   403 V GraphicsEnvironment:   angle_gl_driver_selection_pkgs=[]
04-26 12:46:22.684   403   403 V GraphicsEnvironment:   angle_gl_driver_selection_values=[]
04-26 12:46:22.684   403   403 V GraphicsEnvironment: com.google.android.projection.gearhead is not listed in per-application setting
04-26 12:46:22.684   403   403 V GraphicsEnvironment: ANGLE allowlist from config: 
04-26 12:46:22.684   403   403 V GraphicsEnvironment: com.google.android.projection.gearhead is not listed in ANGLE allowlist or settings, returning default
04-26 12:46:22.685 24813 24831 D SceneSDK.1.0.4-SNAPSHOT.24813.DeepThinkerAppSwitchAbility: onAppSwitchEvent: AppSwitchEvent(timeStamp=1777232782667, eventType=1, targetName=com.google.android.projection.gearhead, firstStart=true, multiApp=false, windowMode=1, resumingPackageName=, resumingActivityName=, isResumingMultiApp=false, isResumingFirstStart=false)
04-26 12:46:22.685   403   403 D ResourcesManagerExtImpl: applyConfigurationToAppResourcesLocked app.getDisplayId() return callback.displayId:-1
04-26 12:46:22.685 24813 24831 I metis_v2_AppSwitchDataCollector: AppEnterEvent =  com.google.android.projection.gearhead, windowMode = 1,firstStart = true
04-26 12:46:22.685 24813 24831 W metis_v2_AppSwitchDataCollector: fenceKey = com.oplus.metis:TOP_APPLICATION, getExits = [], getEnters = [] packageName = com.google.android.projection.gearhead
04-26 12:46:22.685 24813 24831 W metis_v2_AppSwitchDataCollector: pid = -1, cachePid=-1
04-26 12:46:22.686  1842  1842 D Zygote  : Forked child process 470
04-26 12:46:22.686  3393  3591 I ActivityManager: Start proc 470:com.google.android.projection.gearhead:shared/u0a123 for broadcast {com.google.android.projection.gearhead/com.google.android.apps.auto.wireless.bluetooth.WifiBluetoothReceiver}
04-26 12:46:22.686  3393  3568 I ActivityManager: ProcessObserver broadcast disabled
04-26 12:46:22.686   403   403 D ProcessLifecycleG3: androidx.startup is not available, initializing using ProcessLifecycleOwnerInitializer instead.
04-26 12:46:22.686   440   440 V GraphicsEnvironment: Currently set values for:
04-26 12:46:22.686   440   440 V GraphicsEnvironment:   angle_gl_driver_selection_pkgs=[]
04-26 12:46:22.686   440   440 V GraphicsEnvironment:   angle_gl_driver_selection_values=[]
04-26 12:46:22.686   440   440 V GraphicsEnvironment: com.qualcomm.qti.workloadclassifier is not listed in per-application setting
04-26 12:46:22.686   440   440 V GraphicsEnvironment: ANGLE allowlist from config: 
04-26 12:46:22.686   440   440 V GraphicsEnvironment: com.qualcomm.qti.workloadclassifier is not listed in ANGLE allowlist or settings, returning default
04-26 12:46:22.686  3393  4232 I MemoryOperationUtils: add 470 to com.google.android.projection.gearhead
04-26 12:46:22.686 24813 24831 I metis_v2_AppSwitchDataCollector:  set isNotifiedTVCast
04-26 12:46:22.687   440   440 D ResourcesManagerExtImpl: applyConfigurationToAppResourcesLocked app.getDisplayId() return callback.displayId:-1
04-26 12:46:22.687   403   403 I CAR.GH  : onCreate
04-26 12:46:22.687  3393  4229 I ActivityManager: Flag disabled. Ignoring finishAttachApplication from uid: 10306. pid: 440
04-26 12:46:22.688 24813 24831 E metis_v2_FactManager: There is no subModel: com.oplus.linker
04-26 12:46:22.688 24813 24831 I metis_v2_AppSwitchDataCollector: Skip call fire
04-26 12:46:22.688   440   440 E ANDR-PERF-CLIENT-SYS: death recipent object is fine
04-26 12:46:22.688   440   440 W kloadclassifier: AIBinder_linkToDeath is being called with a non-null cookie and no onUnlink callback set. This might not be intended. AIBinder_DeathRecipient_setOnUnlinked should be called first.
04-26 12:46:22.688   440   440 D OplusActivityManager: get AMS extension: android.os.BinderProxy@42cf42
04-26 12:46:22.690   403   403 I GH.PrimesMgr: transmitting to prod
04-26 12:46:22.691   403   403 I CAR.GH  : Process: PROJECTION
04-26 12:46:22.691   403   403 I CAR.GH  : Channel: BETA
04-26 12:46:22.692  3393  5308 W PackageManager: package com.google.android.projection.gearhead uid 10123 pid 403 call SetEnabledSetting(com.google.android.projection.gearhead component = com.google.android.apps.auto.components.telecom.service.NonCarInCallServiceImpl, 2, 0)
04-26 12:46:22.693   440   440 D nativeloader: Load /system_ext/lib64/libqti_workloadclassifiermodel.so using ns default for caller /system_ext/app/workloadclassifier/workloadclassifier.apk in same partition (is_bridged=0): ok
04-26 12:46:22.693   440   440 I tflite  : Initialized TensorFlow Lite runtime.
04-26 12:46:22.694   440   476 D WLC-Service: perf mpctl Init Completed
04-26 12:46:22.694   403   403 I GH.CallAdapterFactory: creating call adapter instance
04-26 12:46:22.695   440   476 E WLC-DataExtractor: PackageManager.NameNotFoundException android.content.pm.PackageManager$NameNotFoundException: com.google.android.projection.gearhead:projection
04-26 12:46:22.695   470   470 E gearhead:shared: Unknown bits set in runtime_flags: 0x40000000
04-26 12:46:22.695   470   470 I gearhead:shared: Using CollectorTypeCMC GC.
04-26 12:46:22.696   403   403 I CAR.GH  : onCreate completed
04-26 12:46:22.696  3393  4768 I ActivityManager: Flag disabled. Ignoring finishAttachApplication from uid: 10123. pid: 403
04-26 12:46:22.697  2132  2188 E BatteryDamageDetect: BddVoltDiffCheck begins
04-26 12:46:22.697  2132  2188 E BatteryDamageDetect: volt diff trend not changed, volt_diff_trend = 0
04-26 12:46:22.697   403   403 E ANDR-PERF-CLIENT-SYS: death recipent object is fine
04-26 12:46:22.697   403   403 W head:projection: AIBinder_linkToDeath is being called with a non-null cookie and no onUnlink callback set. This might not be intended. AIBinder_DeathRecipient_setOnUnlinked should be called first.
04-26 12:46:22.697   403   403 D OplusActivityManager: get AMS extension: android.os.BinderProxy@c4c84c6
04-26 12:46:22.697  3393  4768 I [UAH_CLIENT]: UahEventAcquire, cmdid:2, pkg:none, identity:OplusActivityManagerServiceEnhance
04-26 12:46:22.698  2256 16098 D GpuServiceExtImpl: getRUSWhiteList  size 2
04-26 12:46:22.698   403   403 I HWUI    : SupportApps size 2
04-26 12:46:22.698   403   403 D ExtensionsLoader: createInstance(64bit) : createExtendedFactory
04-26 12:46:22.698  3235  3243 I adbd    : jdwp connection from 470
04-26 12:46:22.698   403   403 D ExtensionsLoader: Opened libSchedAssistExtImpl.so
04-26 12:46:22.698   403   403 E SchedAssist: open sharedFd failed with error=Permission denied
04-26 12:46:22.699   403   485 D OplusGraphicsEvent: OplusGraphicsEventListener create now!
04-26 12:46:22.699   403   403 I head:projection: AssetManager2(0xb400007b1697c328) locale list changing from [] to [en-US]
04-26 12:46:22.699   403   403 D ResourcesManagerExtImpl: applyConfigurationToAppResourcesLocked app.getDisplayId() return callback.displayId:0
04-26 12:46:22.700   403   485 D OplusGraphicsEvent: addEventListener success!
04-26 12:46:22.700   403   485 D ExtensionsLoader: createInstance(64bit) : createExtendedFactory
04-26 12:46:22.700   403   485 D ExtensionsLoader: Opened libSchedAssistExtImpl.so
04-26 12:46:22.700   403   485 I DisplayManager: Choreographer implicitly registered for the refresh rate.
04-26 12:46:22.700   403   485 D vulkan  : searching for layers in '/data/app/~~Y3wHTPPIKZ0YJSRZSRYUvQ==/com.google.android.projection.gearhead-O334O48HDpHJ2iLK_His4w==/lib/arm64'
04-26 12:46:22.700   403   403 E ashmem  : Pinning is deprecated since Android Q. Please use trim or other methods.
04-26 12:46:22.701   403   485 D vulkan  : searching for layers in '/data/app/~~Y3wHTPPIKZ0YJSRZSRYUvQ==/com.google.android.projection.gearhead-O334O48HDpHJ2iLK_His4w==/base.apk!/lib/arm64-v8a'
04-26 12:46:22.701   403   485 D vulkan  : searching for layers in '/data/app/~~Y3wHTPPIKZ0YJSRZSRYUvQ==/com.google.android.projection.gearhead-O334O48HDpHJ2iLK_His4w==/split_config.arm64_v8a.apk!/lib/arm64-v8a'
04-26 12:46:22.701   403   403 D ActivityClient: activity finished by caller: android.app.Activity.finish:7644 android.app.Activity.finishAndRemoveTask:7760 com.google.android.projection.gearhead.companion.settings.DefaultSettingsActivity.onCreate:1 android.app.Activity.performCreate:9400 android.app.Activity.performCreate:9372 android.app.Instrumentation.callActivityOnCreate:1541 android.app.ActivityThread.performLaunchActivity:4628 android.app.ActivityThread.handleLaunchActivity:4851 android.app.servertransaction.LaunchActivityItem.execute:242 android.app.servertransaction.TransactionExecutor.executeNonLifecycleItem:138 
04-26 12:46:22.702   403   485 D vulkan  : searching for layers in '/data/app/~~Y3wHTPPIKZ0YJSRZSRYUvQ==/com.google.android.projection.gearhead-O334O48HDpHJ2iLK_His4w==/split_config.en.apk!/lib/arm64-v8a'
04-26 12:46:22.702   403   485 D vulkan  : searching for layers in '/data/app/~~Y3wHTPPIKZ0YJSRZSRYUvQ==/com.google.android.projection.gearhead-O334O48HDpHJ2iLK_His4w==/split_config.xxxhdpi.apk!/lib/arm64-v8a'
04-26 12:46:22.702   470   470 D nativeloader: Load libframework-connectivity-tiramisu-jni.so using APEX ns com_android_tethering for caller /apex/com.android.tethering/javalib/framework-connectivity-t.jar: ok
04-26 12:46:22.702  3393  4229 I FlexibleTaskController: destroyFlexibleTaskSurface() called with: transaction = [Task{2d53fa5 #300 type=standard A=10123:com.google.android.projection.gearhead nonResizable}], reason = [RemoveTask]
04-26 12:46:22.702  3393  4592 I [UAH_CLIENT]: UahEventAcquire, cmdid:0, pkg:com.google.android.projection.gearhead, identity:com.android.server.wm
04-26 12:46:22.702  3393  4229 D ActivityTaskManager: setAppVisibility(Token{cce8f7a ActivityRecord{110859535 u0 com.google.android.projection.gearhead/.companion.settings.DefaultSettingsActivity t300 f}}}, visible=false):  visible=true mVisibleRequested=true
04-26 12:46:22.702  3393  4229 D ActivityTaskManager: setVisibility(Token{cce8f7a ActivityRecord{110859535 u0 com.google.android.projection.gearhead/.companion.settings.DefaultSettingsActivity t300 f}}}, visible=false) defer commitVisibility for transition collecting
04-26 12:46:22.703  3393  4229 D ActivityTrigger: ActivityTrigger activityPauseTrigger 
04-26 12:46:22.702  4925  4991 V WindowManagerShell: Transition requested (#1499): android.os.BinderProxy@b83c62e TransitionRequestInfo { type = CLOSE, triggerTask = TaskInfo{userId=0 taskId=300 effectiveUid=10123 displayId=0 isRunning=true baseIntent=Intent { flg=0x10000000 cmp=com.google.android.projection.gearhead/.companion.settings.DefaultSettingsActivity mCallingUid=2000 } baseActivity=ComponentInfo{com.google.android.projection.gearhead/com.google.android.projection.gearhead.companion.settings.DefaultSettingsActivity} topActivity=ComponentInfo{com.google.android.projection.gearhead/com.google.android.projection.gearhead.companion.settings.DefaultSettingsActivity} origActivity=null realActivity=ComponentInfo{com.google.android.projection.gearhead/com.google.android.projection.gearhead.companion.settings.DefaultSettingsActivity}
04-26 12:46:22.702  4925  4991 V WindowManagerShell:  numActivities=1 lastActiveTime=72363729 supportsSplitScreenMultiWindow=false supportsMultiWindow=false supportsPocketStudioMultiWindow=true isInFlexibleEmbedded = false uid = 10123 pid = 403 resizeMode=0 isResizeable=false minWidth=-1 minHeight=-1 defaultMinSize=220 token=WCT{android.window.IWindowContainerToken$Stub$Proxy@31195cf} topActivityType=1 pictureInPictureParams=null shouldDockBigOverlays=false launchIntoPipHostTaskId=-1 lastParentTaskIdBeforePip=-1 displayCutoutSafeInsets=Rect(0, 0 - 0, 0)
04-26 12:46:22.702  4925  4991 V WindowManagerShell:  topActivityInfo=ActivityInfo{73c0b5c com.google.android.projection.gearhead.companion.settings.DefaultSettingsActivity} launchCookies=[] positionInParent=Point(0, 0) parentTaskId=-1 isFocused=true isVisible=true isVisibleRequested=true isTopActivityNoDisplay=false isSleeping=false locusId=null displayAreaFeatureId=1 isTopActivityTransparent=false isActivityStackTransparent=false lastNonFullscreenBounds=Rect(277, 687 - 803, 1767) capturedLink=null capturedLinkTimestamp=0 requestedVisibleTypes=-9 topActivityRequestOpenInBrowserEducationTimestamp=0
04-26 12:46:22.702  4925  4991 V WindowManagerShell:  appCompatTaskInfo=AppCompatTaskInfo { topActivityInSizeCompat=false topActivityInOplusCompatMode=false eligibleForLetterboxEducation= false isLetterboxEducationEnabled= false isLetterboxDoubleTapEnabled= false eligibleForUserAspectRatioButton= false topActivityBoundsLetterboxed= false isFromLetterboxDoubleTap= false topActivityLetterboxVerticalPosition= -1 topActivityLetterboxHorizontalPosition= -1 topActivityLetterboxWidth=-1 topActivityLetterboxHeight=-1 topActivityAppBounds=Rect(0, 0 - 1080, 2376) isUserFullscreenOverrideEnabled=false isSystemFullscreenOverrideEnabled=false hasMinAspectRatioOverride=false topActivityLetterboxBounds=null cameraCompatTaskInfo=CameraCompatTaskInfo { freeformCameraCompatMode=inactive}} topActivityMainWindowFrame=null topActivityLetterboxInsets=Rect(0, 0 - 0, 0)
04-26 12:46:22.702  4925  4991 V WindowManagerShell:  mOplusExtraBundle = Bundle[mParcelledData.dataSize=1528]}, pipChange = null, remoteTransition = null, displayChange = null, flags = 0, debugId = 1499 }
04-26 12:46:22.703   403   485 D colorx  : I can't find colorx layer , let's enumerate colorx layers first.
04-26 12:46:22.704   470   470 D OplusActivityThreadExtImpl: java.lang.NoSuchMethodException: dalvik.system.VMRuntime.SupressionGC [int, int]
04-26 12:46:22.704   470   470 W libc    : Access denied finding property "persist.vendor.sys.activitylog"
04-26 12:46:22.704   470   470 I OneTrace: Mark active for pid=470? true
04-26 12:46:22.704   470   470 D cutils-dev: otrace_set_tracing_enabled? true tag:0
04-26 12:46:22.704   470   470 D cutils-dev: properties changed in otrace_seq_number_changed!
04-26 12:46:22.704  3393  4229 I TaskOrganizerController: onTaskInfoChanged taskid 1 config { mBounds=Rect(0, 0 - 1080, 2376) mAppBounds=Rect(0, 0 - 1080, 2376) mMaxBounds=Rect(0, 0 - 1080, 2376) mDisplayRotation=ROTATION_0 mWindowingMode=fullscreen mActivityType=home mAlwaysOnTop=undefined mRotation=ROTATION_0}
04-26 12:46:22.704  3393  4229 D OplusFlexibleDragToSplitAnimController: visibleFlexibleTaskInfos delete:1
04-26 12:46:22.704  3393  4229 E FlexibleWindowManagerService: notifyTaskObserverToAttachController not need to notify!
04-26 12:46:22.704  3393  4229 I FlexibleWindowManagerService: onFlexibleWindowTaskInfoChanged, return for cur task not embedded
04-26 12:46:22.704  3393  4229 I TaskOrganizerController: onTaskInfoChanged taskid 300 config { mBounds=Rect(0, 0 - 1080, 2376) mAppBounds=Rect(0, 0 - 1080, 2376) mMaxBounds=Rect(0, 0 - 1080, 2376) mDisplayRotation=ROTATION_0 mWindowingMode=fullscreen mActivityType=standard mAlwaysOnTop=undefined mRotation=ROTATION_0}
04-26 12:46:22.704  3393  4229 D OplusFlexibleDragToSplitAnimController: visibleFlexibleTaskInfos delete:300
04-26 12:46:22.704  3393  4229 E FlexibleWindowManagerService: notifyTaskObserverToAttachController not need to notify!
04-26 12:46:22.704  3393  4229 I FlexibleWindowManagerService: onFlexibleWindowTaskInfoChanged, return for cur task not embedded
04-26 12:46:22.704  3393  4229 D ActivityTaskManager: notifyTaskRemoved, task: Task{2d53fa5 #300 type=standard A=10123:com.google.android.projection.gearhead nonResizable} trace:com.android.server.wm.RecentTasks.notifyTaskRemoved:566 com.android.server.wm.RecentTasks.remove:1512 com.android.server.wm.ActivityTaskSupervisor.cleanUpRemovedTask:2167 com.android.server.wm.ActivityTaskSupervisor.removeTask:2131 com.android.server.wm.ActivityClientController.finishActivity:609 
04-26 12:46:22.705  3393  4229 W ActivityTaskManager: callingPackage for (uid=-1, pid=-1) has no WPC
04-26 12:46:22.705  4925  4991 D ShellTaskOrganizerExt: visibleFlexibleTaskInfos delete:1
04-26 12:46:22.705  4925  4991 D ShellTaskOrganizerExt: isOnCanvas size:0
04-26 12:46:22.705  4925  4991 D ShellTaskOrganizerExt: isOnThreeFlexibleCanvas size:0
04-26 12:46:22.705  4925  4991 D ShellTaskOrganizerExt: visibleFlexibleTaskInfos delete:300
04-26 12:46:22.705  4925  4991 D ShellTaskOrganizerExt: isOnCanvas size:0
04-26 12:46:22.705  4925  4991 D ShellTaskOrganizerExt: isOnThreeFlexibleCanvas size:0
04-26 12:46:22.706  3393  4592 I [UAH_CLIENT]: UahEventAcquire, cmdid:2, pkg:none, identity:com.android.server.wm
04-26 12:46:22.706  3393  4229 D WindowManager: NFW_setClientVisible:ActivityRecord{135938138 u0 com.google.android.projection.gearhead/.companion.settings.Material3SettingsActivity clientVisible:true
04-26 12:46:22.706  3393  4229 V GrammaticalInflectionUtils: AttributionSource: android.content.AttributionSource@dba36ca3 does not have READ_SYSTEM_GRAMMATICAL_GENDER permission.
04-26 12:46:22.706  3393  4229 D FlexibleTaskController: isSupportFlexibleWindow target = com.google.android.projection.gearhead/.companion.settings.Material3SettingsActivity callPkg = FlexibleTaskController support = true ,caller = 3393
04-26 12:46:22.706  3393  4229 D ActivityStarterExtImpl: NOT BACKGROUND_START_ACTIVITY_PERMISSION FEATURE
04-26 12:46:22.706  3393  4229 D FlexibleWindowManagerService: isIgnoreAppearedAcrossTask:false
04-26 12:46:22.706  3393  4229 D ActivityStarterExtImpl: setForceUpdateWindow, targetTask = Task{2d53fa5 #300 type=standard A=10123:com.google.android.projection.gearhead nonResizable} r = ActivityRecord{135938138 u0 com.google.android.projection.gearhead/.companion.settings.Material3SettingsActivity t-1} notFinish =false
04-26 12:46:22.706  3393  4229 D FlexibleWindowManagerService: isIgnoreAppearedAcrossTask:false
04-26 12:46:22.707  3393  4229 D FlexibleTaskController: adjustOptionsForFlexibleTask skip adjust options reason:4
04-26 12:46:22.707  3393  4229 I InsensibleTaskController: adjustOptionsForInsensibleTask targetTask is resuse so not pureInsensibleOptions
04-26 12:46:22.707  3393  4229 D FlexibleTaskController: isSupportFlexibleWindow target = com.google.android.projection.gearhead/.companion.settings.Material3SettingsActivity callPkg = FlexibleTaskController support = true ,caller = 3393
04-26 12:46:22.707  3393  4229 D FlexibleWindowManagerService: no reused task found for ActivityRecord{135938138 u0 com.google.android.projection.gearhead/.companion.settings.Material3SettingsActivity t-1}
04-26 12:46:22.707  3393  4229 D ActivityStarterExtImpl: isLaunchingRootActivity = false
04-26 12:46:22.707  3393  4229 D ActivityStarterExtImpl: shouldAvoidMoveToFrontIfNeeded targetTask =Task{2d53fa5 #300 type=standard A=10123:com.google.android.projection.gearhead nonResizable} targetIsInTransition = true topNonFinishingInTransition = false
04-26 12:46:22.707  3393  4229 D ActivityStarterExtImpl: checkLauncherOpening lastResumedActivity = ActivityRecord{110859535 u0 com.google.android.projection.gearhead/.companion.settings.DefaultSettingsActivity t300 f}} isLastResumedActivityLauncher = false lastResumedAnimating = true userLeaving = true isRecentPlaying = false isBackToHomePlaying = false
04-26 12:46:22.707  3393  4229 D SecondaryPageStartupPolicy: checkSecondaryPageStartupStatus not support sourcePackage=com.google.android.projection.gearhead
04-26 12:46:22.707  3393  4229 D OplusStartingWindowManager: we don't revise window flags for third app
04-26 12:46:22.707  3393  4229 D ActivityTaskManager: validateStartingWindowTheme:  Pkg=com.google.android.projection.gearhead, Translucent=false, Floating=false, ShowWallpaper=false, Disable=false, LaunchSource=4, Prev=ActivityRecord{110859535 u0 com.google.android.projection.gearhead/.companion.settings.DefaultSettingsActivity t300 f}}, LaunchedFromPackage=com.google.android.projection.gearhead
04-26 12:46:22.707  3393  4229 D ActivityTaskManager: addStartingWindow for ActivityRecord{135938138 u0 com.google.android.projection.gearhead/.companion.settings.Material3SettingsActivity t300}, mainWin=null, state=INITIALIZING, isKeyguardLocked=false, isKeyguardGoingAway=false
04-26 12:46:22.707  3393  4229 D ActivityTaskManager: getStartingWindowType: , newTask=true, taskSwitch=true, processRunning=true, allowTaskSnapshot=true, activityCreated=false, activityAllDrawn=false, snapshot exist: false
04-26 12:46:22.707  3393  4229 D ActivityRecordExtImpl: handleStartingWindowForCompactWindow origin type:2, adjustType : 2
04-26 12:46:22.707  3393  4229 D ActivityTaskManager: Moving existing StartingWindow Window{94e5c15 u0 Splash Screen com.google.android.projection.gearhead} from ActivityRecord{110859535 u0 com.google.android.projection.gearhead/.companion.settings.DefaultSettingsActivity t300 f}} to ActivityRecord{135938138 u0 com.google.android.projection.gearhead/.companion.settings.Material3SettingsActivity t300}
04-26 12:46:22.707  3393  4229 D ActivityTaskManager: Removing StartingWindow Window{94e5c15 u0 Splash Screen com.google.android.projection.gearhead} from ActivityRecord{110859535 u0 com.google.android.projection.gearhead/.companion.settings.DefaultSettingsActivity t300 f}}
04-26 12:46:22.708  3393  4229 D WindowManager: NFW_findFocusedWindowIfNeeded:null mCurrentFocus:null
04-26 12:46:22.708  3393  4229 D ActivityTaskManager: skip transferStartingWindow  from: ActivityRecord{110859535 u0 com.google.android.projection.gearhead/.companion.settings.DefaultSettingsActivity t300 f}}
04-26 12:46:22.708  3393  4229 D ActivityTaskManager: notifyTaskAdded, task: Task{2d53fa5 #300 type=standard A=10123:com.google.android.projection.gearhead nonResizable} trace:com.android.server.wm.RecentTasks.add:1392 com.android.server.wm.ActivityStarter.startActivityInner:3031 com.android.server.wm.ActivityStarter.startActivityUnchecked:2166 com.android.server.wm.ActivityStarter.executeRequest:1916 com.android.server.wm.ActivityStarter.execute:1004 
04-26 12:46:22.708  2050  2050 I qspmHal : enter getGpuProf at: -883677836
04-26 12:46:22.708  2050  2050 I qspmHal : Coudn't match the GFX PID 403 to AT PID 470. Checking in local cache.
04-26 12:46:22.708  2050  2050 I qspmHal : Found the GFX PID in cache
04-26 12:46:22.708  2050  2050 I qspmHal : PID 403 from GFX matched.
04-26 12:46:22.708  2050  2050 I qspmHal : gpuProfName:com.google.android.projection.gearhead-gpu - gpu prof_info.path:/data/vendor/gaming/com.google.android.projection.gearhead-gpu
04-26 12:46:22.708  2050  2050 E qspmHal : GPU profile file NOT found !!
04-26 12:46:22.709   403   485 I AdrenoVK-0: ===== BEGIN DUMP OF OVERRIDDEN SETTINGS =====
04-26 12:46:22.709   403   485 I AdrenoVK-0: ===== END DUMP OF OVERRIDDEN SETTINGS =====
04-26 12:46:22.709  3393  4229 I TaskOrganizerController: onTaskInfoChanged taskid 300 config { mBounds=Rect(0, 0 - 1080, 2376) mAppBounds=Rect(0, 0 - 1080, 2376) mMaxBounds=Rect(0, 0 - 1080, 2376) mDisplayRotation=ROTATION_0 mWindowingMode=fullscreen mActivityType=standard mAlwaysOnTop=undefined mRotation=ROTATION_0}
04-26 12:46:22.709  3393  4229 D OplusFlexibleDragToSplitAnimController: visibleFlexibleTaskInfos delete:300
04-26 12:46:22.709  3393  4229 E FlexibleWindowManagerService: notifyTaskObserverToAttachController not need to notify!
04-26 12:46:22.709  3393  4229 I FlexibleWindowManagerService: onFlexibleWindowTaskInfoChanged, return for cur task not embedded
04-26 12:46:22.709  3393  4229 I ActivityTaskManager: START u0 {flg=0x4000000 xflg=0x4 cmp=com.google.android.projection.gearhead/.companion.settings.Material3SettingsActivity mCallingUid=10123} with LAUNCH_MULTIPLE from uid 10123 (sr=110859535) (BAL_ALLOW_VISIBLE_WINDOW (callingUid has visible window)) result code=0
04-26 12:46:22.709  4925  4991 D ShellTaskOrganizerExt: visibleFlexibleTaskInfos delete:300
04-26 12:46:22.709  4925  4991 D ShellTaskOrganizerExt: isOnCanvas size:0
04-26 12:46:22.709  4925  4991 D ShellTaskOrganizerExt: isOnThreeFlexibleCanvas size:0
04-26 12:46:22.710  3393  5309 D SplitScreenAppReader: SPLIT_TOUCH support check:com.google.android.projection.gearhead = false
04-26 12:46:22.710  3393  5309 D RGBNormalizeServer: OplusRGBNormalize feature enabled ? true
04-26 12:46:22.710  3393  5309 D ResourcesManagerCache: For package com.google.android.projection.gearhead we got cacheList [null] appInfoExt is null ? false hasFeature ? false
04-26 12:46:22.710   403   403 E OplusPredictiveBackController:  NoSuchMethodException 
04-26 12:46:22.710   403   403 E OplusPredictiveBackController:  NoSuchMethodException 
04-26 12:46:22.710   403   403 D OplusPredictiveBackController: should not HookOnBackInvokedCallbackEnabled for application com.google.android.projection.gearhead.companion.settings.DefaultSettingsActivity@e61057f hasOnBackInvokedCallBackEnabled
04-26 12:46:22.710   403   403 D OplusPredictiveBackController: initPredictiveBackConfig for com.google.android.projection.gearhead.companion.settings.DefaultSettingsActivity@e61057f initPredictiveBackConfig mShouldInterceptKeyEvent false
04-26 12:46:22.710   403   403 D OplusPredictiveBackController: should not HookOnBackInvokedCallbackEnabled for application com.google.android.projection.gearhead.companion.settings.DefaultSettingsActivity@e61057f hasOnBackInvokedCallBackEnabled
04-26 12:46:22.711   403   403 I oplus.android.OplusFrameworkFactoryImpl: Unknow feature:IOplusTextViewRTLUtilForUG
04-26 12:46:22.712   403   485 D qdgralloc: Fetching IMapper5 from QtiMapper5
04-26 12:46:22.712  4925  4991 D ZoomController: onTaskMovedToFront, task id:3
04-26 12:46:22.712  4925  4991 I ZoomUiController: FloatHandle-isFloatHandleShow mPackageName = null
04-26 12:46:22.712   403   403 D DesktopModeFlags: Toggle override initialized to: OVERRIDE_UNSET
04-26 12:46:22.713  4925  4991 D ZoomController: onTaskMovedToFront, task id:300
04-26 12:46:22.713  4925  4991 I ZoomUiController: FloatHandle-isFloatHandleShow mPackageName = null
04-26 12:46:22.713   470   493 D OplusAppHeapManager: java.lang.NoSuchMethodException: dalvik.system.VMRuntime.updateProcessValue [int, int, int]
04-26 12:46:22.713   403   403 D ScrollOptimizationHelper: can't find the config file for optimizaiton
04-26 12:46:22.713   403   403 D ScrollOptimizationHelper: will not debug for debug is false
04-26 12:46:22.714   470   470 D CompactWindowAppManager: initCompactApplicationInfo CompactMode: , NormalMode: 
04-26 12:46:22.714   470   470 V Configuration: Updating configuration, locales updated from [] to [en_US]
04-26 12:46:22.715   470   470 D OplusScrollToTopManager: setIsInWhiteList false
04-26 12:46:22.715   403   403 E OplusCustomizeRestrictionManager: sInstance is null, start a new sInstance
04-26 12:46:22.715   470   470 D OplusViewDebugManager: OplusViewDebugManager Constructor android.view.debug.OplusViewDebugManager@f4cb224 [mHasViewDebugProperty true] [mHasMsgDebugProperty false] [DEBUG false] [EXTRAINFOENABLE false] [LIGHT_OS false]
04-26 12:46:22.718   470   470 W libc    : Access denied finding property "ro.odm.prev.product.name"
04-26 12:46:22.719   470   470 D ApplicationLoaders: Returning zygote-cached class loader: /system_ext/framework/androidx.window.extensions.jar
04-26 12:46:22.719   470   470 D ApplicationLoaders: Returning zygote-cached class loader: /system_ext/framework/androidx.window.sidecar.jar
04-26 12:46:22.719   403   485 I SnapAlloc: Graphics lib is available
04-26 12:46:22.720   403   403 D OplusPredictiveBackController: should not HookOnBackInvokedCallbackEnabled for application com.google.android.projection.gearhead.companion.settings.DefaultSettingsActivity@e61057f hasOnBackInvokedCallBackEnabled
04-26 12:46:22.720   403   403 D ActivityThread: ComponentInfo{com.google.android.projection.gearhead/com.google.android.projection.gearhead.companion.settings.DefaultSettingsActivity} checkFinished=true 1
04-26 12:46:22.720   403   403 D ActivityThread: ComponentInfo{com.google.android.projection.gearhead/com.google.android.projection.gearhead.companion.settings.DefaultSettingsActivity} checkFinished=true 1
04-26 12:46:22.721  3393  5309 D RefreshRate: don't do app switch boost,arDisplayId:0 mDisplayId:0 currentSettingMode:0 hasAppSwitchBoostPriority:true is supportRefreshRateSwitch:true
04-26 12:46:22.721  3393  5309 I ActivityTaskManager: The Process com.google.android.projection.gearhead:projection Already Exists in BG. So sending its PID: 403
04-26 12:46:22.721  1841  1872 E statsd  : Stats puller failed for tag: 150134 at 72363790571263
04-26 12:46:22.721  3393  4554 D BackgroundInstallControlService: Package event received: 0
04-26 12:46:22.721  3393  5309 D FlexibleTaskController: isFullToFlexibleAnimating: false
04-26 12:46:22.721  3393  5309 D WindowManager: rotation(ROTATION_0) no changed  displayId = 0, lastOrientation = -1
04-26 12:46:22.721  3393  5309 I TaskOrganizerController: onTaskInfoChanged taskid 300 config { mBounds=Rect(0, 0 - 1080, 2376) mAppBounds=Rect(0, 0 - 1080, 2376) mMaxBounds=Rect(0, 0 - 1080, 2376) mDisplayRotation=ROTATION_0 mWindowingMode=fullscreen mActivityType=standard mAlwaysOnTop=undefined mRotation=ROTATION_0}
04-26 12:46:22.722  3393  5309 D OplusFlexibleDragToSplitAnimController: visibleFlexibleTaskInfos delete:300
04-26 12:46:22.722  3393  5309 E FlexibleWindowManagerService: notifyTaskObserverToAttachController not need to notify!
04-26 12:46:22.722  3393  5309 I FlexibleWindowManagerService: onFlexibleWindowTaskInfoChanged, return for cur task not embedded
04-26 12:46:22.722  3393  5309 D OplusDexOptimizeManager: Do not in AppLaunchOptList, and is systemApp, don't need start-app or repair-dex com.google.android.projection.gearhead
04-26 12:46:22.722  4925  4991 D ShellTaskOrganizerExt: visibleFlexibleTaskInfos delete:300
04-26 12:46:22.722  4925  4991 D ShellTaskOrganizerExt: isOnCanvas size:0
04-26 12:46:22.722  4925  4991 D ShellTaskOrganizerExt: isOnThreeFlexibleCanvas size:0
04-26 12:46:22.722  3393  5309 D ActivityTaskManager: NFW_setLastResumedActivityUncheckLocked:true r:ActivityRecord{135938138 u0 com.google.android.projection.gearhead/.companion.settings.Material3SettingsActivity t300} currentFocus:null
04-26 12:46:22.722  3393  5309 D WindowManager: NFW_findFocusedWindowIfNeeded:null mCurrentFocus:null
04-26 12:46:22.722  3393  5196 D OplusAppSwitchRuleInfo: generateActivityEnterInfo - launch_source_type =  , launch_source_traceid = 
04-26 12:46:22.722  3393  5196 D OplusAppSwitchRuleInfo: generateActivityEnterInfo - launch_source_type =  , launch_source_traceid = 
04-26 12:46:22.723  3393  5309 D WindowManager: onSyncFinishedDrawing: Window{94e5c15 u0 Splash Screen com.google.android.projection.gearhead}
04-26 12:46:22.723  3393  5309 E OplusAppQuickStart_AppQuickStartController: not start from launcher transition:1499
04-26 12:46:22.723  3393  5309 D Transition: collectOrderChanges onTopTasksEnd: [Task{2d53fa5 #300 type=standard A=10123:com.google.android.projection.gearhead nonResizable}], reportedOnTop:null, mOnTopTasksStart: [Task{2d53fa5 #300 type=standard A=10123:com.google.android.projection.gearhead nonResizable}], TDA child: [Task{5652e43 #2 type=undefined}, Task{316f1cb #143 type=standard A=10479:com.roborock.smart}, Task{d9bca91 #121 type=standard A=10362:com.x8bit.bitwarden}, Task{e4bf19b #149 type=standard I=com.google.android.apps.authenticator2/.main.MainActivity nonResizable}, Task{6238731 #153 type=standard A=10385:com.eightsleep.eight}, Task{f7bb946 #156 type=standard A=10191:google.android.task.calendar}, Task{2376fce #157 type=standard A=10383:com.kevinforeman.nzb360}, Task{3da5dea #159 type=standard A=10207:com.google.android.youtube}, Task{61452ae #161 type=standard A=10377:com.google.android.keep}, Task{4263f8c #113 type=standard A=10378:com.google.android.apps.googlevoice}, Task{98d7b0e #175 type=standard A=10405:com.august.luna}, Task{39c4dab #177 type=standard A=10386:com.dmholdings.MarantzAVRRemote nonResizable}, Task{4726c1b #179 type=standard A=10431:com.gm.chevrolet.nomad.ownership}, Task{402f9cc #183 type=standard A=10382:com.whisker.android}, Task{fe58a96 #189 type=standard A=10393:com.EVGATEWAY}, Task{b21f9bc #192 type=standard A=10417:com.driivz.mobile.android.evgo.driver}, Task{68d3f82 #197 type=standard A=10490:com.ubnt.easyunifi}, Task{50ac881 #198 type=standard A=10192:com.android.chrome}, Task{dd44687 #199 type=standard A=10194:com.google.android.apps.walletnfcrel}, Task{f95c8a9 #187 type=standard A=10373:com.google.android.apps.magazines}, Task{4a822f3 #200 type=standard A=10144:com.android.vending}, Task{9b591c0 #160 type=standard A=10204:com.google.android.apps.photos}, Task{9c2d048 #173 type=standard A=10355:com.google.android.apps.chromecast.app}, Task{e895ae #213 type=standard A=10381:com.devhd.feedly}, Task{7259d41 #174 type=standard A=10200:com.google.android.gm}, Task{bbe924d #214 type=standard A=10342:com.google.android.apps.adm}, Task{e03e260 #142 type=standard A=10374:com.google.android.apps.dynamite}, Task{e276535 #106 type=standard A=1000:com.android.settings.root}, Task{3a7d194 #1 type=home}, Task{2d53fa5 #300 type=standard A=10123:com.google.android.projection.gearhead nonResizable}]
04-26 12:46:22.723  3393  5309 D OplusFlexibleActivityTransitionManager: fixTransitType type result:2, targets: [ChangeInfo{bf71261 container=ActivityRecord{135938138 u0 com.google.android.projection.gearhead/.companion.settings.Material3SettingsActivity t300} flags=0x0}, ChangeInfo{7d29186 container=ActivityRecord{110859535 u0 com.google.android.projection.gearhead/.companion.settings.DefaultSettingsActivity t300 f}} flags=0x0}]
04-26 12:46:22.724  3393  5309 D OplusTransitionAnimationManager: activityRecordCount1fullScreenArBeHindStartingWindow null
04-26 12:46:22.724  3393  5309 D OplusTransitionAnimationManager: activityRecordCount1fullScreenArBeHindStartingWindow null
04-26 12:46:22.724  3393  5309 D QuickBackInputPolicy: resetInputInterceptState for remoteTransition: false
04-26 12:46:22.724  3393  5309 D OplusTransitionController: onTransactionReady, transition: 1499, info: {id=1499 t=CLOSE f=0x0 trk=0 r=[0@Point(0, 0)] c=[{m=OPEN f=STARTING_WINDOW_TRANSFER|FILLS_TASK|IS_BEHIND_STARTING_WINDOW leash=Surface(name=ActivityRecord{135938138 u0 com.google.android.projection.gearhead/.companion.settings.Material3SettingsActivity t300})/@0xb0af3e3 sb=Rect(0, 0 - 0, 0) eb=Rect(0, 0 - 1080, 2376) epz=Point(1080, 2376) d=-1->0 r=-1->0:-1 bc=ff000000 component=com.google.android.projection.gearhead/.companion.settings.Material3SettingsActivity},{m=TO_BACK f=FILLS_TASK|IS_BEHIND_STARTING_WINDOW|IS_OCCLUDED leash=Surface(name=ActivityRecord{110859535 u0 com.google.android.projection.gearhead/.companion.settings.DefaultSettingsActivity t300})/@0xe8b31e0 sb=Rect(0, 0 - 1080, 2376) eb=Rect(0, 0 - 1080, 2376) epz=Point(1080, 2376) d=0 bc=ff000000 component=com.google.android.projection.gearhead/.companion.settings.DefaultSettingsActivity}] 
04-26 12:46:22.724  3393  5309 D OplusTransitionController: extendInfo=[
04-26 12:46:22.724  3393  5309 D OplusTransitionController:  OplusTransitionExtendedInfo{mTmpFinishT=null, mInOplusCompatMode=false, mIsProcessRunning=false, mHasMismatchBoundsTarget=false, mRecentsController=null, mRemoteTransition=null, mIsTranslucentActivityToHome=false, mAvoidInterceptKeyEventToHome=false, mIsFromHome=false, mParentLeash=null, mBackAnimClosingLeash=null, mIsOplusAnimRes=false, mKeepBgForContinuous=false, mIsBalAllow=false, mTaskNotInRecent=false, mIsPredictiveBackAnim=false, mIsMergedWithPredictive=false, mIsLaunchFromSpruce=false, mIsLaunchFromDrive=false, mGlobalSearchPageSwitch=false, mNeedNoAlphaGlobalSearchScene=false, mAssistScreenShowing=false, mSwipeUpBrowserScreenShowing=false, mUserIdTransition=-1
04-26 12:46:22.724  3393  5309 D OplusTransitionController: , mInRemoteScene=false, mInPreReady=false, mPreStart=false, mToken=null, mAbortByRemoteFromHome=false, mShellApplyToken=null, mRequestTransitionTaskId=300, mAbortTransitionOnShell=0, mStartFromShortcut=false, mRemovedTaskId=-1, mTransitionInterruptType=0, mMergeSecondTaskId=-1, mTaskIdStartFromRecents=0, mTransitionId=1499, mCanUseSpringSlideAnim=false, mTransitionLaunchFrom=0, mFoldChangeType=-1, mAnimStartingPosition=[0, 0, 0, 0], mIsOpeningStkDialogActivity=false, mSecondaryHomeToFrontWhenUnFolding=false, mIsNeedApplyStartTForEmbedded=false
04-26 12:46:22.724  3393  5309 D OplusTransitionController: , mNeedCanvasExitAnim=false, mMergeSecondTaskAnimation=false, mIsLaunchUnityStart=false, mIsLaunchFromAssistantByDefault=false, mSkipRemoteTransitionfalse, mIsStartFromKeyguard=false flags=0x0, mWCT=null, mIsOpenMergeToInValidPredictive=false, mPromoteTaskWhenKeyguard-1, mRootLayerZOrderArray={}}]}, targets : [ChangeInfo{bf71261 container=ActivityRecord{135938138 u0 com.google.android.projection.gearhead/.companion.settings.Material3SettingsActivity t300} flags=0x0}, ChangeInfo{7d29186 container=ActivityRecord{110859535 u0 com.google.android.projection.gearhead/.companion.settings.DefaultSettingsActivity t300 f}} flags=0x0}], participants: {Task{2d53fa5 #300 type=standard A=10123:com.google.android.projection.gearhead nonResizable}, ActivityRecord{110859535 u0 com.google.android.projection.gearhead/.companion.settings.DefaultSettingsActivity t300 f}}, ActivityRecord{135938138 u0 com.google.android.projection.gearhead/.companion.settings.Material3SettingsActivity t300}, Window{94e5c15 u0 Splash Screen com.google.android.projection.gearhead}}
04-26 12:46:22.725   403   485 I Adreno-UNKNOWN: Using previously loaded IMapper library.
04-26 12:46:22.725  3393  5309 I [UAH_CLIENT]: UahEventAcquire, cmdid:2, pkg:none, identity:OplusActivityManagerServiceEnhance
04-26 12:46:22.725  4925 13275 V WindowManagerShell: onTransitionReady(transaction=14572824154032)
04-26 12:46:22.726   403   403 D ResourcesManagerExtImpl: applyConfigurationToAppResourcesLocked app.getDisplayId() return callback.displayId:0
04-26 12:46:22.726  3393  3567 V WindowManager: Sent Transition (#1499) createdAt=04-26 12:46:22.702 via request=TransitionRequestInfo { type = CLOSE, triggerTask = TaskInfo{userId=0 taskId=300 effectiveUid=10123 displayId=0 isRunning=true baseIntent=Intent { flg=0x10000000 cmp=com.google.android.projection.gearhead/.companion.settings.DefaultSettingsActivity mCallingUid=2000 } baseActivity=ComponentInfo{com.google.android.projection.gearhead/com.google.android.projection.gearhead.companion.settings.DefaultSettingsActivity} topActivity=ComponentInfo{com.google.android.projection.gearhead/com.google.android.projection.gearhead.companion.settings.DefaultSettingsActivity} origActivity=null realActivity=ComponentInfo{com.google.android.projection.gearhead/com.google.android.projection.gearhead.companion.settings.DefaultSettingsActivity}
04-26 12:46:22.726  3393  3567 V WindowManager:  numActivities=1 lastActiveTime=72363729 supportsSplitScreenMultiWindow=false supportsMultiWindow=false supportsPocketStudioMultiWindow=true isInFlexibleEmbedded = false uid = 10123 pid = 403 resizeMode=0 isResizeable=false minWidth=-1 minHeight=-1 defaultMinSize=220 token=WCT{RemoteToken{d45da00 Task{2d53fa5 #300 type=standard A=10123:com.google.android.projection.gearhead nonResizable}}} topActivityType=1 pictureInPictureParams=null shouldDockBigOverlays=false launchIntoPipHostTaskId=-1 lastParentTaskIdBeforePip=-1 displayCutoutSafeInsets=Rect(0, 0 - 0, 0)
04-26 12:46:22.726  3393  3567 V WindowManager:  topActivityInfo=ActivityInfo{b2a0239 com.google.android.projection.gearhead.companion.settings.DefaultSettingsActivity} launchCookies=[] positionInParent=Point(0, 0) parentTaskId=-1 isFocused=true isVisible=true isVisibleRequested=true isTopActivityNoDisplay=false isSleeping=false locusId=null displayAreaFeatureId=1 isTopActivityTransparent=false isActivityStackTransparent=false lastNonFullscreenBounds=Rect(277, 687 - 803, 1767) capturedLink=null capturedLinkTimestamp=0 requestedVisibleTypes=-9 topActivityRequestOpenInBrowserEducationTimestamp=0
04-26 12:46:22.726  3393  3567 V WindowManager:  appCompatTaskInfo=AppCompatTaskInfo { topActivityInSizeCompat=false topActivityInOplusCompatMode=false eligibleForLetterboxEducation= false isLetterboxEducationEnabled= false isLetterboxDoubleTapEnabled= false eligibleForUserAspectRatioButton= false topActivityBoundsLetterboxed= false isFromLetterboxDoubleTap= false topActivityLetterboxVerticalPosition= -1 topActivityLetterboxHorizontalPosition= -1 topActivityLetterboxWidth=-1 topActivityLetterboxHeight=-1 topActivityAppBounds=Rect(0, 0 - 1080, 2376) isUserFullscreenOverrideEnabled=false isSystemFullscreenOverrideEnabled=false hasMinAspectRatioOverride=false topActivityLetterboxBounds=null cameraCompatTaskInfo=CameraCompatTaskInfo { freeformCameraCompatMode=inactive}} topActivityMainWindowFrame=null topActivityLetterboxInsets=Rect(0, 0 - 0, 0)
04-26 12:46:22.726  3393  3567 V WindowManager:  mOplusExtraBundle = Bundle[{androidx.flexible.taskFrame=Rect(0, 0 - 0, 0), androidx.flexible.Alpha=1.0, androidx.activity.task.attach.blur=0, androidx.activity.LaunchInsensible=0, androidx.activity.LaunchCornerRadius=0, key_flexible_task_state=0, topActivitySupportAppInnerSplit=false, key_flexible_task_animating_type=-1, key_flexible_task_root_activity_processname=com.google.android.projection.gearhead:projection, androidx.activity.LaunchScenario=0, is_oplus_clone_task=false, flexible_super_mini_state=false, topRunningActivityHash=110859535, androidx.activity.LaunchScale=1.0, androidx.activity.LaunchShadowRadius=0, is_transient_hide_for_task_info=false, key_flexible_task_root_activity_pid=403, key_flexible_task_root_activity_uid=10123}]}, pipChange = null, remoteTransition = null, displayChange = null, flags = 0, debugId = 1499 }
04-26 12:46:22.726  3393  3567 V WindowManager:     startWCT=WindowContainerTransaction { changes= {} hops= [] errorCallbackToken=null taskFragmentOrganizer=null }
04-26 12:46:22.726  3393  3567 V WindowManager:     info={id=1499 t=CLOSE f=0x0 trk=0 r=[0@Point(0, 0)] c=[
04-26 12:46:22.726  3393  3567 V WindowManager:         {m=OPEN f=STARTING_WINDOW_TRANSFER|FILLS_TASK|IS_BEHIND_STARTING_WINDOW leash=Surface(name=ActivityRecord{135938138 u0 com.google.android.projection.gearhead/.companion.settings.Material3SettingsActivity t300})/@0xb0af3e3 sb=Rect(0, 0 - 0, 0) eb=Rect(0, 0 - 1080, 2376) epz=Point(1080, 2376) d=-1->0 r=-1->0:-1 bc=ff000000 component=com.google.android.projection.gearhead/.companion.settings.Material3SettingsActivity},
04-26 12:46:22.726  3393  3567 V WindowManager:         {m=TO_BACK f=FILLS_TASK|IS_BEHIND_STARTING_WINDOW|IS_OCCLUDED leash=Surface(name=ActivityRecord{110859535 u0 com.google.android.projection.gearhead/.companion.settings.DefaultSettingsActivity t300})/@0xe8b31e0 sb=Rect(0, 0 - 1080, 2376) eb=Rect(0, 0 - 1080, 2376) epz=Point(1080, 2376) d=0 bc=ff000000 component=com.google.android.projection.gearhead/.companion.settings.DefaultSettingsActivity}
04-26 12:46:22.726  3393  3567 V WindowManager:     ] 
04-26 12:46:22.726  3393  3567 V WindowManager: extendInfo=[
04-26 12:46:22.726  3393  3567 V WindowManager:  OplusTransitionExtendedInfo{mTmpFinishT=null, mInOplusCompatMode=false, mIsProcessRunning=false, mHasMismatchBoundsTarget=false, mRecentsController=null, mRemoteTransition=null, mIsTranslucentActivityToHome=false, mAvoidInterceptKeyEventToHome=false, mIsFromHome=false, mParentLeash=null, mBackAnimClosingLeash=null, mIsOplusAnimRes=false, mKeepBgForContinuous=false, mIsBalAllow=false, mTaskNotInRecent=false, mIsPredictiveBackAnim=false, mIsMergedWithPredictive=false, mIsLaunchFromSpruce=false, mIsLaunchFromDrive=false, mGlobalSearchPageSwitch=false, mNeedNoAlphaGlobalSearchScene=false, mAssistScreenShowing=false, mSwipeUpBrowserScreenShowing=false, mUserIdTransition=-1
04-26 12:46:22.726  3393  3567 V WindowManager: , mInRemoteScene=false, mInPreReady=false, mPreStart=false, mToken=null, mAbortByRemoteFromHome=false, mShellApplyToken=null, mRequestTransitionTaskId=300, mAbortTransitionOnShell=0, mStartFromShortcut=false, mRemovedTaskId=-1, mTransitionInterruptType=0, mMergeSecondTaskId=-1, mTaskIdStartFromRecents=0, mTransitionId=1499, mCanUseSpringSlideAnim=false, mTransitionLaunchFrom=0, mFoldChangeType=-1, mAnimStartingPosition=[0, 0, 0, 0], mIsOpeningStkDialogActivity=false, mSecondaryHomeToFrontWhenUnFolding=false, mIsNeedApplyStartTForEmbedded=false
04-26 12:46:22.726  3393  3567 V WindowManager: , mNeedCanvasExitAnim=false, mMergeSecondTaskAnimation=false, mIsLaunchUnityStart=false, mIsLaunchFromAssistantByDefault=false, mSkipRemoteTransitionfalse, mIsStartFromKeyguard=false flags=0x0, mWCT=null, mIsOpenMergeToInValidPredictive=false, mPromoteTaskWhenKeyguard-1, mRootLayerZOrderArray={}}]}
04-26 12:46:22.726  3393  3570 D FlexibleTaskController: check task which not have enough child, isInSingleWhiteList:false isCloneTask:false
04-26 12:46:22.727   403   403 D AppCompatDelegate: Checking for metadata for AppLocalesMetadataHolderService : Service not found
04-26 12:46:22.727  4925  4991 V WindowManagerShell: onTransitionReady (#1499) android.os.BinderProxy@b83c62e: {id=1499 t=CLOSE f=0x0 trk=0 r=[0@Point(0, 0)] c=[
