04-26 13:00:19.078  2086  2086 D SensorFeature: name=ssc_screenshot_info ,index = 22
04-26 13:00:19.078  2086  2086 D SensorFeature: write 37 bytes:73198282929330,73200146888079,56684,0
04-26 13:00:19.083  2132  2175 D BatteryChargeControl: bcc get no support from charging protocol
04-26 13:00:19.095  1955 30145 I sensors-hal: handle_oplus_wise_rgb_event:189, high_pwm_light:lux 69.1,cct 4608.4,brl/algo/ir 2480.0/2.0/82.5,pwm/dc 0.0/0.0,rgbc 6132.930664/4028.713135/2293.086426/10685.689453,ts 73200116595273,cnt 21777,flag 56684
04-26 13:00:19.354  3393  4232 D osense.compress: com.android.chrome do shrink, target ratio = 78, final ratio = 90, cur ratio = 66
04-26 13:00:19.374  8584 11937 I PTC.DISC.AndroidMultiLanServer: Watcher sysNif=[wlan0], userNif=[wlan0 state=(LISTEN JOIN(36AA2D|24194)), , null], clientNif=[wlan0 state=(LISTEN), , ], tcpServer state=LISTEN, ipv4=**8.1.174
04-26 13:00:19.379  2086  2086 D SensorFeature: name=ssc_screenshot_info ,index = 22
04-26 13:00:19.379  2086  2086 D SensorFeature: write 37 bytes:73198282929330,73200448708443,56685,0
04-26 13:00:19.453  2132  2188 E BatteryDamageDetect: BddVoltDiffCheck begins
04-26 13:00:19.453  2132  2188 E BatteryDamageDetect: volt diff trend not changed, volt_diff_trend = 0
04-26 13:00:19.627  1955 30145 I sensors-hal: handle_oplus_wise_rgb_event:189, high_pwm_light:lux 69.5,cct 4631.1,brl/algo/ir 2480.0/2.0/82.4,pwm/dc 0.0/0.0,rgbc 6109.874512/4033.638184/2279.160645/10693.578125,ts 73200457680325,cnt 21787,flag 56685
04-26 13:00:19.682  2086  2086 D SensorFeature: name=ssc_screenshot_info ,index = 22
04-26 13:00:19.682  2086  2086 D SensorFeature: write 37 bytes:73198282929330,73200750442506,56686,0
04-26 13:00:19.738  5272  7536 D CommonApp-117-10511: transport layer data is invalid
04-26 13:00:19.739  5272  7536 D ScorePolicy: handleScoreChanged: []
04-26 13:00:19.739  5272  7536 D ScorePolicy: handleScoreChanged: []
04-26 13:00:19.739  5272  7536 D ScorePolicy: handleScoreChanged: []
04-26 13:00:19.766  8368  8772 D gaia-GaiaConnectChecker: start connect check++
04-26 13:00:19.767  8368 26596 D gaia-GaiaConnectChecker: start connect check++
04-26 13:00:19.812 12512 12512 D LocationManagerExtImpl: handleMessage: remove location cache
04-26 13:00:19.893  3393  4380 D FusionLightNextGen: process end reported = 1, mode: 0, cnt: 170190, lux 100.4, cct -1.0, r/g/b/c: 6066.3/3964.7/2256.0/10596.3, R/G/B: 17.0/19.0/27.0, bri 2480.0, match 1.00, ir 0.088204, conf 0.0, ts 73200731125429
04-26 13:00:19.962  3393  4389 V AlarmManager: sending alarm Alarm{8e57b83 type 1 origWhen 1777233619962 whenElapsed 73201032 android} uid 1000 whenElapsed 73201032 windowLength 0 maxWhenElapsed 73201032 repeatInterval 0 action null component null tag StorgaeBandInfoAlarmTag flags 0x9 procName system_server
04-26 13:00:19.963  3393 19256 E OplusStorageUFSBandwidth: storage_io_metrics_path is /proc/oplus_storage/io_metrics/forever/
04-26 13:00:19.965  3393 19256 E OplusStorageUFSBandwidth: Bandwidth - Read: 5.99 MB/s, Write: 0.50 MB/s
04-26 13:00:19.965  3393 19256 E OplusStorageUFSBandwidth: Task time: 2ms
04-26 13:00:19.970  3393 19256 E OplusStorageUFSBandwidth: Alarm set to trigger in 10 seconds
04-26 13:00:19.984  2086  2086 D SensorFeature: name=ssc_screenshot_info ,index = 22
04-26 13:00:19.984  2086  2086 D SensorFeature: write 37 bytes:73198282929330,73201052886724,56687,0
04-26 13:00:20.020  3037 30239 D LOWI-9.0.1.118: [LOWI-Scan] wait_event:Wait done with Cmd 103
04-26 13:00:20.020  3037 30239 D LOWI-9.0.1.118: [LOWI-Scan] do_listen_events: Rcvd valid Netlink Cmd 0 Err 0
04-26 13:00:20.021  1958 30234 I WifiHAL : event received NL80211_CMD_VENDOR, vendor_id = 0x1374, subcmd = 0xd
04-26 13:00:20.021  2995  2995 I cnss-daemon: nl80211 response handler invoked
04-26 13:00:20.021  2995  2995 I cnss-daemon: nl80211_response_handler: cmd 103, vendorID 4980, subcmd 13  received
04-26 13:00:20.084  2132  2175 D BatteryChargeControl: bcc get no support from charging protocol
04-26 13:00:20.158  1955 30145 I sensors-hal: handle_oplus_wise_rgb_event:189, high_pwm_light:lux 46.9,cct 4515.0,brl/algo/ir 2480.0/2.0/91.3,pwm/dc 0.0/0.0,rgbc 3494.284912/2171.959229/1288.120239/5717.619141,ts 73201021879075,cnt 21797,flag 56687
04-26 13:00:20.160  3393  3624 D OplusFeatureGameBrightness: lux = 35
04-26 13:00:20.164  1986  2522 I SDM     : DisplayBuiltIn::IdlePowerCollapse: IPC received, disabling partial update for one frame
04-26 13:00:20.227  3393  4232 D osense.compress: com.google.android.projection.gearhead do shrink, target ratio = 10, final ratio = 20, cur ratio = 0
04-26 13:00:20.230 12487 12503 V ClearcutMetricXmitter: Transmission is done.
04-26 13:00:20.231 12487 12503 V ClearcutMetricXmitter: Transmission is done.
04-26 13:00:20.231 12487 12503 V ClearcutMetricXmitter: Transmission is done.
04-26 13:00:20.269 12487 12498 W head:projection: userfaultfd: MOVE ioctl seems unsupported: Connection timed out
04-26 13:00:20.285  2086  2086 D SensorFeature: name=ssc_screenshot_info ,index = 22
04-26 13:00:20.285  2086  2086 D SensorFeature: write 37 bytes:73198282929330,73201354737610,56688,0
04-26 13:00:20.424  3393  3624 D OplusFeatureGameBrightness: lux = 88
04-26 13:00:20.454  2132  2188 E BatteryDamageDetect: BddVoltDiffCheck begins
04-26 13:00:20.454  2132  2188 E BatteryDamageDetect: volt diff trend not changed, volt_diff_trend = 0
04-26 13:00:20.587  2086  2086 D SensorFeature: name=ssc_screenshot_info ,index = 22
04-26 13:00:20.587  2086  2086 D SensorFeature: write 37 bytes:73198282929330,73201655947505,56689,0
04-26 13:00:20.688  1955 30145 I sensors-hal: handle_oplus_wise_rgb_event:189, high_pwm_light:lux 73.1,cct 4664.0,brl/algo/ir 2480.0/2.0/86.3,pwm/dc 0.0/0.0,rgbc 6663.221191/4405.481445/2553.031006/11585.148438,ts 73201627409023,cnt 21807,flag 56689
04-26 13:00:20.762  5272  7536 D CommonApp-117-10511: transport layer data is invalid
04-26 13:00:20.764  5272  7536 D ScorePolicy: handleScoreChanged: []
04-26 13:00:20.764  5272  7536 D ScorePolicy: handleScoreChanged: []
04-26 13:00:20.764  5272  7536 D ScorePolicy: handleScoreChanged: []
04-26 13:00:20.858  3393  4232 D osense.compress: com.google.android.apps.magazines do shrink, target ratio = 88, final ratio = 90, cur ratio = 83
04-26 13:00:20.888  2086  2086 D SensorFeature: name=ssc_screenshot_info ,index = 22
04-26 13:00:20.889  2086  2086 D SensorFeature: write 37 bytes:73198282929330,73201957863755,56690,0
04-26 13:00:20.976  5272  5272 D VendorWifiService: onEvent event:9,action:1
04-26 13:00:20.976  5272  5272 D VendorWifiService: onEvent event:19,action:1
04-26 13:00:20.983  3393  4643 D ScorerUtils: isLowTraffic: txTputKBps=0, rxTputKBps=0
04-26 13:00:20.984  3393  4643 D OplusWifiPower_TriggerCenter: mComponentCallback: wifistat
04-26 13:00:20.985  3393  4643 D OplusWifiResidenceRecognition: No available relateBssidList
04-26 13:00:20.992  1986  2522 I SDM     : DisplayBuiltIn::IdlePowerCollapse: IPC received, disabling partial update for one frame
04-26 13:00:21.084  2132  2175 D BatteryChargeControl: bcc get no support from charging protocol
04-26 13:00:21.087  1999  2115 E PERFHAL-OPTSHANDLER: PERFHAL-OPTSHANDLER: unsupported() 909: Error: This resource is not supported
04-26 13:00:21.087  1999  2115 E PERFHAL-RESOURCEQS: PERFHAL-RESOURCEQS: RemoveAndApply() 299: Failed to reset optimization here [18, 41]
04-26 13:00:21.087  1999  2115 I [UAH_CLIENT]: UahRelease, handle:20177
04-26 13:00:21.088  1999  2115 I [UAH_CLIENT]: UahPlatformResAcquire
04-26 13:00:21.088  1999  2115 I [UAH_CLIENT]: UahEventAcquire, cmdid:-3, pkg:1999 12645, identity:qcom-perfd
04-26 13:00:21.088  1999  2115 E PERFHAL-RESOURCEQS: PERFHAL-RESOURCEQS: AddAndApply() 130: Resource with major=18, minor=41 not supported
04-26 13:00:21.092  1986  2522 I SDM     : DisplayBuiltIn::IdlePowerCollapse: IPC received, disabling partial update for one frame
04-26 13:00:21.233  2086  2086 D SensorFeature: name=ssc_screenshot_info ,index = 22
04-26 13:00:21.233  2086  2086 D SensorFeature: write 37 bytes:73202249954797,73202301826724,56691,0
04-26 13:00:21.235  1955 30145 I sensors-hal: handle_oplus_wise_rgb_event:189, high_pwm_light:lux 73.9,cct 4721.4,brl/algo/ir 2480.0/2.0/89.5,pwm/dc 0.0/0.0,rgbc 6624.794434/4346.380859/2513.575439/11474.688477,ts 73202249532617,cnt 21817,flag 56691
04-26 13:00:21.235  3393  4380 D FusionLightNextGen: process end reported = 1, mode: 0, cnt: 170195, lux 108.7, cct -1.0, r/g/b/c: 6594.1/4341.5/2518.2/11430.0, R/G/B: 17.0/19.0/27.0, bri 2480.0, match 1.00, ir 0.096951, conf 0.0, ts 73202257797617
04-26 13:00:21.241  1986  2522 I SDM     : DisplayBuiltIn::IdlePowerCollapse: IPC received, disabling partial update for one frame
04-26 13:00:21.272  7914  7914 W pool-47-thread-: type=1400 audit(0.0:10490): avc:  denied  { getattr } for  path="anon_inode:[userfaultfd]" dev="anon_inodefs" ino=5304226 scontext=u:r:untrusted_app:s0:c224,c257,c512,c768 tcontext=u:object_r:untrusted_app_userfaultfd:s0:c224,c257,c512,c768 tclass=anon_inode permissive=0 app=com.safeway.client.android.safeway
04-26 13:00:21.337  1942 21156 I vendor.qti.bluetooth@1.0-ibs_handler: ProcessIbsCmd: Received IBS_WAKE_IND: 0xFD
04-26 13:00:21.337  1942 21156 D vendor.qti.bluetooth@1.0-ibs_handler: SerialClockVote: vote for UART CLK ON
04-26 13:00:21.337  1942 21156 D vendor.qti.bluetooth@1.0-wake_lock: Acquire wakelock is acquired 
04-26 13:00:21.337  1942 21156 I vendor.qti.bluetooth@1.0-ibs_handler: ProcessIbsCmd: Writing IBS_WAKE_ACK
04-26 13:00:21.356  8874  8977 E Datadog : [_dd.sdk_core.default]: Unable to find host for site US1; we will retry later.
04-26 13:00:21.356  8874  8977 E Datadog : 
04-26 13:00:21.356  8874  8977 W Datadog : [_dd.sdk_core.default]: Batch eb87c099-2328-4ac5-a305-d1736f357952 [1474 bytes] (Traces Request) failed because of a DNS error (java.net.UnknownHostException: Unable to resolve host "browser-intake-datadoghq.com": No address associated with hostname); we will retry later. This request was attempted 179 time(s).
04-26 13:00:21.356  5075  5568 D DnsDomainBlock: onDnsEvent: latencyMs=0, returnCode=4, uid=10385
04-26 13:00:21.377  1942 21156 I vendor.qti.bluetooth@1.0-ibs_handler: ProcessIbsCmd: Received IBS_SLEEP_IND: 0xFE
04-26 13:00:21.377  1942 21156 D vendor.qti.bluetooth@1.0-ibs_handler: SerialClockVote: vote for UART CLK OFF
04-26 13:00:21.454  2132  2188 E BatteryDamageDetect: BddVoltDiffCheck begins
04-26 13:00:21.455  2132  2188 E BatteryDamageDetect: volt diff trend not changed, volt_diff_trend = 0
04-26 13:00:21.503  1942 21156 I vendor.qti.bluetooth@1.0-ibs_handler: ProcessIbsCmd: Received IBS_WAKE_IND: 0xFD
04-26 13:00:21.503  1942 21156 D vendor.qti.bluetooth@1.0-ibs_handler: SerialClockVote: vote for UART CLK ON
04-26 13:00:21.503  1942 21156 I vendor.qti.bluetooth@1.0-ibs_handler: ProcessIbsCmd: Writing IBS_WAKE_ACK
04-26 13:00:21.505 21080 21126 I bluetooth: [btif_bqr.cc:1267] vendor_specific_event_callback: Unhandled BQR subevent 0x01
04-26 13:00:21.505 21080 21126 D bluetooth: [btif_bqr.cc:752] CategorizeBqrEvent: length: 145 quality_report_id: 0x01
04-26 13:00:21.505 21080 21126 I bluetooth: [btif_bqr.cc:1204] bqr_delivery_event: len: 145, bqr_id: 1, addr: xx:xx:xx:xx:d0:60, lmp_ver: 9, manufacturer_id: 492, lmp_subver: 1024
04-26 13:00:21.505 21080 21192 I BluetoothInCallService: BluetoothInCallService = null
04-26 13:00:21.505 21080 21192 I BluetoothQualityReportJni: [com_android_bluetooth_BluetoothQualityReport.cpp:48] bqr_delivery_callback: 
04-26 13:00:21.505 21080 21192 I BluetoothQualityReportNativeInterface: rawData Length = 145
04-26 13:00:21.508 21080 21192 I BluetoothQualityReportNativeInterface: BQR: {
04-26 13:00:21.508 21080 21192 I BluetoothQualityReportNativeInterface:   mAddr: XX:XX:XX:XX:D0:60, mLmpVer: 0x09, mLmpSubVer: 0x0400, mManufacturerId: 0x01EC, mName: OpenAutoLink-09F7, mBluetoothClass: 200418,
04-26 13:00:21.508 21080 21192 I BluetoothQualityReportNativeInterface:   BqrCommon: {
04-26 13:00:21.508 21080 21192 I BluetoothQualityReportNativeInterface:     mQualityReportId: Quality monitor(0x01), mPacketType: TYPE_DM1(0x10), mConnectionHandle: 0x0004, mConnectionRole: 0(0), mTxPowerLevel: 5, mRssi: -53, mSnr: 0, mUnusedAfhChannelCount: 35,
04-26 13:00:21.508 21080 21192 I BluetoothQualityReportNativeInterface:     mAfhSelectUnidealChannelCount: 0, mLsto: 8000, mPiconetClock: 0x0DF5A5D8, mRetransmissionCount: 0, mNoRxCount: 0, mNakCount: 0, mLastTxAckTimestamp: 0x0DF56202, mFlowOffCount: 0,
04-26 13:00:21.508 21080 21192 I BluetoothQualityReportNativeInterface:     mLastFlowOnTimestamp: 0x0FFFFFFF, mOverflowCount: 0, mUnderflowCount: 0, mAddr: XX:XX:XX:XX:D0:60, mCalFailedItemCount: 0,
04-26 13:00:21.508 21080 21192 I BluetoothQualityReportNativeInterface:     mTxTotalPackets: 0, mTxUnackPackets: 0, mTxFlushPackets: 0, mTxLastSubeventPackets: 0, mCrcErrorPackets: 0, mRxDupPackets: 0, mRxUnRecvPackets: 9, mCoexInfoMask: 0
04-26 13:00:21.508 21080 21192 I BluetoothQualityReportNativeInterface:   }
04-26 13:00:21.508 21080 21192 I BluetoothQualityReportNativeInterface: }
04-26 13:00:21.508 21080 21080 I oplus_bt_dual_sync: [oplus_bt_dual_sync.cc:151] stack_down_sync_action: type=18, len=17
04-26 13:00:21.509 21080 21080 I oplus_bt_qos_monitor: [oplus_bt_qos_monitor.cc:118] get_oplus_qos_data: getting qos data
04-26 13:00:21.535  2086  2086 D SensorFeature: name=ssc_screenshot_info ,index = 22
04-26 13:00:21.535  2086  2086 D SensorFeature: write 37 bytes:73202249954797,73202603633599,56692,0
04-26 13:00:21.544  1942 21156 I vendor.qti.bluetooth@1.0-ibs_handler: ProcessIbsCmd: Received IBS_SLEEP_IND: 0xFE
04-26 13:00:21.544  1942 21156 D vendor.qti.bluetooth@1.0-ibs_handler: SerialClockVote: vote for UART CLK OFF
04-26 13:00:21.608  1999  2144 E PERFHAL-PERFCTRL: PERFHAL-PERFCTRL: chk_core_online_poll_loop() 748: poll() has timed out for /sys/kernel/msm_performance/events/cpu_hotplug
04-26 13:00:21.608  1999  2144 E PERFHAL-PERFCTRL: PERFHAL-PERFCTRL: chk_core_online_poll_loop() 743: Block on poll()
04-26 13:00:21.690  3153  3153 I OplusTouchDaemon: ts_run_service: shellback temperature updated 29 (29433)
04-26 13:00:21.694  1942 21145 D vendor.qti.bluetooth@1.0-wake_lock: Release wakelock is released 
04-26 13:00:21.750  1955 30145 I sensors-hal: handle_oplus_wise_rgb_event:189, high_pwm_light:lux 72.8,cct 4662.7,brl/algo/ir 2480.0/2.0/87.5,pwm/dc 0.0/0.0,rgbc 6614.547852/4311.905273/2483.403076/11424.718750,ts 73202582078138,cnt 21827,flag 56692
04-26 13:00:21.786  5272  7536 D CommonApp-117-10511: transport layer data is invalid
04-26 13:00:21.787  5272  7536 D ScorePolicy: handleScoreChanged: []
04-26 13:00:21.787  5272  7536 D ScorePolicy: handleScoreChanged: []
04-26 13:00:21.787  5272  7536 D ScorePolicy: handleScoreChanged: []
04-26 13:00:21.837  2086  2086 D SensorFeature: name=ssc_screenshot_info ,index = 22
04-26 13:00:21.837  2086  2086 D SensorFeature: write 37 bytes:73202249954797,73202905586567,56693,0
04-26 13:00:21.945  1986  2522 I SDM     : DisplayBuiltIn::IdlePowerCollapse: IPC received, disabling partial update for one frame
04-26 13:00:21.964  3393  4389 V AlarmManager: sending alarm Alarm{553458a type 1 origWhen 1777233621965 whenElapsed 73203034 android} uid 1000 whenElapsed 73203034 windowLength 0 maxWhenElapsed 73203034 repeatInterval 0 action null component null tag StorgaeBandInfoAlarmTag flags 0x9 procName system_server
04-26 13:00:21.965  3393 19256 E OplusStorageUFSBandwidth: storage_io_metrics_path is /proc/oplus_storage/io_metrics/forever/
04-26 13:00:21.966  3393 19256 E OplusStorageUFSBandwidth: Bandwidth - Read: 0.00 MB/s, Write: 0.00 MB/s
04-26 13:00:21.967  3393 19256 E OplusStorageUFSBandwidth: Task time: 2ms
04-26 13:00:21.970  3393 19256 E OplusStorageUFSBandwidth: Alarm set to trigger in 10 seconds
04-26 13:00:22.029  1958 30234 I WifiHAL : event received NL80211_CMD_VENDOR, vendor_id = 0x1374, subcmd = 0xd
04-26 13:00:22.029  3037 30239 D LOWI-9.0.1.118: [LOWI-Scan] wait_event:Wait done with Cmd 103
04-26 13:00:22.030  3037 30239 D LOWI-9.0.1.118: [LOWI-Scan] do_listen_events: Rcvd valid Netlink Cmd 0 Err 0
04-26 13:00:22.030  2995  2995 I cnss-daemon: nl80211 response handler invoked
04-26 13:00:22.030  2995  2995 I cnss-daemon: nl80211_response_handler: cmd 103, vendorID 4980, subcmd 13  received
04-26 13:00:22.085  2132  2175 D BatteryChargeControl: bcc get no support from charging protocol
04-26 13:00:22.138  2086  2086 D SensorFeature: name=ssc_screenshot_info ,index = 22
04-26 13:00:22.139  2086  2086 D SensorFeature: write 37 bytes:73202249954797,73203207679953,56694,0
04-26 13:00:22.283  1955 30145 I sensors-hal: handle_oplus_wise_rgb_event:189, high_pwm_light:lux 44.3,cct 4514.8,brl/algo/ir 2480.0/2.0/96.9,pwm/dc 0.0/0.0,rgbc 3066.465332/1805.040771/1107.087158/4802.379395,ts 73203179491158,cnt 21837,flag 56694
04-26 13:00:22.284  3393  3624 D OplusFeatureGameBrightness: lux = 29
04-26 13:00:22.441  2086  2086 D SensorFeature: name=ssc_screenshot_info ,index = 22
04-26 13:00:22.441  2086  2086 D SensorFeature: write 37 bytes:73202249954797,73203510189015,56695,0
04-26 13:00:22.455  2132  2188 E BatteryDamageDetect: BddVoltDiffCheck begins
04-26 13:00:22.455  2132  2188 E BatteryDamageDetect: volt diff trend not changed, volt_diff_trend = 0
04-26 13:00:22.529  2132  2174 D vendor.oplus.hardware.charger-V10-service: ret_value:161, read content:,296,296,4465,4463,0,100,100,1,9,1048704,106,5071,100,1,4500,500,2000,0,0,9500,0,0,1,0,2,1,0,0,4,5849,99,0,4956,4956,0,0,0,0,0,0,100.00,100,100.00,97.02,100.00,
04-26 13:00:22.529  2132  2174 D vendor.oplus.hardware.charger-V10-service: gmtime: 2026-04-26-13-00-22
04-26 13:00:22.529  2132  2174 D vendor.oplus.hardware.charger-V10-service: usb_online:1, ac_online:-2147483648, wireless_online:0
04-26 13:00:22.548  3393  4380 D FusionLightNextGen: process end reported = 1, mode: 0, cnt: 170200, lux 84.1, cct -1.0, r/g/b/c: 5349.0/3459.9/1975.1/9205.0, R/G/B: 17.0/19.0/27.0, bri 2480.0, match 1.00, ir 0.096159, conf 0.0, ts 73203485938971
04-26 13:00:22.549  3393  3624 D OplusFeatureGameBrightness: lux = 84
04-26 13:00:22.743  2086  2086 D SensorFeature: name=ssc_screenshot_info ,index = 22
04-26 13:00:22.743  2086  2086 D SensorFeature: write 37 bytes:73202249954797,73203812047140,56696,0
04-26 13:00:22.810  5272  7536 D CommonApp-117-10511: transport layer data is invalid
04-26 13:00:22.811  5272  7536 D ScorePolicy: handleScoreChanged: []
04-26 13:00:22.811  5272  7536 D ScorePolicy: handleScoreChanged: []
04-26 13:00:22.811  5272  7536 D ScorePolicy: handleScoreChanged: []
04-26 13:00:22.812  1955 30145 I sensors-hal: handle_oplus_wise_rgb_event:189, high_pwm_light:lux 57.7,cct 4526.3,brl/algo/ir 2480.0/2.0/88.0,pwm/dc 0.0/0.0,rgbc 5438.685059/3496.804932/1977.438843/9352.279297,ts 73203784549075,cnt 21847,flag 56696
04-26 13:00:22.894 10089 12666 D ShellSubscriberWorkerThread: the first 8 bytes empty, and RestData length > 8 
04-26 13:00:22.930  3393  4389 V AlarmManager: sending alarm Alarm{2ca018 type 3 origWhen 73204000 whenElapsed 73204000 android} uid 1000 whenElapsed 73204000 windowLength 0 maxWhenElapsed 73204000 repeatInterval 0 action null component null tag StatsCompanionService.periodic flags 0x9 procName system_server
04-26 13:00:22.937  1841  1858 I statsd  : Fate decided that an alarm will trigger subscribers.
04-26 13:00:22.939  6629 12717 E midasd  : Gpu the power model error, power model freq size 11, opp_logs freq size 14
04-26 13:00:22.941 10089 21365 I OplusObrain: OplusObrainClientInvoke.nativeGetTelephonyInfo
04-26 13:00:22.942 10089 21365 I OplusObrain: OplusObrainClientInvoke.nativeGetTrafficTypeInfoForNetworkType networkType 0
04-26 13:00:22.942  2066  2066 E android.hardware.power.stats-impl.oplus: HandleFactory::read open charger_input_current_now(/proc/charger/input_current_now) failed! fd: -1 errno: 2
04-26 13:00:22.942  2066  2066 W android.hardware.power.stats-impl.oplus: PruneException: Unknown binder exception (2) pruned into EX_TRANSACTION_FAILED
04-26 13:00:22.942  6629 12722 W midasd  : handleFactory read failed.
04-26 13:00:22.944  3393  5045 D KernelStatsHelper: getKernelStats start!
04-26 13:00:22.947  3393  4581 D OplusNetlinkSocket: handleNetlinkRecvKernelMessage:nlmsghdr:StructNlMsgHdr{ nlmsg_len{3004}, nlmsg_type{51()}, nlmsg_flags{0()}, nlmsg_seq{0}, nlmsg_pid{222368229} }
04-26 13:00:22.947  3393  4581 D KernelStatsHelper: get magic :[-1, -1, -1, 77, 65, 71, 73, 67]
04-26 13:00:22.947  3393  4581 D KernelStatsHelper: magic matched count:207 data_len:10764
04-26 13:00:22.947  3393  4581 D OplusNetlinkSocket: handleNetlinkRecvKernelMessage:nlmsghdr:StructNlMsgHdr{ nlmsg_len{2988}, nlmsg_type{51()}, nlmsg_flags{0()}, nlmsg_seq{0}, nlmsg_pid{222368229} }
04-26 13:00:22.947  3393  4581 D OplusNetlinkSocket: handleNetlinkRecvKernelMessage:nlmsghdr:StructNlMsgHdr{ nlmsg_len{2988}, nlmsg_type{51()}, nlmsg_flags{0()}, nlmsg_seq{0}, nlmsg_pid{222368229} }
04-26 13:00:22.947  3393  4581 D OplusNetlinkSocket: handleNetlinkRecvKernelMessage:nlmsghdr:StructNlMsgHdr{ nlmsg_len{1896}, nlmsg_type{51()}, nlmsg_flags{0()}, nlmsg_seq{0}, nlmsg_pid{222368229} }
04-26 13:00:22.947  3393  4581 D KernelStatsHelper: data over! check: true
04-26 13:00:22.989  3393  4643 D ScorerUtils: isLowTraffic: txTputKBps=0, rxTputKBps=0
04-26 13:00:22.990  5272  5272 D VendorWifiService: onEvent event:9,action:1
04-26 13:00:22.991  3393  4643 D OplusWifiResidenceRecognition: No available relateBssidList
04-26 13:00:23.014  2086  2086 D SensorFeature: name=ssc_screenshot_info ,index = 22
04-26 13:00:23.014  2086  2086 D SensorFeature: write 37 bytes:73202249954797,73204082329536,56697,0
04-26 13:00:23.085  2132  2175 D BatteryChargeControl: bcc get no support from charging protocol
04-26 13:00:23.100  1986  2522 I SDM     : DisplayBuiltIn::IdlePowerCollapse: IPC received, disabling partial update for one frame
04-26 13:00:23.357  2086  2086 D SensorFeature: name=ssc_screenshot_info ,index = 22
04-26 13:00:23.357  2086  2086 D SensorFeature: write 37 bytes:73204374166723,73204425915629,56698,0
04-26 13:00:23.360  1955 30145 I sensors-hal: handle_oplus_wise_rgb_event:189, high_pwm_light:lux 60.7,cct 4499.0,brl/algo/ir 2480.0/2.0/83.6,pwm/dc 0.0/0.0,rgbc 5525.785645/3538.667969/2005.290039/9473.258789,ts 73204373535586,cnt 21857,flag 56698
04-26 13:00:23.370  1986  2522 I SDM     : DisplayBuiltIn::IdlePowerCollapse: IPC received, disabling partial update for one frame
04-26 13:00:23.455  2132  2188 E BatteryDamageDetect: BddVoltDiffCheck begins
04-26 13:00:23.456  2132  2188 E BatteryDamageDetect: volt diff trend not changed, volt_diff_trend = 0
04-26 13:00:23.498  3393  4389 V AlarmManager: sending alarm Alarm{d57a5c4 type 3 origWhen 73204567 whenElapsed 73204567 android} uid 1000 whenElapsed 73204567 windowLength 0 maxWhenElapsed 73204567 repeatInterval 0 action null component null tag StatsCompanionService.pull flags 0x9 procName system_server
04-26 13:00:23.509  1839  8549 E TetherController: property_get sys.radio.data.modem_share_flag return 0, 1!
04-26 13:00:23.529  3393  4469 V NetworkPolicy: updateNetworkEnabledNL() return
04-26 13:00:23.529  3393  4469 V NetworkPolicy: updateNotificationsNL not process
04-26 13:00:23.531  5075  5568 V MonthTrafficAlert: getWarningNotification subId:1 numWarningNotificaion:0
04-26 13:00:23.532 21080 21126 D bt_shim_hci: [hci_layer.cc:235] transmit_command: Sending command LE_ENERGY_INFO(0xfd59)
04-26 13:00:23.532  1942  2060 D vendor.qti.bluetooth@1.0-ibs_handler: SerialClockVote: vote for UART CLK ON
04-26 13:00:23.533  1942  2060 D vendor.qti.bluetooth@1.0-wake_lock: Acquire wakelock is acquired 
04-26 13:00:23.533  1942  2060 I vendor.qti.bluetooth@1.0-ibs_handler: DeviceWakeUp: Writing IBS_WAKE_IND
04-26 13:00:23.534  6640  6640 D WM-DelayedWorkTracker: Scheduling work 8b2be774-f26b-4e38-835b-285826f15eb3
04-26 13:00:23.534  6640  6640 D WM-GreedyScheduler: Starting tracking for 8b2be774-f26b-4e38-835b-285826f15eb3
04-26 13:00:23.534  6640  6897 D WM-WorkConstraintsTrack: NetworkRequestConstraintController register shared callback
04-26 13:00:23.535  3393  4806 D ConnectivityService: requestNetwork for uid/pid:10367/6640 activeRequest: null callbackRequest: 7943 [NetworkRequest [ REQUEST id=7944, [ Capabilities: INTERNET&NOT_RESTRICTED&TRUSTED&NOT_VCN_MANAGED&NOT_BANDWIDTH_CONSTRAINED Uid: 10367 RequestorUid: 10367 RequestorPkg: com.squareup.cash UnderlyingNetworks: Null] ]] callback flags: 0 order: 2147483647 isUidTracked: false declaredMethods: AVAIL|LOST|NC|BLK
04-26 13:00:23.537  6640  6793 D WM-WorkConstraintsTrack: NetworkRequestConstraintController onCapabilitiesChanged callback
04-26 13:00:23.538  6640  6793 D WM-WorkConstraintsTrack: Not dispatching constraint state yet: isBlocked=null, capabilitiesInitialized=true
04-26 13:00:23.538  6640  6793 D WM-WorkConstraintsTrack: NetworkRequestConstraintController onBlockedStatusChanged callback true
04-26 13:00:23.538  6640  6817 D WM-GreedyScheduler: Constraints not met: Cancelling work ID WorkGenerationalId(workSpecId=8b2be774-f26b-4e38-835b-285826f15eb3, generation=0)
04-26 13:00:23.539  1942 21156 I vendor.qti.bluetooth@1.0-ibs_handler: ProcessIbsCmd: Received IBS_WAKE_ACK: 0xFC
04-26 13:00:23.539  1942 21156 I vendor.qti.bluetooth@1.0-ibs_handler: ProcessIbsCmd: Signal wack_cond_
04-26 13:00:23.539  1942  2060 D vendor.qti.bluetooth@1.0-ibs_handler: DeviceWakeUp: Unblocked from waiting for FC, pthread_cond_timedwait ret = 0
04-26 13:00:23.540  3393  4471 D WifiNetworkFactory: got request NetworkRequest [ REQUEST id=7944, [ Capabilities: INTERNET&NOT_RESTRICTED&TRUSTED&NOT_VCN_MANAGED&NOT_BANDWIDTH_CONSTRAINED Uid: 10367 RequestorUid: 10367 RequestorPkg: com.squareup.cash UnderlyingNetworks: Null] ]
04-26 13:00:23.540  3393  4471 D UntrustedWifiNetworkFactory: got request NetworkRequest [ REQUEST id=7944, [ Capabilities: INTERNET&NOT_RESTRICTED&TRUSTED&NOT_VCN_MANAGED&NOT_BANDWIDTH_CONSTRAINED Uid: 10367 RequestorUid: 10367 RequestorPkg: com.squareup.cash UnderlyingNetworks: Null] ]
04-26 13:00:23.540  3393  4478 D ConnectivityService: NetReassign [7944 : null → 117] [c 0] [a 1] [i 3]
04-26 13:00:23.540  3393  4471 D OemPaidWifiNetworkFactory: got request NetworkRequest [ REQUEST id=7944, [ Capabilities: INTERNET&NOT_RESTRICTED&TRUSTED&NOT_VCN_MANAGED&NOT_BANDWIDTH_CONSTRAINED Uid: 10367 RequestorUid: 10367 RequestorPkg: com.squareup.cash UnderlyingNetworks: Null] ]
04-26 13:00:23.540  3393  4471 D MultiInternetWifiNetworkFactory: got request NetworkRequest [ REQUEST id=7944, [ Capabilities: INTERNET&NOT_RESTRICTED&TRUSTED&NOT_VCN_MANAGED&NOT_BANDWIDTH_CONSTRAINED Uid: 10367 RequestorUid: 10367 RequestorPkg: com.squareup.cash UnderlyingNetworks: Null] ]
04-26 13:00:23.541  1942 21156 I vendor.qti.bluetooth@1.0-ibs_handler: ProcessIbsCmd: Received IBS_WAKE_IND: 0xFD
04-26 13:00:23.541  1942 21156 I vendor.qti.bluetooth@1.0-ibs_handler: ProcessIbsCmd: Writing IBS_WAKE_ACK
04-26 13:00:23.541 21080 21142 D bt_shim_hci: [hci_layer.cc:196] OnTransmitPacketCommandComplete: Received cmd complete for LE_ENERGY_INFO(0xfd59)
04-26 13:00:23.541 21080 21126 D bt_btm_pm: [btm_pm.cc:1009] BTM_PM_ReadBleScanDutyCycle: LE scan_window:256 scan interval:5120
04-26 13:00:23.542 21080 21126 I bluetooth: [client.cc:1210] IsInStreaming: audio_sender_state_: IDLE, audio_receiver_state_: IDLE
04-26 13:00:23.542 21080 21126 D bt_bta_dm: [bta_dm_act.cc:1744] bta_dm_obtain_system_context: active_acl_num 0 sniff_acl_num 1 le_acl_num 0 le_adv_num 1 le_scan_duty 5 inquiry false sco false a2dp false le_audio false ctrl_state 0x11010
04-26 13:00:23.555  6694 21154 D ostats_pullerd: PullAtomCallback handleBatteryLevel handler for realLevel = 100, uiLevel = 100
04-26 13:00:23.556  2132  2132 D chg_exchange_soh_mesg: [GET]ui_soh_data.ui_soh :98 1
04-26 13:00:23.558 10089 21365 E MIDASApplication: MIDASPullAtomManager: onPullAtom 150016
04-26 13:00:23.558  3393  5045 D KernelStatsHelper: getKernelStats start!
04-26 13:00:23.558  3393  4581 D OplusNetlinkSocket: handleNetlinkRecvKernelMessage:nlmsghdr:StructNlMsgHdr{ nlmsg_len{3004}, nlmsg_type{51()}, nlmsg_flags{0()}, nlmsg_seq{0}, nlmsg_pid{222368229} }
04-26 13:00:23.558  3393  4581 D KernelStatsHelper: get magic :[-1, -1, -1, 77, 65, 71, 73, 67]
04-26 13:00:23.558  3393  4581 D KernelStatsHelper: magic matched count:207 data_len:10764
04-26 13:00:23.558  3393  4581 D OplusNetlinkSocket: handleNetlinkRecvKernelMessage:nlmsghdr:StructNlMsgHdr{ nlmsg_len{2988}, nlmsg_type{51()}, nlmsg_flags{0()}, nlmsg_seq{0}, nlmsg_pid{222368229} }
04-26 13:00:23.558  3393  4581 D OplusNetlinkSocket: handleNetlinkRecvKernelMessage:nlmsghdr:StructNlMsgHdr{ nlmsg_len{2988}, nlmsg_type{51()}, nlmsg_flags{0()}, nlmsg_seq{0}, nlmsg_pid{222368229} }
04-26 13:00:23.558  3393  4581 D OplusNetlinkSocket: handleNetlinkRecvKernelMessage:nlmsghdr:StructNlMsgHdr{ nlmsg_len{1896}, nlmsg_type{51()}, nlmsg_flags{0()}, nlmsg_seq{0}, nlmsg_pid{222368229} }
04-26 13:00:23.558  3393  4581 D KernelStatsHelper: data over! check: true
04-26 13:00:23.560 10089 21365 E MIDASApplication: MIDASPullAtomManager: onPullAtom 150017
04-26 13:00:23.561  2066  2066 E android.hardware.power.stats-impl.oplus: HandleFactory::read open power_ddr_residency(/sys/power/ddr/residency) failed! fd: -1 errno: 2
04-26 13:00:23.561  2066  2066 W android.hardware.power.stats-impl.oplus: PruneException: Unknown binder exception (2) pruned into EX_TRANSACTION_FAILED
04-26 13:00:23.561  6694 21154 W ostats_pullerd: handleFactory read failed.
04-26 13:00:23.561  6694 21154 E ostats_pullerd: PullAtomCallback getContentByHandleKey read nodeKey: power_ddr_residency, len=0
04-26 13:00:23.564  2116  2116 D OplusTouch: in_deviceId = 0,in_nodeFlag = 26
04-26 13:00:23.564  2116  2116 D OplusTouch: path = /proc/touchpanel/game_switch_enable,len = 256
04-26 13:00:23.565  2116  2116 D OplusTouch: path = /proc/touchpanel/game_switch_enable,len = 256
04-26 13:00:23.565  2116  2116 D OplusTouch: binder transfer START:flag[1]node[26]deviceId[0]str[]info[]dataLength[256]
04-26 13:00:23.565  3153  3260 W touchDaemon: Reached BBinder::getInterfaceDescriptor (this=0xb400007c9380d000). Override?
04-26 13:00:23.565  3153  3260 E OplusTouchDaemon: syna_touch_node_handle:Id=0, nodeFlag=26, info=, wrFlag=1, cbsize=128, readlen=128
04-26 13:00:23.565  3153  3260 E OplusTouchDaemon: syna_touch_node_handle: gameModeDividedReportRateSupport true, GAME_SWITCH_ENABLE_NODE not support
04-26 13:00:23.565  3153  3260 D OplusTouchDaemon: touchBinder:WRITE/READ FINISH
04-26 13:00:23.565  2116  2116 D OplusTouch: READ SUCCESS! by Binder, get data len[0]
04-26 13:00:23.566  3393  5045 W SurfaceFlingerPuller: Failed to pull atom 150134 from surfaceflinger. Success is 0, binder status is EX_NONE
04-26 13:00:23.567  6694 21154 I [UAH_CLIENT]: Uah_fetch_dataset enter
04-26 13:00:23.567  6694 21154 E [UAH_CLIENT]: failed to get resource value
04-26 13:00:23.568  1841  1858 W statsd  : StatsPullerManager: Unknown tagId 150145
04-26 13:00:23.581  1942 21156 I vendor.qti.bluetooth@1.0-ibs_handler: ProcessIbsCmd: Received IBS_SLEEP_IND: 0xFE
04-26 13:00:23.659  2086  2086 D SensorFeature: name=ssc_screenshot_info ,index = 22
04-26 13:00:23.659  2086  2086 D SensorFeature: write 37 bytes:73204374166723,73204728123858,56699,0
04-26 13:00:23.789  1942 21161 I vendor.qti.bluetooth@1.0-ibs_handler: DeviceSleep: TX Awake, Sending SLEEP_IND
04-26 13:00:23.789  1942 21161 D vendor.qti.bluetooth@1.0-ibs_handler: SerialClockVote: vote for UART CLK OFF
04-26 13:00:23.834  5272  7536 D CommonApp-117-10511: transport layer data is invalid
04-26 13:00:23.834  5272  7536 D ScorePolicy: handleScoreChanged: []
04-26 13:00:23.834  5272  7536 D ScorePolicy: handleScoreChanged: []
04-26 13:00:23.835  5272  7536 D ScorePolicy: handleScoreChanged: []
04-26 13:00:23.875  1955 30145 I sensors-hal: handle_oplus_wise_rgb_event:189, high_pwm_light:lux 61.4,cct 4495.3,brl/algo/ir 2480.0/2.0/84.8,pwm/dc 0.0/0.0,rgbc 5479.673828/3526.355225/2005.290039/9423.288086,ts 73204706352721,cnt 21867,flag 56699
04-26 13:00:23.875  3393  4380 D FusionLightNextGen: process end reported = 1, mode: 0, cnt: 170205, lux 86.3, cct -1.0, r/g/b/c: 5582.1/3543.6/2040.1/9575.8, R/G/B: 17.0/19.0/27.0, bri 2480.0, match 1.00, ir 0.092723, conf 0.0, ts 73204714617721
04-26 13:00:23.940  1942 21145 D vendor.qti.bluetooth@1.0-wake_lock: Release wakelock is released 
04-26 13:00:23.944  1986  2522 I SDM     : DisplayBuiltIn::IdlePowerCollapse: IPC received, disabling partial update for one frame
04-26 13:00:23.961  2086  2086 D SensorFeature: name=ssc_screenshot_info ,index = 22
04-26 13:00:23.961  2086  2086 D SensorFeature: write 37 bytes:73204374166723,73205029791254,56700,0
04-26 13:00:23.961  1955  2085 I sensors-hal: get_display_brightness:825, light_iface: set screenshot_info [73204374166723,73205029791254,56700,0]
04-26 13:00:23.967  3393  4389 V AlarmManager: sending alarm Alarm{9b62bcf type 1 origWhen 1777233623967 whenElapsed 73205037 android} uid 1000 whenElapsed 73205037 windowLength 0 maxWhenElapsed 73205037 repeatInterval 0 action null component null tag StorgaeBandInfoAlarmTag flags 0x9 procName system_server
04-26 13:00:23.968  3393 19256 E OplusStorageUFSBandwidth: storage_io_metrics_path is /proc/oplus_storage/io_metrics/forever/
04-26 13:00:23.969  3393 19256 E OplusStorageUFSBandwidth: Bandwidth - Read: 0.00 MB/s, Write: 0.00 MB/s
04-26 13:00:23.969  3393 19256 E OplusStorageUFSBandwidth: Task time: 1ms
04-26 13:00:23.972  3393 19256 E OplusStorageUFSBandwidth: Alarm set to trigger in 10 seconds
04-26 13:00:24.040  1958 30234 I WifiHAL : event received NL80211_CMD_VENDOR, vendor_id = 0x1374, subcmd = 0xd
04-26 13:00:24.040  2995  2995 I cnss-daemon: nl80211 response handler invoked
04-26 13:00:24.040  2995  2995 I cnss-daemon: nl80211_response_handler: cmd 103, vendorID 4980, subcmd 13  received
04-26 13:00:24.041  3037 30239 D LOWI-9.0.1.118: [LOWI-Scan] wait_event:Wait done with Cmd 103
04-26 13:00:24.041  3037 30239 D LOWI-9.0.1.118: [LOWI-Scan] do_listen_events: Rcvd valid Netlink Cmd 0 Err 0
04-26 13:00:24.086  2132  2175 D BatteryChargeControl: bcc get no support from charging protocol
04-26 13:00:24.244  5075  5568 D DnsDomainBlock: onDnsEvent: latencyMs=0, returnCode=4, uid=10480
04-26 13:00:24.263  2086  2086 D SensorFeature: name=ssc_screenshot_info ,index = 22
04-26 13:00:24.263  2086  2086 D SensorFeature: write 37 bytes:73204374166723,73205332152817,56701,0
04-26 13:00:24.406  1955 30145 I sensors-hal: handle_oplus_wise_rgb_event:189, high_pwm_light:lux 61.2,cct 4463.2,brl/algo/ir 2480.0/2.0/84.5,pwm/dc 0.0/0.0,rgbc 5525.785645/3543.593018/2019.215576/9478.518555,ts 73205304016002,cnt 21877,flag 56701
04-26 13:00:24.456  2132  2188 E BatteryDamageDetect: BddVoltDiffCheck begins
04-26 13:00:24.456  2132  2188 E BatteryDamageDetect: volt diff trend not changed, volt_diff_trend = 0
04-26 13:00:24.565  2086  2086 D SensorFeature: name=ssc_screenshot_info ,index = 22
04-26 13:00:24.565  2086  2086 D SensorFeature: write 37 bytes:73204374166723,73205634086202,56702,0
04-26 13:00:24.612  1999  2144 E PERFHAL-PERFCTRL: PERFHAL-PERFCTRL: chk_core_online_poll_loop() 748: poll() has timed out for /sys/kernel/msm_performance/events/cpu_hotplug
04-26 13:00:24.612  1999  2144 E PERFHAL-PERFCTRL: PERFHAL-PERFCTRL: chk_core_online_poll_loop() 743: Block on poll()
04-26 13:00:24.724  1942 21156 I vendor.qti.bluetooth@1.0-ibs_handler: ProcessIbsCmd: Received IBS_WAKE_IND: 0xFD
04-26 13:00:24.724  1942 21156 D vendor.qti.bluetooth@1.0-ibs_handler: SerialClockVote: vote for UART CLK ON
04-26 13:00:24.724  1942 21156 D vendor.qti.bluetooth@1.0-wake_lock: Acquire wakelock is acquired 
04-26 13:00:24.724  1942 21156 I vendor.qti.bluetooth@1.0-ibs_handler: ProcessIbsCmd: Writing IBS_WAKE_ACK
04-26 13:00:24.765  1942 21156 I vendor.qti.bluetooth@1.0-ibs_handler: ProcessIbsCmd: Received IBS_SLEEP_IND: 0xFE
04-26 13:00:24.765  1942 21156 D vendor.qti.bluetooth@1.0-ibs_handler: SerialClockVote: vote for UART CLK OFF
04-26 13:00:24.858  5272  7536 D CommonApp-117-10511: transport layer data is invalid
04-26 13:00:24.858  5272  7536 D ScorePolicy: handleScoreChanged: []
04-26 13:00:24.859  5272  7536 D ScorePolicy: handleScoreChanged: []
04-26 13:00:24.859  5272  7536 D ScorePolicy: handleScoreChanged: []
04-26 13:00:24.866  2086  2086 D SensorFeature: name=ssc_screenshot_info ,index = 22
04-26 13:00:24.866  2086  2086 D SensorFeature: write 37 bytes:73204374166723,73205935644535,56703,0
04-26 13:00:24.915  1942 21145 D vendor.qti.bluetooth@1.0-wake_lock: Release wakelock is released 
04-26 13:00:24.937  1955 30145 I sensors-hal: handle_oplus_wise_rgb_event:189, high_pwm_light:lux 61.0,cct 4490.1,brl/algo/ir 2480.0/2.0/84.5,pwm/dc 0.0/0.0,rgbc 5541.156738/3541.130371/2016.894653/9523.229492,ts 73205909556211,cnt 21887,flag 56703
04-26 13:00:25.002  3393  4471 W WifiNetworkFactory: Connected to unknown network * ID: 4 SSID: "Fortress" PROVIDER-NAME: null BSSID: null FQDN: null HOME-PROVIDER-NETWORK: false PRIO: 0 HIDDEN: false PMF: false CarrierId: -1 SubscriptionId: -1 SubscriptionGroup: null Currently Connected: true User Selected: false
04-26 13:00:25.002  3393  4471 W WifiNetworkFactory:  NetworkSelectionStatus NETWORK_SELECTION_ENABLED
04-26 13:00:25.002  3393  4471 W WifiNetworkFactory:  hasEverConnected: true
04-26 13:00:25.002  3393  4471 W WifiNetworkFactory:  hasNeverDetectedCaptivePortal: true
04-26 13:00:25.002  3393  4471 W WifiNetworkFactory:  hasEverValidatedInternetAccess: true
04-26 13:00:25.002  3393  4471 W WifiNetworkFactory:  mCandidateSecurityParams: Security Parameters:
04-26 13:00:25.002  3393  4471 W WifiNetworkFactory:  Type: 2
04-26 13:00:25.002  3393  4471 W WifiNetworkFactory:  Enabled: true
04-26 13:00:25.002  3393  4471 W WifiNetworkFactory:  KeyMgmt: WPA_PSK
04-26 13:00:25.002  3393  4471 W WifiNetworkFactory:  Protocols: WPA RSN
04-26 13:00:25.002  3393  4471 W WifiNetworkFactory:  AuthAlgorithms:
04-26 13:00:25.002  3393  4471 W WifiNetworkFactory:  PairwiseCiphers: TKIP CCMP
04-26 13:00:25.002  3393  4471 W WifiNetworkFactory:  GroupCiphers: WEP40 WEP104 TKIP CCMP
04-26 13:00:25.002  3393  4471 W WifiNetworkFactory:  GroupMgmtCiphers:
04-26 13:00:25.002  3393  4471 W WifiNetworkFactory:  SuiteBCiphers:
04-26 13:00:25.002  3393  4471 W WifiNetworkFactory:  RequirePmf: false
04-26 13:00:25.002  3393  4471 W WifiNetworkFactory:  IsAddedByAutoUpgrade: false
04-26 13:00:25.002  3393  4471 W WifiNetworkFactory:  IsSaeH2eOnlyMode: false
04-26 13:00:25.002  3393  4471 W WifiNetworkFactory:  IsSaePkOnlyMode: false
04-26 13:00:25.002  3393  4471 W WifiNetworkFactory:  mLastUsedSecurityParams: Security Parameters:
04-26 13:00:25.002  3393  4471 W WifiNetworkFactory:  Type: 2
04-26 13:00:25.002  3393  4471 W WifiNetworkFactory:  Enabled: true
04-26 13:00:25.002  3393  4471 W WifiNetworkFactory:  KeyMgmt: WPA_PSK
04-26 13:00:25.002  3393  4471 W WifiNetworkFactory:  Protocols: WPA RSN
04-26 13:00:25.002  3393  4471 W WifiNetworkFactory:  AuthAlgorithms:
04-26 13:00:25.002  3393  4471 W WifiNetworkFactory:  PairwiseCiphers: TKIP CCMP
04-26 13:00:25.002  3393  4471 W WifiNetworkFactory:  GroupCiphers: WEP40 WEP104 TKIP CCMP
04-26 13:00:25.002  3393  4471 W WifiNetworkFactory:  GroupMgmtCiphers:
04-26 13:00:25.002  3393  4471 W WifiNetworkFactory:  SuiteBCiphers:
04-26 13:00:25.002  3393  4471 W WifiNetworkFactory:  RequirePmf: false
04-26 13:00:25.002  3393  4471 W WifiNetworkFactory:  IsAddedByAutoUpgrade: false
04-26 13:00:25.002  3393  4471 W WifiNetworkFactory:  IsSaeH2eOnlyMode: false
04-26 13:00:25.002  3393  4471 W WifiNetworkFactory:  IsSaePkOnlyMode: false
04-26 13:00:25.002  3393  4471 W WifiNetworkFactory:  numAssociation 4
04-26 13:00:25.002  3393  4471 W WifiNetworkFactory:  validatedInternetAccess shared trusted
04-26 13:00:25.002  3393  4471 W WifiNetworkFactory:  macRandomizationSetting: 3
04-26 13:00:25.002  3393  4471 W WifiNetworkFactory:  mRandomizedMacAddress: fe:1c:1e:2f:f0:fb
04-26 13:00:25.002  3393  4471 W WifiNetworkFactory:  randomizedMacExpirationTimeMs: 2026-04-27T12:41:48.998
04-26 13:00:25.002  3393  4471 W WifiNetworkFactory:  randomizedMacLastModifiedTimeMs: <none>
04-26 13:00:25.002  3393  4471 W WifiNetworkFactory:  persistentMacRandomizationSeed: 0
04-26 13:00:25.002  3393  4471 W WifiNetworkFactory:  mIsSendDhcpHostnameEnabled: true
04-26 13:00:25.002  3393  4471 W WifiNetworkFactory:  deletionPriority: 0
04-26 13:00:25.002  3393  4471 W WifiNetworkFactory:  KeyMgmt: WPA_PSK Protocols: WPA RSN
04-26 13:00:25.002  3393  4471 W WifiNetworkFactory:  AuthAlgorithms:
04-26 13:00:25.002  3393  4471 W WifiNetworkFactory:  PairwiseCiphers: TKIP CCMP
04-26 13:00:25.002  3393  4471 W WifiNetworkFactory:  GroupCiphers: WEP40 WEP104 TKIP CCMP
04-26 13:00:25.002  3393  4471 W WifiNetworkFactory:  GroupMgmtCiphers:
04-26 13:00:25.002  3393  4471 W WifiNetworkFactory:  SuiteBCiphers:
04-26 13:00:25.002  3393  4471 W WifiNetworkFactory:  PSK/SAE: *
04-26 13:00:25.002  3393  4471 W WifiNetworkFactory: SecurityParams List:
04-26 13:00:25.002  3393  4471 W WifiNetworkFactory: Security Parameters:
04-26 13:00:25.002  3393  4471 W WifiNetworkFactory:  Type: 2
04-26 13:00:25.002  3393  4471 W WifiNetworkFactory:  Enabled: true
04-26 13:00:25.002  3393  4471 W WifiNetworkFactory:  KeyMgmt: WPA_PSK
04-26 13:00:25.002  3393  4471 W WifiNetworkFactory:  Protocols: WPA RSN
04-26 13:00:25.002  3393  4471 W WifiNetworkFactory:  AuthAlgorithms:
04-26 13:00:25.002  3393  4471 W WifiNetworkFactory:  PairwiseCiphers: TKIP CCMP
04-26 13:00:25.002  3393  4471 W WifiNetworkFactory:  GroupCiphers: WEP40 WEP104 TKIP CCMP
04-26 13:00:25.002  3393  4471 W WifiNetworkFactory:  GroupMgmtCiphers:
04-26 13:00:25.002  3393  4471 W WifiNetworkFactory:  SuiteBCiphers:
04-26 13:00:25.002  3393  4471 W WifiNetworkFactory:  RequirePmf: false
04-26 13:00:25.002  3393  4471 W WifiNetworkFactory:  IsAddedByAutoUpgrade: false
04-26 13:00:25.002  3393  4471 W WifiNetworkFactory:  IsSaeH2eOnlyMode: false
04-26 13:00:25.002  3393  4471 W WifiNetworkFactory:  IsSaePkOnlyMode: false
04-26 13:00:25.002  3393  4471 W WifiNetworkFactory: Security Parameters:
04-26 13:00:25.002  3393  4471 W WifiNetworkFactory:  Type: 4
04-26 13:00:25.002  3393  4471 W WifiNetworkFactory:  Enabled: true
04-26 13:00:25.002  3393  4471 W WifiNetworkFactory:  KeyMgmt: SAE
04-26 13:00:25.002  3393  4471 W WifiNetworkFactory:  Protocols: RSN
04-26 13:00:25.002  3393  4471 W WifiNetworkFactory:  AuthAlgorithms:
04-26 13:00:25.002  3393  4471 W WifiNetworkFactory:  PairwiseCiphers: CCMP GCMP_256 GCMP_128
04-26 13:00:25.002  3393  4471 W WifiNetworkFactory:  GroupCiphers: CCMP GCMP_256 GCMP_128
04-26 13:00:25.002  3393  4471 W WifiNetworkFactory:  GroupMgmtCiphers:
04-26 13:00:25.002  3393  4471 W WifiNetworkFactory:  SuiteBCiphers:
04-26 13:00:25.002  3393  4471 W WifiNetworkFactory:  RequirePmf: true
04-26 13:00:25.002  3393  4471 W WifiNetworkFactory:  IsAddedByAutoUpgrade: true
04-26 13:00:25.002  3393  4471 W WifiNetworkFactory:  IsSaeH2eOnlyMode: false
04-26 13:00:25.002  3393  4471 W WifiNetworkFactory:  IsSaePkOnlyMode: false
04-26 13:00:25.002  3393  4471 W WifiNetworkFactory: 
04-26 13:00:25.002  3393  4471 W WifiNetworkFactory: Enterprise config:
04-26 13:00:25.002  3393  4471 W WifiNetworkFactory:  ocsp: 0
04-26 13:00:25.002  3393  4471 W WifiNetworkFactory:  trust_on_first_use: false
04-26 13:00:25.002  3393  4471 W WifiNetworkFactory:  user_approve_no_ca_cert: false
04-26 13:00:25.002  3393  4471 W WifiNetworkFactory:  selected_rcoi: 0
04-26 13:00:25.002  3393  4471 W WifiNetworkFactory:  minimum_tls_version: 0
04-26 13:00:25.002  3393  4471 W WifiNetworkFactory:  enable_conservative_peer_mode: false
04-26 13:00:25.002  3393  4471 W WifiNetworkFactory:  tofu_dialog_state: 0
04-26 13:00:25.002  3393  4471 W WifiNetworkFactory:  tofu_connection_state: 0
04-26 13:00:25.002  3393  4471 W WifiNetworkFactory: IP config:
04-26 13:00:25.002  3393  4471 W WifiNetworkFactory: IP assignment: DHCP
04-26 13:00:25.002  3393  4471 W WifiNetworkFactory: Proxy settings: NONE
04-26 13:00:25.002  3393  4471 W WifiNetworkFactory:  cuid=1000 cname=android.uid.system:1000 luid=1000 lname=android.uid.system:1000 lcuid=1000 allowAutojoin=true noInternetAccessExpected=false mostRecentlyConnected=false 
04-26 13:00:25.002  3393  4471 W WifiNetworkFactory: lastConnected: 2026-04-26T12:41:49.011 
04-26 13:00:25.002  3393  4471 W WifiNetworkFactory: 
04-26 13:00:25.002  3393  4471 W WifiNetworkFactory: numRebootsSinceLastUse: 0
04-26 13:00:25.002  3393  4471 W WifiNetworkFactory: recentFailure: Association Rejection code: 0, last update time: 0
04-26 13:00:25.002  3393  4471 W WifiNetworkFactory: bssidAllowlist unset
04-26 13:00:25.002  3393  4471 W WifiNetworkFactory: vendorData unset
04-26 13:00:25.002  3393  4471 W WifiNetworkFactory: IsDppConfigurator: true
04-26 13:00:25.002  3393  4471 W WifiNetworkFactory: HasEncryptedPreSharedKey: false
04-26 13:00:25.002  3393  4471 W WifiNetworkFactory:  setWifi7Enabled=true
04-26 13:00:25.002  3393  4471 W WifiNetworkFactory:  mIsAllowedToUpdateByOtherUsers=true
04-26 13:00:25.002  3393  4471 W WifiNetworkFactory:  mCreatorUserId=-2
04-26 13:00:25.002  3393  4471 W WifiNetworkFactory: :80:2a:a8:04:9c:58. Ignoring...
04-26 13:00:25.002  3393  3393 D OplusWifiBroadCastDispatcher: mBroadcastReceiver: onReceiver  action=android.net.wifi.RSSI_CHANGED
04-26 13:00:25.009  5136  5136 I QImsService: OplusWifiApmStateMgr : onReceive,wifiSignal: -68
04-26 13:00:25.013  4925  5014 W OPLUS_LOG_LOAD: ==LOGS PROG INFO, prog(com.android.systemui) ==
04-26 13:00:25.013  4925  5014 D WifiStatusTracker: mNetworkCallback onCapabilitiesChanged network:117 mPrimaryNetworkId:117
04-26 13:00:25.014  5075  5575 I SmartDataSwitchValidator: unexpected network onCapabilitiesChanged
04-26 13:00:25.018  3393  4688 D OplusGameFirstManager: oldAverRssi=-67,rssi=-68,newAverRssi=-67
04-26 13:00:25.018  3393  4688 D OplusSlaFastSwitch: Network Capabiliteis changed 117
04-26 13:00:25.018  3393  4643 D MultiNetworkStatsMonitor: wifi network 117 nc changed, primary=true, iface=wlan0
04-26 13:00:25.018  3393  4643 D OplusInterfaceMonitor: interface:wlan0 primary:true
04-26 13:00:25.018  4925  5084 D WifiPickerTracker: handleNetworkCapabilitiesChanged network:117
04-26 13:00:25.019  3393  4688 D OplusSlaNetworkManager: isPrimaryWifi:true network:117
04-26 13:00:25.020  8584 11937 I PTC.DISC.WifiConnectivityObserver: Receive NetworkCapabilitiesChanged.
04-26 13:00:25.022  4925  5014 D WifiStatusTracker: mNetworkCallback onCapabilitiesChanged network:117 mPrimaryNetworkId:117
04-26 13:00:25.022  5102  6367 D txpwrJni: sendNetworkInfo start
04-26 13:00:25.022  5102  6367 D txpwrJni: sendNetworkInfo RatType 0
04-26 13:00:25.023  5272  5272 D SubsysEventListenerManager: mDefaultNetworkCb onCapabilitiesChanged
04-26 13:00:25.023  5272  5272 D NetworkService[0]: default onCapabilitiesChanged
04-26 13:00:25.023  5272  5272 D SubsysEventListenerManager: onCapabilitiesChanged
04-26 13:00:25.023  5272  5272 D DataStateTracker: getCurDataChannel, channel:1
04-26 13:00:25.029  5204  6364 D QCNEJ/NativeAidlConnector: -> SND notifyDefaultNetworkChanged(1)
04-26 13:00:25.029  4925  5014 I SystemUi--Statusbar: NetworkController.WifiSignalController-->handleStatusUpdated state=3 enabled=true connected=true isDefaultNetwork=true rssi=-68 level=3 statusLabel=null isDirty=false
04-26 13:00:25.029  4925  5014 I SystemUi--Statusbar: NetworkController.WifiSignalController-->handleStatusUpdated state=3 enabled=true connected=true isDefaultNetwork=true rssi=-68 level=3 statusLabel=null isDirty=false
04-26 13:00:25.029  4925  5084 I WifiPickerTracker: wifi connected status realConnectedWifiEntry not null: true
04-26 13:00:25.031  5204  6364 D cneJni  : sendDefaultNwMsg start
04-26 13:00:25.032 25073 25108 I AIUnit-NetworkPublisher: onNetworkChanged [onCapabilitiesChanged, 117]
04-26 13:00:25.032  8584 11937 W PTC.DISC.NetRegisterCentral: registerLanInfo failed. msg=Account not logged in desc=wlanAvailable(repeat=0)
04-26 13:00:25.034  3393  4643 D ScorerUtils: isLowTraffic: txTputKBps=0, rxTputKBps=0
04-26 13:00:25.034  3393  4643 D OplusWifiPower_TriggerCenter: mComponentCallback: wifistat
04-26 13:00:25.034  5204  6364 D cneJni  : sendWifiStatus start
04-26 13:00:25.035  4925  5014 I SystemUi--Statusbar: NetworkController.WifiSignalController-->handleStatusUpdated state=3 enabled=true connected=true isDefaultNetwork=true rssi=-68 level=3 statusLabel=null isDirty=false
04-26 13:00:25.035  4925  5043 I SystemUi--Statusbar: WifiViewModel-->wifiIcon icon:Wifi three bars. isDefault:true alwaysShowIconIfEnabled:false isShowWifiIndicatorWhenEnabled:false
04-26 13:00:25.035  4925  4925 I SystemUi--Statusbar: OplusStatusBarSignalPolicy-->imsIcon: OplusIMSModel(shouldShowVolte=false, shouldShowVowifi=true, simInserted=true, noSim=false, shouldShowVodata=false, shouldShowVo5G=false, vowifiState=true), OplusIMSModel(shouldShowVolte=false, shouldShowVowifi=false, simInserted=false, noSim=true, shouldShowVodata=false, shouldShowVo5G=false, vowifiState=false), noSubs:false, airplaneMode:falsevisible: true ,wifiConnect:true , vowifiIcon:2131237199 , voDataStatus:false, is5GNewCall:false
04-26 13:00:25.036  3393  4643 D OplusWifiResidenceRecognition: No available relateBssidList
04-26 13:00:25.036  5272  5272 D VendorWifiService: onEvent event:19,action:1
04-26 13:00:25.036  5272  5272 D VendorWifiService: onEvent event:9,action:1
04-26 13:00:25.042  4339  4367 I AIUnit-NetworkPublisher: onNetworkChanged [onCapabilitiesChanged, 117]
04-26 13:00:25.043  6640  6793 D WM-WorkConstraintsTrack: NetworkRequestConstraintController onCapabilitiesChanged callback
04-26 13:00:25.043 22568 22657 D NetWorkMonitor: postOnNetStateChange : old state =WIFI,new state =WIFI
04-26 13:00:25.043 25073 25108 D Track.TrackUpload: onCapabilitiesChanged is calling.
