04-26 13:00:10.215 12487 12487 D VRI[Material3SettingsActivity]: relayoutWindow result, sizeChanged:false, surfaceControlChanged:true, transformHintChanged:false, mSurfaceSize:Point(1080, 2376), mLastSurfaceSize:Point(1080, 2376), mWidth:1080, mHeight:2376, requestedWidth:1080, requestedHeight:2376, transformHint:0, installOrientation:0, displayRotation:0, isSurfaceValid:false, attr.flag:-2122252032, tmpFrames:ClientWindowFrames{frame=[0,0][1080,2376] display=[0,0][1080,2376] parentFrame=[0,0][0,0]}, relayoutAsync:false, mSyncSeqId:0
04-26 13:00:10.215 12487 12487 D BLASTBufferQueue: [VRI[Material3SettingsActivity]#0](f:0,a:1) destructor()
04-26 13:00:10.215 12487 12487 D BufferQueueConsumer: [VRI[Material3SettingsActivity]#0(BLAST Consumer)0](id:30c700000000,api:0,p:-1,c:12487) disconnect
04-26 13:00:10.216 12487 12487 D VRI[Material3SettingsActivity]: setWindowStopped stopped:true
04-26 13:00:10.221 12487 12487 D ViewRootImplExtImpl: wrapConfigInfoIntoFlags rotation=0, smallestScreenWidthDp=411, residentWS=false, scenario=0, bounds=Rect(0, 0 - 1080, 2376), relayoutAsync=false, flags=0, newFlags=1245721440, title=com.google.android.projection.gearhead/com.google.android.projection.gearhead.companion.settings.Material3SettingsActivity
04-26 13:00:10.221  3393  3487 V WindowManager: Relayout Window{8951897 u0 com.google.android.projection.gearhead/com.google.android.projection.gearhead.companion.settings.Material3SettingsActivity}: viewVisibility=8, oldvis=8, req=1080x2376 , apr = 0, vsysui=LAYOUT_STABLE LAYOUT_FULLSCREEN, x=0, y=0
04-26 13:00:10.222 12487 12487 D VRI[Material3SettingsActivity]: relayoutWindow result, sizeChanged:false, surfaceControlChanged:true, transformHintChanged:false, mSurfaceSize:Point(1080, 2376), mLastSurfaceSize:Point(1080, 2376), mWidth:1080, mHeight:2376, requestedWidth:1080, requestedHeight:2376, transformHint:0, installOrientation:0, displayRotation:0, isSurfaceValid:false, attr.flag:-2122252032, tmpFrames:ClientWindowFrames{frame=[0,0][1080,2376] display=[0,0][1080,2376] parentFrame=[0,0][0,0]}, relayoutAsync:false, mSyncSeqId:0
04-26 13:00:10.223  3393  3487 I WindowManager: Window{8951897 u0 com.google.android.projection.gearhead/com.google.android.projection.gearhead.companion.settings.Material3SettingsActivity} state from DRAW_PENDING to NO_SURFACE; reason: destroySurface
04-26 13:00:10.223  3393  3487 D OplusStartingWindowManager: skip remove starting window for activity = ActivityRecord{1087844 u0 com.google.android.projection.gearhead/.companion.settings.Material3SettingsActivity t308} ,ar != topActivityContainsStartingWindow on activityStopped
04-26 13:00:10.223  3393  4554 D BackgroundInstallControlService: Package event received: 0
04-26 13:00:10.225  3393  4805 D OsenseCommonUtils: /dev/memcg/apps/uid_10123/memory.app_score not exist
04-26 13:00:10.225  3393  6452 I OStatsManager_Calc: add screen power pkgName = com.openautolink.companion, uid = 10511, power = 229.2292749993503, is Fg = true, fore size = 2, mScale = 1.0
04-26 13:00:10.225  3393  6452 I OStatsManager_Calc: add screen power pkgName = com.google.android.projection.gearhead, uid = 10123, power = 229.2292749993503, is Fg = true, fore size = 2, mScale = 1.0
04-26 13:00:10.225  3393  6452 I OStatsManager_Calc: noteBeforePkgSwitch change = false, curTime = 73191295, com.google.android.projection.gearhead, fg = true
04-26 13:00:10.225  3393  6452 I OStatsManager_OplusBatteryStatsManager: updateStateTime: PkgName = com.google.android.projection.gearhead, uid = 10123, state to bg, mForegroundCnt = 0, isFg = false
04-26 13:00:10.225  6394  9415 D OplusAtlas.OplusAudioScene: callback success event:atlas_event_on_foreground_activities_changed eventInfo:pid:12487,uid:10123,hasForegroundActivities:0
04-26 13:00:10.226  3393  6452 I OStatsManager_OplusBatteryStatsManager: notePkgBackground [com.openautolink.companion10511], uid = 10123, pid = 12487, pkgName = com.google.android.projection.gearhead
04-26 13:00:10.226  2242  2242 D AudioBoost: audioSchedBoost, pid=2242, tid=2242, enable=1, ret=0
04-26 13:00:10.226  2242  2242 D AudioFlingerExtImpl: AudioFlingerExtImpl oplusSetParameters: keyvalue onForegroundActivitiesChanged=com.google.android.projection.gearhead:foreground:0|10123:12487
04-26 13:00:10.226  2242  2242 D AudioFlingerExtImpl: updateForegroundInfo, mapInf mForegroundMap(1)|[com.openautolink.companion]=1, uidPidMapInf mForegroundUidPidMap(1)|[10511]=12213
04-26 13:00:10.226  2242  2242 D AudioBoost: audioSchedBoost, pid=2242, tid=2242, enable=0, ret=0
04-26 13:00:10.308  1986  2522 I SDM     : DisplayBuiltIn::IdlePowerCollapse: IPC received, disabling partial update for one frame
04-26 13:00:10.392 12512 12512 D LocationManagerExtImpl: handleMessage: remove location cache
04-26 13:00:10.426  3153  3153 I OplusTouchDaemon: ts_run_service: shellback temperature updated 29 (29331)
04-26 13:00:10.446  2132  2188 E BatteryDamageDetect: BddVoltDiffCheck begins
04-26 13:00:10.446  2132  2188 E BatteryDamageDetect: volt diff trend not changed, volt_diff_trend = 0
04-26 13:00:10.483  2086  2086 D SensorFeature: name=ssc_screenshot_info ,index = 22
04-26 13:00:10.483  2086  2086 D SensorFeature: write 37 bytes:73191501588291,73191551984228,56656,0
04-26 13:00:10.492  1986  2522 I SDM     : DisplayBuiltIn::IdlePowerCollapse: IPC received, disabling partial update for one frame
04-26 13:00:10.515  5272  7608 D AppSenseConfig: getIgnoreAppList: [com.android.launcher, com.android.contacts, com.oplus.wirelesssettings, com.coloros.alarmclock, com.coloros.calculator, com.coloros.calendar, com.coloros.phonemanager, com.android.settings, com.android.phone, com.oplus.nas, com.oplus.nhs, com.oplus.appdetail, com.android.permissioncontroller, com.oplus.pscanvas, com.oplus.autotest.test.ctp, com.android.systemui, com.android.systemui.overlay.fingerprint.anim.fy, com.android.systemui.overlay.fingerprint.anim.qy, com.android.systemui.overlay.fingerprint.anim.sw, com.android.systemui.overlay.fingerprint.anim.xw, com.android.systemui.overlay.fingerprint.anim.ccyh, com.android.systemui.overlay.fingerprint.anim.halo, com.android.systemui.overlay.fingerprint.anim.jslz, com.android.systemui.overlay.fingerprint.anim.none, com.android.systemui.overlay.fingerprint.anim.xklc]
04-26 13:00:10.515  5272  7608 D AppSenseConfig: getIgnoreAppList: [com.android.launcher, com.android.contacts, com.oplus.wirelesssettings, com.coloros.alarmclock, com.coloros.calculator, com.coloros.calendar, com.coloros.phonemanager, com.android.settings, com.android.phone, com.oplus.nas, com.oplus.nhs, com.oplus.appdetail, com.android.permissioncontroller, com.oplus.pscanvas, com.oplus.autotest.test.ctp, com.android.systemui, com.android.systemui.overlay.fingerprint.anim.fy, com.android.systemui.overlay.fingerprint.anim.qy, com.android.systemui.overlay.fingerprint.anim.sw, com.android.systemui.overlay.fingerprint.anim.xw, com.android.systemui.overlay.fingerprint.anim.ccyh, com.android.systemui.overlay.fingerprint.anim.halo, com.android.systemui.overlay.fingerprint.anim.jslz, com.android.systemui.overlay.fingerprint.anim.none, com.android.systemui.overlay.fingerprint.anim.xklc]
04-26 13:00:10.516  5272  7608 D ActivityAdapter: taskChange: pre: 1, cur: 1, changed:false
04-26 13:00:10.522  5272  7536 D CommonApp-117-10511: transport layer data is invalid
04-26 13:00:10.523  5272  7536 D ScorePolicy: handleScoreChanged: []
04-26 13:00:10.523  5272  7536 D ScorePolicy: handleScoreChanged: []
04-26 13:00:10.523  5272  7536 D ScorePolicy: handleScoreChanged: []
04-26 13:00:10.589  5075  5568 I TcpSyn  : updateFrontUidsToKernel, uids = [10511]
04-26 13:00:10.602 12213 12270 D OplusScrollToTopManager: com.openautolink.companion/com.openautolink.companion.MainActivity,This com.android.internal.policy.DecorView{54a54b9 V.E...... R.....I. 0,0-1080,2376 aid=0 alpha=1.0 viewInfo = }[MainActivity] change focus to true
04-26 13:00:10.606 12487 12510 D OplusScrollToTopManager: com.google.android.projection.gearhead/com.google.android.projection.gearhead.companion.settings.Material3SettingsActivity,This com.android.internal.policy.DecorView{f99cc29 I.E...... R.....ID 0,0-1080,2376 aid=0 alpha=1.0 viewInfo = }[Material3SettingsActivity] change focus to false
04-26 13:00:10.634  1955 30145 I sensors-hal: handle_oplus_wise_rgb_event:189, high_pwm_light:lux 74.7,cct 4682.4,brl/algo/ir 2480.0/2.0/88.3,pwm/dc 0.0/0.0,rgbc 6681.828613/4384.151855/2529.011963/11520.325195,ts 73191530002877,cnt 21627,flag 56656
04-26 13:00:10.783  2086  2086 D SensorFeature: name=ssc_screenshot_info ,index = 22
04-26 13:00:10.784  2086  2086 D SensorFeature: write 37 bytes:73191501588291,73191853028551,56657,0
04-26 13:00:10.895  3393  4643 D ScorerUtils: isLowTraffic: txTputKBps=0, rxTputKBps=8
04-26 13:00:10.895  5272  5272 D VendorWifiService: onEvent event:9,action:1
04-26 13:00:10.896  3393  4643 D OplusWifiResidenceRecognition: No available relateBssidList
04-26 13:00:10.900  3393  3624 D OplusFeatureGameBrightness: lux = 24
04-26 13:00:10.988  1986  2522 I SDM     : DisplayBuiltIn::IdlePowerCollapse: IPC received, disabling partial update for one frame
04-26 13:00:11.072  2265  3422 D VRR [OTI]: handleIdle from 0 to 1
04-26 13:00:11.072  2265  3422 D VRR [RefreshRateDirector]: requestRefreshRateByOti update [ oti-hw, {fps=60, modePtr={id=5, vsyncRate=60.00 Hz, peakRefreshRate=60.00 Hz}} ]
04-26 13:00:11.072  2265  3422 D VRR [RefreshRateDirector]: updateBestFrameRate [oti-hw, {fps=60, modePtr={id=5, vsyncRate=60.00 Hz, peakRefreshRate=60.00 Hz}}]
04-26 13:00:11.072  2265  3430 D SurfaceFlinger: VRR [SurfaceFlinger] setDesiredActiveMode: displayId: 4630946756802996883, renderRate: 60, vsyncRate: 60, event: 0
04-26 13:00:11.072  2265  3430 D DisplayModeController: setDesiredMode 4630946756802996883 {mode={fps=60.00 Hz, modePtr={id=5, vsyncRate=60.00 Hz, peakRefreshRate=60.00 Hz}}, emitEvent=false, force=false}
04-26 13:00:11.073 10089 12666 D ShellSubscriberWorkerThread: the first 8 bytes empty, and RestData length > 8 
04-26 13:00:11.074  2265  2265 I HWC2    : [0] setActiveConfigWithConstraints[5]
04-26 13:00:11.074  1986  4715 I SDM     : SDMDisplayIris::SetActiveConfigToIrisWrapper: SetActiveConfigToIrisWrapper [5] on id_: 0
04-26 13:00:11.074  1986  4715 W SDM     : SDMDisplayIris::SetActiveConfigToIrisWrapper: HWC SetActiveConfig [1], switch to [1440x3168@60]
04-26 13:00:11.074  1986  4715 I SDM     : SDMDisplayIris::SetActiveConfigToIrisWrapper: SetActiveConfigToIrisWrapper [1] on id_: 0
04-26 13:00:11.074  1986  4715 W SDM     : SDMDisplayIris::SetActiveConfigToIrisWrapper: HWC SetActiveConfig [1], switch to [1440x3168@60]
04-26 13:00:11.074  1986  4715 W SDM     : HWDeviceDRM::GetSupportedBitClkRate: Requested rate not supported: 1363200000
04-26 13:00:11.074  1986  4715 I SDM     : HWDeviceDRM::UpdateMixerAttributes: Mixer WxH 1440x3168-1 for Peripheral
04-26 13:00:11.074  1986  3388 I CasManager: Fps changed from 90 to 60
04-26 13:00:11.074  1986  3388 I CasManager: Fps changed, not change bin, so trigger gain
04-26 13:00:11.074  1986  4715 I CwbService: CwbService::notifyConfigChange: display:0, config:5 size:4, sec.size():0
04-26 13:00:11.074  1986  3388 W SDM     : DemuraIntfImpl::ProcessOemPluginGain: Thermal intf_ is nullptr 0, default to 25 degree
04-26 13:00:11.074  1986  3388 I SDM     : CasQcPlugIn::ProcessPerCompGainOppo: mode:PWM, fps:60, dbv:2480, bin_dbv:3515, bright_adj:722
04-26 13:00:11.074  1986  3388 I SDM     : CasQcPlugIn::ProcessPerCompGainOppo: old: 0 9 8 9 76 165 874 3072 |  0 8 10 9 77 151 665 2163 |  0 9 9 9 66 145 780 3072 | 
04-26 13:00:11.074  1986  3388 I SDM     : CasQcPlugIn::ProcessPerCompGainOppo: new: 0 0 0 9 60 132 699 3072 |  0 0  0 9 53 151 665 2163 |  0 0 0 9 66 145 780 3072 | 
04-26 13:00:11.075  1986  3388 I SDM     : HWPeripheralDRM::SetPanelFeature: Set Panel feature property 20
04-26 13:00:11.075  1986  3388 I SDM     : HWPeripheralDRM::SetPanelFeature: Set Panel feature property 7
04-26 13:00:11.075  1986  3388 I SDM     : DisplayBuiltIn::TriggerDemuraOemPlugIn: Trigger demura oem plugin success
04-26 13:00:11.075  1986  2514 I SDM     : DRMPanelFeatureMgr::ApplyDirtyFeature: Commited panel feature [enabled]: 21-273
04-26 13:00:11.075  1986  2514 I SDM     : DRMPanelFeatureMgr::ApplyDirtyFeature: Commited panel feature [enabled]: 8-272
04-26 13:00:11.075  1986  2514 D SDM     : HWDeviceDRM::SetupAtomic: APUIR: m_isswitchfps 2
04-26 13:00:11.077  2132  2175 D BatteryChargeControl: bcc get no support from charging protocol
04-26 13:00:11.086  1986  2514 D SDM     : HWDeviceDRM::SetupAtomic: APUIR: m_isswitchfps 1
04-26 13:00:11.113  2086  2086 D SensorFeature: name=ssc_screenshot_info ,index = 22
04-26 13:00:11.113  2086  2086 D SensorFeature: write 37 bytes:73192132196572,73192182616051,56658,0
04-26 13:00:11.135  3393  3626 D VRR [OPlusRefreshRateService]: handleConfigIdChange physicalDisplayId: 4630946756802996883 configId: 5 renderPeriod: 16666667
04-26 13:00:11.136  3393  3626 D VRR [OPlusGameStatusManager]: updateGameState mOSyncFeatureSwitch: false mIsGamePolicy: false
04-26 13:00:11.136  3393  3626 D VRR [OPlusGameStatusManager]: updateGameAccelerationStatus pkgName: com.openautolink.companion mOSyncFeatureSwitch: false mIsGamePolicy: false mHeartStop: false mHasFlickerRisk: false mForceAcceleration: false mToastReady: false enable: false
04-26 13:00:11.181  1986  2522 I SDM     : DisplayBuiltIn::IdlePowerCollapse: IPC received, disabling partial update for one frame
04-26 13:00:11.186  3393  3626 D VRR [OPlusSAManager]: updateAutoMinfps for 4630946756802996883 with nits: 407.50958, mHistOK true, mAmbientOK true, mCctOK true, mIrOK true, mBrightnessOK true, isPkgOK true, SA min fps: 119
04-26 13:00:11.186  2265  5963 I VRR-[OPlusRefreshRateSelector]: updateAutoMode success, display 0, mode 0, fakeframe 0, min fps: 1
04-26 13:00:11.186  1986 26628 I SDM     : DisplayBuiltIn::SetQSyncMode: VRR + update qsync mode 0 minfps 00C08081
04-26 13:00:11.199  1986  2514 E SDM     : DRMConnector::Perform: Connector 68: Setting Qsync min fps 12615809
04-26 13:00:11.199  1986  2514 D SDM     : HWDeviceDRM::SetupAtomic: APUIR: m_isswitchfps 0
04-26 13:00:11.199  2265  3434 D skia    : findCacheMissInfo vsync 15287763, result 0
04-26 13:00:11.256  3393  3585 W QosScheduler: executeSceneQosStrategy failed! qos feature no enable
04-26 13:00:11.277  1986  2522 I SDM     : DisplayBuiltIn::IdlePowerCollapse: IPC received, disabling partial update for one frame
04-26 13:00:11.416  2086  2086 D SensorFeature: name=ssc_screenshot_info ,index = 22
04-26 13:00:11.416  2086  2086 D SensorFeature: write 37 bytes:73192132196572,73192484130321,56659,0
04-26 13:00:11.447  2132  2188 E BatteryDamageDetect: BddVoltDiffCheck begins
04-26 13:00:11.448  2132  2188 E BatteryDamageDetect: volt diff trend not changed, volt_diff_trend = 0
04-26 13:00:11.546  5272  7536 D CommonApp-117-10511: transport layer data is invalid
04-26 13:00:11.547  5272  7536 D ScorePolicy: handleScoreChanged: []
04-26 13:00:11.547  5272  7536 D ScorePolicy: handleScoreChanged: []
04-26 13:00:11.547  5272  7536 D ScorePolicy: handleScoreChanged: []
04-26 13:00:11.568  3393  4886 D Osense-BaseDecisionMaker: notifyDelayedSceneToPolicy
04-26 13:00:11.659  1955 30145 I sensors-hal: handle_oplus_wise_rgb_event:189, high_pwm_light:lux 68.2,cct 4611.9,brl/algo/ir 2480.0/2.0/81.7,pwm/dc 0.0/0.0,rgbc 6030.458984/3954.837158/2260.593018/10588.378906,ts 73192490256367,cnt 21637,flag 56659
04-26 13:00:11.661  3393  3624 D OplusFeatureGameBrightness: lux = 99
04-26 13:00:11.687  3393  3626 D VRR [OPlusSAManager]: updateAutoMinfps for 4630946756802996883 with nits: 407.50958, mHistOK true, mAmbientOK true, mCctOK true, mIrOK true, mBrightnessOK true, isPkgOK true, SA min fps: 119
04-26 13:00:11.688  2265  5878 I VRR-[OPlusRefreshRateSelector]: updateAutoMode success, display 0, mode 0, fakeframe 0, min fps: 1
04-26 13:00:11.688  1986 26628 I SDM     : DisplayBuiltIn::SetQSyncMode: VRR + update qsync mode 0 minfps 00C08081
04-26 13:00:11.697  1986  2514 E SDM     : DRMConnector::Perform: Connector 68: Setting Qsync min fps 12615809
04-26 13:00:11.718  2086  2086 D SensorFeature: name=ssc_screenshot_info ,index = 22
04-26 13:00:11.718  2086  2086 D SensorFeature: write 37 bytes:73192132196572,73192787022665,56660,0
04-26 13:00:11.773  1986  2522 I SDM     : DisplayBuiltIn::IdlePowerCollapse: IPC received, disabling partial update for one frame
04-26 13:00:11.924  3393  4380 D FusionLightNextGen: process end reported = 1, mode: 0, cnt: 170160, lux 103.1, cct -1.0, r/g/b/c: 6143.2/4048.4/2288.4/10738.3, R/G/B: 17.0/19.0/27.0, bri 2480.0, match 1.00, ir 0.089512, conf 0.0, ts 73192763649127
04-26 13:00:11.948  3393  4389 V AlarmManager: sending alarm Alarm{8026e47 type 1 origWhen 1777233611948 whenElapsed 73193018 android} uid 1000 whenElapsed 73193018 windowLength 0 maxWhenElapsed 73193018 repeatInterval 0 action null component null tag StorgaeBandInfoAlarmTag flags 0x9 procName system_server
04-26 13:00:11.950  3393 19256 E OplusStorageUFSBandwidth: storage_io_metrics_path is /proc/oplus_storage/io_metrics/forever/
04-26 13:00:11.951  3393 19256 E OplusStorageUFSBandwidth: Bandwidth - Read: 3.49 MB/s, Write: 0.50 MB/s
04-26 13:00:11.951  3393 19256 E OplusStorageUFSBandwidth: Task time: 1ms
04-26 13:00:11.960  3393 19256 E OplusStorageUFSBandwidth: Alarm set to trigger in 10 seconds
04-26 13:00:11.994  1958 30234 I WifiHAL : event received NL80211_CMD_VENDOR, vendor_id = 0x1374, subcmd = 0xd
04-26 13:00:11.995  3037 30239 D LOWI-9.0.1.118: [LOWI-Scan] wait_event:Wait done with Cmd 103
04-26 13:00:11.995  3037 30239 D LOWI-9.0.1.118: [LOWI-Scan] do_listen_events: Rcvd valid Netlink Cmd 0 Err 0
04-26 13:00:11.995  2995  2995 I cnss-daemon: nl80211 response handler invoked
04-26 13:00:11.995  2995  2995 I cnss-daemon: nl80211_response_handler: cmd 103, vendorID 4980, subcmd 13  received
04-26 13:00:12.009  5075  5568 D DnsDomainBlock: onDnsEvent: latencyMs=0, returnCode=4, uid=10480
04-26 13:00:12.019  2086  2086 D SensorFeature: name=ssc_screenshot_info ,index = 22
04-26 13:00:12.019  2086  2086 D SensorFeature: write 37 bytes:73192132196572,73193088199227,56661,0
04-26 13:00:12.064  7914  7914 W pool-47-thread-: type=1400 audit(0.0:10488): avc:  denied  { getattr } for  path="anon_inode:[userfaultfd]" dev="anon_inodefs" ino=5304226 scontext=u:r:untrusted_app:s0:c224,c257,c512,c768 tcontext=u:object_r:untrusted_app_userfaultfd:s0:c224,c257,c512,c768 tclass=anon_inode permissive=0 app=com.safeway.client.android.safeway
04-26 13:00:12.078  2132  2175 D BatteryChargeControl: bcc get no support from charging protocol
04-26 13:00:12.191  1955 30145 I sensors-hal: handle_oplus_wise_rgb_event:189, high_pwm_light:lux 69.4,cct 4596.3,brl/algo/ir 2480.0/2.0/84.3,pwm/dc 0.0/0.0,rgbc 6202.098633/4065.651123/2334.863037/10785.627930,ts 73193062283398,cnt 21647,flag 56661
04-26 13:00:12.321  2086  2086 D SensorFeature: name=ssc_screenshot_info ,index = 22
04-26 13:00:12.322  2086  2086 D SensorFeature: write 37 bytes:73192132196572,73193390149384,56662,0
04-26 13:00:12.407 12487 12507 V ClearcutMetricXmitter: Transmission is done.
04-26 13:00:12.409 12487 12507 V ClearcutMetricXmitter: Transmission is done.
04-26 13:00:12.409 12487 12507 V ClearcutMetricXmitter: Transmission is done.
04-26 13:00:12.409 12487 12507 V ClearcutMetricXmitter: Transmission is done.
04-26 13:00:12.410 12487 12507 V ClearcutMetricXmitter: Transmission is done.
04-26 13:00:12.410 12487 12507 V ClearcutMetricXmitter: Transmission is done.
04-26 13:00:12.411 12487 12507 V ClearcutMetricXmitter: Transmission is done.
04-26 13:00:12.411 12487 12507 V ClearcutMetricXmitter: Transmission is done.
04-26 13:00:12.411 12487 12507 V ClearcutMetricXmitter: Transmission is done.
04-26 13:00:12.449  2132  2188 E BatteryDamageDetect: BddVoltDiffCheck begins
04-26 13:00:12.449  2132  2188 E BatteryDamageDetect: volt diff trend not changed, volt_diff_trend = 0
04-26 13:00:12.527  2132  2174 D vendor.oplus.hardware.charger-V10-service: ret_value:161, read content:,296,296,4465,4463,0,100,100,1,9,1048704,528,5001,100,1,4500,500,2000,0,0,9500,0,0,1,0,2,1,0,0,4,5849,99,0,4956,4956,0,0,0,0,0,0,100.00,100,100.00,97.02,100.00,
04-26 13:00:12.527  2132  2174 D vendor.oplus.hardware.charger-V10-service: gmtime: 2026-04-26-13-00-12
04-26 13:00:12.528  2132  2174 D vendor.oplus.hardware.charger-V10-service: usb_online:1, ac_online:-2147483648, wireless_online:0
04-26 13:00:12.571  5272  7536 D CommonApp-117-10511: transport layer data is invalid
04-26 13:00:12.571  5272  7536 D ScorePolicy: handleScoreChanged: []
04-26 13:00:12.571  5272  7536 D ScorePolicy: handleScoreChanged: []
04-26 13:00:12.571  5272  7536 D ScorePolicy: handleScoreChanged: []
04-26 13:00:12.599  1999  2144 E PERFHAL-PERFCTRL: PERFHAL-PERFCTRL: chk_core_online_poll_loop() 748: poll() has timed out for /sys/kernel/msm_performance/events/cpu_hotplug
04-26 13:00:12.599  1999  2144 E PERFHAL-PERFCTRL: PERFHAL-PERFCTRL: chk_core_online_poll_loop() 743: Block on poll()
04-26 13:00:12.624  2086  2086 D SensorFeature: name=ssc_screenshot_info ,index = 22
04-26 13:00:12.624  2086  2086 D SensorFeature: write 37 bytes:73192132196572,73193692678863,56663,0
04-26 13:00:12.721  1955 30145 I sensors-hal: handle_oplus_wise_rgb_event:189, high_pwm_light:lux 69.7,cct 4593.0,brl/algo/ir 2480.0/2.0/84.2,pwm/dc 0.0/0.0,rgbc 6214.907715/4077.963867/2337.184082/10843.488281,ts 73193659992513,cnt 21657,flag 56663
04-26 13:00:12.894 10089 12666 D ShellSubscriberWorkerThread: the first 8 bytes empty, and RestData length > 8 
04-26 13:00:12.915  5272  5272 D VendorWifiService: onEvent event:9,action:1
04-26 13:00:12.916  5272  5272 D VendorWifiService: onEvent event:19,action:1
04-26 13:00:12.924  3393  4643 D ScorerUtils: isLowTraffic: txTputKBps=0, rxTputKBps=3
04-26 13:00:12.925  3393  4643 D OplusWifiPower_TriggerCenter: mComponentCallback: wifistat
04-26 13:00:12.926  2086  2086 D SensorFeature: name=ssc_screenshot_info ,index = 22
04-26 13:00:12.926  2086  2086 D SensorFeature: write 37 bytes:73192132196572,73193994934487,56664,0
04-26 13:00:12.926  3393  4643 D OplusWifiResidenceRecognition: No available relateBssidList
04-26 13:00:13.078  2132  2175 D BatteryChargeControl: bcc get no support from charging protocol
04-26 13:00:13.228  2086  2086 D SensorFeature: name=ssc_screenshot_info ,index = 22
04-26 13:00:13.228  2086  2086 D SensorFeature: write 37 bytes:73192132196572,73194296883394,56665,0
04-26 13:00:13.252  1955 30145 I sensors-hal: handle_oplus_wise_rgb_event:189, high_pwm_light:lux 69.6,cct 4612.3,brl/algo/ir 2480.0/2.0/83.5,pwm/dc 0.0/0.0,rgbc 6150.863281/4033.638184/2309.332764/10704.098633,ts 73194265523242,cnt 21667,flag 56665
04-26 13:00:13.252  3393  4380 D FusionLightNextGen: process end reported = 1, mode: 0, cnt: 170165, lux 103.2, cct -1.0, r/g/b/c: 6181.6/4070.6/2314.0/10785.6, R/G/B: 17.0/19.0/27.0, bri 2480.0, match 1.00, ir 0.091029, conf 0.0, ts 73194273788242
04-26 13:00:13.449  2132  2188 E BatteryDamageDetect: BddVoltDiffCheck begins
04-26 13:00:13.450  2132  2188 E BatteryDamageDetect: volt diff trend not changed, volt_diff_trend = 0
04-26 13:00:13.530  2086  2086 D SensorFeature: name=ssc_screenshot_info ,index = 22
04-26 13:00:13.530  2086  2086 D SensorFeature: write 37 bytes:73192132196572,73194598956258,56666,0
04-26 13:00:13.571  3393  4232 D osense.compress: com.devhd.feedly do shrink, target ratio = 84, final ratio = 90, cur ratio = 78
04-26 13:00:13.594  5272  7536 D CommonApp-117-10511: transport layer data is invalid
04-26 13:00:13.595  5272  7536 D ScorePolicy: handleScoreChanged: []
04-26 13:00:13.595  5272  7536 D ScorePolicy: handleScoreChanged: []
04-26 13:00:13.595  5272  7536 D ScorePolicy: handleScoreChanged: []
04-26 13:00:13.784  1955 30145 I sensors-hal: handle_oplus_wise_rgb_event:189, high_pwm_light:lux 69.1,cct 4640.0,brl/algo/ir 2480.0/2.0/84.4,pwm/dc 0.0/0.0,rgbc 6158.548828/4028.713135/2307.011963/10775.108398,ts 73194614849336,cnt 21677,flag 56666
04-26 13:00:13.816  2031  3937 D AidlBufferPoolAcc: evictor expired: 1, evicted: 0
04-26 13:00:13.832  2086  2086 D SensorFeature: name=ssc_screenshot_info ,index = 22
04-26 13:00:13.832  2086  2086 D SensorFeature: write 37 bytes:73192132196572,73194901083445,56667,0
04-26 13:00:13.950  3393  4389 V AlarmManager: sending alarm Alarm{7748ed4 type 1 origWhen 1777233613951 whenElapsed 73195020 android} uid 1000 whenElapsed 73195020 windowLength 0 maxWhenElapsed 73195020 repeatInterval 0 action null component null tag StorgaeBandInfoAlarmTag flags 0x9 procName system_server
04-26 13:00:13.954  3393 19256 E OplusStorageUFSBandwidth: storage_io_metrics_path is /proc/oplus_storage/io_metrics/forever/
04-26 13:00:13.956  3393 19256 E OplusStorageUFSBandwidth: Bandwidth - Read: 0.00 MB/s, Write: 0.00 MB/s
04-26 13:00:13.956  3393 19256 E OplusStorageUFSBandwidth: Task time: 2ms
04-26 13:00:13.960  3393 19256 E OplusStorageUFSBandwidth: Alarm set to trigger in 10 seconds
04-26 13:00:14.000  1958 30234 I WifiHAL : event received NL80211_CMD_VENDOR, vendor_id = 0x1374, subcmd = 0xd
04-26 13:00:14.001  3037 30239 D LOWI-9.0.1.118: [LOWI-Scan] wait_event:Wait done with Cmd 103
04-26 13:00:14.001  3037 30239 D LOWI-9.0.1.118: [LOWI-Scan] do_listen_events: Rcvd valid Netlink Cmd 0 Err 0
04-26 13:00:14.001  2995  2995 I cnss-daemon: nl80211 response handler invoked
04-26 13:00:14.001  2995  2995 I cnss-daemon: nl80211_response_handler: cmd 103, vendorID 4980, subcmd 13  received
04-26 13:00:14.051  1950  1950 D healthd : system healthd: battery l=100 v=4465 t=29.6 h=2 st=5 c=0 fc=5920000 cc=239 chg=u
04-26 13:00:14.058  2132  2132 D ChargerInfo: getInfo: type: 0x1, update: 1
04-26 13:00:14.058  2132  2150 D ChargerInfo: chargerInfoUpdateThread: update start
04-26 13:00:14.079  2132  2175 D BatteryChargeControl: bcc get no support from charging protocol
04-26 13:00:14.093  2132  2150 D ChargerInfo: wlsAdapterPower: path(/sys/class/oplus_chg/wireless/max_w_power): not exist
04-26 13:00:14.093  2132  2150 D ChargerInfo: unknown: path(/sys/class/oplus_chg/ac/online) and backupPath(/sys/class/power_supply/ac/online) not exist
04-26 13:00:14.093  2132  2150 D ChargerInfo: get_ui_charge_icon_type: [0 0] [0 0] 1
04-26 13:00:14.093  2132  2150 D ChargerInfo: unknown: path(/sys/class/oplus_chg/ac/online) and backupPath(/sys/class/power_supply/ac/online) not exist
04-26 13:00:14.093  2132  2150 D ChargerInfo: cpaPower:10000 isChargeOnline:1 isSupportRetentionTopic:0
04-26 13:00:14.093  2132  2150 E ChargerInfo: SingleHyperPath not found
04-26 13:00:14.093  2132  2150 D ChargerInfo: chargerInfoUpdateThread: update end
04-26 13:00:14.093  2132  2150 D ChargerInfo: chargerInfoUpdateThread: update wait
04-26 13:00:14.094  2132  2132 D ChargerInfo: wlsAdapterPower: path(/sys/class/oplus_chg/wireless/max_w_power): not exist
04-26 13:00:14.094  2132  2132 D ChargerInfo: getInfo: {"Update":{"batteryFcc":5847,"batteryRm":4956,"bddLeakCurr":447,"bmsStatus":0,"bypassChgStatus":2,"chargeTimeRemaining":0,"cpaPower":10,"enableTx":"disable","fastCharge":0,"isSupportSpeedCharge":0,"notifyCode":1048704,"otgOnline":1,"ppsChargePower":0,"ppsCharging":0,"shortCHwStatus":0,"shortIcOtpStatus":0,"uiIconType":0,"uiPower":0,"usbStatus":0,"wlsAdapterPower":0}}
04-26 13:00:14.134  2086  2086 D SensorFeature: name=ssc_screenshot_info ,index = 22
04-26 13:00:14.134  2086  2086 D SensorFeature: write 37 bytes:73192132196572,73195202790008,56668,0
04-26 13:00:14.314  6629 12718 E midasd  : getTotalFlipsFromSf mCurFrameCount: 618315
04-26 13:00:14.315  6629 12718 I midasd  : DisplayAgent updateDisplayDevInfo getRenderFps mFps:60 mRenderFps:5 mWidth:1080 mHeight:2376
04-26 13:00:14.316  1955 30145 I sensors-hal: handle_oplus_wise_rgb_event:189, high_pwm_light:lux 68.9,cct 4628.9,brl/algo/ir 2480.0/2.0/83.1,pwm/dc 0.0/0.0,rgbc 6104.750977/4018.863037/2297.728027/10667.279297,ts 73195170804544,cnt 21687,flag 56668
04-26 13:00:14.436  2086  2086 D SensorFeature: name=ssc_screenshot_info ,index = 22
04-26 13:00:14.436  2086  2086 D SensorFeature: write 37 bytes:73192132196572,73195505211570,56669,0
04-26 13:00:14.450  2132  2188 E BatteryDamageDetect: BddVoltDiffCheck begins
04-26 13:00:14.450  2132  2188 E BatteryDamageDetect: volt diff trend not changed, volt_diff_trend = 0
04-26 13:00:14.455  2132  8277 E BatteryDamageDetect: full_table[full_table_size - 1].voltage = 2771.10, full_table[0].voltage = 4502.60
04-26 13:00:14.455  2132  8277 E BatteryDamageDetect: design_cap = 5920, start_soc = 96.8, start_vol = 4463, start_cap = 5730.56
04-26 13:00:14.455  2132  8277 E BatteryDamageDetect: BddRelaxSamplerThread run
04-26 13:00:14.455  2132  8277 E BatteryDamageDetect: First report cycle: 1800 seconds
04-26 13:00:14.580  3393  4380 D FusionLightNextGen: process end reported = 1, mode: 0, cnt: 170170, lux 102.9, cct -1.0, r/g/b/c: 6112.4/4036.1/2288.4/10725.1, R/G/B: 17.0/19.0/27.0, bri 2480.0, match 1.00, ir 0.088124, conf 0.0, ts 73195485983346
04-26 13:00:14.595  3393  4232 D osense.compress: com.google.android.gms do shrink, target ratio = 80, final ratio = 90, cur ratio = 70
04-26 13:00:14.601  1986  2522 I SDM     : DisplayBuiltIn::IdlePowerCollapse: IPC received, disabling partial update for one frame
04-26 13:00:14.617  1986  2522 I SDM     : DisplayBuiltIn::IdlePowerCollapse: IPC received, disabling partial update for one frame
04-26 13:00:14.618  5272  7536 D CommonApp-117-10511: transport layer data is invalid
04-26 13:00:14.618  5272  7536 D ScorePolicy: handleScoreChanged: []
04-26 13:00:14.618  5272  7536 D ScorePolicy: handleScoreChanged: []
04-26 13:00:14.618  5272  7536 D ScorePolicy: handleScoreChanged: []
04-26 13:00:14.634  1986  2522 I SDM     : DisplayBuiltIn::IdlePowerCollapse: IPC received, disabling partial update for one frame
04-26 13:00:14.650  1986  2522 I SDM     : DisplayBuiltIn::IdlePowerCollapse: IPC received, disabling partial update for one frame
04-26 13:00:14.667  1986  2522 I SDM     : DisplayBuiltIn::IdlePowerCollapse: IPC received, disabling partial update for one frame
04-26 13:00:14.684  1986  2522 I SDM     : DisplayBuiltIn::IdlePowerCollapse: IPC received, disabling partial update for one frame
04-26 13:00:14.701  1986  2522 I SDM     : DisplayBuiltIn::IdlePowerCollapse: IPC received, disabling partial update for one frame
04-26 13:00:14.739  2086  2086 D SensorFeature: name=ssc_screenshot_info ,index = 22
04-26 13:00:14.739  2086  2086 D SensorFeature: write 37 bytes:73192132196572,73195807134851,56670,0
04-26 13:00:14.768 12216 12220 W kloadclassifier: userfaultfd: MOVE ioctl seems unsupported: Connection timed out
04-26 13:00:14.845  1955 30145 I sensors-hal: handle_oplus_wise_rgb_event:189, high_pwm_light:lux 69.0,cct 4662.8,brl/algo/ir 2480.0/2.0/84.4,pwm/dc 0.0/0.0,rgbc 6150.863281/4068.113770/2311.653564/10764.588867,ts 73195775956940,cnt 21697,flag 56670
04-26 13:00:14.929  5272  5272 D VendorWifiService: onEvent event:9,action:1
04-26 13:00:14.930  3393  4643 D ScorerUtils: isLowTraffic: txTputKBps=0, rxTputKBps=0
04-26 13:00:14.931  3393  4643 D OplusWifiResidenceRecognition: No available relateBssidList
04-26 13:00:15.080  2132  2175 D BatteryChargeControl: bcc get no support from charging protocol
04-26 13:00:15.123  2086  2086 D SensorFeature: name=ssc_screenshot_info ,index = 22
04-26 13:00:15.124  2086  2086 D SensorFeature: write 37 bytes:73196141105008,73196192310007,56671,0
04-26 13:00:15.129  1986  2522 I SDM     : DisplayBuiltIn::IdlePowerCollapse: IPC received, disabling partial update for one frame
04-26 13:00:15.212  4275  4285 I ehlg    : (REDACTED) appOpsListener %s %s
04-26 13:00:15.213  4275  4285 I ehlg    : (REDACTED) Ignoring irrelevant audio permission changes for package %s
04-26 13:00:15.225  3393  4232 D osense.compress: com.google.android.apps.dynamite do shrink, target ratio = 90, final ratio = 90, cur ratio = 86
04-26 13:00:15.377  1955 30145 I sensors-hal: handle_oplus_wise_rgb_event:189, high_pwm_light:lux 69.6,cct 4600.4,brl/algo/ir 2480.0/2.0/82.1,pwm/dc 0.0/0.0,rgbc 6181.604980/4068.113770/2313.974609/10801.408203,ts 73196208290325,cnt 21707,flag 56671
04-26 13:00:15.426  2086  2086 D SensorFeature: name=ssc_screenshot_info ,index = 22
04-26 13:00:15.426  2086  2086 D SensorFeature: write 37 bytes:73196141105008,73196494534070,56672,0
04-26 13:00:15.451  2132  2188 E BatteryDamageDetect: BddVoltDiffCheck begins
04-26 13:00:15.451  2132  2188 E BatteryDamageDetect: volt diff trend not changed, volt_diff_trend = 0
04-26 13:00:15.513  1942 21156 I vendor.qti.bluetooth@1.0-ibs_handler: ProcessIbsCmd: Received IBS_WAKE_IND: 0xFD
04-26 13:00:15.513  1942 21156 D vendor.qti.bluetooth@1.0-ibs_handler: SerialClockVote: vote for UART CLK ON
04-26 13:00:15.513  1942 21156 D vendor.qti.bluetooth@1.0-wake_lock: Acquire wakelock is acquired 
04-26 13:00:15.513  1942 21156 I vendor.qti.bluetooth@1.0-ibs_handler: ProcessIbsCmd: Writing IBS_WAKE_ACK
04-26 13:00:15.515 21080 21126 I bluetooth: [btif_bqr.cc:1267] vendor_specific_event_callback: Unhandled BQR subevent 0x01
04-26 13:00:15.515 21080 21126 D bluetooth: [btif_bqr.cc:752] CategorizeBqrEvent: length: 145 quality_report_id: 0x01
04-26 13:00:15.516 21080 21126 I bluetooth: [btif_bqr.cc:1204] bqr_delivery_event: len: 145, bqr_id: 1, addr: xx:xx:xx:xx:d0:60, lmp_ver: 9, manufacturer_id: 492, lmp_subver: 1024
04-26 13:00:15.516 21080 21192 I BluetoothInCallService: BluetoothInCallService = null
04-26 13:00:15.516 21080 21192 I BluetoothQualityReportJni: [com_android_bluetooth_BluetoothQualityReport.cpp:48] bqr_delivery_callback: 
04-26 13:00:15.516 21080 21192 I BluetoothQualityReportNativeInterface: rawData Length = 145
04-26 13:00:15.519 21080 21192 I BluetoothQualityReportNativeInterface: BQR: {
04-26 13:00:15.519 21080 21192 I BluetoothQualityReportNativeInterface:   mAddr: XX:XX:XX:XX:D0:60, mLmpVer: 0x09, mLmpSubVer: 0x0400, mManufacturerId: 0x01EC, mName: OpenAutoLink-09F7, mBluetoothClass: 200418,
04-26 13:00:15.519 21080 21192 I BluetoothQualityReportNativeInterface:   BqrCommon: {
04-26 13:00:15.519 21080 21192 I BluetoothQualityReportNativeInterface:     mQualityReportId: Quality monitor(0x01), mPacketType: TYPE_DM1(0x10), mConnectionHandle: 0x0004, mConnectionRole: 0(0), mTxPowerLevel: 5, mRssi: -51, mSnr: 0, mUnusedAfhChannelCount: 35,
04-26 13:00:15.519 21080 21192 I BluetoothQualityReportNativeInterface:     mAfhSelectUnidealChannelCount: 0, mLsto: 8000, mPiconetClock: 0x0DF55AD7, mRetransmissionCount: 4, mNoRxCount: 4, mNakCount: 0, mLastTxAckTimestamp: 0x0DF53202, mFlowOffCount: 0,
04-26 13:00:15.519 21080 21192 I BluetoothQualityReportNativeInterface:     mLastFlowOnTimestamp: 0x0FFFFFFF, mOverflowCount: 0, mUnderflowCount: 0, mAddr: XX:XX:XX:XX:D0:60, mCalFailedItemCount: 0,
04-26 13:00:15.519 21080 21192 I BluetoothQualityReportNativeInterface:     mTxTotalPackets: 0, mTxUnackPackets: 0, mTxFlushPackets: 0, mTxLastSubeventPackets: 0, mCrcErrorPackets: 0, mRxDupPackets: 0, mRxUnRecvPackets: 9, mCoexInfoMask: 0
04-26 13:00:15.519 21080 21192 I BluetoothQualityReportNativeInterface:   }
04-26 13:00:15.519 21080 21192 I BluetoothQualityReportNativeInterface: }
04-26 13:00:15.520 21080 21080 I oplus_bt_dual_sync: [oplus_bt_dual_sync.cc:151] stack_down_sync_action: type=18, len=17
04-26 13:00:15.520 21080 21080 I oplus_bt_qos_monitor: [oplus_bt_qos_monitor.cc:118] get_oplus_qos_data: getting qos data
04-26 13:00:15.554  1942 21156 I vendor.qti.bluetooth@1.0-ibs_handler: ProcessIbsCmd: Received IBS_SLEEP_IND: 0xFE
04-26 13:00:15.554  1942 21156 D vendor.qti.bluetooth@1.0-ibs_handler: SerialClockVote: vote for UART CLK OFF
04-26 13:00:15.601  1999  2144 E PERFHAL-PERFCTRL: PERFHAL-PERFCTRL: chk_core_online_poll_loop() 748: poll() has timed out for /sys/kernel/msm_performance/events/cpu_hotplug
04-26 13:00:15.602  1999  2144 E PERFHAL-PERFCTRL: PERFHAL-PERFCTRL: chk_core_online_poll_loop() 743: Block on poll()
04-26 13:00:15.642  5272  7536 D CommonApp-117-10511: transport layer data is invalid
04-26 13:00:15.642  5272  7536 D ScorePolicy: handleScoreChanged: []
04-26 13:00:15.642  5272  7536 D ScorePolicy: handleScoreChanged: []
04-26 13:00:15.642  5272  7536 D ScorePolicy: handleScoreChanged: []
04-26 13:00:15.704  1942 21145 D vendor.qti.bluetooth@1.0-wake_lock: Release wakelock is released 
04-26 13:00:15.728  2086  2086 D SensorFeature: name=ssc_screenshot_info ,index = 22
04-26 13:00:15.728  2086  2086 D SensorFeature: write 37 bytes:73196141105008,73196796599018,56673,0
04-26 13:00:15.905  1986  2522 I SDM     : DisplayBuiltIn::IdlePowerCollapse: IPC received, disabling partial update for one frame
04-26 13:00:15.908  1955 30145 I sensors-hal: handle_oplus_wise_rgb_event:189, high_pwm_light:lux 70.0,cct 4612.0,brl/algo/ir 2480.0/2.0/82.9,pwm/dc 0.0/0.0,rgbc 6202.098633/4068.113770/2330.221191/10825.078125,ts 73196763820065,cnt 21717,flag 56673
04-26 13:00:15.909  3393  4380 D FusionLightNextGen: process end reported = 1, mode: 0, cnt: 170175, lux 103.1, cct -1.0, r/g/b/c: 6168.8/4063.2/2309.3/10775.1, R/G/B: 17.0/19.0/27.0, bri 2480.0, match 1.00, ir 0.090407, conf 0.0, ts 73196772085065
04-26 13:00:15.956  3393  4389 V AlarmManager: sending alarm Alarm{722f8e9 type 1 origWhen 1777233615956 whenElapsed 73197026 android} uid 1000 whenElapsed 73197026 windowLength 0 maxWhenElapsed 73197026 repeatInterval 0 action null component null tag StorgaeBandInfoAlarmTag flags 0x9 procName system_server
04-26 13:00:15.957  3393 19256 E OplusStorageUFSBandwidth: storage_io_metrics_path is /proc/oplus_storage/io_metrics/forever/
04-26 13:00:15.958  3393 19256 E OplusStorageUFSBandwidth: Bandwidth - Read: 6.49 MB/s, Write: 0.00 MB/s
04-26 13:00:15.958  3393 19256 E OplusStorageUFSBandwidth: Task time: 1ms
04-26 13:00:15.963  3393 19256 E OplusStorageUFSBandwidth: Alarm set to trigger in 10 seconds
04-26 13:00:16.005  1958 30234 I WifiHAL : event received NL80211_CMD_VENDOR, vendor_id = 0x1374, subcmd = 0xd
04-26 13:00:16.005  2995  2995 I cnss-daemon: nl80211 response handler invoked
04-26 13:00:16.005  2995  2995 I cnss-daemon: nl80211_response_handler: cmd 103, vendorID 4980, subcmd 13  received
04-26 13:00:16.005  3037 30239 D LOWI-9.0.1.118: [LOWI-Scan] wait_event:Wait done with Cmd 103
04-26 13:00:16.005  3037 30239 D LOWI-9.0.1.118: [LOWI-Scan] do_listen_events: Rcvd valid Netlink Cmd 0 Err 0
04-26 13:00:16.029  2086  2086 D SensorFeature: name=ssc_screenshot_info ,index = 22
04-26 13:00:16.030  2086  2086 D SensorFeature: write 37 bytes:73196141105008,73197098250945,56674,0
04-26 13:00:16.081  2132  2175 D BatteryChargeControl: bcc get no support from charging protocol
04-26 13:00:16.331  2086  2086 D SensorFeature: name=ssc_screenshot_info ,index = 22
04-26 13:00:16.331  2086  2086 D SensorFeature: write 37 bytes:73196141105008,73197400537611,56675,0
04-26 13:00:16.378 12512 12539 V ClearcutMetricXmitter: Transmission is done.
04-26 13:00:16.379 12512 12539 V ClearcutMetricXmitter: Transmission is done.
04-26 13:00:16.379 12512 12539 V ClearcutMetricXmitter: Transmission is done.
04-26 13:00:16.380 12512 12539 V ClearcutMetricXmitter: Transmission is done.
04-26 13:00:16.440  1955 30145 I sensors-hal: handle_oplus_wise_rgb_event:189, high_pwm_light:lux 70.2,cct 4599.7,brl/algo/ir 2480.0/2.0/82.7,pwm/dc 0.0/0.0,rgbc 6173.919434/4045.950928/2313.974609/10756.699219,ts 73197369700065,cnt 21727,flag 56675
04-26 13:00:16.451  2132  2188 E BatteryDamageDetect: BddVoltDiffCheck begins
04-26 13:00:16.452  2132  2188 E BatteryDamageDetect: volt diff trend not changed, volt_diff_trend = 0
04-26 13:00:16.455 12572 12588 V ClearcutMetricXmitter: Transmission is done.
04-26 13:00:16.633  2086  2086 D SensorFeature: name=ssc_screenshot_info ,index = 22
04-26 13:00:16.633  2086  2086 D SensorFeature: write 37 bytes:73196141105008,73197702129694,56676,0
04-26 13:00:16.666  5272  7536 D CommonApp-117-10511: transport layer data is invalid
04-26 13:00:16.666  5272  7536 D ScorePolicy: handleScoreChanged: []
04-26 13:00:16.666  5272  7536 D ScorePolicy: handleScoreChanged: []
04-26 13:00:16.666  5272  7536 D ScorePolicy: handleScoreChanged: []
04-26 13:00:16.664  7914  7914 W pool-47-thread-: type=1400 audit(0.0:10489): avc:  denied  { getattr } for  path="anon_inode:[userfaultfd]" dev="anon_inodefs" ino=5304226 scontext=u:r:untrusted_app:s0:c224,c257,c512,c768 tcontext=u:object_r:untrusted_app_userfaultfd:s0:c224,c257,c512,c768 tclass=anon_inode permissive=0 app=com.safeway.client.android.safeway
04-26 13:00:16.935  2086  2086 D SensorFeature: name=ssc_screenshot_info ,index = 22
04-26 13:00:16.935  2086  2086 D SensorFeature: write 37 bytes:73196141105008,73198003683288,56677,0
04-26 13:00:16.947  5272  5272 D VendorWifiService: onEvent event:9,action:1
04-26 13:00:16.948  5272  5272 D VendorWifiService: onEvent event:19,action:1
04-26 13:00:16.954  3393  4643 D ScorerUtils: isLowTraffic: txTputKBps=0, rxTputKBps=0
04-26 13:00:16.955  3393  4643 D OplusWifiPower_TriggerCenter: mComponentCallback: wifistat
04-26 13:00:16.956  3393  4643 D OplusWifiResidenceRecognition: No available relateBssidList
04-26 13:00:16.970  1955 30145 I sensors-hal: handle_oplus_wise_rgb_event:189, high_pwm_light:lux 70.3,cct 4638.3,brl/algo/ir 2480.0/2.0/82.0,pwm/dc 0.0/0.0,rgbc 6186.728516/4087.814209/2323.258545/10814.557617,ts 73197975382565,cnt 21737,flag 56677
04-26 13:00:17.058  1986  2522 I SDM     : DisplayBuiltIn::IdlePowerCollapse: IPC received, disabling partial update for one frame
04-26 13:00:17.081  2132  2175 D BatteryChargeControl: bcc get no support from charging protocol
04-26 13:00:17.266  2086  2086 D SensorFeature: name=ssc_screenshot_info ,index = 22
04-26 13:00:17.266  2086  2086 D SensorFeature: write 37 bytes:73198282929330,73198334709225,56678,0
04-26 13:00:17.269  3393  4380 D FusionLightNextGen: process end reported = 1, mode: 0, cnt: 170180, lux 102.1, cct -1.0, r/g/b/c: 6166.2/4028.7/2311.7/10801.4, R/G/B: 17.0/19.0/27.0, bri 2480.0, match 1.00, ir 0.087119, conf 0.0, ts 73198273995377
04-26 13:00:17.274  1986  2522 I SDM     : DisplayBuiltIn::IdlePowerCollapse: IPC received, disabling partial update for one frame
04-26 13:00:17.452  2132  2188 E BatteryDamageDetect: BddVoltDiffCheck begins
04-26 13:00:17.452  2132  2188 E BatteryDamageDetect: volt diff trend not changed, volt_diff_trend = 0
04-26 13:00:17.502  1955 30145 I sensors-hal: handle_oplus_wise_rgb_event:189, high_pwm_light:lux 69.5,cct 4633.2,brl/algo/ir 2480.0/2.0/83.6,pwm/dc 0.0/0.0,rgbc 6171.357422/4045.950928/2304.690918/10769.848633,ts 73198332950533,cnt 21747,flag 56678
04-26 13:00:17.528  2132  2174 D vendor.oplus.hardware.charger-V10-service: ret_value:161, read content:,296,296,4465,4463,0,100,100,1,9,1048704,209,5058,100,1,4500,500,2000,0,0,9500,0,0,1,0,2,1,0,0,4,5849,99,0,4956,4956,0,0,0,0,0,0,100.00,100,100.00,97.02,100.00,
04-26 13:00:17.528  2132  2174 D vendor.oplus.hardware.charger-V10-service: gmtime: 2026-04-26-13-00-17
04-26 13:00:17.528  2132  2174 D vendor.oplus.hardware.charger-V10-service: usb_online:1, ac_online:-2147483648, wireless_online:0
04-26 13:00:17.568  2086  2086 D SensorFeature: name=ssc_screenshot_info ,index = 22
04-26 13:00:17.568  2086  2086 D SensorFeature: write 37 bytes:73198282929330,73198636875423,56679,0
04-26 13:00:17.690  5272  7536 D CommonApp-117-10511: transport layer data is invalid
04-26 13:00:17.691  5272  7536 D ScorePolicy: handleScoreChanged: []
04-26 13:00:17.691  5272  7536 D ScorePolicy: handleScoreChanged: []
04-26 13:00:17.691  5272  7536 D ScorePolicy: handleScoreChanged: []
04-26 13:00:17.870  2086  2086 D SensorFeature: name=ssc_screenshot_info ,index = 22
04-26 13:00:17.870  2086  2086 D SensorFeature: write 37 bytes:73198282929330,73198938712767,56680,0
04-26 13:00:17.895 10089 12666 D ShellSubscriberWorkerThread: the first 8 bytes empty, and RestData length > 8 
04-26 13:00:17.904  1986  2522 I SDM     : DisplayBuiltIn::IdlePowerCollapse: IPC received, disabling partial update for one frame
04-26 13:00:17.909  1942 21156 I vendor.qti.bluetooth@1.0-ibs_handler: ProcessIbsCmd: Received IBS_WAKE_IND: 0xFD
04-26 13:00:17.909  1942 21156 D vendor.qti.bluetooth@1.0-ibs_handler: SerialClockVote: vote for UART CLK ON
04-26 13:00:17.909  1942 21156 D vendor.qti.bluetooth@1.0-wake_lock: Acquire wakelock is acquired 
04-26 13:00:17.909  1942 21156 I vendor.qti.bluetooth@1.0-ibs_handler: ProcessIbsCmd: Writing IBS_WAKE_ACK
04-26 13:00:17.950  1942 21156 I vendor.qti.bluetooth@1.0-ibs_handler: ProcessIbsCmd: Received IBS_SLEEP_IND: 0xFE
04-26 13:00:17.950  1942 21156 D vendor.qti.bluetooth@1.0-ibs_handler: SerialClockVote: vote for UART CLK OFF
04-26 13:00:17.958  3393  4389 W OPLUS_LOG_LOAD: ==LOGS PROG INFO, prog(system_server) ==
04-26 13:00:17.958  3393  4389 V AlarmManager: sending alarm Alarm{7280734 type 1 origWhen 1777233617958 whenElapsed 73199028 android} uid 1000 whenElapsed 73199028 windowLength 0 maxWhenElapsed 73199028 repeatInterval 0 action null component null tag StorgaeBandInfoAlarmTag flags 0x9 procName system_server
04-26 13:00:17.959  3393 19256 E OplusStorageUFSBandwidth: storage_io_metrics_path is /proc/oplus_storage/io_metrics/forever/
04-26 13:00:17.961  3393 19256 E OplusStorageUFSBandwidth: Bandwidth - Read: 0.50 MB/s, Write: 0.00 MB/s
04-26 13:00:17.962  3393 19256 E OplusStorageUFSBandwidth: Task time: 3ms
04-26 13:00:17.966  3393 19256 E OplusStorageUFSBandwidth: Alarm set to trigger in 10 seconds
04-26 13:00:18.013  3037 30239 D LOWI-9.0.1.118: [LOWI-Scan] wait_event:Wait done with Cmd 103
04-26 13:00:18.013  3037 30239 D LOWI-9.0.1.118: [LOWI-Scan] do_listen_events: Rcvd valid Netlink Cmd 0 Err 0
04-26 13:00:18.014  2995  2995 I cnss-daemon: nl80211 response handler invoked
04-26 13:00:18.014  2995  2995 I cnss-daemon: nl80211_response_handler: cmd 103, vendorID 4980, subcmd 13  received
04-26 13:00:18.014  1958 30234 I WifiHAL : event received NL80211_CMD_VENDOR, vendor_id = 0x1374, subcmd = 0xd
04-26 13:00:18.033  1955 30145 I sensors-hal: handle_oplus_wise_rgb_event:189, high_pwm_light:lux 69.2,cct 4591.4,brl/algo/ir 2480.0/2.0/83.8,pwm/dc 0.0/0.0,rgbc 6202.098633/4092.739014/2318.616455/10851.377930,ts 73198913747565,cnt 21757,flag 56680
04-26 13:00:18.082  2132  2175 D BatteryChargeControl: bcc get no support from charging protocol
04-26 13:00:18.100  1942 21145 D vendor.qti.bluetooth@1.0-wake_lock: Release wakelock is released 
04-26 13:00:18.145  5075  5568 D DnsDomainBlock: onDnsEvent: latencyMs=0, returnCode=4, uid=10480
04-26 13:00:18.172  2086  2086 D SensorFeature: name=ssc_screenshot_info ,index = 22
04-26 13:00:18.172  2086  2086 D SensorFeature: write 37 bytes:73198282929330,73199240967454,56681,0
04-26 13:00:18.452  2132  2188 E BatteryDamageDetect: BddVoltDiffCheck begins
04-26 13:00:18.453  2132  2188 E BatteryDamageDetect: volt diff trend not changed, volt_diff_trend = 0
04-26 13:00:18.473  2086  2086 D SensorFeature: name=ssc_screenshot_info ,index = 22
04-26 13:00:18.474  2086  2086 D SensorFeature: write 37 bytes:73198282929330,73199542678079,56682,0
04-26 13:00:18.563  1955 30145 I sensors-hal: handle_oplus_wise_rgb_event:189, high_pwm_light:lux 69.6,cct 4624.7,brl/algo/ir 2480.0/2.0/82.2,pwm/dc 0.0/0.0,rgbc 6194.413574/4048.413330/2313.974609/10817.189453,ts 73199510988606,cnt 21767,flag 56682
04-26 13:00:18.564  3393  4380 D FusionLightNextGen: process end reported = 1, mode: 0, cnt: 170185, lux 101.9, cct -1.0, r/g/b/c: 6143.2/4036.1/2304.7/10714.6, R/G/B: 17.0/19.0/27.0, bri 2480.0, match 1.00, ir 0.091117, conf 0.0, ts 73199519253606
04-26 13:00:18.605  1999  2144 E PERFHAL-PERFCTRL: PERFHAL-PERFCTRL: chk_core_online_poll_loop() 748: poll() has timed out for /sys/kernel/msm_performance/events/cpu_hotplug
04-26 13:00:18.605  1999  2144 E PERFHAL-PERFCTRL: PERFHAL-PERFCTRL: chk_core_online_poll_loop() 743: Block on poll()
04-26 13:00:18.714  5272  7536 D CommonApp-117-10511: transport layer data is invalid
04-26 13:00:18.715  5272  7536 D ScorePolicy: handleScoreChanged: []
04-26 13:00:18.715  5272  7536 D ScorePolicy: handleScoreChanged: []
04-26 13:00:18.715  5272  7536 D ScorePolicy: handleScoreChanged: []
04-26 13:00:18.776  2086  2086 D SensorFeature: name=ssc_screenshot_info ,index = 22
04-26 13:00:18.776  2086  2086 D SensorFeature: write 37 bytes:73198282929330,73199844664694,56683,0
04-26 13:00:18.794  3393  3393 V NotificationListeners: binding: Intent { act=android.service.notification.NotificationListenerService cmp=com.google.android.projection.gearhead/com.google.android.gearhead.notifications.SharedNotificationListenerManager$ListenerService (has extras) }
04-26 13:00:18.797 12572 12588 D SurfaceSyncGroup: preCreateSurfaceSyncGroupTimerThread
04-26 13:00:18.798 12512 12539 D SurfaceSyncGroup: preCreateSurfaceSyncGroupTimerThread
04-26 13:00:18.799  4275  4285 I ehlg    : (REDACTED) appOpsListener %s %s
04-26 13:00:18.799  4275  4285 I ehlg    : (REDACTED) Ignoring irrelevant audio permission changes for package %s
04-26 13:00:18.804 12487 12487 E GH.SharedNotifications: onListenerServiceCreated with state 0, expected REBIND_PENDING
04-26 13:00:18.805  3393  3393 V NotificationListeners: 0 notification listener service connected: ComponentInfo{com.google.android.projection.gearhead/com.google.android.gearhead.notifications.SharedNotificationListenerManager$ListenerService}
04-26 13:00:18.809 12512 12539 D LocationManagerExtImpl: getLastLocation provider: gps, uid: 10123, com.google.android.projection.gearhead
04-26 13:00:18.809 12512 12539 D LocationManagerExtImpl: getLastLocation don't containsKey
04-26 13:00:18.812 12512 12539 D LocationManagerExtImpl: saveLastLocation provider: gps don't contains
04-26 13:00:18.960  5272  5272 D VendorWifiService: onEvent event:9,action:1
04-26 13:00:18.960  3393  4643 D ScorerUtils: isLowTraffic: txTputKBps=0, rxTputKBps=0
04-26 13:00:18.962  3393  4643 D OplusWifiResidenceRecognition: No available relateBssidList
