04-26 13:00:32.185  5020  5020 D OplusTelephonyController: onSignalStrengthChanged: SignalStrength=SignalStrength:{mCdma=CellSignalStrengthCdma: cdmaDbm=2147483647 cdmaEcio=2147483647 evdoDbm=2147483647 evdoEcio=2147483647 evdoSnr=2147483647 level=0,mGsm=CellSignalStrengthGsm: rssi=2147483647 ber=2147483647 mTa=2147483647 mLevel=0,mWcdma=CellSignalStrengthWcdma: ss=2147483647 ber=2147483647 rscp=2147483647 ecno=2147483647 level=0,mTdscdma=CellSignalStrengthTdscdma: rssi=2147483647 ber=2147483647 rscp=2147483647 level=0,mLte=CellSignalStrengthLte: rssi=-73 rsrp=-112 rsrq=-12 rssnr=4 cqiTableIndex=2147483647 cqi=2147483647 ta=2147483647 level=2 parametersUseForLevel=0,mNr=CellSignalStrengthNr:{ csiRsrp = 2147483647 csiRsrq = 2147483647 csiCqiTableIndex = 2147483647 csiCqiReport = [] ssRsrp = 2147483647 ssRsrq = 2147483647 ssSinr = 2147483647 level = 0 parametersUseForLevel = 0 timingAdvance = 2147483647 },primary=CellSignalStrengthLte}
04-26 13:00:32.188  4925  4925 D Tile.OplusCellularTile: refreshState: tile not listening, ignore
04-26 13:00:32.281  2086  2086 D SensorFeature: name=ssc_screenshot_info ,index = 22
04-26 13:00:32.282  2086  2086 D SensorFeature: write 37 bytes:73212390828439,73213349947136,56727,0
04-26 13:00:32.461  2132  2188 E BatteryDamageDetect: BddVoltDiffCheck begins
04-26 13:00:32.461  2132  2188 E BatteryDamageDetect: volt diff trend not changed, volt_diff_trend = 0
04-26 13:00:32.531  2132  2174 D vendor.oplus.hardware.charger-V10-service: ret_value:161, read content:,295,295,4466,4464,0,100,100,1,9,1048704,106,5077,100,1,4500,500,2000,0,0,9500,0,0,1,0,2,1,0,0,4,5849,99,0,4956,4956,0,0,0,0,0,0,100.00,100,100.00,97.02,100.00,
04-26 13:00:32.531  2132  2174 D vendor.oplus.hardware.charger-V10-service: gmtime: 2026-04-26-13-00-32
04-26 13:00:32.532  2132  2174 D vendor.oplus.hardware.charger-V10-service: usb_online:1, ac_online:-2147483648, wireless_online:0
04-26 13:00:32.584  2086  2086 D SensorFeature: name=ssc_screenshot_info ,index = 22
04-26 13:00:32.585  2086  2086 D SensorFeature: write 37 bytes:73212390828439,73213652988282,56728,0
04-26 13:00:32.638  1955 30145 I sensors-hal: handle_oplus_wise_rgb_event:189, high_pwm_light:lux 67.6,cct 4417.2,brl/algo/ir 2480.0/2.0/76.3,pwm/dc 0.0/0.0,rgbc 5943.357910/3821.859863/2160.792969/10396.388672,ts 73213602507461,cnt 22017,flag 56728
04-26 13:00:32.886  2086  2086 D SensorFeature: name=ssc_screenshot_info ,index = 22
04-26 13:00:32.886  2086  2086 D SensorFeature: write 37 bytes:73212390828439,73213955453282,56729,0
04-26 13:00:32.893 10089 12666 D ShellSubscriberWorkerThread: the first 8 bytes empty, and RestData length > 8 
04-26 13:00:32.954  3153  3153 I OplusTouchDaemon: ts_run_service: shellback temperature updated 29 (29380)
04-26 13:00:33.050  5272  7536 D CommonApp-117-10511: transport layer data is invalid
04-26 13:00:33.050  5272  7536 D ScorePolicy: handleScoreChanged: []
04-26 13:00:33.051  5272  7536 D ScorePolicy: handleScoreChanged: []
04-26 13:00:33.051  5272  7536 D ScorePolicy: handleScoreChanged: []
04-26 13:00:33.082  5272  5272 D VendorWifiService: onEvent event:9,action:1
04-26 13:00:33.083  5272  5272 D VendorWifiService: onEvent event:19,action:1
04-26 13:00:33.091  3393  4643 D ScorerUtils: isLowTraffic: txTputKBps=0, rxTputKBps=0
04-26 13:00:33.092  3393  4643 D OplusWifiPower_TriggerCenter: mComponentCallback: wifistat
04-26 13:00:33.094  3393  4643 D OplusWifiResidenceRecognition: No available relateBssidList
04-26 13:00:33.095  2132  2175 D BatteryChargeControl: bcc get no support from charging protocol
04-26 13:00:33.266  2086  2086 D SensorFeature: name=ssc_screenshot_info ,index = 22
04-26 13:00:33.267  2086  2086 D SensorFeature: write 37 bytes:73214283548907,73214335252501,56730,0
04-26 13:00:33.269  1955 30145 I sensors-hal: handle_oplus_wise_rgb_event:189, high_pwm_light:lux 68.0,cct 4455.9,brl/algo/ir 2480.0/2.0/73.8,pwm/dc 0.0/0.0,rgbc 5915.178223/3826.785156/2142.225342/10312.228516,ts 73214208158398,cnt 22027,flag 131072
04-26 13:00:33.269  3393  4380 D FusionLightNextGen: process end reported = 1, mode: 0, cnt: 170240, lux 98.8, cct -1.0, r/g/b/c: 5997.2/3861.3/2160.8/10462.1, R/G/B: 17.0/19.0/27.0, bri 2480.0, match 1.00, ir 0.082514, conf 0.0, ts 73214208158398
04-26 13:00:33.277  1986  2522 I SDM     : DisplayBuiltIn::IdlePowerCollapse: IPC received, disabling partial update for one frame
04-26 13:00:33.462  2132  2188 E BatteryDamageDetect: BddVoltDiffCheck begins
04-26 13:00:33.462  2132  2188 E BatteryDamageDetect: volt diff trend not changed, volt_diff_trend = 0
04-26 13:00:33.514  1942 21156 I vendor.qti.bluetooth@1.0-ibs_handler: ProcessIbsCmd: Received IBS_WAKE_IND: 0xFD
04-26 13:00:33.514  1942 21156 D vendor.qti.bluetooth@1.0-ibs_handler: SerialClockVote: vote for UART CLK ON
04-26 13:00:33.514  1942 21156 D vendor.qti.bluetooth@1.0-wake_lock: Acquire wakelock is acquired 
04-26 13:00:33.514  1942 21156 I vendor.qti.bluetooth@1.0-ibs_handler: ProcessIbsCmd: Writing IBS_WAKE_ACK
04-26 13:00:33.516 21080 21126 I bluetooth: [btif_bqr.cc:1267] vendor_specific_event_callback: Unhandled BQR subevent 0x01
04-26 13:00:33.516 21080 21126 D bluetooth: [btif_bqr.cc:752] CategorizeBqrEvent: length: 145 quality_report_id: 0x01
04-26 13:00:33.516 21080 21126 I bluetooth: [btif_bqr.cc:1204] bqr_delivery_event: len: 145, bqr_id: 1, addr: xx:xx:xx:xx:d0:60, lmp_ver: 9, manufacturer_id: 492, lmp_subver: 1024
04-26 13:00:33.516 21080 21192 I BluetoothInCallService: BluetoothInCallService = null
04-26 13:00:33.517 21080 21192 I BluetoothQualityReportJni: [com_android_bluetooth_BluetoothQualityReport.cpp:48] bqr_delivery_callback: 
04-26 13:00:33.517 21080 21192 I BluetoothQualityReportNativeInterface: rawData Length = 145
04-26 13:00:33.521 21080 21192 I BluetoothQualityReportNativeInterface: BQR: {
04-26 13:00:33.521 21080 21192 I BluetoothQualityReportNativeInterface:   mAddr: XX:XX:XX:XX:D0:60, mLmpVer: 0x09, mLmpSubVer: 0x0400, mManufacturerId: 0x01EC, mName: OpenAutoLink-09F7, mBluetoothClass: 200418,
04-26 13:00:33.521 21080 21192 I BluetoothQualityReportNativeInterface:   BqrCommon: {
04-26 13:00:33.521 21080 21192 I BluetoothQualityReportNativeInterface:     mQualityReportId: Quality monitor(0x01), mPacketType: TYPE_DM1(0x10), mConnectionHandle: 0x0004, mConnectionRole: 0(0), mTxPowerLevel: 5, mRssi: -50, mSnr: 0, mUnusedAfhChannelCount: 50,
04-26 13:00:33.521 21080 21192 I BluetoothQualityReportNativeInterface:     mAfhSelectUnidealChannelCount: 0, mLsto: 8000, mPiconetClock: 0x0DF63BD9, mRetransmissionCount: 0, mNoRxCount: 0, mNakCount: 0, mLastTxAckTimestamp: 0x0DF5F802, mFlowOffCount: 0,
04-26 13:00:33.521 21080 21192 I BluetoothQualityReportNativeInterface:     mLastFlowOnTimestamp: 0x0FFFFFFF, mOverflowCount: 0, mUnderflowCount: 0, mAddr: XX:XX:XX:XX:D0:60, mCalFailedItemCount: 0,
04-26 13:00:33.521 21080 21192 I BluetoothQualityReportNativeInterface:     mTxTotalPackets: 0, mTxUnackPackets: 0, mTxFlushPackets: 0, mTxLastSubeventPackets: 0, mCrcErrorPackets: 0, mRxDupPackets: 0, mRxUnRecvPackets: 9, mCoexInfoMask: 0
04-26 13:00:33.521 21080 21192 I BluetoothQualityReportNativeInterface:   }
04-26 13:00:33.521 21080 21192 I BluetoothQualityReportNativeInterface: }
04-26 13:00:33.521 21080 21080 I oplus_bt_dual_sync: [oplus_bt_dual_sync.cc:151] stack_down_sync_action: type=18, len=17
04-26 13:00:33.521 21080 21080 I oplus_bt_qos_monitor: [oplus_bt_qos_monitor.cc:118] get_oplus_qos_data: getting qos data
04-26 13:00:33.559  1942 21156 I vendor.qti.bluetooth@1.0-ibs_handler: ProcessIbsCmd: Received IBS_SLEEP_IND: 0xFE
04-26 13:00:33.559  1942 21156 D vendor.qti.bluetooth@1.0-ibs_handler: SerialClockVote: vote for UART CLK OFF
04-26 13:00:33.569  2086  2086 D SensorFeature: name=ssc_screenshot_info ,index = 22
04-26 13:00:33.569  2086  2086 D SensorFeature: write 37 bytes:73214283548907,73214637914219,56731,0
04-26 13:00:33.570  3393  4232 D osense.compress: com.devhd.feedly do shrink, target ratio = 88, final ratio = 90, cur ratio = 83
04-26 13:00:33.619  1999  2144 E PERFHAL-PERFCTRL: PERFHAL-PERFCTRL: chk_core_online_poll_loop() 748: poll() has timed out for /sys/kernel/msm_performance/events/cpu_hotplug
04-26 13:00:33.619  1999  2144 E PERFHAL-PERFCTRL: PERFHAL-PERFCTRL: chk_core_online_poll_loop() 743: Block on poll()
04-26 13:00:33.700  1955 30145 I sensors-hal: handle_oplus_wise_rgb_event:189, high_pwm_light:lux 67.2,cct 4459.4,brl/algo/ir 2480.0/2.0/77.1,pwm/dc 0.0/0.0,rgbc 5984.346680/3851.410400/2158.471924/10472.659180,ts 73214614900533,cnt 22037,flag 122267
04-26 13:00:33.709  1942 21145 D vendor.qti.bluetooth@1.0-wake_lock: Release wakelock is released 
04-26 13:00:33.871  2086  2086 D SensorFeature: name=ssc_screenshot_info ,index = 22
04-26 13:00:33.871  2086  2086 D SensorFeature: write 37 bytes:73214283548907,73214940102813,56732,0
04-26 13:00:33.979  3393  4389 V AlarmManager: sending alarm Alarm{3200a3e type 1 origWhen 1777233633979 whenElapsed 73215049 android} uid 1000 whenElapsed 73215049 windowLength 0 maxWhenElapsed 73215049 repeatInterval 0 action null component null tag StorgaeBandInfoAlarmTag flags 0x9 procName system_server
04-26 13:00:33.980  3393 19256 E OplusStorageUFSBandwidth: storage_io_metrics_path is /proc/oplus_storage/io_metrics/forever/
04-26 13:00:33.982  3393 19256 E OplusStorageUFSBandwidth: Bandwidth - Read: 0.00 MB/s, Write: 0.00 MB/s
04-26 13:00:33.982  3393 19256 E OplusStorageUFSBandwidth: Task time: 2ms
04-26 13:00:33.986  3393 19256 E OplusStorageUFSBandwidth: Alarm set to trigger in 10 seconds
04-26 13:00:34.037  1986  2522 I SDM     : DisplayBuiltIn::IdlePowerCollapse: IPC received, disabling partial update for one frame
04-26 13:00:34.072  3037 30239 D LOWI-9.0.1.118: [LOWI-Scan] wait_event:Wait done with Cmd 103
04-26 13:00:34.072  3037 30239 D LOWI-9.0.1.118: [LOWI-Scan] do_listen_events: Rcvd valid Netlink Cmd 0 Err 0
04-26 13:00:34.072  2995  2995 I cnss-daemon: nl80211 response handler invoked
04-26 13:00:34.072  2995  2995 I cnss-daemon: nl80211_response_handler: cmd 103, vendorID 4980, subcmd 13  received
04-26 13:00:34.073  1958 30234 I WifiHAL : event received NL80211_CMD_VENDOR, vendor_id = 0x1374, subcmd = 0xd
04-26 13:00:34.074  5272  7536 D CommonApp-117-10511: transport layer data is invalid
04-26 13:00:34.075  5272  7536 D ScorePolicy: handleScoreChanged: []
04-26 13:00:34.075  5272  7536 D ScorePolicy: handleScoreChanged: []
04-26 13:00:34.075  5272  7536 D ScorePolicy: handleScoreChanged: []
04-26 13:00:34.096  2132  2175 D BatteryChargeControl: bcc get no support from charging protocol
04-26 13:00:34.153  3393  4232 D osense.compress: try do inactive compress task
04-26 13:00:34.154  3393  4232 D osense.compress: inactive do shrink, target ratio = 40, final ratio = 40, cur ratio = 38
04-26 13:00:34.173  2086  2086 D SensorFeature: name=ssc_screenshot_info ,index = 22
04-26 13:00:34.173  2086  2086 D SensorFeature: write 37 bytes:73214283548907,73215242123906,56733,0
04-26 13:00:34.232  1955 30145 I sensors-hal: handle_oplus_wise_rgb_event:189, high_pwm_light:lux 68.2,cct 4420.3,brl/algo/ir 2480.0/2.0/75.3,pwm/dc 0.0/0.0,rgbc 6027.896973/3873.573242/2167.755615/10504.217773,ts 73215220836471,cnt 22047,flag 122269
04-26 13:00:34.253  1942 21156 I vendor.qti.bluetooth@1.0-ibs_handler: ProcessIbsCmd: Received IBS_WAKE_IND: 0xFD
04-26 13:00:34.253  1942 21156 D vendor.qti.bluetooth@1.0-ibs_handler: SerialClockVote: vote for UART CLK ON
04-26 13:00:34.253  1942 21156 D vendor.qti.bluetooth@1.0-wake_lock: Acquire wakelock is acquired 
04-26 13:00:34.253  1942 21156 I vendor.qti.bluetooth@1.0-ibs_handler: ProcessIbsCmd: Writing IBS_WAKE_ACK
04-26 13:00:34.293  1942 21156 I vendor.qti.bluetooth@1.0-ibs_handler: ProcessIbsCmd: Received IBS_SLEEP_IND: 0xFE
04-26 13:00:34.293  1942 21156 D vendor.qti.bluetooth@1.0-ibs_handler: SerialClockVote: vote for UART CLK OFF
04-26 13:00:34.315  6629 12718 E midasd  : getTotalFlipsFromSf mCurFrameCount: 618334
04-26 13:00:34.315  6629 12718 I midasd  : DisplayAgent updateDisplayDevInfo getRenderFps mFps:60 mRenderFps:0 mWidth:1080 mHeight:2376
04-26 13:00:34.388  5075  5568 D DnsDomainBlock: onDnsEvent: latencyMs=0, returnCode=4, uid=10375
04-26 13:00:34.444  1942 21145 D vendor.qti.bluetooth@1.0-wake_lock: Release wakelock is released 
04-26 13:00:34.463  2132  2188 E BatteryDamageDetect: BddVoltDiffCheck begins
04-26 13:00:34.463  2132  2188 E BatteryDamageDetect: volt diff trend not changed, volt_diff_trend = 0
04-26 13:00:34.475  2086  2086 D SensorFeature: name=ssc_screenshot_info ,index = 22
04-26 13:00:34.475  2086  2086 D SensorFeature: write 37 bytes:73214283548907,73215543742188,56734,0
04-26 13:00:34.498  3393  4380 D FusionLightNextGen: process end reported = 1, mode: 0, cnt: 170245, lux 100.0, cct -1.0, r/g/b/c: 6091.9/3915.4/2197.9/10596.3, R/G/B: 17.0/19.0/27.0, bri 2480.0, match 1.00, ir 0.084036, conf 0.0, ts 73215519458971
04-26 13:00:34.596  3393  4232 D osense.compress: com.google.android.gms do shrink, target ratio = 78, final ratio = 90, cur ratio = 67
04-26 13:00:34.777  2086  2086 D SensorFeature: name=ssc_screenshot_info ,index = 22
04-26 13:00:34.777  2086  2086 D SensorFeature: write 37 bytes:73214283548907,73215845879479,56735,0
04-26 13:00:34.780  1955 30145 I sensors-hal: handle_oplus_wise_rgb_event:189, high_pwm_light:lux 68.8,cct 4427.9,brl/algo/ir 2480.0/2.0/76.1,pwm/dc 0.0/0.0,rgbc 6081.694336/3903.123779/2190.965088/10617.307617,ts 73215801413190,cnt 22057,flag 122271
04-26 13:00:35.012  7914  7914 W pool-47-thread-: type=1400 audit(0.0:10493): avc:  denied  { getattr } for  path="anon_inode:[userfaultfd]" dev="anon_inodefs" ino=5304226 scontext=u:r:untrusted_app:s0:c224,c257,c512,c768 tcontext=u:object_r:untrusted_app_userfaultfd:s0:c224,c257,c512,c768 tclass=anon_inode permissive=0 app=com.safeway.client.android.safeway
04-26 13:00:35.066  1986  2522 I SDM     : DisplayBuiltIn::IdlePowerCollapse: IPC received, disabling partial update for one frame
04-26 13:00:35.078  5075  5568 D DnsDomainBlock: onDnsEvent: latencyMs=0, returnCode=4, uid=10373
04-26 13:00:35.079  2086  2086 D SensorFeature: name=ssc_screenshot_info ,index = 22
04-26 13:00:35.079  2086  2086 D SensorFeature: write 37 bytes:73214283548907,73216147915000,56736,0
04-26 13:00:35.080 12227 12227 E SectionedFeedViewModelI: Failed to load list of cards
04-26 13:00:35.080 12227 12227 E SectionedFeedViewModelI: ahmc
04-26 13:00:35.080 12227 12227 E SectionedFeedViewModelI: 	at ahog.onFailed(PG:84)
04-26 13:00:35.080 12227 12227 E SectionedFeedViewModelI: 	at m1.nu.onFailed(:com.google.android.gms.dynamite_cronetdynamite@261631035@26.16.31 (260400-0):3)
04-26 13:00:35.080 12227 12227 E SectionedFeedViewModelI: 	at m1.mq.run(:com.google.android.gms.dynamite_cronetdynamite@261631035@26.16.31 (260400-0):16)
04-26 13:00:35.080 12227 12227 E SectionedFeedViewModelI: 	at sym.call(PG:34)
04-26 13:00:35.080 12227 12227 E SectionedFeedViewModelI: 	at anks.a(PG:3)
04-26 13:00:35.080 12227 12227 E SectionedFeedViewModelI: 	at anju.run(PG:19)
04-26 13:00:35.080 12227 12227 E SectionedFeedViewModelI: 	at ankt.run(PG:5)
04-26 13:00:35.080 12227 12227 E SectionedFeedViewModelI: 	at java.util.concurrent.ThreadPoolExecutor.runWorker(ThreadPoolExecutor.java:1154)
04-26 13:00:35.080 12227 12227 E SectionedFeedViewModelI: 	at java.util.concurrent.ThreadPoolExecutor$Worker.run(ThreadPoolExecutor.java:652)
04-26 13:00:35.080 12227 12227 E SectionedFeedViewModelI: 	at syi.run(PG:8)
04-26 13:00:35.080 12227 12227 E SectionedFeedViewModelI: 	at java.lang.Thread.run(Thread.java:1563)
04-26 13:00:35.083  1986  2522 I SDM     : DisplayBuiltIn::IdlePowerCollapse: IPC received, disabling partial update for one frame
04-26 13:00:35.087  5272  5272 D VendorWifiService: onEvent event:9,action:1
04-26 13:00:35.087  3393  4643 D ScorerUtils: isLowTraffic: txTputKBps=0, rxTputKBps=0
04-26 13:00:35.088  3393  4643 D OplusWifiResidenceRecognition: No available relateBssidList
04-26 13:00:35.096  2132  2175 D BatteryChargeControl: bcc get no support from charging protocol
04-26 13:00:35.098  5272  7536 D CommonApp-117-10511: transport layer data is invalid
04-26 13:00:35.098  5272  7536 D ScorePolicy: handleScoreChanged: []
04-26 13:00:35.098  5272  7536 D ScorePolicy: handleScoreChanged: []
04-26 13:00:35.098  5272  7536 D ScorePolicy: handleScoreChanged: []
04-26 13:00:35.099  1986  2522 I SDM     : DisplayBuiltIn::IdlePowerCollapse: IPC received, disabling partial update for one frame
04-26 13:00:35.193  1986  2522 I SDM     : DisplayBuiltIn::IdlePowerCollapse: IPC received, disabling partial update for one frame
04-26 13:00:35.294  1955 30145 I sensors-hal: handle_oplus_wise_rgb_event:189, high_pwm_light:lux 69.3,cct 4397.2,brl/algo/ir 2480.0/2.0/74.7,pwm/dc 0.0/0.0,rgbc 6089.380371/3912.973633/2200.248779/10638.348633,ts 73216134427044,cnt 22067,flag 122272
04-26 13:00:35.424  2086  2086 D SensorFeature: name=ssc_screenshot_info ,index = 22
04-26 13:00:35.424  2086  2086 D SensorFeature: write 37 bytes:73216440761041,73216493003593,56737,0
04-26 13:00:35.433  1986  2522 I SDM     : DisplayBuiltIn::IdlePowerCollapse: IPC received, disabling partial update for one frame
04-26 13:00:35.463  2132  2188 E BatteryDamageDetect: BddVoltDiffCheck begins
04-26 13:00:35.464  2132  2188 E BatteryDamageDetect: volt diff trend not changed, volt_diff_trend = 0
04-26 13:00:35.474  3153  3153 I synaLib : tcm: STATUS: Exit DOZE mode
04-26 13:00:35.482  3153  3153 E OplusTouchDaemon: [prevent][curved_large_handle_V2][3008]: id:0 pos:1 center_down:1 (4714 19207)(0 0 0 0) 
04-26 13:00:35.482  3153  3153 E OplusTouchDaemon: [touchEvent][ts_report_touch_data][649]: first touch point id 0 [4714 19207    3    0    0    0    0]
04-26 13:00:35.484  2265  3422 D VRR [OTI]: handleIdle from 1 to 0
04-26 13:00:35.484  2265  3422 D VRR [RefreshRateDirector]: requestRefreshRateByOti update [ oti-hw, {fps=90, modePtr={id=6, vsyncRate=90.00 Hz, peakRefreshRate=90.00 Hz}} ]
04-26 13:00:35.484  2265  3422 D VRR [RefreshRateDirector]: updateBestFrameRate [oti-hw, {fps=90, modePtr={id=6, vsyncRate=90.00 Hz, peakRefreshRate=90.00 Hz}}]
04-26 13:00:35.484  2265  3430 D SurfaceFlinger: VRR [SurfaceFlinger] setDesiredActiveMode: displayId: 4630946756802996883, renderRate: 90, vsyncRate: 90, event: 0
04-26 13:00:35.485  2265  3430 D DisplayModeController: setDesiredMode 4630946756802996883 {mode={fps=90.00 Hz, modePtr={id=6, vsyncRate=90.00 Hz, peakRefreshRate=90.00 Hz}}, emitEvent=false, force=false}
04-26 13:00:35.486  3393  3621 D PowerManagerService: userActivityNoUpdateLocked: groupId=0, eventTime=50843835, event=touch, flags=0x0, uid=1000
04-26 13:00:35.486  3393  4907 I [UAH_CLIENT]: UahEventAcquire, cmdid:37, pkg:none, identity:OplusUAwareInputHelper
04-26 13:00:35.486 12213 12213 I DynamicFramerate [AnimationSpeedAware]: onEventHandled: info: InputEventInfo: mX = 0, mY = 0, mAction = 0, mVsyncTime = 50843840, mIsMoving = true, mUpdated = true
04-26 13:00:35.486 12213 12213 E IJankManager: slideSceneEnd unknown scene 1000 mScene:-1
04-26 13:00:35.487 12213 12213 V AutofillManager: requestHideFillUi(null): anchor = null
04-26 13:00:35.487  3393  3621 D PowerManagerService: userActivityNoUpdateLocked: groupId=0, eventTime=50843835, event=touch, flags=0x0, uid=1000
04-26 13:00:35.487  3393  4672 D GestureLog_OplusMultiPointerDetector: onTouchEvent------>start, mCurNumPointers=1, mCurrStatus=0 mIsDownIntervalTimeout=true, action=0 downTime=50843835 deviceId=6
04-26 13:00:35.488  1999  2115 E PERFHAL-OPTSHANDLER: PERFHAL-OPTSHANDLER: unsupported() 909: Error: This resource is not supported
04-26 13:00:35.488  1999  2115 E PERFHAL-RESOURCEQS: PERFHAL-RESOURCEQS: RemoveAndApply() 299: Failed to reset optimization here [18, 41]
04-26 13:00:35.488  1999  2115 I [UAH_CLIENT]: UahRelease, handle:20190
04-26 13:00:35.488  1999  2115 I [UAH_CLIENT]: UahPlatformResAcquire
04-26 13:00:35.488  1999  2115 I [UAH_CLIENT]: UahEventAcquire, cmdid:-3, pkg:2265 7313, identity:qcom-perfd
04-26 13:00:35.489  1999  2115 E PERFHAL-RESOURCEQS: PERFHAL-RESOURCEQS: AddAndApply() 130: Resource with major=18, minor=41 not supported
04-26 13:00:35.502  2265  2265 I HWC2    : [0] setActiveConfigWithConstraints[6]
04-26 13:00:35.502  1986 28241 I SDM     : SDMDisplayIris::SetActiveConfigToIrisWrapper: SetActiveConfigToIrisWrapper [6] on id_: 0
04-26 13:00:35.502  1986 28241 W SDM     : SDMDisplayIris::SetActiveConfigToIrisWrapper: HWC SetActiveConfig [2], switch to [1440x3168@90]
04-26 13:00:35.503  1986 28241 I SDM     : SDMDisplayIris::SetActiveConfigToIrisWrapper: SetActiveConfigToIrisWrapper [2] on id_: 0
04-26 13:00:35.503  1986 28241 W SDM     : SDMDisplayIris::SetActiveConfigToIrisWrapper: HWC SetActiveConfig [2], switch to [1440x3168@90]
04-26 13:00:35.503  1986 28241 W SDM     : HWDeviceDRM::GetSupportedBitClkRate: Requested rate not supported: 1363200000
04-26 13:00:35.503  1986 28241 I SDM     : HWDeviceDRM::UpdateMixerAttributes: Mixer WxH 1440x3168-1 for Peripheral
04-26 13:00:35.503  1986 28241 I CwbService: CwbService::notifyConfigChange: display:0, config:6 size:4, sec.size():0
04-26 13:00:35.503  1986  3388 I CasManager: Fps changed from 60 to 90
04-26 13:00:35.503  1986  3388 I CasManager: Fps changed, not change bin, so trigger gain
04-26 13:00:35.503  1986  3388 W SDM     : DemuraIntfImpl::ProcessOemPluginGain: Thermal intf_ is nullptr 0, default to 25 degree
04-26 13:00:35.503  1986  3388 I SDM     : CasQcPlugIn::ProcessPerCompGainOppo: mode:PWM, fps:90, dbv:2480, bin_dbv:3515, bright_adj:722
04-26 13:00:35.503  1986  3388 I SDM     : CasQcPlugIn::ProcessPerCompGainOppo: old: 0 9 8 9 76 165 874 3072 |  0 8 10 9 77 151 665 2163 |  0 9 9 9 66 145 780 3072 | 
04-26 13:00:35.503  1986  3388 I SDM     : CasQcPlugIn::ProcessPerCompGainOppo: new: 0 0 0 9 60 132 699 3072 |  0 0  0 9 53 151 665 2163 |  0 0 0 9 66 145 780 3072 | 
04-26 13:00:35.503  1986  3388 I SDM     : HWPeripheralDRM::SetPanelFeature: Set Panel feature property 20
04-26 13:00:35.503  1986  3388 I SDM     : HWPeripheralDRM::SetPanelFeature: Set Panel feature property 7
04-26 13:00:35.503  1986  3388 I SDM     : DisplayBuiltIn::TriggerDemuraOemPlugIn: Trigger demura oem plugin success
04-26 13:00:35.504  1986  2514 I SDM     : DRMPanelFeatureMgr::ApplyDirtyFeature: Commited panel feature [enabled]: 21-273
04-26 13:00:35.504  1986  2514 I SDM     : DRMPanelFeatureMgr::ApplyDirtyFeature: Commited panel feature [enabled]: 8-272
04-26 13:00:35.504  1986  2514 D SDM     : HWDeviceDRM::SetupAtomic: APUIR: m_isswitchfps 2
04-26 13:00:35.520  1986  2514 D SDM     : HWDeviceDRM::SetupAtomic: APUIR: m_isswitchfps 1
04-26 13:00:35.569  3393  3626 D VRR [OPlusRefreshRateService]: handleConfigIdChange physicalDisplayId: 4630946756802996883 configId: 6 renderPeriod: 11111111
04-26 13:00:35.570  3393  3626 D VRR [OPlusGameStatusManager]: updateGameState mOSyncFeatureSwitch: false mIsGamePolicy: false
04-26 13:00:35.570  3393  3626 D VRR [OPlusGameStatusManager]: updateGameAccelerationStatus pkgName: com.openautolink.companion mOSyncFeatureSwitch: false mIsGamePolicy: false mHeartStop: false mHasFlickerRisk: false mForceAcceleration: false mToastReady: false enable: false
04-26 13:00:35.570  3393  3626 D VRR [OPlusExternalRefreshRateManager]:  Display refreshrate :90 , Switch to OTI-HW 
04-26 13:00:35.587  3393  3621 D PowerManagerService: userActivityNoUpdateLocked: groupId=0, eventTime=50843939, event=touch, flags=0x0, uid=1000
04-26 13:00:35.587  3393  3621 D PowerManagerService: userActivityNoUpdateLocked: groupId=0, eventTime=50843939, event=touch, flags=0x0, uid=1000
04-26 13:00:35.596  1986  2522 I SDM     : DisplayBuiltIn::IdlePowerCollapse: IPC received, disabling partial update for one frame
04-26 13:00:35.602 12213 12213 I SurfaceControl:  setExtendedRangeBrightness sc=Surface(name=com.openautolink.companion/com.openautolink.companion.MainActivity)/@0x87db608,currentBufferRatio=1.0,desiredRatio=1.0
04-26 13:00:35.611  1986  2514 D SDM     : HWDeviceDRM::SetupAtomic: APUIR: m_isswitchfps 0
04-26 13:00:35.620  3393  3626 D VRR [OPlusSAManager]: updateAutoMinfps for 4630946756802996883 with nits: 407.50958, mHistOK true, mAmbientOK true, mCctOK true, mIrOK true, mBrightnessOK true, isPkgOK true, SA min fps: 89
04-26 13:00:35.620  2265  2449 I VRR-[OPlusRefreshRateSelector]: updateAutoMode success, display 0, mode 0, fakeframe 1, min fps: 1
04-26 13:00:35.621  1986 28241 I SDM     : DisplayBuiltIn::SetQSyncMode: VRR + update qsync mode 0 minfps 00C08181
04-26 13:00:35.631  1986  2514 E SDM     : DRMConnector::Perform: Connector 68: Setting Qsync min fps 12616065
04-26 13:00:35.667  3153  3153 E OplusTouchDaemon: [prevent][curved_large_handle_V2][3082]: up id(0) status: 1, 1, 1, 0.
04-26 13:00:35.668  3393  4907 D UAH-UahAdaptHelper: adaptSetNotification identity = OplusUAwareInputHelpersrc = 1000 , type 1 ,p1 = -1 ,p2 = -1 ,p3 = -1 ,p4 =
04-26 13:00:35.668  3393  4907 I [UAH_CLIENT]: uahRuleCtl, ruleId:1000, status:1
04-26 13:00:35.668 12213 12213 I DynamicFramerate [AnimationSpeedAware]: onEventHandled: info: InputEventInfo: mX = 0, mY = 0, mAction = 1, mVsyncTime = 50844022, mIsMoving = false, mUpdated = true
04-26 13:00:35.671  3393  4806 I ActivityManager: Background started FGS: Allowed [callingPackage: com.openautolink.companion; callingUid: 10511; uidState: TOP ; uidBFSL: [BFSL]; intent: Intent { act=ACTION_START xflg=0x4 cmp=com.openautolink.companion/.service.CompanionService mCallingUid=10511 }; code:PROC_STATE_TOP; tempAllowListReason:<null>; allowWiu:12; targetSdkVersion:36; callerTargetSdkVersion:36; startForegroundCount:0; bindFromPackage:null: isBindService:false]
04-26 13:00:35.673  5272  7608 I ConferenceScene: onForegroundServiceStateChanged 12213 10511 0 fg_stateMachinesuid is null
04-26 13:00:35.674 12213 12213 D ViewRootImplExtImpl: the up motion event handled by client, just return
04-26 13:00:35.683  4925  7165 W OPLUS_LOG_LOAD: ==LOGS PROG INFO, prog(com.android.systemui) ==
04-26 13:00:35.683  4925  7165 I SystemUi--QuickSettings: OplusFgsManagerController-->onForegroundStateChanged: com.openautolink.companion 0 true 0
04-26 13:00:35.683 12213 12213 I OAL_Service: Start requested
04-26 13:00:35.684  5272  7608 I ConferenceScene: onForegroundServiceStateChanged 12213 10511 16 fg_stateMachinesuid is null
04-26 13:00:35.684  4925  7165 I SystemUi--QuickSettings: OplusFgsManagerController-->onForegroundStateChanged numPackagesAfter: 1
04-26 13:00:35.684  4925  5014 I SystemUi--QuickSettings: OplusSeparateQSPrivacyManager-->onNumberOfPackagesChanged numPackages 1
04-26 13:00:35.684  3393  3590 D NotificationService--OplusNotificationFixHelper: fixAppIcon: pkg=com.openautolink.companion
04-26 13:00:35.684  3393  3590 D NotificationService--OplusNotificationFixHelper: fixAppIcon: appIcon = null, pkg = com.openautolink.companion
04-26 13:00:35.684 12213 12213 I OAL_Nearby: Starting Nearby advertising...
04-26 13:00:35.685 12213 12213 I OAL_Nearby: Advertising as "Lance OnePlus 13" (service=com.andrerinas.hurev)
04-26 13:00:35.685  3393  3590 D NotificationService--NotificationRecord: isSupportRearLight , isRearLight = false mLedRM = false isMultilLed = false
04-26 13:00:35.685  3393  3590 I OplusStatusBarManagerServiceEnhance:  getTopIsFullscreen mTopIsFullscreen: false
04-26 13:00:35.686  3393  3393 D NotificationService--OplusNotificationManagerServiceExtImpl: isForwardToAssistants: true, case : Is local notification
04-26 13:00:35.686  3393  3393 D NotificationService: This application enqueue notifications is need postDelayed mcsAssistantDelayTime: 200
04-26 13:00:35.687  3393  5045 D NotificationService--OplusNotificationFixHelper: fixAppIcon: pkg=com.openautolink.companion
04-26 13:00:35.687  3393  5045 D NotificationService--OplusNotificationFixHelper: fixAppIcon: appIcon = null, pkg = com.openautolink.companion
04-26 13:00:35.687  4917  6345 V OsAgent : broadcastSystemEvent - 7
04-26 13:00:35.687  3393  5045 D NotificationService--NotificationRecord: isSupportRearLight , isRearLight = false mLedRM = false isMultilLed = false
04-26 13:00:35.688 21080 21080 I OplusCustomScanStrategy: msg.what = 6
04-26 13:00:35.688  3393  5045 I OplusStatusBarManagerServiceEnhance:  getTopIsFullscreen mTopIsFullscreen: false
04-26 13:00:35.688  3393  5045 W ActivityManager: Permission Denial: getTopApplicationInfo from pid=12213, uid=10511 requires oplus.permission.OPLUS_COMPONENT_SAFE
04-26 13:00:35.688  3393  5045 E OplusNotificationCenter: getForegroundApplication exception
04-26 13:00:35.688  3393  3393 D NotificationService--OplusNotificationManagerServiceExtImpl: isForwardToAssistants: true, case : Is local notification
04-26 13:00:35.688  3393  3393 D NotificationService: This application enqueue notifications is need postDelayed mcsAssistantDelayTime: 200
04-26 13:00:35.706  2086  2086 D SensorFeature: name=ssc_screenshot_info ,index = 22
04-26 13:00:35.706  2086  2086 D SensorFeature: write 37 bytes:73216764257795,73216775368906,56738,0
04-26 13:00:35.713  8448  8833 I NearbyConnections: Client 45317455 requested setting downloads directory to null.
04-26 13:00:35.714  8448  8833 I NearbyConnections: Client 45317455 with package name com.openautolink.companion and sdk version 12451000 has connected, downloads dir is set to null.
04-26 13:00:35.715  8448  8833 I NearbyConnections: ClientProxy(com.openautolink.companion) allow WebRtc to use mobile data.
04-26 13:00:35.715  8448  8833 I NearbyConnections: Client 45317455 requested advertising to start.
04-26 13:00:35.716  8448 12065 I NearbyConnections: 45317455 com.openautolink.companion startAdvertising in nc mode.
04-26 13:00:35.717  8448 11853 I Nearby  : (REDACTED) Note nearby client %s for operation %s
04-26 13:00:35.719  8448 11853 I NearbyConnections: Instant Connection Security key rotated.
04-26 13:00:35.719  8448 11853 I NearbyConnections: Scheduled invalidation of the HPKE key alarm (delayMillis:8000) for client 45317455
04-26 13:00:35.720  8448 11853 I NearbyConnections: Re-using cached endpoint id L4ON
04-26 13:00:35.720  8448 11853 I NearbyConnections: Get local endpoint id from random generation L4ON (last:null) for client 45317455
04-26 13:00:35.720  8448 11853 I NearbyConnections: [PcpManager] In startAdvertising() advertisingMediums:[USB, WIFI_LAN, WIFI_AWARE, BLUETOOTH, BLE, NFC] upgradeMediums:[USB, WIFI_LAN, WIFI_DIRECT, WIFI_AWARE, WIFI_HOTSPOT, BLE_L2CAP, BLUETOOTH, BLE, NFC] listener:86235693
04-26 13:00:35.720  8448 11853 I NearbyConnections: Get local endpoint id from the existing localEndpointId:L4ON (last:null) for client 45317455(com.openautolink.companion)
04-26 13:00:35.720  8448 11853 I NearbyConnections: generateRxInstantConnectionAdvBytes() returns null because the client (com.openautolink.companion) is not allowed for an instant connection.
04-26 13:00:35.721  8448 11853 W NearbyConnections: Missing permission: com.openautolink.companion does not have required permission android.permission.NFC
04-26 13:00:35.721  8448 11853 E NearbyConnections: Need to add corresponding status code for missing permission android.permission.NFC
04-26 13:00:35.721  8448 11853 I NearbyConnections: In startNfcAdvertising([ 0x4c 0x61 0x6e 0x63 0x65 0x20 0x4f 0x6e 0x65 0x50 0x6c 0x75 0x73 0x20 0x31 0x33 ]), client 45317455 failed to advertise because of missing permissions
04-26 13:00:35.723 21080 21112 I BtSocketManagerBinder: createSocketChannel: type=1, serviceName=com.andrerinas.hurev, uuid=****fe54-33ed-398e-989c-************, port=-1, from uid/pid=10146/8448
04-26 13:00:35.723 21080 21112 I bt_btif_sock: [btif_sock.cc:166] btsock_listen: Attempting listen for socket connections for device: 00:00:00:00:00:00, type: 1, channel: -1, app_uid: 10146
04-26 13:00:35.723 21080 21112 I bt_btif_sock_rfcomm: [btif_sock_rfc.cc:373]  btsock_rfc_listen: channel= -1, flags= 0, app_uid= 10146
04-26 13:00:35.723 21080 21112 I bt_btif_sock_rfcomm: [btif_sock_rfc.cc:387]  btsock_rfc_listen: (flags & BTSOCK_FLAG_NO_SDP) == 0
04-26 13:00:35.723 21080 21112 I bt_btif_sock_rfcomm: [btif_sock_rfc.cc:406]  btsock_rfc_listen: service_uuid != NULL
04-26 13:00:35.723 21080 21112 I bt_btif_sock_rfcomm: [btif_sock_rfc.cc:429] btsock_rfc_listen: Adding listening socket service_name: com.andrerinas.hurev - channel: -1
04-26 13:00:35.723 21080 21126 D bta     : [bta_rfcomm_scn.cc:48] BTA_AllocateSCN: Allocating scn: 15
04-26 13:00:35.723 21080 21126 I bt_btif_sock_rfcomm: [btif_sock_rfc.cc:980] jv_dm_cback: handling event:BTA_JV_GET_SCN_EVT, id:17
04-26 13:00:35.723 21080 21126 D bt_btif_sock_rfcomm: [btif_sock_rfc.cc:629] send_app_scn: Sending scn for slot 17. bd_addr:00:00:00:00:00:00
04-26 13:00:35.723 21080 21126 I bt_btif_sock_rfcomm: [btif_sock_rfc.cc:980] jv_dm_cback: handling event:BTA_JV_CREATE_RECORD_EVT, id:17
04-26 13:00:35.723 21080 21126 I bt_bta_dm: [bta_dm_act.cc:1291] bta_dm_set_eir: Generating extended inquiry response packet EIR
04-26 13:00:35.723 21080 21126 E bt_bta_dm: [bta_dm_act.cc:1453] bta_dm_set_eir: set eir free_eir_length =98 
04-26 13:00:35.723 21080 21126 E bt_bta_dm: [bta_dm_act.cc:1462] bta_dm_set_eir: set eir p_length = NULL
04-26 13:00:35.723 21080 21126 D bt_shim_hci: [hci_layer.cc:235] transmit_command: Sending command WRITE_EXTENDED_INQUIRY_RESPONSE(0x0c52)
04-26 13:00:35.723 21080 21126 W rfcomm_port_utils: [port_utils.cc:290] port_find_mcb: not found, bd_addr:ff:ff:ff:ff:ff:ff
04-26 13:00:35.723 21080 21126 I bt_port_api: [port_api.cc:229] RFCOMM_CreateConnectionWithSecurity: bd_addr=xx:xx:xx:xx:ff:ff, scn=15, is_server=true, mtu=990, uuid=000000, dlci=30, signal_state=0x0b, p_port=0x7ac52ac6f8
04-26 13:00:35.723 21080 21126 D bt_btif_sock_rfcomm: [btif_sock_rfc.cc:917]  rfcomm_cback: event= 28, rfcomm_slot_id= 17
04-26 13:00:35.723 21080 21126 I bt_btif_sock_rfcomm: [btif_sock_rfc.cc:922] rfcomm_cback: handling BTA_JV_RFCOMM_START_EVT, rfcomm_slot_id:17
04-26 13:00:35.723 21080 21126 I oplus_bt_dual_sync: [oplus_bt_dual_sync.cc:627] do_stack_up_sync: stack_to_apk_type = 37
04-26 13:00:35.724  1942  2060 D vendor.qti.bluetooth@1.0-ibs_handler: SerialClockVote: vote for UART CLK ON
04-26 13:00:35.724 21080 21126 I oplus_bt_dual_sync: [oplus_bt_dual_sync.cc:688] do_stack_up_sync: Retrieve the result of future done.
04-26 13:00:35.724 21080 21126 I bt_btif_sock_rfcomm: [btif_sock_rfc.cc:695] on_srv_rfc_listen_started: listening for RFCOMM socket connections for device: 00:00:00:00:00:00, scn: 15, app_uid: 10146, id: 17
04-26 13:00:35.724 21080 21192 I oplus_bt_dual_sync: [oplus_bt_dual_sync.cc:675] operator(): up_sync done.
04-26 13:00:35.724  1942  2060 D vendor.qti.bluetooth@1.0-wake_lock: Acquire wakelock is acquired 
04-26 13:00:35.724  1942  2060 I vendor.qti.bluetooth@1.0-ibs_handler: DeviceWakeUp: Writing IBS_WAKE_IND
04-26 13:00:35.725  1942 21156 I vendor.qti.bluetooth@1.0-ibs_handler: ProcessIbsCmd: Received IBS_WAKE_ACK: 0xFC
04-26 13:00:35.725  1942 21156 I vendor.qti.bluetooth@1.0-ibs_handler: ProcessIbsCmd: Signal wack_cond_
04-26 13:00:35.725  8448 11853 I NearbyMediums: Started accepting Bluetooth Classic connections for com.andrerinas.hurev.
04-26 13:00:35.725  1942  2060 D vendor.qti.bluetooth@1.0-ibs_handler: DeviceWakeUp: Unblocked from waiting for FC, pthread_cond_timedwait ret = 0
04-26 13:00:35.725  8448  7174 D BluetoothSocket: accept(), timeout (ms):-1
04-26 13:00:35.725  1942 21156 I vendor.qti.bluetooth@1.0-ibs_handler: ProcessIbsCmd: Received IBS_WAKE_IND: 0xFD
04-26 13:00:35.725  1942 21156 I vendor.qti.bluetooth@1.0-ibs_handler: ProcessIbsCmd: Writing IBS_WAKE_ACK
04-26 13:00:35.726 21080 21142 D bt_shim_hci: [hci_layer.cc:196] OnTransmitPacketCommandComplete: Received cmd complete for WRITE_EXTENDED_INQUIRY_RESPONSE(0x0c52)
04-26 13:00:35.727 21080 21126 D bt_shim_hci: [hci_layer.cc:235] transmit_command: Sending command WRITE_LOCAL_NAME(0x0c13)
04-26 13:00:35.727 21080 21126 I bt_bta_dm: [bta_dm_act.cc:1291] bta_dm_set_eir: Generating extended inquiry response packet EIR
04-26 13:00:35.727 21080 21126 E bt_bta_dm: [bta_dm_act.cc:1453] bta_dm_set_eir: set eir free_eir_length =71 
04-26 13:00:35.727 21080 21126 E bt_bta_dm: [bta_dm_act.cc:1462] bta_dm_set_eir: set eir p_length = NULL
04-26 13:00:35.727 21080 21126 D bt_shim_hci: [hci_layer.cc:235] transmit_command: Sending command WRITE_EXTENDED_INQUIRY_RESPONSE(0x0c52)
04-26 13:00:35.727 21080 21192 I AdapterProperties: adapterPropertyChangedCallback with type:1 len:43
04-26 13:00:35.729 21080 21142 D bt_shim_hci: [hci_layer.cc:196] OnTransmitPacketCommandComplete: Received cmd complete for WRITE_LOCAL_NAME(0x0c13)
04-26 13:00:35.729  8448 11853 I Nearby  : (REDACTED) Beginning attempt #%d out of %d for %s...
04-26 13:00:35.730 21080 21142 D bt_shim_hci: [hci_layer.cc:196] OnTransmitPacketCommandComplete: Received cmd complete for WRITE_EXTENDED_INQUIRY_RESPONSE(0x0c52)
04-26 13:00:35.731  8448 11853 I BluetoothAdapter: setScanMode(), mode: 23, called by: com.google.android.gms
04-26 13:00:35.731  8584  8584 I PTC.APPCORE.EventBroadcastReceiver: onReceive, action=android.bluetooth.adapter.action.LOCAL_NAME_CHANGED
04-26 13:00:35.731  5020  8575 I BeaconSdk.BeaconAdvertiser: stopAdvertising, type:BLR_REPLY_NETLESS_CONTRACT, service name: netless_contract_reply
04-26 13:00:35.731  3393  4408 D BluetoothSystemServer: BluetoothManagerService: Bluetooth Adapter name changed to I0w0T05QIcYAAAAAAAAAEExhbmNlIE9uZVBsdXMgMTM
04-26 13:00:35.732  3393  4408 D BluetoothSystemServer: BluetoothManagerService: storeNameAndAddress(I0w0T05QIcYAAAAAAAAAEExhbmNlIE9uZVBsdXMgMTM, [address is null]): Completed successfully
04-26 13:00:35.732  8584 12058 W PTC.DISC.NetRegisterCentral: registerLanInfo failed. msg=Account not logged in desc=deviceNameChanged
04-26 13:00:35.732  5020  8575 I BeaconSdk.AppIpc: remoteCall, method=stopAdvertisingWithType
04-26 13:00:35.732  8584 10112 I PTC.APPCORE.SystemStateChangeManager: received Bluetooth name changed: $**ExhbmNlIE9uZVBsdXMgMTM
04-26 13:00:35.732  8584 10112 I cpkit::jni_main: [cpNotifySystemStateChange]JSON data: {"deviceName":"I0w0T05QIcYAAAAAAAAAEExhbmNlIE9uZVBsdXMgMTM"}
04-26 13:00:35.732  8584 11937 I PTC.DISC.ServiceLifecycleObserver: Service resume required due to event: BluetoothNameChanged.
04-26 13:00:35.733 21080 21112 I OplusAdapterServiceExtImpl: oplusSetScanMode currentIac: NONE calling package is com.google.android.gms mode = 23
04-26 13:00:35.733 21080 21112 I OplusAdapterServiceExtImpl: oplusSetScanMode mNlManager.isNetworklessEnable() = false
04-26 13:00:35.733  8584  9030 D adapter::system_event..: [SystemEventManager] Dispatching event: DeviceNameChanged at timestamp 1777233635733
04-26 13:00:35.733  8584  9030 W adapter::system_event..: [SystemEventManager] No subscribers registered. Event: DeviceNameChanged at timestamp 1777233635733
04-26 13:00:35.734 21080 21112 I oplus_bt_dual_sync: [oplus_bt_dual_sync.cc:151] stack_down_sync_action: type=35, len=28
04-26 13:00:35.734 21080 21112 I oplus_bt_dual_sync: [oplus_bt_dual_sync.cc:390] stack_down_sync_action: featureID 0, scan_mode_iac is GIAC 
04-26 13:00:35.734 21080 21112 I OplusAdapterServiceExtImpl: oplusSetScanMode mNlManager.isNetworklessEnable is false or mOplusBluetoothPerformanceParamsConfig is null set default iac to GIAC
04-26 13:00:35.734 21080 21126 D bt_shim_hci: [hci_layer.cc:235] transmit_command: Sending command WRITE_CURRENT_IAC_LAP(0x0c3a)
04-26 13:00:35.735  8584 11636 I PTC.BEACON.BeaconContentProvider: ---authority call--- stopAdvertisingWithType, authority=com.heytap.accessory.beacon.BeaconContentProvider, callingPkg=com.android.phone
04-26 13:00:35.735  8584 11636 I PTC.BEACON.BeaconCallMethodProcessor: -- BEA-IPC -- process method In, method=stopAdvertisingWithType callingPackage=com.android.phone
04-26 13:00:35.735 21080 21142 D bt_shim_hci: [hci_layer.cc:196] OnTransmitPacketCommandComplete: Received cmd complete for WRITE_CURRENT_IAC_LAP(0x0c3a)
04-26 13:00:35.736  8584 11636 I PTC.BEACON.BeaconCallMethodProcessor: -- BEA-IPC -- stopAdvertising In. client=BeaconClient={clientId=171032835, pkg=com.android.phone, pid=5020}, advertise type=BLR_REPLY_NETLESS_CONTRACT
04-26 13:00:35.736  8584 12060 I PTC.BEACON.BeaconCallMethodProcessor: -- BEA-IPC -- stopAdvertising Out.
04-26 13:00:35.736  8584 11636 I PTC.BEACON.BeaconCallMethodProcessor: -- BEA-IPC -- process stopAdvertisingWithType Out. result=SUCCESS
04-26 13:00:35.736  8584 11636 I PTC.BEACON.BeaconCallMethodProcessor: -- BEA-IPC -- process method Out, method: stopAdvertisingWithType, result is: SealedResult(resultCode=SUCCESS, data=null, errorCode=null, message=null)
04-26 13:00:35.736  8584 12059 I PTC.DISC.AdvertiserContainer: Stop advertise, not found advertising client=DiscoveryClient(id=netless_contract_reply, pkg=com.android.phone, pid=5020)
04-26 13:00:35.736  5020  8575 W BeaconSdk.ServerDeathRecipient: already has binder death recipient
04-26 13:00:35.746 21080 21126 D bt_shim_hci: [hci_layer.cc:235] transmit_command: Sending command WRITE_SCAN_ENABLE(0x0c1a)
04-26 13:00:35.747 21080 21126 D bt_shim_hci: [hci_layer.cc:235] transmit_command: Sending command WRITE_SCAN_ENABLE(0x0c1a)
04-26 13:00:35.747 21080 21126 E bt_btu_hcif: [btu_hcif.cc:1096] btu_hcif_hdl_command_complete: Command complete for opcode:0xc3a should not be handled here
04-26 13:00:35.747 21080 21192 I AdapterProperties: adapterPropertyChangedCallback with type:7 len:4
04-26 13:00:35.748 21080 21142 D bt_shim_hci: [hci_layer.cc:196] OnTransmitPacketCommandComplete: Received cmd complete for WRITE_SCAN_ENABLE(0x0c1a)
04-26 13:00:35.748 21080 21142 D bt_shim_hci: [hci_layer.cc:196] OnTransmitPacketCommandComplete: Received cmd complete for WRITE_SCAN_ENABLE(0x0c1a)
04-26 13:00:35.751 20164 20164 D ReflectHelper:  newInstanceByConstructor : com.oplus.evolution.NetworklessManager
04-26 13:00:35.751 20164 20164 I BluetoothAdapter: setScanMode(), mode: 21, called by: com.oplus.wirelesssettings
04-26 13:00:35.752 21080 21112 I OplusAdapterServiceExtImpl: oplusSetScanMode currentIac: GIAC calling package is com.oplus.wirelesssettings mode = 21
04-26 13:00:35.752 21080 21112 I OplusAdapterServiceExtImpl: oplusSetScanMode mNlManager.isNetworklessEnable() = false
04-26 13:00:35.752 21080 21112 I oplus_bt_dual_sync: [oplus_bt_dual_sync.cc:151] stack_down_sync_action: type=35, len=28
04-26 13:00:35.753 21080 21112 I oplus_bt_dual_sync: [oplus_bt_dual_sync.cc:390] stack_down_sync_action: featureID 0, scan_mode_iac is GIAC 
04-26 13:00:35.753 21080 21112 I OplusAdapterServiceExtImpl: oplusSetScanMode mNlManager.isNetworklessEnable is false or mOplusBluetoothPerformanceParamsConfig is null set default iac to GIAC
04-26 13:00:35.756 21080 21126 D bt_shim_hci: [hci_layer.cc:235] transmit_command: Sending command WRITE_SCAN_ENABLE(0x0c1a)
04-26 13:00:35.756 21080 21126 D bt_shim_hci: [hci_layer.cc:235] transmit_command: Sending command WRITE_SCAN_ENABLE(0x0c1a)
04-26 13:00:35.756 21080 21192 I AdapterProperties: adapterPropertyChangedCallback with type:7 len:4
04-26 13:00:35.757 21080 21142 D bt_shim_hci: [hci_layer.cc:196] OnTransmitPacketCommandComplete: Received cmd complete for WRITE_SCAN_ENABLE(0x0c1a)
04-26 13:00:35.757 21080 21142 D bt_shim_hci: [hci_layer.cc:196] OnTransmitPacketCommandComplete: Received cmd complete for WRITE_SCAN_ENABLE(0x0c1a)
04-26 13:00:35.797  1942 21156 I vendor.qti.bluetooth@1.0-ibs_handler: ProcessIbsCmd: Received IBS_SLEEP_IND: 0xFE
04-26 13:00:35.892  3393  3393 W NotificationHistory: Attempted to add notif for locked/gone/disabled user 0
04-26 13:00:35.904  4925  4925 I SystemUi--Notification: OplusLiveAlertNotificationsRepository-->onRankingApplied
04-26 13:00:35.906  3393  3585 W QosSceneRecognizer[NotificationScene]: get pid failed while enterNotificationScene, processInfos is null! uid: -1
04-26 13:00:35.910  4925  4925 I SystemUi--Notification: OplusLiveAlertNotificationsRepository-->onRankingApplied
04-26 13:00:35.920  6283  6291 W id.ext.services: Reducing the number of considered missed Gc histogram windows from 106 to 100
04-26 13:00:35.924  4925  4925 E LockScreenNotificationDispatcherImp: updateNotificationListOnKg size:0
04-26 13:00:35.927  4925  4925 I SystemUi--Notification: LockScreenNotificationDispatcherImp-->updateNotificationListOnKg resultCode: 0
04-26 13:00:35.928  4925  4925 W SystemUi--Common: SubsetBitmapDrawable-->[isValid] innerBitmap?.isRecycled=null
04-26 13:00:35.932  8584 12059 I PTC.CONN.SenselessScheduleImpl: --Senseless Event Changed-- handleStartEvent is BLUETOOTH_NAME_CHANGED
04-26 13:00:35.935  8584 12059 I SettingImpl: isSenselessConnectionToggleChecked switchValue: 1, state is true
04-26 13:00:35.935  8584 12059 I SettingImpl: isSenselessConnectionToggleChecked switchValue: 1, state is true
04-26 13:00:35.935  8584 12059 I PTC.APPCORE.ResourceObtaining: expGetModelId get modelId
04-26 13:00:35.935  8584 12059 I SettingImpl: isMarketModeToggleChecked=0
04-26 13:00:35.936  8584 12059 I PTC.CONN.SenselessNetworkingImpl: acceptSenselessConnection, accept job is active, return
04-26 13:00:35.936  8584 12059 I PTC.DISC.DiscCoreImpl: advertise, options=DeviceAdvOptions={plan=Plan(planType=BLE), client=DiscoveryClient(id=accept-senseless, pkg=com.heytap.accessory, pid=8584), timeoutMillis=10000}
04-26 13:00:35.936  8584 12059 I SettingImpl: export quick device toggle value is 0
04-26 13:00:35.936  8584 12059 I PTC.DISC.BleAdvertiser: startAdvertise In. request(startAdvertise) traceId=39bc3fc1-e87b-445a-a135-aaecae703e07, client=DiscoveryClient(id=accept-senseless, pkg=com.heytap.accessory, pid=8584), details={rdi=**BC966A, fHide=null}
04-26 13:00:35.936  8584 12059 I PTC.DISC.BleAdvConfig: toStartAdvertiseConfig In.
04-26 13:00:35.941  4925  5250 D LocalImageResolver: Couldn't use ImageDecoder for drawable, falling back to non-resized load.
04-26 13:00:35.941  4925  4925 D OplusNotificationDateTimeView: setTime mSettingTimeMillis 1777233635685, mSettingLocalDateTime 2026-04-26T13:00:00.685
04-26 13:00:35.941  8584 12059 D AudioManager: isBluetoothScoOn()=false, calling application:com.heytap.accessory
04-26 13:00:35.941  8584 12059 V AudioManagerExtImpl: isBluetoothA2dpOnCacheAPP result = false, uid = 10148
04-26 13:00:35.943  8584 12059 I PTC.DISC.BleAdvConfig: toStartAdvertiseConfig timeoutMillis: 10000
04-26 13:00:35.943  8584 12059 I SettingImpl: export quick device toggle value is 0
04-26 13:00:35.943  8584 12059 I PTC.DISC.BleAdvertiser: stopAdvertisingTask client=DiscoveryClient(id=accept-senseless, pkg=com.heytap.accessory, pid=8584), error=Advertise ended due to the restart request, taskIsSuspending=false
04-26 13:00:35.943  8584 12059 I PTC.DISC.BleAdvertiserAdapter: ptcBleStopAdvertising client=DiscoveryClient(id=accept-senseless, pkg=com.heytap.accessory, pid=8584)
04-26 13:00:35.944 21080 21112 I bt_shim_advertiser: [le_advertising_manager.cc:78] Unregister: in shim layer
04-26 13:00:35.944 21080 21142 D bluetooth: [le_advertising_manager.cc:726] stop_advertising: advertiser_id: 0 is_periodic: false
04-26 13:00:35.945  8584 12059 I PTC.DISC.BleAdvertiser: suspendableStartAdvertise client=DiscoveryClient(id=accept-senseless, pkg=com.heytap.accessory, pid=8584), timeoutMillis=10000, advertiseMode=LOW_POWER, strategy=Senseless
04-26 13:00:35.945 21080 21142 I bluetooth: [le_address_manager.cc:246] unregister_client: Client unregistered
04-26 13:00:35.945  8584 12059 I PTC.DISC.BleAdvertiserAdapter: ptcBleStartAdvertising client=DiscoveryClient(id=accept-senseless, pkg=com.heytap.accessory, pid=8584), senseless=true
04-26 13:00:35.945  8584 12059 D AdvertiseSettings: setTxPowerLevel: 3
04-26 13:00:35.945  8584 12059 I PTC.DISC.BleAdvertiserAdapter: ManufactureSpecificData=AF302B1488004C2648000000008336AA2D8107
04-26 13:00:35.945  8584 12059 I PTC.DISC.BleAdvertiserAdapter: IncludeDeviceName ServiceData=D3FCBABC966A084C616E6365204F6E65506C7573203133
04-26 13:00:35.945  8584 12059 D AdvertiseSettings: setTxPowerLevel: 3
04-26 13:00:35.945  8584 12059 W BluetoothAdapterExtImpl: uid is 10148
04-26 13:00:35.945  8584 12059 D BluetoothAdapter: isLeEnabled(): ON
04-26 13:00:35.945  1942 21156 I vendor.qti.bluetooth@1.0-ibs_handler: ProcessIbsCmd: Received IBS_WAKE_IND: 0xFD
04-26 13:00:35.945  1942 21156 I vendor.qti.bluetooth@1.0-ibs_handler: ProcessIbsCmd: Writing IBS_WAKE_ACK
04-26 13:00:35.945  8584 12059 D BluetoothLeAdvertiser: TxPower == ADVERTISE_TX_POWER_HIGH
04-26 13:00:35.945  8584 12059 D BluetoothAdapter: isLeEnabled(): ON
04-26 13:00:35.946  4925  5250 D LocalImageResolver: Couldn't use ImageDecoder for drawable, falling back to non-resized load.
04-26 13:00:35.946 21080 21322 I bt_shim_advertiser: [le_advertising_manager.cc:150] StartAdvertisingSet: in shim layer
04-26 13:00:35.946 21080 21322 I bt_shim_advertiser: [le_advertising_manager.cc:170] StartAdvertisingSet: create advertising set, client_id:255, reg_id:-74
04-26 13:00:35.946 21080 21142 I bluetooth: [le_address_manager.cc:231] register_client: Client registered
04-26 13:00:35.947  4925  4925 D OplusNotificationDateTimeView: setTime mSettingTimeMillis 1777233635685, mSettingLocalDateTime 2026-04-26T13:00:00.685
04-26 13:00:35.948 21080 21142 I bluetooth: [le_advertising_manager.cc:1780] on_set_advertising_set_random_address_complete: update random address for advertising set 0 : xx:xx:xx:xx:24:5f
04-26 13:00:35.949  4925  4925 I SystemUi--Notification: OplusNotificationTempla-->resolveContentMargin: marginTop=84 isChildInGroup=false hasSubtitle=true params.topMargin=84
04-26 13:00:35.949  4925  4925 W SystemUi--Notification: OplusNotificationGroupExtImpl-->setChildrenExpanded: groupHeader is null
04-26 13:00:35.950  8584  8584 I PTC.DISC.BleAdvertiserAdapter: ptc resume suspendableStartAdvertising client=DiscoveryClient(id=accept-senseless, pkg=com.heytap.accessory, pid=8584)
