04-26 12:46:22.727  4925  4991 V WindowManagerShell:         {m=OPEN f=STARTING_WINDOW_TRANSFER|FILLS_TASK|IS_BEHIND_STARTING_WINDOW leash=Surface(name=ActivityRecord{135938138 u0 com.google.android.projection.gearhead/.companion.settings.Material3SettingsActivity t300})/@0x52f0e65 sb=Rect(0, 0 - 0, 0) eb=Rect(0, 0 - 1080, 2376) epz=Point(1080, 2376) d=-1->0 r=-1->0:-1 bc=ff000000 component=com.google.android.projection.gearhead/.companion.settings.Material3SettingsActivity},
04-26 12:46:22.727  4925  4991 V WindowManagerShell:         {m=TO_BACK f=FILLS_TASK|IS_BEHIND_STARTING_WINDOW|IS_OCCLUDED leash=Surface(name=ActivityRecord{110859535 u0 com.google.android.projection.gearhead/.companion.settings.DefaultSettingsActivity t300})/@0x28a173a sb=Rect(0, 0 - 1080, 2376) eb=Rect(0, 0 - 1080, 2376) epz=Point(1080, 2376) d=0 bc=ff000000 component=com.google.android.projection.gearhead/.companion.settings.DefaultSettingsActivity}
04-26 12:46:22.727  4925  4991 V WindowManagerShell:     ] 
04-26 12:46:22.727  4925  4991 V WindowManagerShell: extendInfo=[
04-26 12:46:22.727  4925  4991 V WindowManagerShell:  OplusTransitionExtendedInfo{mTmpFinishT=null, mInOplusCompatMode=false, mIsProcessRunning=false, mHasMismatchBoundsTarget=false, mRecentsController=null, mRemoteTransition=null, mIsTranslucentActivityToHome=false, mAvoidInterceptKeyEventToHome=false, mIsFromHome=false, mParentLeash=null, mBackAnimClosingLeash=null, mIsOplusAnimRes=false, mKeepBgForContinuous=false, mIsBalAllow=false, mTaskNotInRecent=false, mIsPredictiveBackAnim=false, mIsMergedWithPredictive=false, mIsLaunchFromSpruce=false, mIsLaunchFromDrive=false, mGlobalSearchPageSwitch=false, mNeedNoAlphaGlobalSearchScene=false, mAssistScreenShowing=false, mSwipeUpBrowserScreenShowing=false, mUserIdTransition=-1
04-26 12:46:22.727  4925  4991 V WindowManagerShell: , mInRemoteScene=false, mInPreReady=false, mPreStart=false, mToken=null, mAbortByRemoteFromHome=false, mShellApplyToken=null, mRequestTransitionTaskId=300, mAbortTransitionOnShell=0, mStartFromShortcut=false, mRemovedTaskId=-1, mTransitionInterruptType=0, mMergeSecondTaskId=-1, mTaskIdStartFromRecents=0, mTransitionId=1499, mCanUseSpringSlideAnim=false, mTransitionLaunchFrom=0, mFoldChangeType=-1, mAnimStartingPosition=[0, 0, 0, 0], mIsOpeningStkDialogActivity=false, mSecondaryHomeToFrontWhenUnFolding=false, mIsNeedApplyStartTForEmbedded=false
04-26 12:46:22.727  4925  4991 V WindowManagerShell: , mNeedCanvasExitAnim=false, mMergeSecondTaskAnimation=false, mIsLaunchUnityStart=false, mIsLaunchFromAssistantByDefault=false, mSkipRemoteTransitionfalse, mIsStartFromKeyguard=false flags=0x0, mWCT=null, mIsOpenMergeToInValidPredictive=false, mPromoteTaskWhenKeyguard-1, mRootLayerZOrderArray={}}]}
04-26 12:46:22.727  4925  4991 D OplusShellTransition: dispatchReady, active:(#1499) android.os.BinderProxy@b83c62e@0, isSync=false, track:com.android.wm.shell.transition.Transitions$Track@975b119
04-26 12:46:22.727  4925  4991 D OplusShellTransition: Abort transition (#1499) android.os.BinderProxy@b83c62e@0 WMCore requested. reason: 0; abortTransition: false
04-26 12:46:22.727  4925  4991 V WindowManagerShell: Non-visible anim so abort: (#1499) android.os.BinderProxy@b83c62e@0
04-26 12:46:22.727  1841  1872 E statsd  : Stats puller failed for tag: 150134 at 72363793244283
04-26 12:46:22.727  4925  4991 D OplusShellTransition: RemoteTransitionHandlerabortPrereadyTransition:  pendingRemote: null; isInPreready: false
04-26 12:46:22.727  4925  4991 V WindowManagerShell: Transition was merged: (#1499) android.os.BinderProxy@b83c62e@0 into (#1498) android.os.BinderProxy@1dbdcf7@0
04-26 12:46:22.727  1841  1872 E statsd  : Gauge Stats puller failed for tag: 150119 at 72363793244283
04-26 12:46:22.727  4925  4991 D OplusShellTransition: Transition was merged: (#1499) android.os.BinderProxy@b83c62e@0 into (#1498) android.os.BinderProxy@1dbdcf7@0
04-26 12:46:22.727  1841  1872 I statsd  : An anomaly (104240000001) (42)0x10000->10123[I] (42)0x20000->com.google.android.projection.gearhead[S] (42)0x30000->.companion.settings.Material3SettingsActivity[S]  has occurred! Informing subscribers.
04-26 12:46:22.728  3393  4554 D BackgroundInstallControlService: Package event received: 0
04-26 12:46:22.728   403   403 I head:projection: AssetManager2(0xb400007b69bf5328) locale list changing from [] to [en-US]
04-26 12:46:22.728   403   485 I AdrenoVK-0: QUALCOMM build          : d9c51359ee, Ib0a60ffc99
04-26 12:46:22.728   403   485 I AdrenoVK-0: Build Date              : 12/19/25
04-26 12:46:22.728   403   485 I AdrenoVK-0: Shader Compiler Version : E031.47.18.44
04-26 12:46:22.728   403   485 I AdrenoVK-0: Local Branch            : 
04-26 12:46:22.728   403   485 I AdrenoVK-0: Remote Branch           : refs/tags/AU_LINUX_ANDROID_LA.VENDOR.15.4.0.11.00.00.1088.837
04-26 12:46:22.728   403   485 I AdrenoVK-0: Remote Branch           : NONE
04-26 12:46:22.728   403   485 I AdrenoVK-0: Reconstruct Branch      : NOTHING
04-26 12:46:22.728   403   485 I AdrenoVK-0: Build Config            : S P 18.0.0 AArch64
04-26 12:46:22.728   403   485 I AdrenoVK-0: Driver Path             : /vendor/lib64/hw/vulkan.adreno.so
04-26 12:46:22.728   403   485 I AdrenoVK-0: Driver Version          : 0800.67
04-26 12:46:22.728   403   485 I AdrenoVK-0: PFP                     : 0x01500081
04-26 12:46:22.728   403   485 I AdrenoVK-0: ME                      : 0x01500022
04-26 12:46:22.728   403   485 I AdrenoVK-0: Application Name    : android framework
04-26 12:46:22.728   403   485 I AdrenoVK-0: Process Name        : com.google.android.projection.gearhead:projection
04-26 12:46:22.728   403   485 I AdrenoVK-0: Application Version : 0x00000000
04-26 12:46:22.728   403   485 I AdrenoVK-0: Engine Name         : android framework
04-26 12:46:22.728   403   485 I AdrenoVK-0: Engine Version      : 0x00000000
04-26 12:46:22.728   403   485 I AdrenoVK-0: Api Version         : 0x00401000
04-26 12:46:22.728 10089 12666 I Quality-ScreenOnOffLogProcessor: withInScreenOnOffRange mIsScreenOn:true refTime:1777232782702 mRecentScreenOnTime:1777226698051 mRecentScreenOffTime:1777226563533
04-26 12:46:22.728 25689 25689 I bvwa    : onPause
04-26 12:46:22.730   470   470 W gearhead:shared: Failed to find entry 'classes.dex': Entry not found
04-26 12:46:22.730   403   403 E OplusPredictiveBackController:  NoSuchMethodException 
04-26 12:46:22.730   403   485 D ExtensionsLoader: createInstance(64bit) : createExtendedFactory
04-26 12:46:22.730   403   403 E OplusPredictiveBackController:  NoSuchMethodException 
04-26 12:46:22.730   403   403 E OplusPredictiveBackController:  NoSuchMethodException 
04-26 12:46:22.730   403   403 D OplusPredictiveBackController: should not HookOnBackInvokedCallbackEnabled for application com.google.android.projection.gearhead.companion.settings.Material3SettingsActivity@c19b78a hasOnBackInvokedCallBackEnabled
04-26 12:46:22.730   403   403 D OplusPredictiveBackController: initPredictiveBackConfig for com.google.android.projection.gearhead.companion.settings.Material3SettingsActivity@c19b78a initPredictiveBackConfig mShouldInterceptKeyEvent false
04-26 12:46:22.730   403   403 D OplusPredictiveBackController: should not HookOnBackInvokedCallbackEnabled for application com.google.android.projection.gearhead.companion.settings.Material3SettingsActivity@c19b78a hasOnBackInvokedCallBackEnabled
04-26 12:46:22.731   470   470 W gearhead:shared: Failed to find entry 'classes.dex': Entry not found
04-26 12:46:22.731  3393  3571 I TaskOrganizerController: onTaskInfoChanged taskid 300 config { mBounds=Rect(0, 0 - 1080, 2376) mAppBounds=Rect(0, 0 - 1080, 2376) mMaxBounds=Rect(0, 0 - 1080, 2376) mDisplayRotation=ROTATION_0 mWindowingMode=fullscreen mActivityType=standard mAlwaysOnTop=undefined mRotation=ROTATION_0}
04-26 12:46:22.731   470   470 W gearhead:shared: Failed to find entry 'classes.dex': Entry not found
04-26 12:46:22.731  3393  3571 D OplusFlexibleDragToSplitAnimController: visibleFlexibleTaskInfos delete:300
04-26 12:46:22.731  3393  3571 E FlexibleWindowManagerService: notifyTaskObserverToAttachController not need to notify!
04-26 12:46:22.731  3393  3571 I FlexibleWindowManagerService: onFlexibleWindowTaskInfoChanged, return for cur task not embedded
04-26 12:46:22.731   403   485 D ExtensionsLoader: Opened libeglextimpl.so
04-26 12:46:22.731   403   485 D PreCache: [IPreCacheRus]loadRUSConfigs#102 failed to transact: -22 prc:com.google.android.projection.gearhead:projection
04-26 12:46:22.731  4925  4991 D ShellTaskOrganizerExt: visibleFlexibleTaskInfos delete:300
04-26 12:46:22.731  4925  4991 D ShellTaskOrganizerExt: isOnCanvas size:0
04-26 12:46:22.731  4925  4991 D ShellTaskOrganizerExt: isOnThreeFlexibleCanvas size:0
04-26 12:46:22.731   470   470 D nativeloader: Configuring clns-9 for other apk /data/app/~~Y3wHTPPIKZ0YJSRZSRYUvQ==/com.google.android.projection.gearhead-O334O48HDpHJ2iLK_His4w==/base.apk:/data/app/~~Y3wHTPPIKZ0YJSRZSRYUvQ==/com.google.android.projection.gearhead-O334O48HDpHJ2iLK_His4w==/split_config.arm64_v8a.apk:/data/app/~~Y3wHTPPIKZ0YJSRZSRYUvQ==/com.google.android.projection.gearhead-O334O48HDpHJ2iLK_His4w==/split_config.en.apk:/data/app/~~Y3wHTPPIKZ0YJSRZSRYUvQ==/com.google.android.projection.gearhead-O334O48HDpHJ2iLK_His4w==/split_config.xxxhdpi.apk. target_sdk_version=37, uses_libraries=, library_path=/data/app/~~Y3wHTPPIKZ0YJSRZSRYUvQ==/com.google.android.projection.gearhead-O334O48HDpHJ2iLK_His4w==/lib/arm64:/data/app/~~Y3wHTPPIKZ0YJSRZSRYUvQ==/com.google.android.projection.gearhead-O334O48HDpHJ2iLK_His4w==/base.apk!/lib/arm64-v8a:/data/app/~~Y3wHTPPIKZ0YJSRZSRYUvQ==/com.google.android.projection.gearhead-O334O48HDpHJ2iLK_His4w==/split_config.arm64_v8a.apk!/lib/arm64-v8a:/data/app/~~Y3wHTPPIKZ0YJSRZSRYUvQ==/com.google.android.projection.gearh
04-26 12:46:22.737   470   470 I gearhead:shared: AssetManager2(0xb400007b264e5728) locale list changing from [] to [en-US]
04-26 12:46:22.739   470   470 V GraphicsEnvironment: Currently set values for:
04-26 12:46:22.739   470   470 V GraphicsEnvironment:   angle_gl_driver_selection_pkgs=[]
04-26 12:46:22.739   470   470 V GraphicsEnvironment:   angle_gl_driver_selection_values=[]
04-26 12:46:22.739   470   470 V GraphicsEnvironment: com.google.android.projection.gearhead is not listed in per-application setting
04-26 12:46:22.739   470   470 V GraphicsEnvironment: ANGLE allowlist from config: 
04-26 12:46:22.739   470   470 V GraphicsEnvironment: com.google.android.projection.gearhead is not listed in ANGLE allowlist or settings, returning default
04-26 12:46:22.739   470   470 D ResourcesManagerExtImpl: applyConfigurationToAppResourcesLocked app.getDisplayId() return callback.displayId:-1
04-26 12:46:22.742  8448  8832 I FontLog : (REDACTED) Received query %s, URI %s
04-26 12:46:22.742   470   470 I CAR.GH  : onCreate
04-26 12:46:22.742  8448  8832 I FontLog : (REDACTED) Query [%s] resolved to %s
04-26 12:46:22.742  3393  5309 V GrammaticalInflectionUtils: AttributionSource: android.content.AttributionSource@dba36ca3 does not have READ_SYSTEM_GRAMMATICAL_GENDER permission.
04-26 12:46:22.743   403   403 I CAR.TOKEN: Connecting qkd@a64586d using class qus@236959984/class quw@53472563 (cx attempt 1)
04-26 12:46:22.743  8448  8832 I FontLog : (REDACTED) Font PFD returned from cache for %s
04-26 12:46:22.743  8448  8832 I FontLog : (REDACTED) Fetch %s end status %s
04-26 12:46:22.745   470   470 I GH.PrimesMgr: transmitting to prod
04-26 12:46:22.745   403   403 D ActivityThread: ComponentInfo{com.google.android.projection.gearhead/com.google.android.projection.gearhead.companion.settings.Material3SettingsActivity} checkFinished=false 2
04-26 12:46:22.745   403   403 D ResourcesManagerExtImpl: applyConfigurationToAppResourcesLocked app.getDisplayId() return callback.displayId:0
04-26 12:46:22.746   403   403 V AutofillClientController: onActivityPostResumed()
04-26 12:46:22.746   403   403 V AutofillClientController: onActivityPostResumed(): Relayout fix enabled
04-26 12:46:22.746   403   403 V AutofillClientController: forResume(): Not attempting refill.
04-26 12:46:22.746   470   470 I CAR.GH  : Process: SHARED_SERVICE
04-26 12:46:22.746  8448  8832 I FontLog : (REDACTED) Pulling font file for id = %d, cache size = %d
04-26 12:46:22.746   470   470 I CAR.GH  : Channel: BETA
04-26 12:46:22.747   470   470 I CAR.GH  : onCreate completed
04-26 12:46:22.747   403   403 E [UAH_CLIENT]: uahInit enter
04-26 12:46:22.747  3393  4229 I ActivityManager: Flag disabled. Ignoring finishAttachApplication from uid: 10123. pid: 470
04-26 12:46:22.747   403   403 W head:projection: AIBinder_linkToDeath is being called with a non-null cookie and no onUnlink callback set. This might not be intended. AIBinder_DeathRecipient_setOnUnlinked should be called first.
04-26 12:46:22.747  2149  2169 I UrccFramework-halservice: Urcc::init is called 
04-26 12:46:22.748   403   403 I [UAH_CLIENT]: UahGetFeatureStatus enter
04-26 12:46:22.748   403   403 D OplusInputMethodUtil: init sDebug to false, init sDebugIme to false, init sAlwaysOn to false
04-26 12:46:22.748   403   403 D OplusInputMethodUtil: updateDebugToClass InputMethodManager.DEBUG = false
04-26 12:46:22.748   403   403 D OplusInputMethodUtil: updateDebugToClass ImeFocusController.DEBUG = false
04-26 12:46:22.748   403   403 D OplusInputMethodUtil: updateDebugToClass OnBackInvokedDispatcher.DEBUG = false
04-26 12:46:22.748   403   403 D OplusInputMethodUtil: updateDebugToClass InsetsController.DEBUG = false
04-26 12:46:22.748   403   403 D OplusInputMethodUtil: updateDebugToClass BaseInputConnection.DEBUG = false
04-26 12:46:22.748   470   470 E ANDR-PERF-CLIENT-SYS: death recipent object is fine
04-26 12:46:22.748   470   470 W gearhead:shared: AIBinder_linkToDeath is being called with a non-null cookie and no onUnlink callback set. This might not be intended. AIBinder_DeathRecipient_setOnUnlinked should be called first.
04-26 12:46:22.748   470   470 D OplusActivityManager: get AMS extension: android.os.BinderProxy@3d05c86
04-26 12:46:22.749   470   470 I GH.SharedService: Shared Service created
04-26 12:46:22.750  8448  8832 I FontLog : (REDACTED) Received query %s, URI %s
04-26 12:46:22.750  8448  8832 I FontLog : (REDACTED) Query [%s] resolved to %s
04-26 12:46:22.750  8448  8832 I FontLog : (REDACTED) Font PFD returned from cache for %s
04-26 12:46:22.750  8448  8832 I FontLog : (REDACTED) Fetch %s end status %s
04-26 12:46:22.750  3393  3585 W UserAwareMgr: process owner is not matched: 10, threadName: HwUiTask, pid: 403,tid=514,owner=fg1
04-26 12:46:22.751  3393  3585 W UserAwareMgr: process owner is not matched: 10, threadName: HwUiTask, pid: 403,tid=515,owner=fg1
04-26 12:46:22.751  8448  8832 I FontLog : (REDACTED) Pulling font file for id = %d, cache size = %d
04-26 12:46:22.751   403   403 D WindowManager: Add to mViews: com.android.internal.policy.DecorView{c5d2b62 I.E...... R.....ID 0,0-0,0 alpha=1.0 viewInfo = }[Material3SettingsActivity],pkg= com.google.android.projection.gearhead
04-26 12:46:22.751   403   485 D ExtensionsLoader: createInstance(64bit) : createExtendedFactory
04-26 12:46:22.752   470   470 I GH.WifiBluetoothRcvr: Connection action: android.intent.action.BOOT_COMPLETED, device null
04-26 12:46:22.753   403   485 D ExtensionsLoader: Opened libhwuiextimpl.so
04-26 12:46:22.753   403   485 D skia    : setRusSupported enable 1
04-26 12:46:22.753  8448  8832 I FontLog : (REDACTED) Received query %s, URI %s
04-26 12:46:22.753  8448  8832 I FontLog : (REDACTED) Query [%s] resolved to %s
04-26 12:46:22.753  3393  3585 W UserAwareMgr: process owner is not matched: 10, threadName: RenderThread, pid: 403,tid=485,owner=fg1
04-26 12:46:22.753  3393  5308 E SchedAssist: ofbCfgFrameTask tid(485) failed with error=Success
04-26 12:46:22.753  8448  8832 I FontLog : (REDACTED) Font PFD returned from cache for %s
04-26 12:46:22.753  8448  8832 I FontLog : (REDACTED) Fetch %s end status %s
04-26 12:46:22.754   470   470 I GH.RecordPermissions: Handling on-boot permission operations
04-26 12:46:22.754  8448  8827 I FontLog : (REDACTED) Pulling font file for id = %d, cache size = %d
04-26 12:46:22.755  3393  5309 I WindowManager: addWindow: New client android.os.BinderProxy@e3f104 : window=Window{19506ed u0 com.google.android.projection.gearhead/com.google.android.projection.gearhead.companion.settings.Material3SettingsActivity}
04-26 12:46:22.755   403   403 D ViewRootImplExtImpl: onDisplayChanged -1 for VRI android.view.ViewRootImpl@f84c4ba
04-26 12:46:22.756   403   403 D ResourcesManagerExtImpl: applyConfigurationToAppResourcesLocked app.getDisplayId() return callback.displayId:0
04-26 12:46:22.756   403   403 I GH.SharedServiceConnect: onServiceConnected(ComponentName:ComponentInfo{com.google.android.projection.gearhead/com.google.android.gearhead.service.SharedService}, service:android.os.BinderProxy@1549f6b)
04-26 12:46:22.756  1842  1842 D Zygote  : Forked child process 519
04-26 12:46:22.757  3393  3591 I ActivityManager: Start proc 519:com.google.android.projection.gearhead:car/u0a123 for service {com.google.android.projection.gearhead/com.google.android.apps.auto.carservice.service.impl.GearheadCarStartupService}
04-26 12:46:22.757  3393  4232 I MemoryOperationUtils: add 519 to com.google.android.projection.gearhead
04-26 12:46:22.758  3393  3568 I ActivityManager: ProcessObserver broadcast disabled
04-26 12:46:22.758   403   403 E OplusBracketLog: [OplusViewMirrorManager] updateHostViewRootIfNeeded, not support android.view.ViewRootImpl@f84c4ba
04-26 12:46:22.758   403   403 D OplusPredictiveBackController: should not HookOnBackInvokedCallbackEnabled for application com.google.android.projection.gearhead.companion.settings.Material3SettingsActivity@c19b78a hasOnBackInvokedCallBackEnabled
04-26 12:46:22.758   403   403 D OplusPredictiveBackController: should not HookOnBackInvokedCallbackEnabled for application com.google.android.projection.gearhead.companion.settings.Material3SettingsActivity@c19b78a hasOnBackInvokedCallBackEnabled
04-26 12:46:22.758  3393  5309 D CoreBackPreview: Window{19506ed u0 com.google.android.projection.gearhead/com.google.android.projection.gearhead.companion.settings.Material3SettingsActivity}: Setting back callback OnBackInvokedCallbackInfo{mCallback=android.window.IOnBackInvokedCallback$Stub$Proxy@22ce56e, mPriority=0, mIsAnimationCallback=false, mOverrideBehavior=0}
04-26 12:46:22.760  8448 31355 I NearbyConnections: EndpointManager quit overall KeepAliveManager loop for endpoint 9A21 because there's no EndpointChannel for it.
04-26 12:46:22.761   403   403 D ViewRootImplExtImpl: wrapConfigInfoIntoFlags rotation=0, smallestScreenWidthDp=0, residentWS=false, scenario=0, bounds=Rect(0, 0 - 1080, 2376), relayoutAsync=false, flags=0, newFlags=1245708288, title=com.google.android.projection.gearhead/com.google.android.projection.gearhead.companion.settings.Material3SettingsActivity
04-26 12:46:22.761   470   470 I GH.WifiBluetoothRcvr: Wireless projection is available on this phone.
04-26 12:46:22.761  3393  5308 V WindowManager: Relayout Window{19506ed u0 com.google.android.projection.gearhead/com.google.android.projection.gearhead.companion.settings.Material3SettingsActivity}: viewVisibility=0, oldvis=4, req=1080x2376 , apr = 0, vsysui=LAYOUT_STABLE LAYOUT_FULLSCREEN, x=0, y=0
04-26 12:46:22.761  3393  5308 I WindowManager: Window{19506ed u0 com.google.android.projection.gearhead/com.google.android.projection.gearhead.companion.settings.Material3SettingsActivity} state from NO_SURFACE to DRAW_PENDING; reason: resetDrawState
04-26 12:46:22.763 21080 21317 I AdapterProperties: getBondedDevices: length=0
04-26 12:46:22.763  3393  5308 D WindowManager: NFW_findFocusedWindowIfNeeded:Window{19506ed u0 com.google.android.projection.gearhead/com.google.android.projection.gearhead.companion.settings.Material3SettingsActivity} mCurrentFocus:null
04-26 12:46:22.763  3393  5308 V WindowManager: Changing focus from null to Window{19506ed u0 com.google.android.projection.gearhead/com.google.android.projection.gearhead.companion.settings.Material3SettingsActivity},diplayid=0
04-26 12:46:22.763  3393  3626 D VRR [OPlusSurfaceFlingerController]:  setComplexSceneEnable : false
04-26 12:46:22.764  3393  5308 D Theia.NoFocusWindow: FocusWindowErrorScene cancelCheckFreezeScreen
04-26 12:46:22.764  3393  5308 W TheiaWindowMonitor: [check] focusedWindow is null or enable is false
04-26 12:46:22.764   403   403 D VRI[Material3SettingsActivity]: relayoutWindow result, sizeChanged:true, surfaceControlChanged:true, transformHintChanged:false, mSurfaceSize:Point(1080, 2376), mLastSurfaceSize:Point(0, 0), mWidth:-1, mHeight:-1, requestedWidth:1080, requestedHeight:2376, transformHint:0, installOrientation:0, displayRotation:0, isSurfaceValid:true, attr.flag:-2122252032, tmpFrames:ClientWindowFrames{frame=[0,0][1080,2376] display=[0,0][1080,2376] parentFrame=[0,0][0,0]}, relayoutAsync:false, mSyncSeqId:0
04-26 12:46:22.764   403   403 W VRI[Material3SettingsActivity]: updateBlastSurfaceIfNeeded, surfaceSize:Point(1080, 2376), lastSurfaceSize:Point(0, 0), format:-1, blastBufferQueue:null
04-26 12:46:22.764   403   403 D BufferQueueConsumer: [](id:19300000000,api:0,p:-1,c:403) connect: controlledByApp=false
04-26 12:46:22.764   403   403 D BufferQueueConsumer: [VRI[Material3SettingsActivity]#0(BLAST Consumer)0](id:19300000000,api:0,p:-1,c:403) setMaxAcquiredBufferCount: 2
04-26 12:46:22.765  3393  3571 D SurfaceComposerClient: Transaction::apply InputWindowCommands.focusRequests timestamp=49991118741085, windowName=19506ed com.google.android.projection.gearhead/com.google.android.projection.gearhead.companion.settings.Material3SettingsActivity
04-26 12:46:22.765   403   403 W RecyclerView: No adapter attached; skipping layout
04-26 12:46:22.766   403   485 D BufferQueueProducer: [VRI[Material3SettingsActivity]#0(BLAST Consumer)0](id:19300000000,api:1,p:403,c:403) connect: api=1 producerControlledByApp=true
04-26 12:46:22.766   403   403 I SurfaceControl:  setExtendedRangeBrightness sc=Surface(name=com.google.android.projection.gearhead/com.google.android.projection.gearhead.companion.settings.Material3SettingsActivity)/@0xaff1037,currentBufferRatio=1.0,desiredRatio=1.0
04-26 12:46:22.766   470   495 D LocationManagerExtImpl: getLastLocation provider: gps, uid: 10123, com.google.android.projection.gearhead
04-26 12:46:22.766   470   495 D LocationManagerExtImpl: getLastLocation don't containsKey
04-26 12:46:22.767 24841 24971 D OplusEffectTouchRUSConfigManager: deviceId = 0
04-26 12:46:22.767 24841 24971 D OplusEffectTouchRUSConfigManager: writeEffectTouchParam command= mod para_effect sensitive_level:16;mod para_effect set_package_type:0
04-26 12:46:22.767   470   495 D LocationManagerExtImpl: saveLastLocation provider: gps don't contains
04-26 12:46:22.767   519   519 E on.gearhead:car: Unknown bits set in runtime_flags: 0x40000000
04-26 12:46:22.767   519   519 I on.gearhead:car: Using CollectorTypeCMC GC.
04-26 12:46:22.767  2116  2116 D OplusTouch: WRITE info len = [69] by Binder
04-26 12:46:22.768   403   485 I AdrenoUtils: <ReadGpuID:366>: Reading chip ID through GSL
04-26 12:46:22.768  2116  2116 D OplusTouch: path = /proc/touchpanel/touch_scene_para,len = 102400
04-26 12:46:22.768  2116  2116 D OplusTouch: binder transfer START:flag[0]node[188]deviceId[0]str[mod para_effect sensitive_level:16;mod para_effect set_package_type:0]info[mod para_effect sensitive_level:16;mod para_effect set_package_type:0]dataLength[102400]
04-26 12:46:22.768  3153  3260 W touchDaemon: Reached BBinder::getInterfaceDescriptor (this=0xb400007c9380d000). Override?
04-26 12:46:22.768  3153  3260 E OplusTouchDaemon: syna_touch_node_handle:Id=0, nodeFlag=188, info=mod para_effect sensitive_level:16;mod para_effect set_package_type:0, wrFlag=0, cbsize=2048, readlen=2048
04-26 12:46:22.768  3153  3260 I touch-algo: [id:0] appType:0,gameType:0
04-26 12:46:22.768  3153  3260 E OplusTouchDaemon: [OplusTouchDaemon][algo_set_info][8960]: algo_set_info: set paramId 10, buf: , ret=0
04-26 12:46:22.768  3153  3260 E OplusTouchDaemon: syna_touch_node_handle:TOUCH_SCENE_PARA_NODE set to mod para_effect sensitive_level:16, ret = 0
04-26 12:46:22.768  3153  3260 D OplusTouchDaemon: touchBinder:WRITE FINISH
04-26 12:46:22.768   470   495 D LocationManagerExtImpl: getLastLocation provider: gps, uid: 10123, com.google.android.projection.gearhead
04-26 12:46:22.768  2116  2116 D OplusTouch: WRITE SUCCESS! by Binder, get data len[2]
04-26 12:46:22.768   470   495 D LocationManagerExtImpl: getLocationByProvider: gps Location[gps 47.76****,-122.08**** hAcc=9.935046 et=+19h54m0s927ms alt=99.6229248046875 vAcc=2.5 mslAlt=121.71472566642014 mslAltAcc=2.5145378 vel=0.0 sAcc=0.07664571 {Bundle[{satellites=11, maxCn0=26, dr=-1, eb=-1.0, type=0, meanCn0=21}]}]
04-26 12:46:22.768   470   495 D LocationManagerExtImpl: getLastLocation containsKey and location
04-26 12:46:22.770  3235  3243 I adbd    : jdwp connection from 519
04-26 12:46:22.770   519   519 D nativeloader: Load libframework-connectivity-tiramisu-jni.so using APEX ns com_android_tethering for caller /apex/com.android.tethering/javalib/framework-connectivity-t.jar: ok
04-26 12:46:22.772   519   519 D OplusActivityThreadExtImpl: java.lang.NoSuchMethodException: dalvik.system.VMRuntime.SupressionGC [int, int]
04-26 12:46:22.772   519   519 W libc    : Access denied finding property "persist.vendor.sys.activitylog"
04-26 12:46:22.772   519   519 I OneTrace: Mark active for pid=519? true
04-26 12:46:22.772   519   519 D cutils-dev: otrace_set_tracing_enabled? true tag:0
04-26 12:46:22.772   519   519 D cutils-dev: properties changed in otrace_seq_number_changed!
04-26 12:46:22.773  3393  5309 D SplitScreenAppReader: SPLIT_TOUCH support check:com.google.android.projection.gearhead = false
04-26 12:46:22.773  3393  5309 D RGBNormalizeServer: OplusRGBNormalize feature enabled ? true
04-26 12:46:22.773  3393  5309 D ResourcesManagerCache: For package com.google.android.projection.gearhead we got cacheList [null] appInfoExt is null ? false hasFeature ? false
04-26 12:46:22.774  2265  3452 D SurfaceFlinger: updateWinowInfo=1, setFocusedWindow timestamp=49991118741085, windowName=19506ed com.google.android.projection.gearhead/com.google.android.projection.gearhead.companion.settings.Material3SettingsActivity
04-26 12:46:22.774  3393  5308 I InputDispatcher: NFW_setFocusedWindow, 19506ed com.google.android.projection.gearhead/com.google.android.projection.gearhead.companion.settings.Material3SettingsActivity on display 0, same as the previous:0
04-26 12:46:22.775   403   485 D BLASTBufferQueue: [VRI[Material3SettingsActivity]#0](f:0,a:1) acquireNextBufferLocked size=1080x2376 mFrameNumber=1 applyTransaction=true mTimestamp=49991128624835(auto) mPendingTransactions.size=0 graphicBufferId=1730871820288 transform=0
04-26 12:46:22.775  2265  2448 I ClientCache: add: Cache owner=0xb4000072a5856920
04-26 12:46:22.775   403   485 D VRI[Material3SettingsActivity]: Received frameCommittedCallback lastAttemptedDrawFrameNum=1 didProduceBuffer=true syncBuffer=false
04-26 12:46:22.775   403   485 D ExtensionsLoader: createInstance(64bit) : createExtendedFactory
04-26 12:46:22.775   403   485 D ExtensionsLoader: Opened libSchedAssistExtImpl.so
04-26 12:46:22.776   403   403 D VRI[Material3SettingsActivity]: draw finished. seqId=0
04-26 12:46:22.776  3393  5309 I WindowManager: Window{19506ed u0 com.google.android.projection.gearhead/com.google.android.projection.gearhead.companion.settings.Material3SettingsActivity} state from DRAW_PENDING to COMMIT_DRAW_PENDING; reason: finishDrawingLocked
04-26 12:46:22.777  3393  3571 I WindowManager: Window{19506ed u0 com.google.android.projection.gearhead/com.google.android.projection.gearhead.companion.settings.Material3SettingsActivity} state from COMMIT_DRAW_PENDING to READY_TO_SHOW; reason: commitFinishDrawingLocked
04-26 12:46:22.777  3393  3571 D CoreBackPreview:  return markWindowHasDrawn mComposed: false  mWaitTransition: false
04-26 12:46:22.777  3393  3571 D ActivityTaskManager: Finish StartingWindow: ActivityRecord{135938138 u0 com.google.android.projection.gearhead/.companion.settings.Material3SettingsActivity t300}first real window is shown
04-26 12:46:22.777  3393  3571 D ActivityTaskManager: cannot removestartingWindow getSyncTransactionCommitCallbackDepth:1 ,mSyncState:0 ,isCollecting:false
04-26 12:46:22.777  3393  3571 I Quality : LaunchTime2.0: com.google.android.projection.gearhead/.companion.settings.Material3SettingsActivity 1 152 com.google.android.projection.gearhead 25 40
04-26 12:46:22.777  3393  3571 D QuickBackInputPolicy: setAppLaunchEndTime update timePair=Pair{ActivityRecord{135938138 u0 com.google.android.projection.gearhead/.companion.settings.Material3SettingsActivity t300} 49991132}
04-26 12:46:22.778  3393  3571 I WindowManager: Window{19506ed u0 com.google.android.projection.gearhead/com.google.android.projection.gearhead.companion.settings.Material3SettingsActivity} state from READY_TO_SHOW to HAS_DRAWN; reason: performShowLocked
04-26 12:46:22.778   519   532 D OplusAppHeapManager: java.lang.NoSuchMethodException: dalvik.system.VMRuntime.updateProcessValue [int, int, int]
04-26 12:46:22.779   519   519 D CompactWindowAppManager: initCompactApplicationInfo CompactMode: , NormalMode: 
04-26 12:46:22.779   403   403 W VRI[Material3SettingsActivity]: handleResized, msg:, frameChanged:false, configChanged:false, displayChanged:false, attachedFrameChanged:false, compatScaleChanged:false, pendingDragResizing=false
04-26 12:46:22.780   519   519 V Configuration: Updating configuration, locales updated from [] to [en_US]
04-26 12:46:22.780   519   519 D OplusScrollToTopManager: setIsInWhiteList false
04-26 12:46:22.780  3393  3571 D CoreBackPreview:  return markWindowHasDrawn mComposed: false  mWaitTransition: false
04-26 12:46:22.780   403   403 I DynamicFramerate [FRTCConfigManager]: initFrameRateConfig: init with OplusDynamicFRTCConfig
04-26 12:46:22.780   403   403 I DynamicFramerate [FRTCConfigManager]: 	levelsFor120hz: [120, 60]
04-26 12:46:22.780   403   403 I DynamicFramerate [FRTCConfigManager]: 	thresholdsFor120hz: [300]
04-26 12:46:22.780   403   403 I DynamicFramerate [FRTCConfigManager]: 	levelsFor90hz: [90, 45]
04-26 12:46:22.780   403   403 I DynamicFramerate [FRTCConfigManager]: 	thresholdsFor90hz: [214]
04-26 12:46:22.780   403   403 I DynamicFramerate [FRTCConfigManager]: FRTCConfigManager: FRTC_CAPABILITY = 0, package name = com.google.android.projection.gearhead, WINDOW_ANIMATION_SPEED_RATE = 10, SCROLL_ANIMATION_SPEED_RATE = 20, PACKAGE_ENABLE = true
04-26 12:46:22.780   519   519 D OplusViewDebugManager: OplusViewDebugManager Constructor android.view.debug.OplusViewDebugManager@f4cb224 [mHasViewDebugProperty true] [mHasMsgDebugProperty false] [DEBUG false] [EXTRAINFOENABLE false] [LIGHT_OS false]
04-26 12:46:22.780   403   403 I DynamicFramerate [DynamicFrameRateController]: init info: mPackageName = com.google.android.projection.gearhead, mIsEnabled = true
04-26 12:46:22.781   519   519 W libc    : Access denied finding property "ro.odm.prev.product.name"
04-26 12:46:22.781  3393  3567 I ActivityTaskManager: Displayed com.google.android.projection.gearhead/.companion.settings.Material3SettingsActivity for user 0: +160ms
04-26 12:46:22.782   519   519 D ApplicationLoaders: Returning zygote-cached class loader: /system_ext/framework/androidx.window.extensions.jar
04-26 12:46:22.782   519   519 D ApplicationLoaders: Returning zygote-cached class loader: /system_ext/framework/androidx.window.sidecar.jar
04-26 12:46:22.782  1841  1872 E statsd  : Gauge Stats puller failed for tag: 150134 at 72363851317200
04-26 12:46:22.782  1841  1872 I statsd  : An anomaly (104840000001) (48)0x10000->10123[I] (48)0x20000->com.google.android.projection.gearhead[S] (48)0x30000->3[I]  has occurred! Informing subscribers.
04-26 12:46:22.785   403   485 D VRI[Material3SettingsActivity]: Received frameCommittedCallback lastAttemptedDrawFrameNum=3 didProduceBuffer=true syncBuffer=false
04-26 12:46:22.785   403   403 D VRI[Material3SettingsActivity]: draw finished. seqId=0
04-26 12:46:22.786  2586  4021 D QmiClient: qmiServiceEventCallback recv msg id 47
04-26 12:46:22.786  2586  4021 D QmiClient: enter -mServiceType 10 onQmiServiceEventCallback msgId 47
04-26 12:46:22.786  2586  4021 D QmiClient: onQmiServiceEventCallback - enter. msgId=47
04-26 12:46:22.786  2586  2661 D OttProxy: handleMessage msg is 3001
04-26 12:46:22.786  5272  6320 D SubsysRadioIndication[0]: radioLinkLatencyInfoInd
04-26 12:46:22.787  5272  6320 D SubsysRadioIndication[0]: notify enter
04-26 12:46:22.787  5272  5272 D NetworkService[0]: handleMessage what:1008
04-26 12:46:22.787  5272  5272 D NetworkService[0]: EVENT_REG_LINK_LATENCY_INFO_CHANGE ulLatency:28204
04-26 12:46:22.787  8448 31355 I .gms.persistent: AssetManager2(0xb4000079ea374728) locale list changing from [] to [en-US]
04-26 12:46:22.789   519   519 W on.gearhead:car: Failed to find entry 'classes.dex': Entry not found
04-26 12:46:22.790   519   519 W on.gearhead:car: Failed to find entry 'classes.dex': Entry not found
04-26 12:46:22.790   519   519 W on.gearhead:car: Failed to find entry 'classes.dex': Entry not found
04-26 12:46:22.790   519   519 D nativeloader: Configuring clns-9 for other apk /data/app/~~Y3wHTPPIKZ0YJSRZSRYUvQ==/com.google.android.projection.gearhead-O334O48HDpHJ2iLK_His4w==/base.apk:/data/app/~~Y3wHTPPIKZ0YJSRZSRYUvQ==/com.google.android.projection.gearhead-O334O48HDpHJ2iLK_His4w==/split_config.arm64_v8a.apk:/data/app/~~Y3wHTPPIKZ0YJSRZSRYUvQ==/com.google.android.projection.gearhead-O334O48HDpHJ2iLK_His4w==/split_config.en.apk:/data/app/~~Y3wHTPPIKZ0YJSRZSRYUvQ==/com.google.android.projection.gearhead-O334O48HDpHJ2iLK_His4w==/split_config.xxxhdpi.apk. target_sdk_version=37, uses_libraries=, library_path=/data/app/~~Y3wHTPPIKZ0YJSRZSRYUvQ==/com.google.android.projection.gearhead-O334O48HDpHJ2iLK_His4w==/lib/arm64:/data/app/~~Y3wHTPPIKZ0YJSRZSRYUvQ==/com.google.android.projection.gearhead-O334O48HDpHJ2iLK_His4w==/base.apk!/lib/arm64-v8a:/data/app/~~Y3wHTPPIKZ0YJSRZSRYUvQ==/com.google.android.projection.gearhead-O334O48HDpHJ2iLK_His4w==/split_config.arm64_v8a.apk!/lib/arm64-v8a:/data/app/~~Y3wHTPPIKZ0YJSRZSRYUvQ==/com.google.android.projection.gearh
04-26 12:46:22.792   519   519 I on.gearhead:car: AssetManager2(0xb400007b264e5728) locale list changing from [] to [en-US]
04-26 12:46:22.793  3393  4888 I Osense-BaseDecisionMaker: notifySceneToAthenaPolicy: SCENE_ACTIVITY_IDLE, bundle: Bundle[{scene=SCENE_ACTIVITY_IDLE}]
04-26 12:46:22.793  3393  4888 I Osense-BaseDecisionMaker: OSense not supported scene! SCENE_ACTIVITY_IDLE
04-26 12:46:22.794   519   519 V GraphicsEnvironment: Currently set values for:
04-26 12:46:22.794   519   519 V GraphicsEnvironment:   angle_gl_driver_selection_pkgs=[]
04-26 12:46:22.794   519   519 V GraphicsEnvironment:   angle_gl_driver_selection_values=[]
04-26 12:46:22.794   519   519 V GraphicsEnvironment: com.google.android.projection.gearhead is not listed in per-application setting
04-26 12:46:22.794   519   519 V GraphicsEnvironment: ANGLE allowlist from config: 
04-26 12:46:22.794   519   519 V GraphicsEnvironment: com.google.android.projection.gearhead is not listed in ANGLE allowlist or settings, returning default
04-26 12:46:22.794   519   519 D ResourcesManagerExtImpl: applyConfigurationToAppResourcesLocked app.getDisplayId() return callback.displayId:-1
04-26 12:46:22.794  3393  3585 I UserAwareMgr: handleAppChangedToBg, pkgName: com.google.android.googlequicksearchbox, pid: 25689
04-26 12:46:22.795  3393  3585 I UserAwareMgr: handleAppChangedToBg, pkgName: com.google.android.adservices.api, pid: 10964
04-26 12:46:22.795  3393  3585 W UserAwareMgr: app not not found or not visible: null
04-26 12:46:22.795  3393  3585 W UserAwareMgr: handleAppChangedToBg process is empty
04-26 12:46:22.795   519   519 I CAR.GH  : onCreate
04-26 12:46:22.797   519   519 I GH.PrimesMgr: transmitting to prod
04-26 12:46:22.798   519   519 I CAR.GH  : Process: CAR
04-26 12:46:22.798   519   519 I CAR.GH  : Channel: BETA
04-26 12:46:22.798   519   519 I CAR.GH  : onCreate completed
04-26 12:46:22.798  3393  5309 I ActivityManager: Flag disabled. Ignoring finishAttachApplication from uid: 10123. pid: 519
04-26 12:46:22.799   519   519 E ANDR-PERF-CLIENT-SYS: death recipent object is fine
04-26 12:46:22.799   519   519 W on.gearhead:car: AIBinder_linkToDeath is being called with a non-null cookie and no onUnlink callback set. This might not be intended. AIBinder_DeathRecipient_setOnUnlinked should be called first.
04-26 12:46:22.799   519   519 D OplusActivityManager: get AMS extension: android.os.BinderProxy@586cf05
04-26 12:46:22.800   519   519 I GH.CAR  : onCreate
04-26 12:46:22.800   519   519 I GH.CAR  : GearheadCarStartupService.onBind
04-26 12:46:22.801   519   536 I GH.CAR  : gearheadCarServiceBinder in mainHandler: true
04-26 12:46:22.803   519   519 I CAR.ComponentInitRcvr: Setting ComponentInfo{com.google.android.projection.gearhead/com.google.android.apps.auto.carservice.gmscorecompat.FirstActivityImpl} in Gearhead to: enabled
04-26 12:46:22.803  3393  4229 W PackageManager: package com.google.android.projection.gearhead uid 10123 pid 519 call SetEnabledSetting(com.google.android.projection.gearhead component = com.google.android.apps.auto.carservice.gmscorecompat.FirstActivityImpl, 1, 0)
04-26 12:46:22.803   519   519 I CAR.ComponentInitRcvr: Setting ComponentInfo{com.google.android.projection.gearhead/com.google.android.apps.auto.carservice.gmscorecompat.CarUsbReceiver} in Gearhead to: disabled
04-26 12:46:22.803  3393  4229 W PackageManager: package com.google.android.projection.gearhead uid 10123 pid 519 call SetEnabledSetting(com.google.android.projection.gearhead component = com.google.android.apps.auto.carservice.gmscorecompat.CarUsbReceiver, 2, 0)
04-26 12:46:22.803   519   519 I CAR.ComponentInitRcvr: Setting ComponentInfo{com.google.android.projection.gearhead/com.google.android.apps.auto.carservice.gmscorecompat.CarUsbReceiverTPlus} in Gearhead to: enabled
04-26 12:46:22.803  3393  4229 W PackageManager: package com.google.android.projection.gearhead uid 10123 pid 519 call SetEnabledSetting(com.google.android.projection.gearhead component = com.google.android.apps.auto.carservice.gmscorecompat.CarUsbReceiverTPlus, 1, 0)
04-26 12:46:22.803   519   519 I CAR.ComponentInitRcvr: enabling InCallService is skipped.
04-26 12:46:22.803  3393  4229 I BroadcastQueue: BOOT_COMPLETED_BROADCAST_COMPLETION_LATENCY_REPORTED action:android.intent.action.BOOT_COMPLETED dispatchLatency:51 completeLatency:143 dispatchRealLatency:51 completeRealLatency:143 receiversSize:4 userId:0 userType:android.os.usertype.full.SYSTEM
04-26 12:46:22.804  3393  4768 W Settings: Setting notification_bubbles has moved from android.provider.Settings.Global to android.provider.Settings.Secure, returning read-only value.
04-26 12:46:22.804  3393  4768 W Settings: Setting apply_ramping_ringer has moved from android.provider.Settings.Global to android.provider.Settings.System, returning read-only value.
04-26 12:46:22.805  3393  4768 W SettingsStatsUtil: Can not parse value to float: +network
04-26 12:46:22.806  2066  2066 E android.hardware.power.stats-impl.oplus: HandleFactory::read open power_supply_ac_online(/sys/class/power_supply/ac/online) failed! fd: -1 errno: 2
04-26 12:46:22.806  2066  2066 W android.hardware.power.stats-impl.oplus: PruneException: Unknown binder exception (2) pruned into EX_TRANSACTION_FAILED
04-26 12:46:22.806  6694 21154 W ostats_pullerd: handleFactory read failed.
04-26 12:46:22.806  6694 21154 E ostats_pullerd: PullAtomCallback getContentByHandleKey read nodeKey: power_supply_ac_online, len=0
04-26 12:46:22.807  2066  2066 E android.hardware.power.stats-impl.oplus: HandleFactory::read open power_supply_pc_port_online(/sys/class/power_supply/pc_port/online) failed! fd: -1 errno: 2
04-26 12:46:22.807  2066  2066 W android.hardware.power.stats-impl.oplus: PruneException: Unknown binder exception (2) pruned into EX_TRANSACTION_FAILED
04-26 12:46:22.807  6694 21154 W ostats_pullerd: handleFactory read failed.
04-26 12:46:22.807  6694 21154 E ostats_pullerd: PullAtomCallback getContentByHandleKey read nodeKey: power_supply_pc_port_online, len=0
04-26 12:46:22.807   519   536 I GH.CAR  : Using GearheadCarServiceBinder in CarMessageService.
04-26 12:46:22.807   519   536 I GH.DelegateMngCarSvc: Retries remaining initialized to 20
04-26 12:46:22.808   519   536 I GH.CAR  : Using Gearhead for projection services. All aboard! 🚀
04-26 12:46:22.808   519   536 I GH.DelegateICarSupplier: Android is R+, so connecting to Gearhead car chimera service.
04-26 12:46:22.808   519   536 I GH.DelegateMngCarSvc: Skipping delegate acquisition on init().
04-26 12:46:22.808   519   536 I GH.CarService: Setting delegate: iee@d6f1817
04-26 12:46:22.808   519   536 I CAR.SERVICE: Setting CSB delegate, previous value null updated to jgo@a6e7404
04-26 12:46:22.808   519   536 I GH.CAR  : ICar delegate chain:
04-26 12:46:22.808   519   536 I GH.CAR  : 	jho@778cded
04-26 12:46:22.808   519   536 I GH.CAR  : 	-> iee@d6f1817
04-26 12:46:22.808   519   536 I GH.CAR  : 	-> jgo@a6e7404
04-26 12:46:22.808   403   553 I GH.GhCarClientCtor: Bound to startup service, got Car Service: qls@30995b1
04-26 12:46:22.808   403   403 I CAR.TOKEN: Successfully connected quy@2d8f617 using class qus@236959984/class quw@53472563 (cx attempt 1)
04-26 12:46:22.808  2066  2066 E android.hardware.power.stats-impl.oplus: HandleFactory::read open panel1_brightness_level_qcom(/sys/class/backlight/panel1-backlight/brightness) failed! fd: -1 errno: 2
04-26 12:46:22.808  2066  2066 W android.hardware.power.stats-impl.oplus: PruneException: Unknown binder exception (2) pruned into EX_TRANSACTION_FAILED
04-26 12:46:22.808   403   403 I CAR.TOKEN: Token caller not specified, so skipping telemetry logging. Process: com.google.android.projection.gearhead:projection
04-26 12:46:22.808  6694 21154 W ostats_pullerd: handleFactory read failed.
04-26 12:46:22.808  6694 21154 E ostats_pullerd: PullAtomCallback getContentByHandleKey read nodeKey: panel1_brightness_level_qcom, len=0
04-26 12:46:22.812   403   403 I GH.CommonSettings: Wireless available
04-26 12:46:22.814   403   403 I GH.Conn.CarToken: Registering for connection events
04-26 12:46:22.814   403   403 I CAR.TOKEN: Connecting qkd@375bf6 using class qus@93244004/class quw@198921207 (cx attempt 1)
04-26 12:46:22.814  2086  2086 D SensorFeature: name=ssc_screenshot_info ,index = 22
04-26 12:46:22.814  2086  2086 D SensorFeature: write 37 bytes:72363875318867,72363883652200,53777,0
04-26 12:46:22.818   403   403 I CAR.CLIENT: carModuleFeaturesCache empty, retrieving from car service.
04-26 12:46:22.819   470   495 D LocationManagerExtImpl: getLastLocation provider: gps, uid: 10123, com.google.android.projection.gearhead
04-26 12:46:22.819   403   403 D BluetoothAdapter: HEADSET connected
04-26 12:46:22.819   470   495 D LocationManagerExtImpl: getLocationByProvider: gps Location[gps 47.76****,-122.08**** hAcc=9.935046 et=+19h54m0s927ms alt=99.6229248046875 vAcc=2.5 mslAlt=121.71472566642014 mslAltAcc=2.5145378 vel=0.0 sAcc=0.07664571 {Bundle[{satellites=11, maxCn0=26, dr=-1, eb=-1.0, type=0, meanCn0=21}]}]
04-26 12:46:22.819   403   403 D BluetoothAdapter: A2DP connected
04-26 12:46:22.819   470   495 D LocationManagerExtImpl: getLastLocation containsKey and location
04-26 12:46:22.822   403   556 I GH.GhCarClientCtor: Bound to startup service, got Car Service: qls@33b994a
04-26 12:46:22.822  5272  7608 D AppSenseConfig: getIgnoreAppList: [com.android.launcher, com.android.contacts, com.oplus.wirelesssettings, com.coloros.alarmclock, com.coloros.calculator, com.coloros.calendar, com.coloros.phonemanager, com.android.settings, com.android.phone, com.oplus.nas, com.oplus.nhs, com.oplus.appdetail, com.android.permissioncontroller, com.oplus.pscanvas, com.oplus.autotest.test.ctp, com.android.systemui, com.android.systemui.overlay.fingerprint.anim.fy, com.android.systemui.overlay.fingerprint.anim.qy, com.android.systemui.overlay.fingerprint.anim.sw, com.android.systemui.overlay.fingerprint.anim.xw, com.android.systemui.overlay.fingerprint.anim.ccyh, com.android.systemui.overlay.fingerprint.anim.halo, com.android.systemui.overlay.fingerprint.anim.jslz, com.android.systemui.overlay.fingerprint.anim.none, com.android.systemui.overlay.fingerprint.anim.xklc]
04-26 12:46:22.823  5272  7608 D AppSenseConfig: getIgnoreAppList: [com.android.launcher, com.android.contacts, com.oplus.wirelesssettings, com.coloros.alarmclock, com.coloros.calculator, com.coloros.calendar, com.coloros.phonemanager, com.android.settings, com.android.phone, com.oplus.nas, com.oplus.nhs, com.oplus.appdetail, com.android.permissioncontroller, com.oplus.pscanvas, com.oplus.autotest.test.ctp, com.android.systemui, com.android.systemui.overlay.fingerprint.anim.fy, com.android.systemui.overlay.fingerprint.anim.qy, com.android.systemui.overlay.fingerprint.anim.sw, com.android.systemui.overlay.fingerprint.anim.xw, com.android.systemui.overlay.fingerprint.anim.ccyh, com.android.systemui.overlay.fingerprint.anim.halo, com.android.systemui.overlay.fingerprint.anim.jslz, com.android.systemui.overlay.fingerprint.anim.none, com.android.systemui.overlay.fingerprint.anim.xklc]
04-26 12:46:22.823  5272  7608 D ActivityAdapter: taskChange: pre: 1, cur: 0, changed:true
04-26 12:46:22.823  5272  7608 D ActivityAdapter: app com.openautolink.companion; com.openautolink.companion.MainActivity; 1; COMMON; 10511 exit
04-26 12:46:22.823  5272  7608 D ActivityAdapter: isEnterBGAppScene, mActiveUidMap has no app com.openautolink.companion
04-26 12:46:22.823  5272  7608 D ActivityAdapter: notifyActivityQuery: []
04-26 12:46:22.823  5272  7608 D OPlusFrontAppManager: decide -->> []
04-26 12:46:22.823  5272  7608 D ActivityAdapter: notifyActivityQuery: []
04-26 12:46:22.823  5272  7608 D OPlusFrontAppManager: decide -->> []
04-26 12:46:22.823  5272  7608 D ConferenceScene: pkg:com.openautolink.companion, activity:com.openautolink.companion.MainActivity, appSense:COMMON
04-26 12:46:22.823  5272  7608 D NetworkUtils: list1 size 0,list2 size1
04-26 12:46:22.824  5272  7536 D Subsys-ScoreAppManager: handleMessage what:2
04-26 12:46:22.824  5272  7536 D Subsys-ScoreAppManager: EVENT_ID_APP_SENSE_CHANGE  onFrontActivityChanged
04-26 12:46:22.824  5272  7536 D Subsys-ScoreAppManager: appSceneChange fgAppUnits size 0 fgAppUnits [] mLastNetworkList[117]
04-26 12:46:22.824  5272  7536 D CommonApp-117-10511: destory
04-26 12:46:22.824  5272  7536 D CommonApp-117-10511: stopDataCollection
04-26 12:46:22.824  5272  7536 D CommonApp-117-10511: current network isn't cellular,not need disable modem report
04-26 12:46:22.824  5272  7536 D NetlinkUtils: sendToKernel byteBuffer:java.nio.HeapByteBuffer[pos=32 lim=32 cap=32],nlmsg_pid:5272,nlmsg_type:62,cmdType:1,type:10,nla_len:12
04-26 12:46:22.824  5272  5272 D SceneService: handleMessage what:1004
04-26 12:46:22.824  5272  5272 D SceneService: notifyAppSceneChanged original mode:{live:0,video:0,voice call:0,video call:0,live host:0,game:0,meeting:0,news:0,file transfer:0},appInfoUnit:[]
04-26 12:46:22.824  3393  3570 D AppSenseClient: handleMessage: 100
04-26 12:46:22.824  3393  3570 D AppSenseClient: handleSenseEvent appInfoUnits: 
04-26 12:46:22.824  3393  3570 D AppSenseClient: handleSenseEvent clients: 1
04-26 12:46:22.824  3393  3570 D AppSenseClient: handleSenseEvent clientId: 37959848
04-26 12:46:22.824  3393  3570 D AppSenseClient: notifyAppEvent: pkgName: com.openautolink.companion,activityName:com.openautolink.companion.MainActivity;state: 0;event: COMMON;type: 0;subEvent: 0;pid: 31285;uid: 10511
04-26 12:46:22.824  3393  3570 D AppSenseClient: notifyAppChanges: []
04-26 12:46:22.825  5272  7608 D AppSenseService: notifySenseEvent: 
04-26 12:46:22.825  5075  5324 D AppSenseClient: handleMessage: 100
04-26 12:46:22.825  5075  5324 D AppSenseClient: handleSenseEvent appInfoUnits: 
04-26 12:46:22.825  5075  5324 D AppSenseClient: handleSenseEvent clients: 1
04-26 12:46:22.825  5075  5324 D AppSenseClient: handleSenseEvent clientId: 236658758
04-26 12:46:22.825  5075  5324 D AppSenseClient: notifyAppEvent: pkgName: com.openautolink.companion,activityName:com.openautolink.companion.MainActivity;state: 0;event: COMMON;type: 0;subEvent: 0;pid: 31285;uid: 10511
04-26 12:46:22.825  5075  5324 D AppSenseClient: notifyAppChanges: []
04-26 12:46:22.825  5075  5324 D NAS-DataSceneEvent: onAppEvent enter
04-26 12:46:22.825  5075  5324 D NAS-DataSceneEvent: new event: event=0, state=0, pkg=com.openautolink.companion, type=0, subEvent=0
04-26 12:46:22.825  5075  5324 D NAS-DataSceneEvent: onAppChanged, app list size: 0
04-26 12:46:22.825  5075  5324 D NAS-DataSceneEvent: updateAppSenseChange []
04-26 12:46:22.825  5089  5089 D AppSenseClient: handleMessage: 100
04-26 12:46:22.825  5294  5603 I SystemUiProxy: SystemUiProxy#getRecentTasks isInGoRecentsAnim: false
04-26 12:46:22.826  5089  5089 D AppSenseClient: handleSenseEvent appInfoUnits: 
04-26 12:46:22.826  5089  5089 D AppSenseClient: handleSenseEvent clients: 1
04-26 12:46:22.826  5089  5089 D AppSenseClient: handleSenseEvent clientId: 90316895
04-26 12:46:22.826  5089  5089 D AppSenseClient: notifyAppEvent: pkgName: com.openautolink.companion,activityName:com.openautolink.companion.MainActivity;state: 0;event: COMMON;type: 0;subEvent: 0;pid: 31285;uid: 10511
04-26 12:46:22.826  5089  5089 D AppSenseClient: notifyAppChanges: []
04-26 12:46:22.826  5089  5089 D NhsAppSenseListener: onAppEvent enter
04-26 12:46:22.826  5089  5089 D NhsAppSenseListener: new event: event=0, state=0, pkg=com.openautolink.companion, type=0, subEvent=0
