04-26 12:43:10.513 31154 31154 V AutofillManager: notifyValueChanged(1073741830): ignoring on state UNKNOWN
04-26 12:43:10.513 31154 31154 V AutofillManager: notifyValueChanged(1073741830): ignoring on state UNKNOWN
04-26 12:43:10.514 31154 31154 V TextView: notifyAutoFillManagerAfterTextChanged
04-26 12:43:10.514 31154 31154 V AutofillManager: notifyValueChanged(1073741831): ignoring on state UNKNOWN
04-26 12:43:10.514 31154 31154 V AutofillManager: notifyValueChanged(1073741831): ignoring on state UNKNOWN
04-26 12:43:10.515 31154 31154 W ListPreference: Setting a summary with a String formatting marker is no longer supported. You should use a SummaryProvider instead.
04-26 12:43:10.516 31154 31154 W ListPreference: Setting a summary with a String formatting marker is no longer supported. You should use a SummaryProvider instead.
04-26 12:43:10.520 31154 31154 I CAR.TOKEN: Successfully connected quy@63c7a02 using class qus@93244004/class quw@198921207 (cx attempt 1)
04-26 12:43:10.520  2086  2086 D SensorFeature: name=ssc_screenshot_info ,index = 22
04-26 12:43:10.520 31154 31154 I CAR.TOKEN: Token caller not specified, so skipping telemetry logging. Process: com.google.android.projection.gearhead:projection
04-26 12:43:10.521  2086  2086 D SensorFeature: write 37 bytes:72171581485503,72171589818836,53146,0
04-26 12:43:10.522 31154 31186 I GH.CarSvcDataStorage: Using DB version: 13
04-26 12:43:10.524 31154 31186 I GH.CarSvcDataStorage: Using DB version: 13
04-26 12:43:10.525  3393  4592 I [UAH_CLIENT]: UahEventAcquire, cmdid:2, pkg:none, identity:com.android.server.wm
04-26 12:43:10.525  3393  6542 W ActivityTaskManager: callingPackage for (uid=2000, pid=31276) has no WPC
04-26 12:43:10.526  3393  6542 I system_server: AssetManager2(0xb4000079a5d70328) locale list changing from [] to [en-US]
04-26 12:43:10.526  3393  6542 D WindowManager: NFW_setClientVisible:ActivityRecord{220309503 u0 com.openautolink.companion/.MainActivity clientVisible:true
04-26 12:43:10.526  3393  6542 V GrammaticalInflectionUtils: AttributionSource: android.content.AttributionSource@71bbbd9f does not have READ_SYSTEM_GRAMMATICAL_GENDER permission.
04-26 12:43:10.526  3393  6542 D FlexibleTaskController: isSupportFlexibleWindow target = com.openautolink.companion/.MainActivity callPkg = FlexibleTaskController support = true ,caller = 3393
04-26 12:43:10.526  3393  6542 D ActivityStarterExtImpl: NOT BACKGROUND_START_ACTIVITY_PERMISSION FEATURE
04-26 12:43:10.527  3393  3585 E QosSceneRecognizer[ActivityStartScene]: notifyActivityStart get launchedFromUid failed through AppManager! launchedFromPackage: com.android.shell, pkg: com.openautolink.companion
04-26 12:43:10.527  3393  6542 D FlexibleWindowManagerService: isIgnoreAppearedAcrossTask:false
04-26 12:43:10.527 31154 31154 I CAR.TOKEN: Disconnecting qkd@375bf6 (cx attempt: 1).
04-26 12:43:10.527 31154 31154 I GH.GhCarClientCtor: Disconnecting GearheadCarClientConnector.
04-26 12:43:10.527 31154 31154 I GH.GhCarClientCtor: Unbinding service connection.
04-26 12:43:10.527  3393  6542 D FlexibleWindowManagerService: isIgnoreAppearedAcrossTask:false
04-26 12:43:10.527  3393  6542 D FlexibleTaskController: findSourceTaskForFreeForm: sourceRecord = null ,realCallingPid:31276 ,launchFromZoomMode:false ,prevTopTask:Task{2ce9113 #295 type=standard A=10123:com.google.android.projection.gearhead nonResizable}
04-26 12:43:10.527  3393  6542 D FlexibleTaskController: findSourceTaskForFreeForm: the caller is not a flexible freeform window application and does not have a zoom windowMode startup parameter
04-26 12:43:10.527  3393  6542 D FlexibleTaskController: adjustOptionsForFlexibleTask not allow options follow process task's options, reason:9 ,reusedOptions:null
04-26 12:43:10.527  3393  6542 D FlexibleTaskController: isSupportFlexibleWindow target = com.openautolink.companion/.MainActivity callPkg = FlexibleTaskController support = true ,caller = 3393
04-26 12:43:10.527  3393  6542 D FlexibleWindowManagerService: no reused task found for ActivityRecord{220309503 u0 com.openautolink.companion/.MainActivity t-1}
04-26 12:43:10.527 31154 31154 I CAR.TOKEN: Disconnected quz@af61f36 using class qus@93244004/class quw@198921207 (cx attempt 1)
04-26 12:43:10.528  3393  6542 D CompactServiceDelegate: updateDecorsManagerIfNeed return because not attachToProcess task:Task{9f2c51b #296 type=standard}
04-26 12:43:10.528  3393  6542 D CompactServiceDelegate: updateDecorsManagerIfNeed return because not attachToProcess task:Task{9f2c51b #296 type=standard}
04-26 12:43:10.529  3393  6542 D SecondaryPageStartupPolicy: checkSecondaryPageStartupStatus not support sourcePackage=com.android.shell
04-26 12:43:10.529  3393  6542 D OplusStartingWindowManager: we don't revise window flags for third app
04-26 12:43:10.529  3393  6542 D ActivityTaskManager: validateStartingWindowTheme:  Pkg=com.openautolink.companion, Translucent=false, Floating=false, ShowWallpaper=false, Disable=false, LaunchSource=4, Prev=null, LaunchedFromPackage=com.android.shell
04-26 12:43:10.529  3393  6542 D ActivityTaskManager: addStartingWindow for ActivityRecord{220309503 u0 com.openautolink.companion/.MainActivity t296}, mainWin=null, state=INITIALIZING, isKeyguardLocked=false, isKeyguardGoingAway=false
04-26 12:43:10.529  3393  6542 D ActivityTaskManager: getStartingWindowType: , newTask=true, taskSwitch=true, processRunning=false, allowTaskSnapshot=true, activityCreated=false, activityAllDrawn=false, snapshot exist: false
04-26 12:43:10.529  3393  6542 D ActivityRecordExtImpl: handleStartingWindowForCompactWindow origin type:2, adjustType : 2
04-26 12:43:10.529  3393  6542 D TaskOrganizerController: TaskOrganizerController.addStartingWindow: call wmshell to addStartingWindow:ActivityRecord{220309503 u0 com.openautolink.companion/.MainActivity t296}
04-26 12:43:10.530  3393  6542 D ActivityTrigger: ActivityTrigger activityPauseTrigger 
04-26 12:43:10.530  4925  5008 D PhoneStartingWindowTypeAlgorithm: preferredStartingWindowType newTask=true, taskSwitch=true, processRunning=false, allowTaskSnapshot=true, activityCreated=false, isSolidColorSplashScreen=false, legacySplashScreen=false, activityDrawn=false, windowless=false, topIsHome=false
04-26 12:43:10.530  4925  5008 D OplusShellStartingWindowManager: getReviseStartingWindowType not support, windowInfo is null
04-26 12:43:10.530  3393  6542 D TaskFragmentExtImpl: shouldSetReadyFalse and resumedActivity: ActivityRecord{220309503 u0 com.openautolink.companion/.MainActivity t296} prev: ActivityRecord{28262702 u0 com.google.android.projection.gearhead/.companion.settings.Material3SettingsActivity t295} resumedLaunchFromLauncher: false prevLaunchFromApp: true transitionType: 1
04-26 12:43:10.530  3393  4592 I [UAH_CLIENT]: UahEventAcquire, cmdid:1, pkg:com.openautolink.companion, identity:com.android.server.wm
04-26 12:43:10.530  3393  6542 D ActivityTaskManager: notifyTaskAdded, task: Task{9f2c51b #296 type=standard A=10511:com.openautolink.companion} trace:com.android.server.wm.RecentTasks.add:1392 com.android.server.wm.ActivityStarter.startActivityInner:3031 com.android.server.wm.ActivityStarter.startActivityUnchecked:2166 com.android.server.wm.ActivityStarter.executeRequest:1916 com.android.server.wm.ActivityStarter.execute:1004 
04-26 12:43:10.531  3393  5023 V GrammaticalInflectionUtils: AttributionSource: android.content.AttributionSource@71bbbd9f does not have READ_SYSTEM_GRAMMATICAL_GENDER permission.
04-26 12:43:10.531  3393  6542 D osense.compress: notifyActivityLaunched pkgName = com.openautolink.companion, userId = 0
04-26 12:43:10.531  3393  6542 I ActivityTaskManager: START u0 {act=android.intent.action.VIEW dat=oalcompanion://start/... flg=0x10000000 xflg=0x4 pkg=com.openautolink.companion cmp=com.openautolink.companion/.MainActivity mCallingUid=2000} with LAUNCH_MULTIPLE from uid 2000 (BAL_ALLOW_PERMISSION (START_ACTIVITIES_FROM_BACKGROUND permission granted)) result code=0
04-26 12:43:10.531  4925  4991 V WindowManagerShell: Transition requested (#1489): android.os.BinderProxy@8e17808 TransitionRequestInfo { type = OPEN, triggerTask = TaskInfo{userId=0 taskId=296 effectiveUid=10511 displayId=0 isRunning=true baseIntent=Intent { act=android.intent.action.VIEW dat=oalcompanion://start/... flg=0x10000000 pkg=com.openautolink.companion cmp=com.openautolink.companion/.MainActivity mCallingUid=2000 } baseActivity=ComponentInfo{com.openautolink.companion/com.openautolink.companion.MainActivity} topActivity=ComponentInfo{com.openautolink.companion/com.openautolink.companion.MainActivity} origActivity=null realActivity=ComponentInfo{com.openautolink.companion/com.openautolink.companion.MainActivity}
04-26 12:43:10.531  4925  4991 V WindowManagerShell:  numActivities=1 lastActiveTime=72171600 supportsSplitScreenMultiWindow=true supportsMultiWindow=true supportsPocketStudioMultiWindow=true isInFlexibleEmbedded = false uid = 10511 pid = 0 resizeMode=1 isResizeable=true minWidth=-1 minHeight=-1 defaultMinSize=220 token=WCT{android.window.IWindowContainerToken$Stub$Proxy@8c2bba1} topActivityType=1 pictureInPictureParams=null shouldDockBigOverlays=false launchIntoPipHostTaskId=-1 lastParentTaskIdBeforePip=-1 displayCutoutSafeInsets=Rect(0, 120 - 0, 0)
04-26 12:43:10.531  4925  4991 V WindowManagerShell:  topActivityInfo=ActivityInfo{f9b21c6 com.openautolink.companion.MainActivity} launchCookies=[] positionInParent=Point(0, 0) parentTaskId=-1 isFocused=false isVisible=false isVisibleRequested=false isTopActivityNoDisplay=false isSleeping=false locusId=null displayAreaFeatureId=1 isTopActivityTransparent=false isActivityStackTransparent=false lastNonFullscreenBounds=Rect(277, 687 - 803, 1767) capturedLink=null capturedLinkTimestamp=0 requestedVisibleTypes=-9 topActivityRequestOpenInBrowserEducationTimestamp=0
04-26 12:43:10.531  4925  4991 V WindowManagerShell:  appCompatTaskInfo=AppCompatTaskInfo { topActivityInSizeCompat=false topActivityInOplusCompatMode=false eligibleForLetterboxEducation= false isLetterboxEducationEnabled= false isLetterboxDoubleTapEnabled= false eligibleForUserAspectRatioButton= false topActivityBoundsLetterboxed= false isFromLetterboxDoubleTap= false topActivityLetterboxVerticalPosition= -1 topActivityLetterboxHorizontalPosition= -1 topActivityLetterboxWidth=-1 topActivityLetterboxHeight=-1 topActivityAppBounds=Rect(0, 0 - 1080, 2376) isUserFullscreenOverrideEnabled=false isSystemFullscreenOverrideEnabled=false hasMinAspectRatioOverride=false topActivityLetterboxBounds=null cameraCompatTaskInfo=CameraCompatTaskInfo { freeformCameraCompatMode=inactive}} topActivityMainWindowFrame=null topActivityLetterboxInsets=Rect(0, 0 - 0, 0)
04-26 12:43:10.531  4925  4991 V WindowManagerShell:  mOplusExtraBundle = Bundle[mParcelledData.dataSize=1484]}, pipChange = null, remoteTransition = null, displayChange = null, flags = 0, debugId = 1489 }
04-26 12:43:10.531  4925  4991 D ShellSplitScreen: logExit: no-op, mLoggerSessionId is null
04-26 12:43:10.531  4925  5008 I ndroid.systemui: AssetManager2(0xb4000079fd54c028) locale list changing from [] to [en-US]
04-26 12:43:10.531  4925  5008 D OplusShellStartingWindowManager: adjustSuggestedWindowType originType: 1, wi: StartingWindowInfo{taskId=296 targetActivityInfo=null displayId=0 topActivityType=1 preferredStartingWindowType=8b mainWindowLayoutParams=null splashScreenThemeResId 7f0a000a, exi: OplusStartingWindowExtendedInfo{mAppToken=android.os.BinderProxy@81a0cb4, mSupportSplashScreenPreview=false, mIsSystemApp=false, mIsExceptionListApp=false, mPreviewBitmap=null, mShouldDrawBackground=false, mForceLightMode=false, mForceNightMode=false, mNotSupportNightMode=false, mForcePreview=false, mForceBigIcon=false, mQuickStartingSurface=null, mForceSolidColorSplash=false}
04-26 12:43:10.531  4925  5008 D OplusShellStartingWindowManager: adjustSuggestedWindowType: skip no-system app and no-exception list app
04-26 12:43:10.531  3393  8220 D CompatChangeReporter: Compat change id reported: 377864165; UID 10511; state: ENABLED
04-26 12:43:10.532  4925  5009 D ShellStartingWindow: getWindowAttrs SplashScreenWindowAttrs{ mWindowBgResId: 10602ea, mWindowBgColor: 0, mWindowBgImage: false, mSplashScreenIcon: false, mBrandingImage: false, mIconBgColor: 0, uiMode: 0}
04-26 12:43:10.532  4925  5009 W ShellStartingWindow: peekWindowBGColor mWindowBgColor:0 mWindowBgResId:17171178 estimatedWindowBGColor:-328966
04-26 12:43:10.532  4925  5009 I ShellStartingWindow: makeSplashScreenContentView themeBGColor: fffafafa, isDark: true, last config hash: 102758360
04-26 12:43:10.532  5162 25425 I iopgp   : Iopgp: TRANSACTION_IOPGP_PRELOAD Sequence_id = 63 pkg_name = com.openautolink.companion uid = 10511 size = 1 isProfile = 1
04-26 12:43:10.532  4925  5008 D WindowManager: Add to mViews: android.widget.FrameLayout{6a75323 V.E...... ......I. 0,0-0,0 alpha=1.0 viewInfo = },pkg= com.openautolink.companion
04-26 12:43:10.532  4925  5073 D skia    : setRusSupported enable 1
04-26 12:43:10.533 31154 31154 W ListPreference: Setting a summary with a String formatting marker is no longer supported. You should use a SummaryProvider instead.
04-26 12:43:10.533 31154 31154 W ListPreference: Setting a summary with a String formatting marker is no longer supported. You should use a SummaryProvider instead.
04-26 12:43:10.533  4925  4991 D ZoomController: onTaskMovedToFront, task id:296
04-26 12:43:10.533  4925  4991 I ZoomUiController: FloatHandle-isFloatHandleShow mPackageName = null
04-26 12:43:10.533  3393  5045 I AppSnapshotController: attachStartingWindow, win = Window{355bada u0 Splash Screen com.openautolink.companion}, shouldAppSnapshot = false
04-26 12:43:10.534  3393  5045 D ActivityTaskManager: attachStartingWindow: mStartingData=SplashScreenStartingData{3e4aaa6 removeAfterTransaction= 0}, mAssociatedTask=null, mStartingWindow=Window{355bada u0 Splash Screen com.openautolink.companion}
04-26 12:43:10.534  3393  5045 I WindowManager: addWindow: New client android.os.BinderProxy@35a7c85 : window=Window{355bada u0 Splash Screen com.openautolink.companion}
04-26 12:43:10.534  3393  4228 E OsenseCommonUtils: write /dev/memcg/memory.force_shrink_file failed
04-26 12:43:10.534  3393  4228 E OsenseCommonUtils: java.io.IOException: write failed: EBUSY (Device or resource busy)
04-26 12:43:10.534  3393  4228 E OsenseCommonUtils: 	at libcore.io.IoBridge.write(IoBridge.java:651)
04-26 12:43:10.534  3393  4228 E OsenseCommonUtils: 	at java.io.FileOutputStream.write(FileOutputStream.java:436)
04-26 12:43:10.534  3393  4228 E OsenseCommonUtils: 	at sun.nio.cs.StreamEncoder.writeBytes(StreamEncoder.java:233)
04-26 12:43:10.534  3393  4228 E OsenseCommonUtils: 	at sun.nio.cs.StreamEncoder.implFlushBuffer(StreamEncoder.java:309)
04-26 12:43:10.534  3393  4228 E OsenseCommonUtils: 	at sun.nio.cs.StreamEncoder.implFlush(StreamEncoder.java:313)
04-26 12:43:10.534  3393  4228 E OsenseCommonUtils: 	at sun.nio.cs.StreamEncoder.flush(StreamEncoder.java:153)
04-26 12:43:10.534  3393  4228 E OsenseCommonUtils: 	at java.io.OutputStreamWriter.flush(OutputStreamWriter.java:248)
04-26 12:43:10.534  3393  4228 E OsenseCommonUtils: 	at com.android.server.oplus.osense.utils.OsenseCommonUtils.writeFile(OsenseCommonUtils.java:154)
04-26 12:43:10.534  3393  4228 E OsenseCommonUtils: 	at com.android.server.am.OplusOsenseCompressAction.doGlobalShrink(OplusOsenseCompressAction.java:1887)
04-26 12:43:10.534  3393  4228 E OsenseCommonUtils: 	at com.android.server.am.OplusOsenseCompressAction.-$$Nest$mdoGlobalShrink(Unknown Source:0)
04-26 12:43:10.534  3393  4228 E OsenseCommonUtils: 	at com.android.server.am.OplusOsenseCompressAction$CompressHandler.handleMessage(OplusOsenseCompressAction.java:1335)
04-26 12:43:10.534  3393  4228 E OsenseCommonUtils: 	at android.os.Handler.dispatchMessage(Handler.java:115)
04-26 12:43:10.534  3393  4228 E OsenseCommonUtils: 	at android.os.Looper.loopOnce(Looper.java:302)
04-26 12:43:10.534  3393  4228 E OsenseCommonUtils: 	at android.os.Looper.loop(Looper.java:412)
04-26 12:43:10.534  3393  4228 E OsenseCommonUtils: 	at android.os.HandlerThread.run(HandlerThread.java:85)
04-26 12:43:10.534  3393  4228 E OsenseCommonUtils: Caused by: android.system.ErrnoException: write failed: EBUSY (Device or resource busy)
04-26 12:43:10.534  3393  4228 E OsenseCommonUtils: 	at libcore.io.Linux.writeBytes(Native Method)
04-26 12:43:10.534  3393  4228 E OsenseCommonUtils: 	at libcore.io.Linux.write(Linux.java:338)
04-26 12:43:10.534  3393  4228 E OsenseCommonUtils: 	at libcore.io.ForwardingOs.write(ForwardingOs.java:954)
04-26 12:43:10.534  3393  4228 E OsenseCommonUtils: 	at libcore.io.BlockGuardOs.write(BlockGuardOs.java:448)
04-26 12:43:10.534  3393  4228 E OsenseCommonUtils: 	at libcore.io.IoBridge.write(IoBridge.java:646)
04-26 12:43:10.534  3393  4228 E OsenseCommonUtils: 	... 14 more
04-26 12:43:10.535  4925  5008 D ViewRootImplExtImpl: onDisplayChanged -1 for VRI android.view.ViewRootImpl@5c0cf11
04-26 12:43:10.536  4925  5009 D ShellStartingWindow: inconsize = 420
04-26 12:43:10.536  3393  6542 I AppsFilter: interaction: PackageSetting{7f80ef2 com.android.microdroid.empty_payload/10339} -> PackageSetting{f8bf083 com.openautolink.companion/10511} BLOCKED
04-26 12:43:10.536  3393  6542 I AppsFilter: interaction: PackageSetting{abbcbc0 com.oplus.dm/10121} -> PackageSetting{f8bf083 com.openautolink.companion/10511} BLOCKED
04-26 12:43:10.536  3393  6542 I AppsFilter: interaction: PackageSetting{c7ac982 com.andrerinas.wirelesshelper/10512} -> PackageSetting{f8bf083 com.openautolink.companion/10511} BLOCKED
04-26 12:43:10.536  3393  6542 I AppsFilter: interaction: PackageSetting{42c369f com.oplus.locationproxy/10227} -> PackageSetting{f8bf083 com.openautolink.companion/10511} BLOCKED
04-26 12:43:10.536  3393  6542 I AppsFilter: interaction: PackageSetting{d71e3ec com.android.certinstaller/10271} -> PackageSetting{f8bf083 com.openautolink.companion/10511} BLOCKED
04-26 12:43:10.536  3393  6542 I AppsFilter: interaction: PackageSetting{17823b5 com.oplus.imsserviceentitlement/10122} -> PackageSetting{f8bf083 com.openautolink.companion/10511} BLOCKED
04-26 12:43:10.536  3393  6542 I AppsFilter: interaction: PackageSetting{e068a4a com.oplus.location/10292} -> PackageSetting{f8bf083 com.openautolink.companion/10511} BLOCKED
04-26 12:43:10.536  3393  6542 D RefreshRate: don't do app switch boost,arDisplayId:0 mDisplayId:0 currentSettingMode:0 hasAppSwitchBoostPriority:true is supportRefreshRateSwitch:true
04-26 12:43:10.536  3393  6542 V SensorManager: call sensorServiceCommonInterface name: setScreenShotDisable
04-26 12:43:10.536  3393  6542 D SensorServiceExtImpl: sensorServiceCommonInterface funcName = setScreenShotDisable, flag = 0, status = 0
04-26 12:43:10.536  3393  4592 I [UAH_CLIENT]: UahEventAcquire, cmdid:1, pkg:com.openautolink.companion, identity:com.android.server.wm
04-26 12:43:10.537  3393  6542 D ActivityTaskManager: setAppVisibility(Token{24e56b8 ActivityRecord{220309503 u0 com.openautolink.companion/.MainActivity t296}}, visible=true):  visible=false mVisibleRequested=false
04-26 12:43:10.537  3393  6542 D ActivityTaskManager: setVisibility(Token{24e56b8 ActivityRecord{220309503 u0 com.openautolink.companion/.MainActivity t296}}, visible=true) defer commitVisibility for transition collecting
04-26 12:43:10.537  3393  6542 V SensorManager: call sensorServiceCommonInterface name: setScreenShotDisable
04-26 12:43:10.537  3393  6542 D SensorServiceExtImpl: sensorServiceCommonInterface funcName = setScreenShotDisable, flag = 0, status = 0
04-26 12:43:10.537  3393  6542 D ActivityTaskManager: setAppVisibility(Token{d0f7e5c ActivityRecord{28262702 u0 com.google.android.projection.gearhead/.companion.settings.Material3SettingsActivity t295}}, visible=false):  visible=true mVisibleRequested=true
04-26 12:43:10.537  3393  4592 I [UAH_CLIENT]: UahEventAcquire, cmdid:1, pkg:com.openautolink.companion, identity:com.android.server.wm
04-26 12:43:10.537  3393  6542 D ActivityTaskManager: setVisibility(Token{d0f7e5c ActivityRecord{28262702 u0 com.google.android.projection.gearhead/.companion.settings.Material3SettingsActivity t295}}, visible=false) defer commitVisibility for transition collecting
04-26 12:43:10.537  3393  5121 I OPM-Process: resume pkg: com.openautolink.companion, uid:10511, prev pkg: com.google.android.projection.gearhead, prev uid: 10123
04-26 12:43:10.539  4925  5008 E OplusBracketLog: [OplusViewMirrorManager] updateHostViewRootIfNeeded, not support android.view.ViewRootImpl@5c0cf11
04-26 12:43:10.539  3393  4886 I Osense-BaseDecisionMaker: notifySceneToAthenaPolicy: SCENE_APP_SWITCH, bundle: Bundle[{prevPkgName=com.google.android.projection.gearhead, curUid=10511, isGame=false, curPkgName=com.openautolink.companion, prevUid=10123}]
04-26 12:43:10.539  4925  5008 D ViewRootImplExtImpl: wrapConfigInfoIntoFlags rotation=0, smallestScreenWidthDp=0, residentWS=false, scenario=0, bounds=Rect(0, 0 - 1080, 2376), relayoutAsync=false, flags=0, newFlags=1245708288, title=Splash Screen com.openautolink.companion
04-26 12:43:10.540  3393  5045 V WindowManager: Relayout Window{355bada u0 Splash Screen com.openautolink.companion}: viewVisibility=0, oldvis=0, req=1080x2376 , apr = 8, vsysui=, x=0, y=0
04-26 12:43:10.540  3393  4886 I Osense-BaseDecisionMaker: scene: SCENE_APP_SWITCH, excutingPolicy: freezer
04-26 12:43:10.540  3393  5045 I WindowManager: Window{355bada u0 Splash Screen com.openautolink.companion} state from NO_SURFACE to DRAW_PENDING; reason: resetDrawState
04-26 12:43:10.540  3393  4886 D Osense-BaseDecisionMaker: invoke freezer policy,type: fast
04-26 12:43:10.540  3393  4554 D BackgroundInstallControlService: Package event received: 0
04-26 12:43:10.541  4917  6345 V OsAgent : broadcastSystemEvent - 7
04-26 12:43:10.542  3393  5045 D WindowManager: NFW_findFocusedWindowIfNeeded:null mCurrentFocus:Window{95ec5a3 u0 com.google.android.projection.gearhead/com.google.android.projection.gearhead.companion.settings.Material3SettingsActivity}
04-26 12:43:10.542  3393  5045 V WindowManager: Changing focus from Window{95ec5a3 u0 com.google.android.projection.gearhead/com.google.android.projection.gearhead.companion.settings.Material3SettingsActivity} to null,diplayid=0
04-26 12:43:10.543  1841  1872 E statsd  : Stats puller failed for tag: 150134 at 72171606128575
04-26 12:43:10.544  4925  5008 W VRI[companion]: updateBlastSurfaceIfNeeded, surfaceSize:Point(1080, 2376), lastSurfaceSize:Point(0, 0), format:-3, blastBufferQueue:null
04-26 12:43:10.544  4925  5008 D BufferQueueConsumer: [](id:133d00000665,api:0,p:-1,c:4925) connect: controlledByApp=false
04-26 12:43:10.545  4925  5008 D BufferQueueConsumer: [VRI[companion]#1635(BLAST Consumer)1635](id:133d00000665,api:0,p:-1,c:4925) setMaxAcquiredBufferCount: 2
04-26 12:43:10.545  4925  5073 D BufferQueueProducer: [VRI[companion]#1635(BLAST Consumer)1635](id:133d00000665,api:1,p:4925,c:4925) connect: api=1 producerControlledByApp=true
04-26 12:43:10.546  4925  5008 I SurfaceControl:  setExtendedRangeBrightness sc=Surface(name=Splash Screen com.openautolink.companion)/@0x6a34b13,currentBufferRatio=1.0,desiredRatio=1.0
04-26 12:43:10.546  2132  2188 E BatteryDamageDetect: BddVoltDiffCheck begins
04-26 12:43:10.546  2132  2188 E BatteryDamageDetect: volt diff trend not changed, volt_diff_trend = 0
04-26 12:43:10.548  4275  4284 I ehlg    : (REDACTED) appOpsListener %s %s
04-26 12:43:10.548  4275  4284 I ehlg    : (REDACTED) Ignoring irrelevant audio permission changes for package %s
04-26 12:43:10.548  1842  1842 D Zygote  : Forked child process 31285
04-26 12:43:10.548  4925  5073 D BLASTBufferQueue: [VRI[companion]#1635](f:0,a:1) acquireNextBufferLocked size=1080x2376 mFrameNumber=1 applyTransaction=true mTimestamp=49798902468346(auto) mPendingTransactions.size=0 graphicBufferId=21152713979945 transform=0
04-26 12:43:10.548  4925  5073 D VRI[companion]: Received frameCommittedCallback lastAttemptedDrawFrameNum=1 didProduceBuffer=true syncBuffer=false
04-26 12:43:10.548  4925  5008 D VRI[companion]: draw finished. seqId=0
04-26 12:43:10.549  3393  4418 I VibrationEffectConvertor: onInputMethodListUpdated received, info.size = 4
04-26 12:43:10.549  3393  4418 I VibrationEffectConvertor: userid = 0, packageName = com.google.android.tts
04-26 12:43:10.549  3393  4418 I VibrationEffectConvertor: userid = 0, packageName = net.dinglisch.android.taskerm
04-26 12:43:10.549  3393  4418 I VibrationEffectConvertor: userid = 0, packageName = com.google.android.inputmethod.latin
04-26 12:43:10.549  3393  4418 I VibrationEffectConvertor: userid = 0, packageName = com.oplus.securitykeyboard
04-26 12:43:10.549  3393  5045 D WindowManager: onSyncFinishedDrawing: Window{355bada u0 Splash Screen com.openautolink.companion}
04-26 12:43:10.549  3393  5045 I WindowManager: finishDrawing skipLayout:false,syncSeqId=0,mPrepareSyncSeqId=0 Window{355bada u0 Splash Screen com.openautolink.companion} com.android.server.wm.WindowManagerService.finishDrawingWindow:3217 com.android.server.wm.Session.finishDrawing:399 android.view.IWindowSession$Stub.onTransact:793 
04-26 12:43:10.549  3393  5045 I WindowManager: Window{355bada u0 Splash Screen com.openautolink.companion} state from DRAW_PENDING to COMMIT_DRAW_PENDING; reason: finishDrawingLocked
04-26 12:43:10.549  3393  3591 I ActivityManager: Start proc 31285:com.openautolink.companion/u0a511 for next-top-activity {com.openautolink.companion/com.openautolink.companion.MainActivity}
04-26 12:43:10.549  4925  5008 W VRI[companion]: handleResized, msg:, frameChanged:false, configChanged:false, displayChanged:false, attachedFrameChanged:false, compatScaleChanged:false, pendingDragResizing=false
04-26 12:43:10.549  3393  3568 I ActivityManager: ProcessObserver broadcast disabled
04-26 12:43:10.550  3393  3571 I WindowManager: Window{355bada u0 Splash Screen com.openautolink.companion} state from COMMIT_DRAW_PENDING to READY_TO_SHOW; reason: commitFinishDrawingLocked
04-26 12:43:10.550  3393  3571 D ActivityTaskManager: onStartingWindowDrawn: app=null, mStartingData=SplashScreenStartingData{3e4aaa6 removeAfterTransaction= 0}, finishing=false,mLaunchedFromBubble=false, mVisibleRequested=true, mDisplayContent=Display{#0 state=ON size=1080x2376 ROTATION_0}, isZoomMode=false
04-26 12:43:10.550  3393  3571 D ActivityTaskManager: commitVisibility: ActivityRecord{220309503 u0 com.openautolink.companion/.MainActivity t296}: visible=true visibleRequested=true, isInTransition=true 
04-26 12:43:10.550  3393  3571 I WindowManager: Window{355bada u0 Splash Screen com.openautolink.companion} state from READY_TO_SHOW to HAS_DRAWN; reason: performShowLocked
04-26 12:43:10.550  3393  3571 I WindowStateExtImpl: onSurfaceShowChange show = true mPackageName = com.openautolink.companion parentPkgName = com.openautolink.companion
04-26 12:43:10.550  3393  3571 D CoreBackPreview:  return markWindowHasDrawn mComposed: false  mWaitTransition: false
04-26 12:43:10.550  3393  3571 E OplusAppQuickStart_AppQuickStartController: not start from launcher transition:1489
04-26 12:43:10.550  3393  3571 D Transition: collectOrderChanges onTopTasksEnd: [Task{9f2c51b #296 type=standard A=10511:com.openautolink.companion}], reportedOnTop:null, mOnTopTasksStart: [Task{9f2c51b #296 type=standard A=10511:com.openautolink.companion}], TDA child: [Task{5652e43 #2 type=undefined}, Task{316f1cb #143 type=standard A=10479:com.roborock.smart}, Task{d9bca91 #121 type=standard A=10362:com.x8bit.bitwarden}, Task{e4bf19b #149 type=standard I=com.google.android.apps.authenticator2/.main.MainActivity nonResizable}, Task{6238731 #153 type=standard A=10385:com.eightsleep.eight}, Task{f7bb946 #156 type=standard A=10191:google.android.task.calendar}, Task{2376fce #157 type=standard A=10383:com.kevinforeman.nzb360}, Task{3da5dea #159 type=standard A=10207:com.google.android.youtube}, Task{61452ae #161 type=standard A=10377:com.google.android.keep}, Task{4263f8c #113 type=standard A=10378:com.google.android.apps.googlevoice}, Task{98d7b0e #175 type=standard A=10405:com.august.luna}, Task{39c4dab #177 type=standard A=10386:com.dmholdings.MarantzAVRRemote nonResizable}, Task{4726c1b #179 type=standard A=10431:com.gm.chevrolet.nomad.ownership}, Task{402f9cc #183 type=standard A=10382:com.whisker.android}, Task{fe58a96 #189 type=standard A=10393:com.EVGATEWAY}, Task{b21f9bc #192 type=standard A=10417:com.driivz.mobile.android.evgo.driver}, Task{68d3f82 #197 type=standard A=10490:com.ubnt.easyunifi}, Task{50ac881 #198 type=standard A=10192:com.android.chrome}, Task{dd44687 #199 type=standard A=10194:com.google.android.apps.walletnfcrel}, Task{f95c8a9 #187 type=standard A=10373:com.google.android.apps.magazines}, Task{4a822f3 #200 type=standard A=10144:com.android.vending}, Task{9b591c0 #160 type=standard A=10204:com.google.android.apps.photos}, Task{9c2d048 #173 type=standard A=10355:com.google.android.apps.chromecast.app}, Task{e895ae #213 type=standard A=10381:com.devhd.feedly}, Task{7259d41 #174 type=standard A=10200:com.google.android.gm}, Task{bbe924d #214 type=standard A=10342:com.google.android.apps.adm}, Task{e03e260 #142 type=standard A=10374:com.google.android.apps.dynamite}, Task{e276535 #106 type=standard A=1000:com.android.settings.root}, Task{3a7d194 #1 type=home}, Task{2ce9113 #295 type=standard A=10123:com.google.android.projection.gearhead nonResizable}, Task{9f2c51b #296 type=standard A=10511:com.openautolink.companion}]
04-26 12:43:10.550  3393 31286 W ContextImpl: Calling a method in the system process without a qualified user: android.app.ContextImpl.sendBroadcast:1281 com.qualcomm.qti.Performance$SendGameLaunchBroadcast.run:292 java.lang.Thread.run:1563 <bottom of call stack> <bottom of call stack> 
04-26 12:43:10.550  3393  3571 D OplusFlexibleActivityTransitionManager: fixTransitType type result:1, targets: [ChangeInfo{d157b78 container=Task{9f2c51b #296 type=standard A=10511:com.openautolink.companion} flags=0x10}, ChangeInfo{4945251 container=Task{2ce9113 #295 type=standard A=10123:com.google.android.projection.gearhead nonResizable} flags=0x10}]
04-26 12:43:10.551  3393  4232 I MemoryOperationUtils: add 31285 to com.openautolink.companion
04-26 12:43:10.551  3393  3571 D OplusTransitionAnimationManager: activityRecordCount0fullScreenArBeHindStartingWindow null
04-26 12:43:10.551  3393  3571 D OplusTransitionAnimationManager: activityRecordCount0fullScreenArBeHindStartingWindow null
04-26 12:43:10.551  3393  3571 D QuickBackInputPolicy: resetInputInterceptState for remoteTransition: false
04-26 12:43:10.551  3393  6452 I OStatsManager_OplusBatteryStatsManager: updateStateTime: PkgName = com.openautolink.companion, uid = 10511, state to bg, mForegroundCnt = 0, isFg = false
04-26 12:43:10.551  3393  3571 D OplusTransitionController: onTransactionReady, transition: 1489, info: {id=1489 t=OPEN f=0x0 trk=0 r=[0@Point(0, 0)] c=[{WCT{RemoteToken{ede981d Task{9f2c51b #296 type=standard A=10511:com.openautolink.companion}}} m=OPEN f=NONE leash=Surface(name=Task=296)/@0x4fac28d sb=Rect(0, 0 - 1080, 2376) eb=Rect(0, 0 - 1080, 2376) epz=Point(1080, 2376) d=0 taskParent=-1},{WCT{RemoteToken{4fdfac8 Task{2ce9113 #295 type=standard A=10123:com.google.android.projection.gearhead nonResizable}}} m=TO_BACK f=NONE leash=Surface(name=Task=295)/@0x99a721f sb=Rect(0, 0 - 1080, 2376) eb=Rect(0, 0 - 1080, 2376) epz=Point(1080, 2376) d=0 taskParent=-1}] 
04-26 12:43:10.551  3393  3571 D OplusTransitionController: extendInfo=[
04-26 12:43:10.551  3393  3571 D OplusTransitionController:  OplusTransitionExtendedInfo{mTmpFinishT=null, mInOplusCompatMode=false, mIsProcessRunning=false, mHasMismatchBoundsTarget=false, mRecentsController=null, mRemoteTransition=null, mIsTranslucentActivityToHome=false, mAvoidInterceptKeyEventToHome=false, mIsFromHome=false, mParentLeash=null, mBackAnimClosingLeash=null, mIsOplusAnimRes=false, mKeepBgForContinuous=false, mIsBalAllow=true, mTaskNotInRecent=false, mIsPredictiveBackAnim=false, mIsMergedWithPredictive=false, mIsLaunchFromSpruce=false, mIsLaunchFromDrive=false, mGlobalSearchPageSwitch=false, mNeedNoAlphaGlobalSearchScene=false, mAssistScreenShowing=false, mSwipeUpBrowserScreenShowing=false, mUserIdTransition=0
04-26 12:43:10.551  3393  3571 D OplusTransitionController: , mInRemoteScene=false, mInPreReady=false, mPreStart=false, mToken=null, mAbortByRemoteFromHome=false, mShellApplyToken=null, mRequestTransitionTaskId=296, mAbortTransitionOnShell=0, mStartFromShortcut=false, mRemovedTaskId=-1, mTransitionInterruptType=0, mMergeSecondTaskId=-1, mTaskIdStartFromRecents=0, mTransitionId=1489, mCanUseSpringSlideAnim=false, mTransitionLaunchFrom=0, mFoldChangeType=-1, mAnimStartingPosition=[0, 0, 0, 0], mIsOpeningStkDialogActivity=false, mSecondaryHomeToFrontWhenUnFolding=false, mIsNeedApplyStartTForEmbedded=false
04-26 12:43:10.551  3393  3571 D OplusTransitionController: , mNeedCanvasExitAnim=false, mMergeSecondTaskAnimation=false, mIsLaunchUnityStart=false, mIsLaunchFromAssistantByDefault=false, mSkipRemoteTransitionfalse, mIsStartFromKeyguard=false flags=0x0, mWCT=null, mIsOpenMergeToInValidPredictive=false, mPromoteTaskWhenKeyguard-1, mRootLayerZOrderArray={}}]}, targets : [ChangeInfo{d157b78 container=Task{9f2c51b #296 type=standard A=10511:com.openautolink.companion} flags=0x10}, ChangeInfo{4945251 container=Task{2ce9113 #295 type=standard A=10123:com.google.android.projection.gearhead nonResizable} flags=0x10}], participants: {ActivityRecord{28262702 u0 com.google.android.projection.gearhead/.companion.settings.Material3SettingsActivity t295}, Task{9f2c51b #296 type=standard A=10511:com.openautolink.companion}, ActivityRecord{220309503 u0 com.openautolink.companion/.MainActivity t296}}
04-26 12:43:10.552 10089 12666 I Quality-ScreenOnOffLogProcessor: withInScreenOnOffRange mIsScreenOn:true refTime:1777232590531 mRecentScreenOnTime:1777226698051 mRecentScreenOffTime:1777226563533
04-26 12:43:10.552  3393  3571 W WindowManager: captureTaskSnapshot mSnapshotMode= 0 source=Task{2ce9113 #295 type=standard A=10123:com.google.android.projection.gearhead nonResizable}
04-26 12:43:10.552  3393  3571 D TaskSnapshotControllerExtImpl: createTaskSnapshot isCompatMode:false, isCompactWindow:false
04-26 12:43:10.552  3393  3571 W AbsAppSnapshotControllerExtImpl: updateExcludeLayers, addExcludeLayerList is null or empty, return excludeLayers
04-26 12:43:10.552  4925  2377 V WindowManagerShell: onTransitionReady(transaction=14572824153568)
04-26 12:43:10.553  4925  4991 V WindowManagerShell: onTransitionReady (#1489) android.os.BinderProxy@8e17808: {id=1489 t=OPEN f=0x0 trk=0 r=[0@Point(0, 0)] c=[
04-26 12:43:10.553  4925  4991 V WindowManagerShell:         {m=OPEN f=NONE leash=Surface(name=Task=296)/@0x6e29e81 sb=Rect(0, 0 - 1080, 2376) eb=Rect(0, 0 - 1080, 2376) epz=Point(1080, 2376) d=0 taskParent=-1},
04-26 12:43:10.553  4925  4991 V WindowManagerShell:         {m=TO_BACK f=NONE leash=Surface(name=Task=295)/@0x38efb26 sb=Rect(0, 0 - 1080, 2376) eb=Rect(0, 0 - 1080, 2376) epz=Point(1080, 2376) d=0 taskParent=-1}
04-26 12:43:10.553  4925  4991 V WindowManagerShell:     ] 
04-26 12:43:10.553  4925  4991 V WindowManagerShell: extendInfo=[
04-26 12:43:10.553  4925  4991 V WindowManagerShell:  OplusTransitionExtendedInfo{mTmpFinishT=null, mInOplusCompatMode=false, mIsProcessRunning=false, mHasMismatchBoundsTarget=false, mRecentsController=null, mRemoteTransition=null, mIsTranslucentActivityToHome=false, mAvoidInterceptKeyEventToHome=false, mIsFromHome=false, mParentLeash=null, mBackAnimClosingLeash=null, mIsOplusAnimRes=false, mKeepBgForContinuous=false, mIsBalAllow=true, mTaskNotInRecent=false, mIsPredictiveBackAnim=false, mIsMergedWithPredictive=false, mIsLaunchFromSpruce=false, mIsLaunchFromDrive=false, mGlobalSearchPageSwitch=false, mNeedNoAlphaGlobalSearchScene=false, mAssistScreenShowing=false, mSwipeUpBrowserScreenShowing=false, mUserIdTransition=0
04-26 12:43:10.553  4925  4991 V WindowManagerShell: , mInRemoteScene=false, mInPreReady=false, mPreStart=false, mToken=null, mAbortByRemoteFromHome=false, mShellApplyToken=null, mRequestTransitionTaskId=296, mAbortTransitionOnShell=0, mStartFromShortcut=false, mRemovedTaskId=-1, mTransitionInterruptType=0, mMergeSecondTaskId=-1, mTaskIdStartFromRecents=0, mTransitionId=1489, mCanUseSpringSlideAnim=false, mTransitionLaunchFrom=0, mFoldChangeType=-1, mAnimStartingPosition=[0, 0, 0, 0], mIsOpeningStkDialogActivity=false, mSecondaryHomeToFrontWhenUnFolding=false, mIsNeedApplyStartTForEmbedded=false
04-26 12:43:10.553  4925  4991 V WindowManagerShell: , mNeedCanvasExitAnim=false, mMergeSecondTaskAnimation=false, mIsLaunchUnityStart=false, mIsLaunchFromAssistantByDefault=false, mSkipRemoteTransitionfalse, mIsStartFromKeyguard=false flags=0x0, mWCT=null, mIsOpenMergeToInValidPredictive=false, mPromoteTaskWhenKeyguard-1, mRootLayerZOrderArray={}}]}
04-26 12:43:10.553  4925  4991 D OplusShellTransition: dispatchReady, active:(#1489) android.os.BinderProxy@8e17808@0, isSync=false, track:com.android.wm.shell.transition.Transitions$Track@975b119
04-26 12:43:10.554  4925  4991 D OplusShellTransition: Abort transition (#1489) android.os.BinderProxy@8e17808@0 WMCore requested. reason: 0; abortTransition: false
04-26 12:43:10.554  4925  4991 V WindowManagerShell: Transition (#1489) android.os.BinderProxy@8e17808@0 ready while (#1487) android.os.BinderProxy@c4f5e71@0 is still animating. Notify the animating transition in case they can be merged
04-26 12:43:10.554  4925  4991 D TransitionAnimationUtil: hasSameTasksInBothTransition compareInfo, mergeSecondTaskId = -1
04-26 12:43:10.554  4925  4991 D OplusShellTransition: keepBgSurfaceForContinuous, bothActivityLevel = false, matchTaskSwitchScene = false
04-26 12:43:10.554  4925  5004 D AdfrV32FrameRateUtils: set frameRate in trantion end, leash=Surface(name=Task=295)/@0xdf32e3e, transaction=android.view.SurfaceControl$Transaction@f24b517, precisionType=1, typeId=20101, typeEnable=false
04-26 12:43:10.554  4925  5004 D AdfrV32FrameRateUtils: set frameRate in trantion end, leash=Surface(name=Task=1)/@0xa95c49f, transaction=android.view.SurfaceControl$Transaction@f24b517, precisionType=1, typeId=20101, typeEnable=false
04-26 12:43:10.555  4925  4991 D OplusShellTransition: DefaultTransitionHandler#onAnimFinish=> transition=android.os.BinderProxy@c4f5e71, backAnimContinue=false
04-26 12:43:10.555  4925  4991 V WindowManagerShell: Transition animation finished (aborted=false), notifying core (#1487) android.os.BinderProxy@c4f5e71@0
04-26 12:43:10.555  4925  4991 D SplitScreen-->AppLockManager: setStartFromSafeControl mStartFromSafeControl=false
04-26 12:43:10.555  4925  4991 D TransitionAnimationUtil: hasSameTasksInBothTransition compareInfo, mergeSecondTaskId = -1
04-26 12:43:10.555  4925  5073 D VRI[companion]: Received frameCommittedCallback lastAttemptedDrawFrameNum=2 didProduceBuffer=false syncBuffer=false
04-26 12:43:10.556  4925  5008 D VRI[companion]: draw finished. seqId=0
04-26 12:43:10.556  4925  4991 D ShellTaskOrganizerExt: adjust change for exiting mini task: -1
04-26 12:43:10.557 31285 31285 I olink.companion: Late-enabling -Xcheck:jni
04-26 12:43:10.559  3393  3571 D TaskSnapshotCache: putSnapshot mRunningCache top= ActivityRecord{28262702 u0 com.google.android.projection.gearhead/.companion.settings.Material3SettingsActivity t295}, mTaskId=295, snapshot=TaskSnapshot{ mId=1777232590552 mCaptureTime=72171628887430 mTopActivityComponent=com.google.android.projection.gearhead/.companion.settings.Material3SettingsActivity mSnapshot=android.hardware.HardwareBuffer@ad7e6bc (1080x2376) mColorSpace=Display P3 (id=7, model=RGB) mOrientation=1 mRotation=0 mTaskSize=Point(1080, 2376) mOplusCompatMode=false mTopActivityBounds=[0,0][1080,2376] mHasDimLayer=false mContentInsets=[0,120][0,42] mLetterboxInsets=[0,0][0,0] mIsLowResolution=false mIsRealSnapshot=true mWindowingMode=1 mAppearance=0 mIsTranslucent=true mHasImeSurface=false mInternalReferences=2 mUiMode=21, mAppIdMap size= 16
04-26 12:43:10.559  3393  3567 V WindowManager: Sent Transition (#1489) createdAt=04-26 12:43:10.527 via request=TransitionRequestInfo { type = OPEN, triggerTask = TaskInfo{userId=0 taskId=296 effectiveUid=10511 displayId=0 isRunning=true baseIntent=Intent { act=android.intent.action.VIEW dat=oalcompanion://start/... flg=0x10000000 pkg=com.openautolink.companion cmp=com.openautolink.companion/.MainActivity mCallingUid=2000 } baseActivity=ComponentInfo{com.openautolink.companion/com.openautolink.companion.MainActivity} topActivity=ComponentInfo{com.openautolink.companion/com.openautolink.companion.MainActivity} origActivity=null realActivity=ComponentInfo{com.openautolink.companion/com.openautolink.companion.MainActivity}
04-26 12:43:10.559  3393  3567 V WindowManager:  numActivities=1 lastActiveTime=72171600 supportsSplitScreenMultiWindow=true supportsMultiWindow=true supportsPocketStudioMultiWindow=true isInFlexibleEmbedded = false uid = 10511 pid = 0 resizeMode=1 isResizeable=true minWidth=-1 minHeight=-1 defaultMinSize=220 token=WCT{RemoteToken{ede981d Task{9f2c51b #296 type=standard A=10511:com.openautolink.companion}}} topActivityType=1 pictureInPictureParams=null shouldDockBigOverlays=false launchIntoPipHostTaskId=-1 lastParentTaskIdBeforePip=-1 displayCutoutSafeInsets=Rect(0, 120 - 0, 0)
04-26 12:43:10.559  3393  3567 V WindowManager:  topActivityInfo=ActivityInfo{a8dca92 com.openautolink.companion.MainActivity} launchCookies=[] positionInParent=Point(0, 0) parentTaskId=-1 isFocused=false isVisible=false isVisibleRequested=false isTopActivityNoDisplay=false isSleeping=false locusId=null displayAreaFeatureId=1 isTopActivityTransparent=false isActivityStackTransparent=false lastNonFullscreenBounds=Rect(277, 687 - 803, 1767) capturedLink=null capturedLinkTimestamp=0 requestedVisibleTypes=-9 topActivityRequestOpenInBrowserEducationTimestamp=0
04-26 12:43:10.559  3393  3567 V WindowManager:  appCompatTaskInfo=AppCompatTaskInfo { topActivityInSizeCompat=false topActivityInOplusCompatMode=false eligibleForLetterboxEducation= false isLetterboxEducationEnabled= false isLetterboxDoubleTapEnabled= false eligibleForUserAspectRatioButton= false topActivityBoundsLetterboxed= false isFromLetterboxDoubleTap= false topActivityLetterboxVerticalPosition= -1 topActivityLetterboxHorizontalPosition= -1 topActivityLetterboxWidth=-1 topActivityLetterboxHeight=-1 topActivityAppBounds=Rect(0, 0 - 1080, 2376) isUserFullscreenOverrideEnabled=false isSystemFullscreenOverrideEnabled=false hasMinAspectRatioOverride=false topActivityLetterboxBounds=null cameraCompatTaskInfo=CameraCompatTaskInfo { freeformCameraCompatMode=inactive}} topActivityMainWindowFrame=null topActivityLetterboxInsets=Rect(0, 0 - 0, 0)
04-26 12:43:10.559  3393  3567 V WindowManager:  mOplusExtraBundle = Bundle[{androidx.flexible.taskFrame=Rect(0, 0 - 0, 0), androidx.flexible.Alpha=1.0, androidx.activity.task.attach.blur=0, androidx.activity.LaunchInsensible=0, androidx.activity.LaunchCornerRadius=0, key_flexible_task_state=0, topActivitySupportAppInnerSplit=false, key_flexible_task_animating_type=-1, key_flexible_task_root_activity_processname=com.openautolink.companion, androidx.activity.LaunchScenario=0, is_oplus_clone_task=false, flexible_super_mini_state=false, topRunningActivityHash=220309503, androidx.activity.LaunchScale=1.0, androidx.activity.LaunchShadowRadius=0, is_transient_hide_for_task_info=false, key_flexible_task_root_activity_pid=0, key_flexible_task_root_activity_uid=10511}]}, pipChange = null, remoteTransition = null, displayChange = null, flags = 0, debugId = 1489 }
04-26 12:43:10.559  3393  3567 V WindowManager:     startWCT=WindowContainerTransaction { changes= {} hops= [] errorCallbackToken=null taskFragmentOrganizer=null }
04-26 12:43:10.559  3393  3567 V WindowManager:     info={id=1489 t=OPEN f=0x0 trk=0 r=[0@Point(0, 0)] c=[
04-26 12:43:10.559  3393  3567 V WindowManager:         {WCT{RemoteToken{ede981d Task{9f2c51b #296 type=standard A=10511:com.openautolink.companion}}} m=OPEN f=NONE leash=Surface(name=Task=296)/@0x4fac28d sb=Rect(0, 0 - 1080, 2376) eb=Rect(0, 0 - 1080, 2376) epz=Point(1080, 2376) d=0 taskParent=-1},
04-26 12:43:10.559  3393  3567 V WindowManager:         {WCT{RemoteToken{4fdfac8 Task{2ce9113 #295 type=standard A=10123:com.google.android.projection.gearhead nonResizable}}} m=TO_BACK f=NONE leash=Surface(name=Task=295)/@0x99a721f sb=Rect(0, 0 - 1080, 2376) eb=Rect(0, 0 - 1080, 2376) epz=Point(1080, 2376) d=0 taskParent=-1}
04-26 12:43:10.559  3393  3567 V WindowManager:     ] 
04-26 12:43:10.559  3393  3567 V WindowManager: extendInfo=[
04-26 12:43:10.559  3393  3567 V WindowManager:  OplusTransitionExtendedInfo{mTmpFinishT=null, mInOplusCompatMode=false, mIsProcessRunning=false, mHasMismatchBoundsTarget=false, mRecentsController=null, mRemoteTransition=null, mIsTranslucentActivityToHome=false, mAvoidInterceptKeyEventToHome=false, mIsFromHome=false, mParentLeash=null, mBackAnimClosingLeash=null, mIsOplusAnimRes=false, mKeepBgForContinuous=false, mIsBalAllow=true, mTaskNotInRecent=false, mIsPredictiveBackAnim=false, mIsMergedWithPredictive=false, mIsLaunchFromSpruce=false, mIsLaunchFromDrive=false, mGlobalSearchPageSwitch=false, mNeedNoAlphaGlobalSearchScene=false, mAssistScreenShowing=false, mSwipeUpBrowserScreenShowing=false, mUserIdTransition=0
04-26 12:43:10.559  3393  3567 V WindowManager: , mInRemoteScene=false, mInPreReady=false, mPreStart=false, mToken=null, mAbortByRemoteFromHome=false, mShellApplyToken=null, mRequestTransitionTaskId=296, mAbortTransitionOnShell=0, mStartFromShortcut=false, mRemovedTaskId=-1, mTransitionInterruptType=0, mMergeSecondTaskId=-1, mTaskIdStartFromRecents=0, mTransitionId=1489, mCanUseSpringSlideAnim=false, mTransitionLaunchFrom=0, mFoldChangeType=-1, mAnimStartingPosition=[0, 0, 0, 0], mIsOpeningStkDialogActivity=false, mSecondaryHomeToFrontWhenUnFolding=false, mIsNeedApplyStartTForEmbedded=false
04-26 12:43:10.559  3393  3567 V WindowManager: , mNeedCanvasExitAnim=false, mMergeSecondTaskAnimation=false, mIsLaunchUnityStart=false, mIsLaunchFromAssistantByDefault=false, mSkipRemoteTransitionfalse, mIsStartFromKeyguard=false flags=0x0, mWCT=null, mIsOpenMergeToInValidPredictive=false, mPromoteTaskWhenKeyguard-1, mRootLayerZOrderArray={}}]}
04-26 12:43:10.561 30827 30867 W SQLiteLog: (28) double-quoted string literal: "com.openautolink.companion"
04-26 12:43:10.561  3393  3571 D FlexibleWindowManagerService: onFlexibleWindowTaskAppeared: task = 296, visible = true
04-26 12:43:10.561  3393  3571 D OplusFlexibleWindowMinimizedManagerHelper: onTaskAppered taskInfo:296
04-26 12:43:10.561  3393  3571 D OplusFlexibleDragToSplitAnimController: visibleFlexibleTaskInfos delete:296
04-26 12:43:10.561  3393  3571 E FlexibleWindowManagerService: notifyTaskObserverToAttachController not need to notify!
04-26 12:43:10.561  3393  3571 D FlexibleWindowManagerService: should not dispatch appeared task Task{9f2c51b #296 type=standard A=10511:com.openautolink.companion}
04-26 12:43:10.561  3393  3486 D Transition: finishTransaction-onCommitted syncId=1487
04-26 12:43:10.561  3393  3486 D Transition: finishTransaction-onCommitted syncId=1488
04-26 12:43:10.561  3393  3486 I BLASTSyncEngine: onCommitted syncId: 1488, timeout: false ran: false
04-26 12:43:10.562  3393  3486 D ActivityTaskManager: cannot removestartingWindow getSyncTransactionCommitCallbackDepth:1 ,mSyncState:0 ,isCollecting:false
04-26 12:43:10.562  5294  5294 W System.err: java.lang.NoSuchFieldException: No field mSnapshotBundle in class Landroid/window/TaskSnapshot; (declaration of 'android.window.TaskSnapshot' appears in /system/framework/framework.jar!classes5.dex)
04-26 12:43:10.562  5294  5294 W System.err: 	at java.lang.Class.getDeclaredField(Native Method)
04-26 12:43:10.562  5294  5294 W System.err: 	at com.oplus.basecommon.util.ReflectUtil.getFieldValue(SourceFile:4)
04-26 12:43:10.562  5294  5294 W System.err: 	at com.oplus.basecommon.util.ReflectUtil.getFieldValue(SourceFile:1)
04-26 12:43:10.562  5294  5294 W System.err: 	at com.oplus.basecommon.util.ReflectUtil.getRefBundle(Unknown Source:0)
04-26 12:43:10.562  5294  5294 W System.err: 	at com.android.systemui.shared.recents.model.ThumbnailData.<init>(SourceFile:31)
04-26 12:43:10.562  5294  5294 W System.err: 	at com.android.systemui.shared.system.TaskStackChangeListeners$Impl.lambda$handleMessage$1(Unknown Source:22)
04-26 12:43:10.562  5294  5294 W System.err: 	at com.android.systemui.shared.system.TaskStackChangeListeners$Impl.b(Unknown Source:0)
04-26 12:43:10.562  5294  5294 W System.err: 	at com.android.systemui.shared.system.l.run(Unknown Source:6)
04-26 12:43:10.562  5294  5294 W System.err: 	at com.android.quickstep.OplusTaskThumbnailCacheImpl.callTaskSnapshotChanged(Unknown Source:62)
04-26 12:43:10.562  5294  5294 W System.err: 	at com.android.systemui.shared.system.TaskStackChangeListeners$Impl.handleMessage(Unknown Source:632)
04-26 12:43:10.562  5294  5294 W System.err: 	at android.os.Handler.dispatchMessage(Handler.java:111)
04-26 12:43:10.562  5294  5294 W System.err: 	at android.os.Looper.loopOnce(Looper.java:302)
04-26 12:43:10.562  5294  5294 W System.err: 	at android.os.Looper.loop(Looper.java:412)
04-26 12:43:10.562  5294  5294 W System.err: 	at com.android.launcher.monitor.exception.MainThreadExceptionMonitor.startWatching$lambda$2(Unknown Source:14)
04-26 12:43:10.562  5294  5294 W System.err: 	at com.android.launcher.monitor.exception.MainThreadExceptionMonitor.a(Unknown Source:0)
04-26 12:43:10.562  5294  5294 W System.err: 	at com.android.launcher.batchdrag.g.run(Unknown Source:92)
04-26 12:43:10.562  5294  5294 W System.err: 	at android.os.Handler.handleCallback(Handler.java:1027)
04-26 12:43:10.562  5294  5294 W System.err: 	at android.os.Handler.dispatchMessage(Handler.java:108)
04-26 12:43:10.562  5294  5294 W System.err: 	at android.os.Looper.loopOnce(Looper.java:302)
