--------- beginning of main
04-26 12:43:09.797  1986  2522 I SDM     : DisplayBuiltIn::IdlePowerCollapse: IPC received, disabling partial update for one frame
04-26 12:43:09.945  3393  4417 I CwbClient: R/G/B:0-0-0
04-26 12:43:09.946  2086  2086 D SensorFeature: name=ssc_screenshot_info ,index = 22
04-26 12:43:09.946  2086  2086 D SensorFeature: write 37 bytes:72170046076701,72171012335242,53144,0
04-26 12:43:09.977  1955 30145 I sensors-hal: handle_oplus_wise_rgb_event:189, high_pwm_light:lux 6.8,cct 5300.0,brl/algo/ir 2023.0/2.0/0.0,pwm/dc 0.0/0.0,rgbc 894.065430/650.110168/508.285278/1354.449951,ts 72170967091336,cnt 3567,flag 53144
04-26 12:43:10.090  1958 30234 I WifiHAL : event received NL80211_CMD_VENDOR, vendor_id = 0x1374, subcmd = 0xd
04-26 12:43:10.090  3037 30239 D LOWI-9.0.1.118: [LOWI-Scan] wait_event:Wait done with Cmd 103
04-26 12:43:10.090  3037 30239 D LOWI-9.0.1.118: [LOWI-Scan] do_listen_events: Rcvd valid Netlink Cmd 0 Err 0
04-26 12:43:10.092  2995  2995 I cnss-daemon: nl80211 response handler invoked
04-26 12:43:10.092  2995  2995 I cnss-daemon: nl80211_response_handler: cmd 103, vendorID 4980, subcmd 13  received
04-26 12:43:10.102  3393  6549 W Settings: Setting notification_bubbles has moved from android.provider.Settings.Global to android.provider.Settings.Secure, returning read-only value.
04-26 12:43:10.102  3393  6549 W Settings: Setting apply_ramping_ringer has moved from android.provider.Settings.Global to android.provider.Settings.System, returning read-only value.
--------- beginning of system
04-26 12:43:10.106  3393  6549 W SettingsStatsUtil: Can not parse value to float: +network
04-26 12:43:10.248  3393  4417 I CwbClient: R/G/B:0-0-0
04-26 12:43:10.248  2086  2086 D SensorFeature: name=ssc_screenshot_info ,index = 22
04-26 12:43:10.248  2086  2086 D SensorFeature: write 37 bytes:72170046076701,72171316812638,53145,0
04-26 12:43:10.255  2132  2175 D BatteryChargeControl: bcc get no support from charging protocol
04-26 12:43:10.266  3393  4389 V AlarmManager: sending alarm Alarm{9b2899b type 1 origWhen 1777232590266 whenElapsed 72171336 android} uid 1000 whenElapsed 72171336 windowLength 0 maxWhenElapsed 72171336 repeatInterval 0 action null component null tag StorgaeBandInfoAlarmTag flags 0x9 procName system_server
04-26 12:43:10.267  3393 19256 E OplusStorageUFSBandwidth: storage_io_metrics_path is /proc/oplus_storage/io_metrics/forever/
04-26 12:43:10.268  3393 19256 E OplusStorageUFSBandwidth: Bandwidth - Read: 6.49 MB/s, Write: 0.00 MB/s
04-26 12:43:10.268  3393 19256 E OplusStorageUFSBandwidth: Task time: 1ms
04-26 12:43:10.274  3393 19256 E OplusStorageUFSBandwidth: Alarm set to trigger in 10 seconds
04-26 12:43:10.281  3393  4592 I [UAH_CLIENT]: UahEventAcquire, cmdid:2, pkg:none, identity:com.android.server.wm
04-26 12:43:10.281  3393  6549 W ActivityTaskManager: callingPackage for (uid=2000, pid=31145) has no WPC
04-26 12:43:10.283  3393  6549 D WindowManager: NFW_setClientVisible:ActivityRecord{264151373 u0 com.google.android.projection.gearhead/.companion.settings.DefaultSettingsActivity clientVisible:true
04-26 12:43:10.283  3393  6549 V GrammaticalInflectionUtils: AttributionSource: android.content.AttributionSource@dba36ca3 does not have READ_SYSTEM_GRAMMATICAL_GENDER permission.
04-26 12:43:10.284  3393  6549 D FlexibleTaskController: isSupportFlexibleWindow target = com.google.android.projection.gearhead/.companion.settings.DefaultSettingsActivity callPkg = FlexibleTaskController support = true ,caller = 3393
04-26 12:43:10.284  3393  6549 D ActivityStarterExtImpl: NOT BACKGROUND_START_ACTIVITY_PERMISSION FEATURE
04-26 12:43:10.284  3393  3585 E QosSceneRecognizer[ActivityStartScene]: notifyActivityStart get launchedFromUid failed through AppManager! launchedFromPackage: com.android.shell, pkg: com.google.android.projection.gearhead
04-26 12:43:10.284  3393  6549 D FlexibleWindowManagerService: isIgnoreAppearedAcrossTask:false
04-26 12:43:10.285  3393  6549 D FlexibleWindowManagerService: isIgnoreAppearedAcrossTask:false
04-26 12:43:10.285  3393  6549 D FlexibleTaskController: findSourceTaskForFreeForm: sourceRecord = null ,realCallingPid:31145 ,launchFromZoomMode:false ,prevTopTask:Task{ee60308 #3 type=home I=com.android.launcher/.Launcher}
04-26 12:43:10.285  3393  6549 D FlexibleTaskController: findSourceTaskForFreeForm: the caller is not a flexible freeform window application and does not have a zoom windowMode startup parameter
04-26 12:43:10.285  3393  6549 D FlexibleTaskController: adjustOptionsForFlexibleTask not allow options follow process task's options, reason:9 ,reusedOptions:null
04-26 12:43:10.285  3393  6549 D FlexibleTaskController: isSupportFlexibleWindow target = com.google.android.projection.gearhead/.companion.settings.DefaultSettingsActivity callPkg = FlexibleTaskController support = true ,caller = 3393
04-26 12:43:10.285  3393  6549 D FlexibleWindowManagerService: no reused task found for ActivityRecord{264151373 u0 com.google.android.projection.gearhead/.companion.settings.DefaultSettingsActivity t-1}
04-26 12:43:10.286  3393  6549 D CompactServiceDelegate: updateDecorsManagerIfNeed return because not attachToProcess task:Task{2ce9113 #295 type=standard}
04-26 12:43:10.286  3393  6549 D CompactServiceDelegate: updateDecorsManagerIfNeed return because not attachToProcess task:Task{2ce9113 #295 type=standard}
04-26 12:43:10.288  3393  6549 D SecondaryPageStartupPolicy: checkSecondaryPageStartupStatus not support sourcePackage=com.android.shell
04-26 12:43:10.289  3393  6549 D OplusStartingWindowManager: we don't revise window flags for third app
04-26 12:43:10.289  3393  6549 D ActivityTaskManager: validateStartingWindowTheme:  Pkg=com.google.android.projection.gearhead, Translucent=false, Floating=false, ShowWallpaper=false, Disable=false, LaunchSource=4, Prev=null, LaunchedFromPackage=com.android.shell
04-26 12:43:10.289  3393  6549 D ActivityTaskManager: addStartingWindow for ActivityRecord{264151373 u0 com.google.android.projection.gearhead/.companion.settings.DefaultSettingsActivity t295}, mainWin=null, state=INITIALIZING, isKeyguardLocked=false, isKeyguardGoingAway=false
04-26 12:43:10.289  3393  6549 D ActivityTaskManager: getStartingWindowType: , newTask=true, taskSwitch=true, processRunning=false, allowTaskSnapshot=true, activityCreated=false, activityAllDrawn=false, snapshot exist: false
04-26 12:43:10.289  3393  6549 D ActivityRecordExtImpl: handleStartingWindowForCompactWindow origin type:2, adjustType : 2
04-26 12:43:10.289  3393  6549 D TaskOrganizerController: TaskOrganizerController.addStartingWindow: call wmshell to addStartingWindow:ActivityRecord{264151373 u0 com.google.android.projection.gearhead/.companion.settings.DefaultSettingsActivity t295}
04-26 12:43:10.290  3393  6549 D ActivityTrigger: ActivityTrigger activityPauseTrigger 
04-26 12:43:10.290  4925  5008 D PhoneStartingWindowTypeAlgorithm: preferredStartingWindowType newTask=true, taskSwitch=true, processRunning=false, allowTaskSnapshot=true, activityCreated=false, isSolidColorSplashScreen=false, legacySplashScreen=false, activityDrawn=false, windowless=false, topIsHome=false
04-26 12:43:10.290  4925  5008 D OplusShellStartingWindowManager: getReviseStartingWindowType not support, windowInfo is null
04-26 12:43:10.291  3393  4592 I [UAH_CLIENT]: UahEventAcquire, cmdid:1, pkg:com.google.android.projection.gearhead, identity:com.android.server.wm
04-26 12:43:10.291  3393  5023 V GrammaticalInflectionUtils: AttributionSource: android.content.AttributionSource@dba36ca3 does not have READ_SYSTEM_GRAMMATICAL_GENDER permission.
04-26 12:43:10.291  3393  6549 D ActivityTaskManager: notifyTaskAdded, task: Task{2ce9113 #295 type=standard A=10123:com.google.android.projection.gearhead nonResizable} trace:com.android.server.wm.RecentTasks.add:1392 com.android.server.wm.ActivityStarter.startActivityInner:3031 com.android.server.wm.ActivityStarter.startActivityUnchecked:2166 com.android.server.wm.ActivityStarter.executeRequest:1916 com.android.server.wm.ActivityStarter.execute:1004 
04-26 12:43:10.292  3393  6549 D osense.compress: notifyActivityLaunched pkgName = com.google.android.projection.gearhead, userId = 0
04-26 12:43:10.292  3393  6549 I ActivityTaskManager: START u0 {flg=0x10000000 xflg=0x5 cmp=com.google.android.projection.gearhead/.companion.settings.DefaultSettingsActivity mCallingUid=2000} with LAUNCH_SINGLE_TASK from uid 2000 (BAL_ALLOW_PERMISSION (START_ACTIVITIES_FROM_BACKGROUND permission granted)) result code=0
04-26 12:43:10.292  4925  4991 V WindowManagerShell: Transition requested (#1487): android.os.BinderProxy@c4f5e71 TransitionRequestInfo { type = OPEN, triggerTask = TaskInfo{userId=0 taskId=295 effectiveUid=10123 displayId=0 isRunning=true baseIntent=Intent { flg=0x10000000 cmp=com.google.android.projection.gearhead/.companion.settings.DefaultSettingsActivity mCallingUid=2000 } baseActivity=ComponentInfo{com.google.android.projection.gearhead/com.google.android.projection.gearhead.companion.settings.DefaultSettingsActivity} topActivity=ComponentInfo{com.google.android.projection.gearhead/com.google.android.projection.gearhead.companion.settings.DefaultSettingsActivity} origActivity=null realActivity=ComponentInfo{com.google.android.projection.gearhead/com.google.android.projection.gearhead.companion.settings.DefaultSettingsActivity}
04-26 12:43:10.292  4925  4991 V WindowManagerShell:  numActivities=1 lastActiveTime=72171361 supportsSplitScreenMultiWindow=false supportsMultiWindow=false supportsPocketStudioMultiWindow=true isInFlexibleEmbedded = false uid = 10123 pid = 0 resizeMode=0 isResizeable=false minWidth=-1 minHeight=-1 defaultMinSize=220 token=WCT{android.window.IWindowContainerToken$Stub$Proxy@8f7d456} topActivityType=1 pictureInPictureParams=null shouldDockBigOverlays=false launchIntoPipHostTaskId=-1 lastParentTaskIdBeforePip=-1 displayCutoutSafeInsets=Rect(0, 120 - 0, 0)
04-26 12:43:10.292  4925  4991 V WindowManagerShell:  topActivityInfo=ActivityInfo{4bbccd7 com.google.android.projection.gearhead.companion.settings.DefaultSettingsActivity} launchCookies=[] positionInParent=Point(0, 0) parentTaskId=-1 isFocused=false isVisible=false isVisibleRequested=false isTopActivityNoDisplay=false isSleeping=false locusId=null displayAreaFeatureId=1 isTopActivityTransparent=false isActivityStackTransparent=false lastNonFullscreenBounds=Rect(277, 687 - 803, 1767) capturedLink=null capturedLinkTimestamp=0 requestedVisibleTypes=-9 topActivityRequestOpenInBrowserEducationTimestamp=0
04-26 12:43:10.292  4925  4991 V WindowManagerShell:  appCompatTaskInfo=AppCompatTaskInfo { topActivityInSizeCompat=false topActivityInOplusCompatMode=false eligibleForLetterboxEducation= false isLetterboxEducationEnabled= false isLetterboxDoubleTapEnabled= false eligibleForUserAspectRatioButton= false topActivityBoundsLetterboxed= false isFromLetterboxDoubleTap= false topActivityLetterboxVerticalPosition= -1 topActivityLetterboxHorizontalPosition= -1 topActivityLetterboxWidth=-1 topActivityLetterboxHeight=-1 topActivityAppBounds=Rect(0, 0 - 1080, 2376) isUserFullscreenOverrideEnabled=false isSystemFullscreenOverrideEnabled=false hasMinAspectRatioOverride=false topActivityLetterboxBounds=null cameraCompatTaskInfo=CameraCompatTaskInfo { freeformCameraCompatMode=inactive}} topActivityMainWindowFrame=null topActivityLetterboxInsets=Rect(0, 0 - 0, 0)
04-26 12:43:10.292  4925  4991 V WindowManagerShell:  mOplusExtraBundle = Bundle[mParcelledData.dataSize=1528]}, pipChange = null, remoteTransition = null, displayChange = null, flags = 0, debugId = 1487 }
04-26 12:43:10.292  4925  4991 D ShellSplitScreen: logExit: no-op, mLoggerSessionId is null
04-26 12:43:10.293  5294  5294 W OPLUS_LOG_LOAD: ==LOGS PROG INFO, prog(com.android.launcher) ==
04-26 12:43:10.293  5294  5294 I SplitScreenManager: Attached Launcher#acc6ca5 ON_PAUSE
04-26 12:43:10.293  5294  5294 D AnimSeqTimeStamp: resetLastLaunchTaskTime
04-26 12:43:10.293  4925  4991 D ZoomController: onTaskMovedToFront, task id:295
04-26 12:43:10.293  4925  4991 I ZoomUiController: FloatHandle-isFloatHandleShow mPackageName = null
04-26 12:43:10.295  3393  4868 I AppsFilter: interaction: PackageSetting{7f80ef2 com.android.microdroid.empty_payload/10339} -> PackageSetting{abfce5f com.google.android.projection.gearhead/10123} BLOCKED
04-26 12:43:10.296  3393  4868 I AppsFilter: interaction: PackageSetting{abbcbc0 com.oplus.dm/10121} -> PackageSetting{abfce5f com.google.android.projection.gearhead/10123} BLOCKED
04-26 12:43:10.296  3393  4868 I AppsFilter: interaction: PackageSetting{c7ac982 com.andrerinas.wirelesshelper/10512} -> PackageSetting{abfce5f com.google.android.projection.gearhead/10123} BLOCKED
04-26 12:43:10.296  3393  4868 I AppsFilter: interaction: PackageSetting{536ba35 com.openautolink.companion/10511} -> PackageSetting{abfce5f com.google.android.projection.gearhead/10123} BLOCKED
04-26 12:43:10.296  4925  4991 D WindowManagerShell: setLauncherKeepClearAreaHeight: visible=false, height=222
04-26 12:43:10.296  3393  4868 I AppsFilter: interaction: PackageSetting{42c369f com.oplus.locationproxy/10227} -> PackageSetting{abfce5f com.google.android.projection.gearhead/10123} BLOCKED
04-26 12:43:10.296  3393  4868 I AppsFilter: interaction: PackageSetting{d71e3ec com.android.certinstaller/10271} -> PackageSetting{abfce5f com.google.android.projection.gearhead/10123} BLOCKED
04-26 12:43:10.296  3393  4868 I AppsFilter: interaction: PackageSetting{17823b5 com.oplus.imsserviceentitlement/10122} -> PackageSetting{abfce5f com.google.android.projection.gearhead/10123} BLOCKED
04-26 12:43:10.296  4925  5008 I ndroid.systemui: AssetManager2(0xb4000079db794928) locale list changing from [] to [en-US]
04-26 12:43:10.296  3393  4868 I AppsFilter: interaction: PackageSetting{e068a4a com.oplus.location/10292} -> PackageSetting{abfce5f com.google.android.projection.gearhead/10123} BLOCKED
04-26 12:43:10.296  3393  4868 D RefreshRate: boostRefreshId choose max:currentRefreshRate:120.00001 targetRefreshRate:90.0 mCurrentPickRate:120.00001
04-26 12:43:10.296  3393  4868 D RefreshRate: Trigger app switch boost, ar=ActivityRecord{264151373 u0 com.google.android.projection.gearhead/.companion.settings.DefaultSettingsActivity t295},currDisplayRate=120.00001,boostId=3
04-26 12:43:10.296  3393  4868 D RefreshRate: setDisplayConfigSpecs complete: targetMode={id=4, width=1080, height=2376, fps=120.00001, vsync=120.00001, synthetic=false, alternativeRefreshRates=[60.000004, 90.0], supportedHdrTypes=[1, 2, 3, 4]},srcMode={id=4, width=1080, height=2376, fps=120.00001, vsync=120.00001, synthetic=false, alternativeRefreshRates=[60.000004, 90.0], supportedHdrTypes=[1, 2, 3, 4]},sfModId=4,rate=120.00001
04-26 12:43:10.296  3393  4868 D RefreshRate: startAppSwitchBoost targetMode={id=4, width=1080, height=2376, fps=120.00001, vsync=120.00001, synthetic=false, alternativeRefreshRates=[60.000004, 90.0], supportedHdrTypes=[1, 2, 3, 4]} record=ActivityRecord{264151373 u0 com.google.android.projection.gearhead/.companion.settings.DefaultSettingsActivity t295}: votes=PRIORITY_START_ANIMATION_BOOST -> Vote{mRefreshRate=120.0, mMinRefreshRate=120.0, mRequestSource=null};PRIORITY_WINDOW_REQUEST -> Vote{mRefreshRate=120.0, mMinRefreshRate=120.0, mRequestSource=null};
04-26 12:43:10.296  3393  4868 V SensorManager: call sensorServiceCommonInterface name: setScreenShotDisable
04-26 12:43:10.296  3393  4868 D SensorServiceExtImpl: sensorServiceCommonInterface funcName = setScreenShotDisable, flag = 0, status = 0
04-26 12:43:10.296  3393  4592 I [UAH_CLIENT]: UahEventAcquire, cmdid:1, pkg:com.google.android.projection.gearhead, identity:com.android.server.wm
04-26 12:43:10.296  4925  5008 D OplusShellStartingWindowManager: adjustSuggestedWindowType originType: 1, wi: StartingWindowInfo{taskId=295 targetActivityInfo=null displayId=0 topActivityType=1 preferredStartingWindowType=8b mainWindowLayoutParams=null splashScreenThemeResId 7f160221, exi: OplusStartingWindowExtendedInfo{mAppToken=android.os.BinderProxy@2b2d4d5, mSupportSplashScreenPreview=false, mIsSystemApp=false, mIsExceptionListApp=false, mPreviewBitmap=null, mShouldDrawBackground=false, mForceLightMode=false, mForceNightMode=false, mNotSupportNightMode=false, mForcePreview=false, mForceBigIcon=false, mQuickStartingSurface=null, mForceSolidColorSplash=false}
04-26 12:43:10.296  4925  5008 D OplusShellStartingWindowManager: adjustSuggestedWindowType: skip no-system app and no-exception list app
04-26 12:43:10.297  3393  4868 D ActivityTaskManager: setAppVisibility(Token{9d9bf50 ActivityRecord{264151373 u0 com.google.android.projection.gearhead/.companion.settings.DefaultSettingsActivity t295}}, visible=true):  visible=false mVisibleRequested=false
04-26 12:43:10.297  3393  4868 D ActivityTaskManager: setVisibility(Token{9d9bf50 ActivityRecord{264151373 u0 com.google.android.projection.gearhead/.companion.settings.DefaultSettingsActivity t295}}, visible=true) defer commitVisibility for transition collecting
04-26 12:43:10.297  3393  4868 V SensorManager: call sensorServiceCommonInterface name: setScreenShotDisable
04-26 12:43:10.297  3393  4868 D SensorServiceExtImpl: sensorServiceCommonInterface funcName = setScreenShotDisable, flag = 0, status = 0
04-26 12:43:10.297  3393  4592 I [UAH_CLIENT]: UahEventAcquire, cmdid:1, pkg:com.google.android.projection.gearhead, identity:com.android.server.wm
04-26 12:43:10.297  3393  4868 D ActivityTaskManager: setAppVisibility(Token{721c282 ActivityRecord{117790975 u0 com.android.launcher/.Launcher t3}}, visible=false):  visible=true mVisibleRequested=true
04-26 12:43:10.297  3393  4868 D ActivityTaskManager: setVisibility(Token{721c282 ActivityRecord{117790975 u0 com.android.launcher/.Launcher t3}}, visible=false) defer commitVisibility for transition collecting
04-26 12:43:10.298  4925  5009 D ShellStartingWindow: getWindowAttrs SplashScreenWindowAttrs{ mWindowBgResId: 1060028, mWindowBgColor: 0, mWindowBgImage: false, mSplashScreenIcon: false, mBrandingImage: false, mIconBgColor: 0, uiMode: 0}
04-26 12:43:10.298  4925  5009 I ShellStartingWindow: makeSplashScreenContentView themeBGColor: ff181b25, isDark: true, last config hash: 102758360
04-26 12:43:10.298  3393  4554 D BackgroundInstallControlService: Package event received: 0
04-26 12:43:10.298  4925  5008 D WindowManager: Add to mViews: android.widget.FrameLayout{fc20e78 V.E...... ......I. 0,0-0,0 alpha=1.0 viewInfo = },pkg= com.google.android.projection.gearhead
04-26 12:43:10.298  3393  4886 I Osense-BaseDecisionMaker: notifySceneToAthenaPolicy: SCENE_APP_SWITCH, bundle: Bundle[{prevPkgName=com.android.launcher, curUid=10123, isGame=false, curPkgName=com.google.android.projection.gearhead, prevUid=10259}]
04-26 12:43:10.298  3393  4886 I Osense-BaseDecisionMaker: scene: SCENE_APP_SWITCH, excutingPolicy: freezer
04-26 12:43:10.298  3393  4886 D Osense-BaseDecisionMaker: invoke freezer policy,type: fast
04-26 12:43:10.298  3393  5121 I OPM-Process: resume pkg: com.google.android.projection.gearhead, uid:10123, prev pkg: com.android.launcher, prev uid: 10259
04-26 12:43:10.298  4925  5073 D skia    : setRusSupported enable 1
04-26 12:43:10.299  3393  3626 D RefreshRate: do setDisplayConfigSpecs  
04-26 12:43:10.299  2265  2449 D VRR [RefreshRateDirector]: requestRefreshRateBySpecs insert [ 0xb4000072a8e50040, DisplayModeSpecs{defaultMode: 4, allowGroupSwitching: false, primaryRanges: RefreshRateRanges{physical: RefreshRateRange{min: 120.000008, max: 120.000008}, render: RefreshRateRange{min: 120.000008, max: 120.000008}}, appRequestRanges: RefreshRateRanges{physical: RefreshRateRange{min: 120.000008, max: 120.000008}, render: RefreshRateRange{min: 120.000008, max: 120.000008}}, idleScreenRefreshRateConfig: (null)} ]
04-26 12:43:10.299  2265  3430 D SurfaceFlinger: VRR [SurfaceFlinger] setDesiredDisplayModeSpecs, from process 2265, 4, 0, primaryRanges = [ 120.000008, 120.000008, 120.000008, 120.000008 ], appRequestRanges = [ 120.000008, 120.000008, 120.000008 120.000008 ]
04-26 12:43:10.299  3393  3626 D DisplayModeDirector: setAppRequest displayId : 0  modeId: 4  requestedRefreshRate: 120.00001  requestedMinRefreshRateRange: 120.00001  requestedMaxRefreshRateRange: 120.00001
04-26 12:43:10.299  3393  3626 D VRR [OPlusRefreshRateService]:  setDirectorStates [flag: 1, state: 1, directorStateOff: 1]
04-26 12:43:10.299  2265  2449 D VRR [RefreshRateDirector]: updateState mState = 0
04-26 12:43:10.299  3393  3570 D DisplayManagerServiceExtImpl: scheduleTraversalLocked intraversal=false
04-26 12:43:10.300  3393  4868 I AppSnapshotController: attachStartingWindow, win = Window{e287b98 u0 Splash Screen com.google.android.projection.gearhead}, shouldAppSnapshot = false
04-26 12:43:10.300  3393  4868 D ActivityTaskManager: attachStartingWindow: mStartingData=SplashScreenStartingData{30037d6 removeAfterTransaction= 0}, mAssociatedTask=null, mStartingWindow=Window{e287b98 u0 Splash Screen com.google.android.projection.gearhead}
04-26 12:43:10.300  3393  4868 D WindowManager: attachImeScreenshotOnTargetIfNeeded, mImeHiding = false, requestedVisibleTypes = -9
04-26 12:43:10.301  3393  4868 I WindowManager: addWindow: New client android.os.BinderProxy@91d50a : window=Window{e287b98 u0 Splash Screen com.google.android.projection.gearhead}
04-26 12:43:10.301  4925  5009 D ShellStartingWindow: inconsize = 504
04-26 12:43:10.301  3393  4868 D FlexibleTaskController: isFullToFlexibleAnimating: false
04-26 12:43:10.301  3393  4868 D WindowManager: rotation(ROTATION_0) no changed  displayId = 0, lastOrientation = -1
04-26 12:43:10.302  3393  3571 D DisplayModeDirector: setAppRequest displayId : 0  modeId: 4  requestedRefreshRate: 0.0  requestedMinRefreshRateRange: 0.0  requestedMaxRefreshRateRange: 120.00001
04-26 12:43:10.302  3393  3571 D DisplayManagerService: performTraversalInternal pendingTraversal
04-26 12:43:10.302  3393  3571 D DisplayDevice: setLayerStackLocked id=local:4630946756802996883 token=android.os.BinderProxy@6b82e2b stack=0->0
04-26 12:43:10.302  3393  4590 D osense-blo: [0, false] [0, false] [0, false] 
04-26 12:43:10.302  4925  5008 D ViewRootImplExtImpl: onDisplayChanged -1 for VRI android.view.ViewRootImpl@aa32c9a
04-26 12:43:10.303  3393  3626 D LocalDisplayAdapter: setDesiredDisplayModeSpecsAsync: display unique id = local:4630946756802996883, display mode specs = defaultMode=4 allowGroupSwitching=false primaryRanges=physical: (120.0 120.00001) render:  (120.0 120.00001) appRequestRanges=physical: (120.0 120.00001) render:  (120.0 120.00001) idleScreenRefreshRate=null
04-26 12:43:10.303  2265  2449 D VRR [RefreshRateDirector]: requestRefreshRateBySpecs insert [ 0xb4000072a8e50040, DisplayModeSpecs{defaultMode: 4, allowGroupSwitching: false, primaryRanges: RefreshRateRanges{physical: RefreshRateRange{min: 120.000000, max: 120.000008}, render: RefreshRateRange{min: 120.000000, max: 120.000008}}, appRequestRanges: RefreshRateRanges{physical: RefreshRateRange{min: 120.000000, max: 120.000008}, render: RefreshRateRange{min: 120.000000, max: 120.000008}}, idleScreenRefreshRateConfig: (null)} ]
04-26 12:43:10.303  2265  3430 D SurfaceFlinger: VRR [SurfaceFlinger] setDesiredDisplayModeSpecs, from process 2265, 4, 0, primaryRanges = [ 120.000000, 120.000008, 120.000000, 120.000008 ], appRequestRanges = [ 120.000000, 120.000008, 120.000000 120.000008 ]
04-26 12:43:10.303  3393  3570 D DisplayManagerService: MSG_REQUEST_TRAVERSAL pendingCompleted=false
04-26 12:43:10.305  4917  6345 V OsAgent : broadcastSystemEvent - 7
04-26 12:43:10.305  3393  4418 I VibrationEffectConvertor: onInputMethodListUpdated received, info.size = 4
04-26 12:43:10.305  3393  4418 I VibrationEffectConvertor: userid = 0, packageName = com.google.android.tts
04-26 12:43:10.305  3393  4418 I VibrationEffectConvertor: userid = 0, packageName = net.dinglisch.android.taskerm
04-26 12:43:10.305  3393  4418 I VibrationEffectConvertor: userid = 0, packageName = com.google.android.inputmethod.latin
04-26 12:43:10.305  3393  4418 I VibrationEffectConvertor: userid = 0, packageName = com.oplus.securitykeyboard
04-26 12:43:10.305  3393  3570 D DisplayManagerServiceExtImpl: scheduleTraversalLocked intraversal=false
04-26 12:43:10.305  3393  3570 D DisplayManagerService: MSG_REQUEST_TRAVERSAL pendingCompleted=false
04-26 12:43:10.306  3393  3571 D DisplayManagerService: performTraversalInternal pendingTraversal
04-26 12:43:10.306  3393  3571 D DisplayDevice: setLayerStackLocked id=local:4630946756802996883 token=android.os.BinderProxy@6b82e2b stack=0->0
04-26 12:43:10.306  3393  3626 D LocalDisplayAdapter: setDesiredDisplayModeSpecsAsync: display unique id = local:4630946756802996883, display mode specs = defaultMode=4 allowGroupSwitching=false primaryRanges=physical: (0.0 120.0) render:  (0.0 120.0) appRequestRanges=physical: (0.0 120.0) render:  (0.0 120.0) idleScreenRefreshRate=null
04-26 12:43:10.306  2265  2449 D VRR [RefreshRateDirector]: requestRefreshRateBySpecs insert [ 0xb4000072a8e50040, DisplayModeSpecs{defaultMode: 4, allowGroupSwitching: false, primaryRanges: RefreshRateRanges{physical: RefreshRateRange{min: 0.000000, max: 120.000000}, render: RefreshRateRange{min: 0.000000, max: 120.000000}}, appRequestRanges: RefreshRateRanges{physical: RefreshRateRange{min: 0.000000, max: 120.000000}, render: RefreshRateRange{min: 0.000000, max: 120.000000}}, idleScreenRefreshRateConfig: (null)} ]
04-26 12:43:10.306  2265  3430 D SurfaceFlinger: VRR [SurfaceFlinger] setDesiredDisplayModeSpecs, from process 2265, 4, 0, primaryRanges = [ 0.000000, 120.000000, 0.000000, 120.000000 ], appRequestRanges = [ 0.000000, 120.000000, 0.000000 120.000000 ]
04-26 12:43:10.306  2265  2265 I RefreshRateSelector: Display 4630946756802996883 policy changed
04-26 12:43:10.306  2265  2265 I RefreshRateSelector: Previous: {defaultModeId=4, allowGroupSwitching=false, primaryRanges={physical=[120.00 Hz, 120.00 Hz], render=[120.00 Hz, 120.00 Hz]}, appRequestRanges={physical=[120.00 Hz, 120.00 Hz], render=[120.00 Hz, 120.00 Hz]} idleScreenConfig=nullptr}
04-26 12:43:10.306  2265  2265 I RefreshRateSelector: Current:  DisplayManagerPolicy{defaultModeId=4, allowGroupSwitching=false, primaryRanges={physical=[0.00 Hz, 120.00 Hz], render=[0.00 Hz, 120.00 Hz]}, appRequestRanges={physical=[0.00 Hz, 120.00 Hz], render=[0.00 Hz, 120.00 Hz]} idleScreenConfig=nullptr}
04-26 12:43:10.306  2265  2265 I RefreshRateSelector: 17 mode changes were performed under the previous policy
04-26 12:43:10.306  2265  2265 D SurfaceFlinger: VRR [SurfaceFlinger] applyRefreshRateSelectorPolicy: 4 (120.00 Hz), policy: {defaultModeId=4, allowGroupSwitching=false, primaryRanges={physical=[0.00 Hz, 120.00 Hz], render=[0.00 Hz, 120.00 Hz]}, appRequestRanges={physical=[0.00 Hz, 120.00 Hz], render=[0.00 Hz, 120.00 Hz]} idleScreenConfig=nullptr}
04-26 12:43:10.306  2265  2265 D SurfaceFlinger: VRR [SurfaceFlinger] setDesiredActiveMode: displayId: 4630946756802996883, renderRate: 120, vsyncRate: 120, event: 1
04-26 12:43:10.306  2265  2265 D DisplayModeController: setDesiredMode 4630946756802996883 {mode={fps=120.00 Hz, modePtr={id=4, vsyncRate=120.00 Hz, peakRefreshRate=120.00 Hz}}, emitEvent=true, force=false}
04-26 12:43:10.306  3393  3624 D OplusFeatureDMR[display=0]: onConfigChanged threadId=71 threadName=OplusDisplayWorkHandler physicalDisplayId=4630946756802996883 modeId=5  
04-26 12:43:10.306  2265  3422 D VRR [OTI]: handleIdle from 1 to 0
04-26 12:43:10.306  2265  3422 D VRR [RefreshRateDirector]: requestRefreshRateByOti insert [ oti-hw, {fps=120, modePtr={id=4, vsyncRate=120.00 Hz, peakRefreshRate=120.00 Hz}} ]
04-26 12:43:10.306  2265  3422 D VRR [RefreshRateDirector]: updateBestFrameRate [oti-hw, {fps=120, modePtr={id=4, vsyncRate=120.00 Hz, peakRefreshRate=120.00 Hz}}]
04-26 12:43:10.307  2265  3430 D SurfaceFlinger: requestDisplayModes mModeChangePending is true
04-26 12:43:10.307  3393  3570 I DisplayDeviceRepository: Display device changed render timings: "Built-in Screen", renderFrameRate=60.0, presentationDeadlineNanos=16666666, appVsyncOffsetNanos=1000000, frameRateOverrides=[]
04-26 12:43:10.307  3393  3570 D LogicalDisplayExt: set displayInfo flag FLAG_ROTATES_WITH_CONTENT
04-26 12:43:10.307  3393  3570 D DisplayManagerService: Delivering display event: displayId=0, event=EVENT_DISPLAY_REFRESH_RATE_CHANGED
04-26 12:43:10.307  3393  3393 E OplusGestureAnimationManagerPolicy: mScreenHeight:2376 mScreenWidth:1080 mRotation:0
04-26 12:43:10.308  3393  3568 D WindowManager: DeferredDisplayUpdater: partially applying DisplayInfo(1080 x 2376) immediately
04-26 12:43:10.308  2242  2381 D AudioBoost: audioSchedBoost, pid=2242, tid=2381, enable=1, ret=0
04-26 12:43:10.308  2242  2381 D AudioFlingerExtImpl: AudioFlingerExtImpl oplusSetParameters: keyvalue screen_state=on
04-26 12:43:10.308  1842  1842 D Zygote  : Forked child process 31154
04-26 12:43:10.308  2242  2381 D DeviceHalAidl: [default] setParameters: parameters: "screen_state=on"
04-26 12:43:10.308  1999  2115 I [UAH_CLIENT]: UahPlatformResAcquire
04-26 12:43:10.308  1999  2115 I [UAH_CLIENT]: UahEventAcquire, cmdid:-3, pkg:2265 7313, identity:qcom-perfd
04-26 12:43:10.308  1964  1964 W OPLUS_LOG_LOAD: ==LOGS PROG INFO, prog(audiohalservice.qti) ==
04-26 12:43:10.308  1964  1964 I PAL: ResourceManager: setParameter: 11709: Screen State:1
04-26 12:43:10.309  1999  2115 E PERFHAL-RESOURCEQS: PERFHAL-RESOURCEQS: AddAndApply() 130: Resource with major=18, minor=41 not supported
04-26 12:43:10.309  3393  3568 D OplusVFXScreenEffectFeature: notifySFCompatWindowStateChange entered false
04-26 12:43:10.309  3393  3568 D FSS_FoldScreenBlackCoverController: displayChangeToOn, dc:Display{#0 state=ON size=1080x2376 ROTATION_0}
04-26 12:43:10.309  2265  2449 D [PREVIEW]: SF obtain preview_adapter: 0
04-26 12:43:10.309  2265  2449 D [PREVIEW]: TabletPreviewAdapter::parallel world 0
04-26 12:43:10.310  2242  2381 D DeviceHalAidl: [usb] setParameters: parameters: "screen_state=on"
04-26 12:43:10.310  1964  1964 D AHAL_Module: updateScreenState: usb: 1
04-26 12:43:10.310  2242  2381 D DeviceHalAidl: [r_submix] setParameters: parameters: "screen_state=on"
04-26 12:43:10.310  1964  1964 D AHAL_Module: updateScreenState: r_submix: 1
04-26 12:43:10.310  2242  2381 D DeviceHalAidl: [bluetooth] setParameters: parameters: "screen_state=on"
04-26 12:43:10.310  1964  1964 D AHAL_Module: updateScreenState: bluetooth: 1
04-26 12:43:10.310  2242  2381 D DeviceHalAidl: [binaural_record] setParameters: parameters: "screen_state=on"
04-26 12:43:10.310  1964  1964 D AHAL_Module: updateScreenState: bluetooth: 1
04-26 12:43:10.310  2242  2381 D DeviceHalAidl: [virtual] setParameters: parameters: "screen_state=on"
04-26 12:43:10.310  1964  1964 D AHAL_Module: updateScreenState: stub: 1
04-26 12:43:10.310  1999  2115 E PERFHAL-OPTSHANDLER: PERFHAL-OPTSHANDLER: unsupported() 909: Error: This resource is not supported
04-26 12:43:10.310  1999  2115 E PERFHAL-RESOURCEQS: PERFHAL-RESOURCEQS: RemoveAndApply() 299: Failed to reset optimization here [18, 41]
04-26 12:43:10.310  1999  2115 I [UAH_CLIENT]: UahRelease, handle:19864
04-26 12:43:10.310  2242  2381 D AudioBoost: audioSchedBoost, pid=2242, tid=2381, enable=0, ret=0
04-26 12:43:10.311  4925  4925 I KeyguardDisplayManager: onDisplayChanged displayId: 0
04-26 12:43:10.311  4925  4925 I SystemUi--Keyguard: KeyguardDisplayManagerExImpl-->orientationChanged=false, presentationDisplayChanged=false, lastPresentationWidth=2428, lastPresentationHeight=1387, lastPresentationDensity=230
04-26 12:43:10.311  5272  5272 D RadioMessenger: handleMessage Request msgid 2002
04-26 12:43:10.311  5272  5272 D RadioMessengerNotification: mUnregHandler handleMessage what:50
04-26 12:43:10.311  5272  5272 D ScoreInterfaceImplement: unregisterNetworkKPIsChange messenger:android.os.Messenger@3a8798
04-26 12:43:10.311  3393  4643 D OplusL3Monitor: force re-register network kpi success, interval=2
04-26 12:43:10.312  3393  3591 I ActivityManager: Start proc 31154:com.google.android.projection.gearhead:projection/u0a123 for next-top-activity {com.google.android.projection.gearhead/com.google.android.projection.gearhead.companion.settings.DefaultSettingsActivity}
04-26 12:43:10.312  5272  5272 D RadioMessenger: handleMessage Request msgid 2001
04-26 12:43:10.312  5272  5272 D RadioMessengerNotification: mRegHandler handleMessage what:50
04-26 12:43:10.312  5272  5272 D ScoreInterfaceImplement: registerNetworkKPIsChange messenger, what: 5 size 1
04-26 12:43:10.312  3393  3568 I ActivityManager: ProcessObserver broadcast disabled
04-26 12:43:10.313  3393  4232 I MemoryOperationUtils: add 31154 to com.google.android.projection.gearhead
04-26 12:43:10.313  3393 31156 W ContextImpl: Calling a method in the system process without a qualified user: android.app.ContextImpl.sendBroadcast:1281 com.qualcomm.qti.Performance$SendGameLaunchBroadcast.run:292 java.lang.Thread.run:1563 <bottom of call stack> <bottom of call stack> 
04-26 12:43:10.313  3393  6452 I OStatsManager_OplusBatteryStatsManager: updateStateTime: PkgName = com.google.android.projection.gearhead, uid = 10123, state to bg, mForegroundCnt = 0, isFg = false
04-26 12:43:10.316 30827 30867 E WLC-DataExtractor: PackageManager.NameNotFoundException android.content.pm.PackageManager$NameNotFoundException: com.google.android.projection.gearhead:projection
04-26 12:43:10.318 31154 31154 E head:projection: Unknown bits set in runtime_flags: 0x40000000
04-26 12:43:10.319 31154 31154 I head:projection: Using CollectorTypeCMC GC.
04-26 12:43:10.321  3235  3243 I adbd    : jdwp connection from 31154
04-26 12:43:10.323 31154 31154 D nativeloader: Load libframework-connectivity-tiramisu-jni.so using APEX ns com_android_tethering for caller /apex/com.android.tethering/javalib/framework-connectivity-t.jar: ok
04-26 12:43:10.324  3393  4232 I resRelease: policy type is 1
04-26 12:43:10.324  4925  5008 E OplusBracketLog: [OplusViewMirrorManager] updateHostViewRootIfNeeded, not support android.view.ViewRootImpl@aa32c9a
04-26 12:43:10.324  4925  5008 D ViewRootImplExtImpl: wrapConfigInfoIntoFlags rotation=0, smallestScreenWidthDp=0, residentWS=false, scenario=0, bounds=Rect(0, 0 - 1080, 2376), relayoutAsync=false, flags=0, newFlags=1245708288, title=Splash Screen com.google.android.projection.gearhead
04-26 12:43:10.325  3393  4868 D CoreBackPreview: Window{e287b98 u0 Splash Screen com.google.android.projection.gearhead}: Setting back callback OnBackInvokedCallbackInfo{mCallback=android.window.IOnBackInvokedCallback$Stub$Proxy@4bb1c5e, mPriority=0, mIsAnimationCallback=false, mOverrideBehavior=0}
04-26 12:43:10.325 31154 31154 D OplusActivityThreadExtImpl: java.lang.NoSuchMethodException: dalvik.system.VMRuntime.SupressionGC [int, int]
04-26 12:43:10.325  3393  6549 V WindowManager: Relayout Window{e287b98 u0 Splash Screen com.google.android.projection.gearhead}: viewVisibility=0, oldvis=0, req=1080x2376 , apr = 0, vsysui=, x=0, y=0
04-26 12:43:10.325 31154 31154 W libc    : Access denied finding property "persist.vendor.sys.activitylog"
04-26 12:43:10.325  3393  6549 I WindowManager: Window{e287b98 u0 Splash Screen com.google.android.projection.gearhead} state from NO_SURFACE to DRAW_PENDING; reason: resetDrawState
04-26 12:43:10.325 31154 31154 I OneTrace: Mark active for pid=31154? true
04-26 12:43:10.325 31154 31154 D cutils-dev: otrace_set_tracing_enabled? true tag:0
04-26 12:43:10.325 31154 31154 D cutils-dev: properties changed in otrace_seq_number_changed!
04-26 12:43:10.327  3393  6549 D WindowManager: NFW_findFocusedWindowIfNeeded:null mCurrentFocus:Window{8887c79 u0 com.android.launcher/com.android.launcher.Launcher}
04-26 12:43:10.328  3393  6549 V WindowManager: Changing focus from Window{8887c79 u0 com.android.launcher/com.android.launcher.Launcher} to null,diplayid=0
04-26 12:43:10.328  4925  5008 W VRI[gearhead]: updateBlastSurfaceIfNeeded, surfaceSize:Point(1080, 2376), lastSurfaceSize:Point(0, 0), format:-3, blastBufferQueue:null
04-26 12:43:10.328  3393  4868 D SplitScreenAppReader: SPLIT_TOUCH support check:com.google.android.projection.gearhead = false
04-26 12:43:10.329  4925  5008 D BufferQueueConsumer: [](id:133d00000664,api:0,p:-1,c:4925) connect: controlledByApp=false
04-26 12:43:10.329  3393  4868 D RGBNormalizeServer: OplusRGBNormalize feature enabled ? true
04-26 12:43:10.329  3393  4868 D ResourcesManagerCache: For package com.google.android.projection.gearhead we got cacheList [null] appInfoExt is null ? false hasFeature ? false
04-26 12:43:10.329  4925  5008 D BufferQueueConsumer: [VRI[gearhead]#1634(BLAST Consumer)1634](id:133d00000664,api:0,p:-1,c:4925) setMaxAcquiredBufferCount: 2
04-26 12:43:10.330  4925  5073 D BufferQueueProducer: [VRI[gearhead]#1634(BLAST Consumer)1634](id:133d00000664,api:1,p:4925,c:4925) connect: api=1 producerControlledByApp=true
04-26 12:43:10.331  4925  5008 I SurfaceControl:  setExtendedRangeBrightness sc=Surface(name=Splash Screen com.google.android.projection.gearhead)/@0x71205a8,currentBufferRatio=1.0,desiredRatio=1.0
04-26 12:43:10.331  3393  4868 D FlexibleTaskController: isFullToFlexibleAnimating: false
04-26 12:43:10.331  3393  4868 D WindowManager: rotation(ROTATION_0) no changed  displayId = 0, lastOrientation = -1
04-26 12:43:10.331  3393  4868 D ActivityTaskManager: setAppVisibility(Token{9d9bf50 ActivityRecord{264151373 u0 com.google.android.projection.gearhead/.companion.settings.DefaultSettingsActivity t295}}, visible=true):  visible=false mVisibleRequested=true
04-26 12:43:10.331  3393  4868 D ActivityTaskManager: setVisibility(Token{9d9bf50 ActivityRecord{264151373 u0 com.google.android.projection.gearhead/.companion.settings.DefaultSettingsActivity t295}}, visible=true) defer commitVisibility for transition collecting
04-26 12:43:10.331  3393  4868 D OplusDexOptimizeManager: Do not in AppLaunchOptList, and is systemApp, don't need start-app or repair-dex com.google.android.projection.gearhead
04-26 12:43:10.332  3393  3585 I UserAwareMgr: handleTopAppChanged: com.google.android.projection.gearhead, pid: 31154, uid: 10123
04-26 12:43:10.332  3393  4868 D ActivityTaskManager: onWindowFocusChanged Task{2ce9113 #295 type=standard A=10123:com.google.android.projection.gearhead nonResizable} would transfer to compact
04-26 12:43:10.332  3393  4868 D ActivityTaskManager: NFW_setLastResumedActivityUncheckLocked:true r:ActivityRecord{264151373 u0 com.google.android.projection.gearhead/.companion.settings.DefaultSettingsActivity t295} currentFocus:null
04-26 12:43:10.332  3393  4868 D WindowManager: NFW_findFocusedWindowIfNeeded:null mCurrentFocus:null
04-26 12:43:10.332  3393  4868 D FlexibleTaskController: onTaskFocusChanged prevTask:Task{ee60308 #3 type=home I=com.android.launcher/.Launcher} ,currentTask:Task{2ce9113 #295 type=standard A=10123:com.google.android.projection.gearhead nonResizable}, reason: realStartActivityLocked - onActivityStateChanged
04-26 12:43:10.332  3393  4868 D OplusFlexibleDCSManager: onNextPkgChanged pkg = com.google.android.projection.gearhead
04-26 12:43:10.332  3393  4868 I OplusAppSwitchManagerService: appswitch hasProcess ActivityRecord{264151373 u0 com.google.android.projection.gearhead/.companion.settings.DefaultSettingsActivity t295}
04-26 12:43:10.332  3393  4592 I [UAH_CLIENT]: UahEventAcquire, cmdid:0, pkg:com.google.android.projection.gearhead, identity:com.android.server.wm
04-26 12:43:10.332  3393  4868 I OplusJoystickManager: handleApplicationSwitch deprecated!
04-26 12:43:10.332  3393  4868 I GameManagerServiceExt-GameManagerServiceExt: on FG change: com.android.launcher|com.google.android.projection.gearhead
04-26 12:43:10.332  3393  4868 I OplusAppSwitchManagerService: appswitch hasProcess ActivityRecord{264151373 u0 com.google.android.projection.gearhead/.companion.settings.DefaultSettingsActivity t295}
04-26 12:43:10.333 31154 31167 D OplusAppHeapManager: java.lang.NoSuchMethodException: dalvik.system.VMRuntime.updateProcessValue [int, int, int]
04-26 12:43:10.333  3393  5196 D OplusEapManager: mTargetExitName :com.android.launcher
04-26 12:43:10.333  4925  5073 D BLASTBufferQueue: [VRI[gearhead]#1634](f:0,a:1) acquireNextBufferLocked size=1080x2376 mFrameNumber=1 applyTransaction=true mTimestamp=49798687228659(auto) mPendingTransactions.size=0 graphicBufferId=21152713979941 transform=0
04-26 12:43:10.333  3393  5196 D OplusWifiPower_TriggerCenter: mComponentCallback: fgapplist
04-26 12:43:10.333  4925  5073 D VRI[gearhead]: Received frameCommittedCallback lastAttemptedDrawFrameNum=1 didProduceBuffer=true syncBuffer=false
04-26 12:43:10.333  4925  5008 D VRI[gearhead]: draw finished. seqId=0
04-26 12:43:10.333 31154 31166 D SurfaceSyncGroup: preCreateSurfaceSyncGroupTimerThread
04-26 12:43:10.334  4917  6345 V OsAgent : broadcastSystemEvent - 7
04-26 12:43:10.334  3393  3626 D VRR [OPlusRefreshRateService]: handleFrontAppChange pkgName: null
04-26 12:43:10.334  2265  3422 D VRR [RefreshRateDirector]: requestRefreshRateByOti update [ oti-hw, {fps=120, modePtr={id=4, vsyncRate=120.00 Hz, peakRefreshRate=120.00 Hz}} ]
04-26 12:43:10.334  2265  3422 D VRR [RefreshRateDirector]: updateBestFrameRate [oti-hw, {fps=120, modePtr={id=4, vsyncRate=120.00 Hz, peakRefreshRate=120.00 Hz}}]
04-26 12:43:10.334  4275  4284 I ehlg    : (REDACTED) appOpsListener %s %s
04-26 12:43:10.334  4275  4284 I ehlg    : (REDACTED) Ignoring irrelevant audio permission changes for package %s
04-26 12:43:10.334  5949  6250 W Battery : AppSwitchDetectorV2: OnAppSwitchObserver: onAppExit , info = OplusAppExitInfo = {  targetName = com.android.launcher hasResumingActivity = true resumingPackageName = com.google.android.projection.gearhead resumingActivityName = com.google.android.projection.gearhead.companion.settings.DefaultSettingsActivity resumingWindowMode = 1 isResumingMultiApp = false isResumingFirstStart = true extension = Bundle[mParcelledData.dataSize=624]} lastReg=1777211979581
04-26 12:43:10.334  5949  6250 W Battery : AppSwitchManager: onAppSwitch: [m4.o$d@b3831a0]
04-26 12:43:10.334  5949  6250 W Battery : ThermalControlUtils: mForegroundPkg=com.google.android.projection.gearhead mLastWindowMode=1
04-26 12:43:10.334  4718  4743 V DCSEX-AppSwitchManager: OnAppSwitchObserver: onAppExit, resuming = com.google.android.projection.gearhead, target = com.android.launcher, is ResumingFirstStart =  true, is ResumingMultiApp =  false, extensionInfo =  Bundle[mParcelledData.dataSize=624]
04-26 12:43:10.335  4718 29116 D DCSEX-AppLaunchEventRecorder: onAppSwitch from = com.android.launcher to = com.google.android.projection.gearhead
04-26 12:43:10.335 31154 31154 D CompactWindowAppManager: initCompactApplicationInfo CompactMode: , NormalMode: 
04-26 12:43:10.335  4925  4925 I PluginSeedling--Origin: LiveAlertInteractorImpl-->notifyEntryDataChanged ENTRY_STATUS_BAR, result:, noe: false
04-26 12:43:10.335  4925  4925 I PluginSeedling--Origin: LiveAlertInteractorImpl-->notifyEntryDataChanged ENTRY_NOTIFICATION, result:, noe: false
04-26 12:43:10.335  4925  4925 I PluginSeedling--Notification: NotificationRepository-->onDataChanged, []
04-26 12:43:10.335  6394  9415 D OplusAtlas.OplusAudioScene: callback success event:atlas_event_on_foreground_activities_changed eventInfo:pid:31154,uid:10123,hasForegroundActivities:1
04-26 12:43:10.335 31154 31154 V Configuration: Updating configuration, locales updated from [] to [en_US]
04-26 12:43:10.336 31154 31154 D OplusScrollToTopManager: setIsInWhiteList false
04-26 12:43:10.336  3393  5196 D OplusAppSwitchRuleInfo: generateAppEnterInfo - launch_source_type =  , launch_source_traceid = 
04-26 12:43:10.336  3393  3624 D OplusAppSwitchListener: App Activity Change
04-26 12:43:10.336  3393  5196 D OplusEapManager: mTargetEnterName :com.google.android.projection.gearhead
04-26 12:43:10.336  3393  3624 D OplusAppSwitchListener: Detect com.android.launcher switch to background
04-26 12:43:10.336  3393  5196 D OplusLatencyOptimizerManager: enter pkg: com.google.android.projection.gearhead isPrevBlackAppTop: false mIsBlackAppTop: false
04-26 12:43:10.336  3393  3624 D OplusFeatureReduceBrightness: onAppExit , info = com.android.launcher
04-26 12:43:10.336  3393  5196 I OplusHansManager : appSwitch from com.android.launcher to com.google.android.projection.gearhead, pre resume pkg:null
04-26 12:43:10.336  3393  3598 V GrammaticalInflectionUtils: AttributionSource: android.content.AttributionSource@dba36ca3 does not have READ_SYSTEM_GRAMMATICAL_GENDER permission.
04-26 12:43:10.336  3393  5196 D OplusAppSwitchRuleInfo: generateAppEnterInfo - launch_source_type =  , launch_source_traceid = 
04-26 12:43:10.336 31154 31154 D OplusViewDebugManager: OplusViewDebugManager Constructor android.view.debug.OplusViewDebugManager@144fab7 [mHasViewDebugProperty true] [mHasMsgDebugProperty false] [DEBUG false] [EXTRAINFOENABLE false] [LIGHT_OS false]
04-26 12:43:10.336  3393  3626 D VRR [OPlusRefreshRateService]: handleFrontAppChange pkgName: com.google.android.projection.gearhead
04-26 12:43:10.336  3393  3571 I TaskOrganizerController: onTaskInfoChanged taskid 1 config { mBounds=Rect(0, 0 - 1080, 2376) mAppBounds=Rect(0, 0 - 1080, 2376) mMaxBounds=Rect(0, 0 - 1080, 2376) mDisplayRotation=ROTATION_0 mWindowingMode=fullscreen mActivityType=home mAlwaysOnTop=undefined mRotation=ROTATION_0}
04-26 12:43:10.336  3393  3626 D VRR [OPlusSAManager]: updateAutoMinfps for 4630946756802996883 with nits: 270.36304, mHistOK true, mAmbientOK true, mCctOK true, mIrOK true, mBrightnessOK true, isPkgOK true, SA min fps: 119
04-26 12:43:10.336  2242 19743 D AudioBoost: audioSchedBoost, pid=2242, tid=19743, enable=1, ret=0
04-26 12:43:10.336  3393  3624 D OplusAppSwitchListener: Detect com.google.android.projection.gearhead switch to foreground
04-26 12:43:10.336  3393  3624 W OplusFeatureGlobalLimitBrightness: switch to display normal mode 
04-26 12:43:10.336  2242 19743 D AudioFlingerExtImpl: AudioFlingerExtImpl oplusSetParameters: keyvalue onForegroundActivitiesChanged=com.google.android.projection.gearhead:foreground:1|10123:31154
04-26 12:43:10.336  2242 19743 D AudioFlingerExtImpl: updateForegroundInfo, mapInf mForegroundMap(1)|[com.google.android.projection.gearhead]=1, uidPidMapInf mForegroundUidPidMap(1)|[10123]=31154
04-26 12:43:10.337  5223  5244 I Athena  : AthenaDynamicReceiver: pre_app:com.android.launcher, next_app:com.google.android.projection.gearhead(10123|31154)
04-26 12:43:10.337  3393  3620 D OplusBiometricsDisplayHelper: isFold: false, isUnblockByFp: null
04-26 12:43:10.337  3393  3602 E OplusThermalStats: Error getting package info: com.google.android.projection.gearhead
04-26 12:43:10.337  3393  3571 D OplusVisibleTasks:  notifyTaskFocusChange no need.
04-26 12:43:10.337  3393  3571 D OplusFlexibleDragToSplitAnimController: visibleFlexibleTaskInfos delete:1
04-26 12:43:10.337  3393  3571 E FlexibleWindowManagerService: notifyTaskObserverToAttachController not need to notify!
04-26 12:43:10.337  3393  3571 I FlexibleWindowManagerService: onFlexibleWindowTaskInfoChanged, return for cur task not embedded
04-26 12:43:10.337  3393  5196 D OplusAppSwitchRuleInfo: generateAppEnterInfo - launch_source_type =  , launch_source_traceid = 
04-26 12:43:10.337  3393  6549 D WindowManager: onSyncFinishedDrawing: Window{e287b98 u0 Splash Screen com.google.android.projection.gearhead}
04-26 12:43:10.338  2242 19743 D AudioBoost: audioSchedBoost, pid=2242, tid=19743, enable=0, ret=0
04-26 12:43:10.338  3393  6549 I WindowManager: finishDrawing skipLayout:false,syncSeqId=0,mPrepareSyncSeqId=0 Window{e287b98 u0 Splash Screen com.google.android.projection.gearhead} com.android.server.wm.WindowManagerService.finishDrawingWindow:3217 com.android.server.wm.Session.finishDrawing:399 android.view.IWindowSession$Stub.onTransact:793 
04-26 12:43:10.338  3393  6549 I WindowManager: Window{e287b98 u0 Splash Screen com.google.android.projection.gearhead} state from DRAW_PENDING to COMMIT_DRAW_PENDING; reason: finishDrawingLocked
04-26 12:43:10.338 31154 31154 W libc    : Access denied finding property "ro.odm.prev.product.name"
04-26 12:43:10.338  4925  4991 D ShellTaskOrganizerExt: visibleFlexibleTaskInfos delete:1
04-26 12:43:10.338  4925  4991 D ShellTaskOrganizerExt: isOnCanvas size:0
04-26 12:43:10.338  4925  4991 D ShellTaskOrganizerExt: isOnThreeFlexibleCanvas size:0
04-26 12:43:10.338  2265  2265 I HWC2    : [0] setActiveConfigWithConstraints[4]
04-26 12:43:10.339 24841 24979 I EFFECT_TOUCH_SERVICE:          onAppExit --     , pkgName: , activityName: , windowmode: 1
04-26 12:43:10.339  1986 26628 I SDM     : SDMDisplayIris::SetActiveConfigToIrisWrapper: SetActiveConfigToIrisWrapper [4] on id_: 0
04-26 12:43:10.339  3393  5196 D OplusAppSwitchRuleInfo: generateAppEnterInfo - launch_source_type =  , launch_source_traceid = 
04-26 12:43:10.339  1986 26628 W SDM     : SDMDisplayIris::SetActiveConfigToIrisWrapper: HWC SetActiveConfig [0], switch to [1440x3168@120]
04-26 12:43:10.339 24813 24830 D SceneSDK.1.0.4-SNAPSHOT.24813.DeepThinkerAppSwitchAbility: onAppSwitchEvent: AppSwitchEvent(timeStamp=1777232590337, eventType=2, targetName=com.android.launcher, firstStart=false, multiApp=false, windowMode=0, resumingPackageName=com.google.android.projection.gearhead, resumingActivityName=com.google.android.projection.gearhead.companion.settings.DefaultSettingsActivity, isResumingMultiApp=false, isResumingFirstStart=true)
04-26 12:43:10.339  3393  5196 D OplusAppSwitchRuleInfo: generateAppEnterInfo - launch_source_type =  , launch_source_traceid = 
04-26 12:43:10.339 24813 24830 I metis_v2_AppSwitchDataCollector: AppExitEvent =  com.android.launcher, NextAppName = com.google.android.projection.gearhead [Metis|com.oplus.metis|2.0.20-aa39d14]
