04-26 12:46:22.826  5089  5089 D NhsAppSenseListener: onAppChanged, app list size: 0
04-26 12:46:22.826  5272  7536 D NetlinkUtils: sendTransportScoreInfo result:true
04-26 12:46:22.826  3393  4229 D ActivityTaskManager: Skipping, invisible task: Task{ee60308 #3 type=home I=com.android.launcher/.Launcher}
04-26 12:46:22.826  5272  7536 D CommonApp-117-10511: Remaining data save time: 0
04-26 12:46:22.826  3393  4229 D OplusSplitScreenManagerService: com.android.settings unSupportsSplitScreen by blockList or ForbidActivityList
04-26 12:46:22.826  3393  4229 D OplusSplitScreenManagerService: com.android.settings unSupportsSplitScreen by blockList or ForbidActivityList
04-26 12:46:22.826  5272  7536 D Subsys-ScoreAppManager: createApp
04-26 12:46:22.826  5272  7536 D CommonApp-117-10511: CommonState exit
04-26 12:46:22.826  5272  7536 D Subsys-ScoreAppManager: handleMessage what:40
04-26 12:46:22.826  5272  7536 D Subsys-ScoreAppManager: EVENT_SCORE_STATE_INFOfalse
04-26 12:46:22.826  5272  7536 D ScorePolicyManager: handleMessage: SCORE_STATE_CHANGEfalse
04-26 12:46:22.826  5020  5407 D AppSenseClient: handleMessage: 100
04-26 12:46:22.826  5020  5407 D AppSenseClient: handleSenseEvent appInfoUnits: 
04-26 12:46:22.827  5020  5407 D AppSenseClient: handleSenseEvent clients: 1
04-26 12:46:22.827  5020  5407 D AppSenseClient: handleSenseEvent clientId: 153895338
04-26 12:46:22.827  5075  6437 E OplusNetlinkConnect: parse rsp msg failed!Message missing required fields: header
04-26 12:46:22.827  5020  5407 D AppSenseClient: notifyAppEvent: pkgName: com.openautolink.companion,activityName:com.openautolink.companion.MainActivity;state: 0;event: COMMON;type: 0;subEvent: 0;pid: 31285;uid: 10511
04-26 12:46:22.827  5020  5407 D AppSenseClient: notifyAppChanges: []
04-26 12:46:22.827  3393  4229 D ActivityTaskManager: after skip size:44,pre-Filtered:com.google.android.projection.gearhead # com.openautolink.companion # com.android.settings # com.google.android.apps.dynamite # com.google.android.apps.adm # com.google.android.gm # com.devhd.feedly # com.google.android.apps.chromecast.app # com.google.android.apps.photos # com.android.vending # com.google.android.apps.magazines # com.google.android.apps.walletnfcrel # com.google.android.apps.maps # com.android.chrome # com.ubnt.easyunifi # com.azure.authenticator # com.coulombtech # com.driivz.mobile.android.evgo.driver # com.ea.evowner # com.EVGATEWAY # com.safeway.client.android.safeway # com.whisker.android # com.spotify.music # com.reddit.frontpage # com.gm.chevrolet.nomad.ownership # com.microsoft.copilot # com.dmholdings.MarantzAVRRemote # io.homeassistant.companion.android # com.august.luna # com.google.android.apps.googlevoice # com.paypal.android.p2pmobile # com.google.android.gm # com.afcu.mobilebanking # com.google.android.keep # com.google.android.youtube # com.mb.android # com.kevinforeman.nzb360 # com.google.android.calendar # com.eightsleep.eight # com.google.android.apps.authenticator2 # com.google.android.apps.authenticator2 # com.x8bit.bitwarden # com.roborock.smart # com.oplus.camera # 
04-26 12:46:22.827   403   403 V TextView: notifyAutoFillManagerAfterTextChanged
04-26 12:46:22.827   403   403 V AutofillManager: notifyValueChanged(1073741824): ignoring on state UNKNOWN
04-26 12:46:22.829   403   403 V AutofillManager: notifyValueChanged(1073741824): ignoring on state UNKNOWN
04-26 12:46:22.830   403   403 V TextView: notifyAutoFillManagerAfterTextChanged
04-26 12:46:22.830   403   403 V AutofillManager: notifyValueChanged(1073741825): ignoring on state UNKNOWN
04-26 12:46:22.830   403   403 V AutofillManager: notifyValueChanged(1073741825): ignoring on state UNKNOWN
04-26 12:46:22.831   403   403 V TextView: notifyAutoFillManagerAfterTextChanged
04-26 12:46:22.831   403   403 V AutofillManager: notifyValueChanged(1073741826): ignoring on state UNKNOWN
04-26 12:46:22.835   403   403 V TextView: notifyAutoFillManagerAfterTextChanged
04-26 12:46:22.835   403   403 V AutofillManager: notifyValueChanged(1073741827): ignoring on state UNKNOWN
04-26 12:46:22.835   403   403 V AutofillManager: notifyValueChanged(1073741827): ignoring on state UNKNOWN
04-26 12:46:22.835   403   403 V TextView: notifyAutoFillManagerAfterTextChanged
04-26 12:46:22.835   403   403 V AutofillManager: notifyValueChanged(1073741828): ignoring on state UNKNOWN
04-26 12:46:22.835   403   403 V AutofillManager: notifyValueChanged(1073741828): ignoring on state UNKNOWN
04-26 12:46:22.836   403   403 V TextView: notifyAutoFillManagerAfterTextChanged
04-26 12:46:22.836   403   403 V AutofillManager: notifyValueChanged(1073741829): ignoring on state UNKNOWN
04-26 12:46:22.837   403   403 V TextView: notifyAutoFillManagerAfterTextChanged
04-26 12:46:22.837   403   403 V AutofillManager: notifyValueChanged(1073741830): ignoring on state UNKNOWN
04-26 12:46:22.837   403   403 V AutofillManager: notifyValueChanged(1073741830): ignoring on state UNKNOWN
04-26 12:46:22.837   403   403 V TextView: notifyAutoFillManagerAfterTextChanged
04-26 12:46:22.837   403   403 V AutofillManager: notifyValueChanged(1073741831): ignoring on state UNKNOWN
04-26 12:46:22.837   403   403 V AutofillManager: notifyValueChanged(1073741831): ignoring on state UNKNOWN
04-26 12:46:22.838   403   403 W ListPreference: Setting a summary with a String formatting marker is no longer supported. You should use a SummaryProvider instead.
04-26 12:46:22.839   403   403 W ListPreference: Setting a summary with a String formatting marker is no longer supported. You should use a SummaryProvider instead.
04-26 12:46:22.839  3393 15693 D skia    : GrGpu::writePixels takes 1
04-26 12:46:22.843  5294  5602 W System.err: java.lang.NoSuchFieldException: No field mSnapshotBundle in class Landroid/window/TaskSnapshot; (declaration of 'android.window.TaskSnapshot' appears in /system/framework/framework.jar!classes5.dex)
04-26 12:46:22.843  5294  5602 W System.err: 	at java.lang.Class.getDeclaredField(Native Method)
04-26 12:46:22.843  5294  5602 W System.err: 	at com.oplus.basecommon.util.ReflectUtil.getFieldValue(SourceFile:4)
04-26 12:46:22.843  5294  5602 W System.err: 	at com.oplus.basecommon.util.ReflectUtil.getFieldValue(SourceFile:1)
04-26 12:46:22.843  5294  5602 W System.err: 	at com.oplus.basecommon.util.ReflectUtil.getRefBundle(Unknown Source:0)
04-26 12:46:22.843  5294  5602 W System.err: 	at com.android.systemui.shared.recents.model.ThumbnailData.<init>(SourceFile:31)
04-26 12:46:22.843  5294  5602 W System.err: 	at com.android.quickstep.OplusTaskThumbnailCacheImpl.getThumbnailDateFromCache(Unknown Source:145)
04-26 12:46:22.843  5294  5602 W System.err: 	at com.android.quickstep.OplusTaskThumbnailCacheImpl.access$getThumbnailDateFromCache(Unknown Source:0)
04-26 12:46:22.843  5294  5602 W System.err: 	at com.android.quickstep.OplusTaskThumbnailCacheImpl$updateThumbnailInBackground$request$1.getResultOnBg(SourceFile:2)
04-26 12:46:22.843  5294  5602 W System.err: 	at com.android.quickstep.OplusTaskThumbnailCacheImpl$updateThumbnailInBackground$request$1.getResultOnBg(SourceFile:1)
04-26 12:46:22.843  5294  5602 W System.err: 	at com.android.quickstep.util.CancellableTask.run(Unknown Source:9)
04-26 12:46:22.843  5294  5602 W System.err: 	at android.os.Handler.handleCallback(Handler.java:1027)
04-26 12:46:22.843  5294  5602 W System.err: 	at android.os.Handler.dispatchMessage(Handler.java:108)
04-26 12:46:22.843  5294  5602 W System.err: 	at android.os.Looper.loopOnce(Looper.java:302)
04-26 12:46:22.843  5294  5602 W System.err: 	at android.os.Looper.loop(Looper.java:412)
04-26 12:46:22.843  5294  5602 W System.err: 	at android.os.HandlerThread.run(HandlerThread.java:85)
04-26 12:46:22.844   403   403 I CAR.TOKEN: Successfully connected quy@c425c08 using class qus@93244004/class quw@198921207 (cx attempt 1)
04-26 12:46:22.844   403   403 I CAR.TOKEN: Token caller not specified, so skipping telemetry logging. Process: com.google.android.projection.gearhead:projection
04-26 12:46:22.844   403   475 W DynamiteModule: Local module descriptor class for com.google.android.gms.googlecertificates not found.
04-26 12:46:22.846   403   558 I GH.CarSvcDataStorage: Using DB version: 13
04-26 12:46:22.847   403   557 W CAR.BTCapsStore: Device not bonded, thus it's not currently AAW capable.
04-26 12:46:22.847   403   557 I CAR.BTCapsStore: AAW status (NOT_BONDED).
04-26 12:46:22.847   403   557 I GH.CarSvcDataStorage: Using DB version: 13
04-26 12:46:22.849   403   475 W head:projection: ClassLoaderContext classpath size mismatch. expected=1, found=0 (DLC[];PCL[base.apk*2282369222]{PCL[/system/framework/org.apache.http.legacy.jar*2241503858]#PCL[/system/framework/com.android.location.provider.jar*1570284764]#PCL[/system/framework/com.android.media.remotedisplay.jar*487574312]#PCL[/system_ext/framework/com.android.extensions.appfunctions.jar*2880224042]#PCL[/system_ext/framework/androidx.window.extensions.jar*2427015362]#PCL[/system_ext/framework/androidx.window.sidecar.jar*621982722]} | DLC[];PCL[])
04-26 12:46:22.850   403   403 I CAR.TOKEN: Disconnecting qkd@375bf6 (cx attempt: 1).
04-26 12:46:22.850   403   403 I GH.GhCarClientCtor: Disconnecting GearheadCarClientConnector.
04-26 12:46:22.850   403   403 I GH.GhCarClientCtor: Unbinding service connection.
04-26 12:46:22.850   403   475 I DynamiteModule: Considering local module com.google.android.gms.googlecertificates:0 and remote module com.google.android.gms.googlecertificates:7
04-26 12:46:22.850   403   403 I CAR.TOKEN: Disconnected quz@4b48886 using class qus@93244004/class quw@198921207 (cx attempt 1)
04-26 12:46:22.850   403   475 I DynamiteModule: Selected remote version of com.google.android.gms.googlecertificates, version >= 7
04-26 12:46:22.851   403   475 V DynamiteModule: Dynamite loader version >= 2, using loadModule2NoCrashUtils
04-26 12:46:22.853   403   475 W System  : ClassLoader referenced unknown path: 
04-26 12:46:22.853   403   475 D nativeloader: Configuring clns-10 for other apk . target_sdk_version=37, uses_libraries=, library_path=/data/app/~~tyR3rFirat7X-7aY79J-OA==/com.google.android.gms-aqfc5llW7c_ejKWxWzwZfQ==/lib/arm64:/data/app/~~tyR3rFirat7X-7aY79J-OA==/com.google.android.gms-aqfc5llW7c_ejKWxWzwZfQ==/base.apk!/lib/arm64-v8a, permitted_path=/data:/mnt/expand:/data/user/0/com.google.android.gms
04-26 12:46:22.855   403   475 I head:projection: AssetManager2(0xb400007a22c93728) locale list changing from [] to [en-US]
04-26 12:46:22.856   403   475 W head:projection: ClassLoaderContext classpath element checksum mismatch. expected=2282369222, found=1032719003 (DLC[];PCL[base.apk*2282369222]{PCL[/system/framework/org.apache.http.legacy.jar*2241503858]#PCL[/system/framework/com.android.location.provider.jar*1570284764]#PCL[/system/framework/com.android.media.remotedisplay.jar*487574312]#PCL[/system_ext/framework/com.android.extensions.appfunctions.jar*2880224042]#PCL[/system_ext/framework/androidx.window.extensions.jar*2427015362]#PCL[/system_ext/framework/androidx.window.sidecar.jar*621982722]} | DLC[];PCL[/data/app/~~Y3wHTPPIKZ0YJSRZSRYUvQ==/com.google.android.projection.gearhead-O334O48HDpHJ2iLK_His4w==/base.apk*1032719003]{PCL[/system_ext/framework/androidx.window.extensions.jar*2427015362]#PCL[/system_ext/framework/androidx.window.sidecar.jar*621982722]})
04-26 12:46:22.859   403   475 I head:projection: AssetManager2(0xb400007a22c93a28) locale list changing from [] to [en-US]
04-26 12:46:22.859   403   475 I head:projection: AssetManager2(0xb400007a1c883328) locale list changing from [] to [en-US]
04-26 12:46:22.859   403   403 W ListPreference: Setting a summary with a String formatting marker is no longer supported. You should use a SummaryProvider instead.
04-26 12:46:22.859   403   403 W ListPreference: Setting a summary with a String formatting marker is no longer supported. You should use a SummaryProvider instead.
04-26 12:46:22.863  3393  3572 D OplusWallpaperSurfaceAnimation: resetEnable curState: STARTED
04-26 12:46:22.863  3393  3572 D OplusWallpaperAnimationManager: onAnimationEnd
04-26 12:46:22.863  3393  3572 D OplusWallpaperAnimationManager: setSkipUpdateWallpaperPosition skip: false, wallpaper: Window{2b1539d u0 com.android.wallpaper.livepicker.service.video.op.Dodge2VideoWallpaper}
04-26 12:46:22.863  3393  3572 D OplusWallpaperSurfaceAnimation: setAnimationState curState: IDLE
04-26 12:46:22.930  3393  4389 V AlarmManager: sending alarm Alarm{4cf2f43 type 3 origWhen 72364000 whenElapsed 72364000 android} uid 1000 whenElapsed 72364000 windowLength 0 maxWhenElapsed 72364000 repeatInterval 0 action null component null tag StatsCompanionService.periodic flags 0x9 procName system_server
04-26 12:46:22.932  1841 11419 I statsd  : Fate decided that an alarm will trigger subscribers.
04-26 12:46:22.933  6629 12717 E midasd  : Gpu the power model error, power model freq size 11, opp_logs freq size 14
04-26 12:46:22.933 10089 10152 I OplusObrain: OplusObrainClientInvoke.nativeGetTelephonyInfo
04-26 12:46:22.934 10089 10152 I OplusObrain: OplusObrainClientInvoke.nativeGetTrafficTypeInfoForNetworkType networkType 0
04-26 12:46:22.934  2066  2066 E android.hardware.power.stats-impl.oplus: HandleFactory::read open charger_input_current_now(/proc/charger/input_current_now) failed! fd: -1 errno: 2
04-26 12:46:22.934  2066  2066 W android.hardware.power.stats-impl.oplus: PruneException: Unknown binder exception (2) pruned into EX_TRANSACTION_FAILED
04-26 12:46:22.934  6629 12722 W midasd  : handleFactory read failed.
04-26 12:46:22.940  4925  5004 D AdfrV32FrameRateUtils: set frameRate in trantion end, leash=Surface(name=Task=1)/@0x331bdf5, transaction=android.view.SurfaceControl$Transaction@f24b517, precisionType=1, typeId=20101, typeEnable=false
04-26 12:46:22.941  4925  5004 D AdfrV32FrameRateUtils: set frameRate in trantion end, leash=Surface(name=Task=300)/@0x4847f2c, transaction=android.view.SurfaceControl$Transaction@f24b517, precisionType=1, typeId=20101, typeEnable=false
04-26 12:46:22.941  4925  4991 D OplusShellTransition: DefaultTransitionHandler#onAnimFinish=> transition=android.os.BinderProxy@1dbdcf7, backAnimContinue=false
04-26 12:46:22.941  4925  4991 V WindowManagerShell: Transition animation finished (aborted=false), notifying core (#1498) android.os.BinderProxy@1dbdcf7@0
04-26 12:46:22.941  4925  4991 D SplitScreen-->AppLockManager: setStartFromSafeControl mStartFromSafeControl=false
04-26 12:46:22.942  4925  4991 D ShellTaskOrganizerExt: adjust change for exiting mini task: -1
04-26 12:46:22.943  3393  4229 D Transition: finishTransition ar ActivityRecord{110859535 u0 com.google.android.projection.gearhead/.companion.settings.DefaultSettingsActivity t300 f}}, isVisibleRequested=false, state=STOPPING, visibleAtTransitionEndTokens={ActivityRecord{110859535 u0 com.google.android.projection.gearhead/.companion.settings.DefaultSettingsActivity t300 f}}, WallpaperWindowToken{7651ebc showWhenLocked=true}}, this=TransitionRecord{8bcfce2 id=1498 track=0 type=OPEN flags=0x0 state=2 c=[
04-26 12:46:22.943  3393  4229 D Transition:    ChangeInfo{62b7c9f container=DefaultTaskDisplayArea@46608555 flags=0x0}
04-26 12:46:22.943  3393  4229 D Transition:    ChangeInfo{26268a container=Task{2d53fa5 #300 type=standard A=10123:com.google.android.projection.gearhead nonResizable} flags=0x10}
04-26 12:46:22.943  3393  4229 D Transition:    ChangeInfo{8b8a4fb container=Task{3a7d194 #1 type=home} flags=0x10}
04-26 12:46:22.943  3393  4229 D Transition:    ChangeInfo{276b1ec container=ActivityRecord{110859535 u0 com.google.android.projection.gearhead/.companion.settings.DefaultSettingsActivity t300 f}} flags=0x0}
04-26 12:46:22.943  3393  4229 D Transition:    ChangeInfo{f47d9b5 container=ActivityRecord{117790975 u0 com.android.launcher/.Launcher t3} flags=0x0}
04-26 12:46:22.943  3393  4229 D Transition:    ChangeInfo{ceb084a container=WallpaperWindowToken{7651ebc showWhenLocked=true} flags=0x0}
04-26 12:46:22.943  3393  4229 D Transition:    ChangeInfo{fd543bb container=Display{#0 state=ON size=1080x2376 ROTATION_0} flags=0x0}
04-26 12:46:22.943  3393  4229 D Transition:    ChangeInfo{61300d8 container=Task{ee60308 #3 type=home I=com.android.launcher/.Launcher} flags=0x10}
04-26 12:46:22.943  3393  4229 D Transition: ]
04-26 12:46:22.943  3393  4229 D Transition: }
04-26 12:46:22.943  3393  4229 D Transition: finishTransition ar ActivityRecord{117790975 u0 com.android.launcher/.Launcher t3}, isVisibleRequested=false, state=PAUSED, visibleAtTransitionEndTokens={ActivityRecord{110859535 u0 com.google.android.projection.gearhead/.companion.settings.DefaultSettingsActivity t300 f}}, WallpaperWindowToken{7651ebc showWhenLocked=true}}, this=TransitionRecord{8bcfce2 id=1498 track=0 type=OPEN flags=0x0 state=2 c=[
04-26 12:46:22.943  3393  4229 D Transition:    ChangeInfo{62b7c9f container=DefaultTaskDisplayArea@46608555 flags=0x0}
04-26 12:46:22.943  3393  4229 D Transition:    ChangeInfo{26268a container=Task{2d53fa5 #300 type=standard A=10123:com.google.android.projection.gearhead nonResizable} flags=0x10}
04-26 12:46:22.943  3393  4229 D Transition:    ChangeInfo{8b8a4fb container=Task{3a7d194 #1 type=home} flags=0x10}
04-26 12:46:22.943  3393  4229 D Transition:    ChangeInfo{276b1ec container=ActivityRecord{110859535 u0 com.google.android.projection.gearhead/.companion.settings.DefaultSettingsActivity t300 f}} flags=0x0}
04-26 12:46:22.943  3393  4229 D Transition:    ChangeInfo{f47d9b5 container=ActivityRecord{117790975 u0 com.android.launcher/.Launcher t3} flags=0x0}
04-26 12:46:22.943  3393  4229 D Transition:    ChangeInfo{ceb084a container=WallpaperWindowToken{7651ebc showWhenLocked=true} flags=0x0}
04-26 12:46:22.943  3393  4229 D Transition:    ChangeInfo{fd543bb container=Display{#0 state=ON size=1080x2376 ROTATION_0} flags=0x0}
04-26 12:46:22.943  3393  4229 D Transition:    ChangeInfo{61300d8 container=Task{ee60308 #3 type=home I=com.android.launcher/.Launcher} flags=0x10}
04-26 12:46:22.943  3393  4229 D Transition: ]
04-26 12:46:22.943  3393  4229 D Transition: }
04-26 12:46:22.943  3393  4229 D ActivityTaskManager: commitVisibility: ActivityRecord{117790975 u0 com.android.launcher/.Launcher t3}: visible=false visibleRequested=false, isInTransition=false 
04-26 12:46:22.943  3393  4229 D WindowManager: NFW_setClientVisible:ActivityRecord{117790975 u0 com.android.launcher/.Launcher t3} clientVisible:false
04-26 12:46:22.943  3393  4229 I WindowManager: Window{b88eaa6 u0 com.google.android.googlequicksearchbox} state from HAS_DRAWN to DRAW_PENDING; reason: resetDrawState
04-26 12:46:22.943 25689 11179 D VRI[googlequicksearchbox]: dispatchAppVisibility visible:false mUpcomingWindowFocus:false
04-26 12:46:22.943  5294 12046 D VRI[Launcher]: dispatchAppVisibility visible:false mUpcomingWindowFocus:false
04-26 12:46:22.943 25689 25689 D VRI[googlequicksearchbox]: visibilityChanged oldVisibility=true newVisibility=false
04-26 12:46:22.944  3393  4229 D WindowManager: NFW_setClientVisible:WallpaperWindowToken{7651ebc showWhenLocked=true} clientVisible:false
04-26 12:46:22.944  3393  4229 I OplusAppSwitchManagerService:  handleAppVisible , r = ActivityRecord{110859535 u0 com.google.android.projection.gearhead/.companion.settings.DefaultSettingsActivity t300 f}}
04-26 12:46:22.944  5294  5452 D HWUI    : SkiaVulkanPipeline::setSurface: this=0xb4000079f58895c0, surface=NULL
04-26 12:46:22.944  3393  3583 D WallpaperControllerExtImpl: screenshot + id = 2 userId = 0
04-26 12:46:22.944  4804  4804 D WallpaperChooser.BaseSignalWallpaperService: visibility change to false, creating?false
04-26 12:46:22.944  4804  4804 D WallpaperChooser.BaseSignalWallpaperService: onPause
04-26 12:46:22.944  3393  4229 D OplusTransitionController: finishTransition, transition: TransitionRecord{8bcfce2 id=1498 track=0 type=OPEN flags=0x0 state=4 c=[
04-26 12:46:22.944  3393  4229 D OplusTransitionController:    ChangeInfo{62b7c9f container=DefaultTaskDisplayArea@46608555 flags=0x0}
04-26 12:46:22.944  3393  4229 D OplusTransitionController:    ChangeInfo{26268a container=Task{2d53fa5 #300 type=standard A=10123:com.google.android.projection.gearhead nonResizable} flags=0x10}
04-26 12:46:22.944  3393  4229 D OplusTransitionController:    ChangeInfo{8b8a4fb container=Task{3a7d194 #1 type=home} flags=0x10}
04-26 12:46:22.944  3393  4229 D OplusTransitionController:    ChangeInfo{276b1ec container=ActivityRecord{110859535 u0 com.google.android.projection.gearhead/.companion.settings.DefaultSettingsActivity t300 f}} flags=0x0}
04-26 12:46:22.944  3393  4229 D OplusTransitionController:    ChangeInfo{f47d9b5 container=ActivityRecord{117790975 u0 com.android.launcher/.Launcher t3} flags=0x0}
04-26 12:46:22.944  3393  4229 D OplusTransitionController:    ChangeInfo{ceb084a container=WallpaperWindowToken{7651ebc showWhenLocked=true} flags=0x0}
04-26 12:46:22.944  3393  4229 D OplusTransitionController:    ChangeInfo{fd543bb container=Display{#0 state=ON size=1080x2376 ROTATION_0} flags=0x0}
04-26 12:46:22.944  3393  4229 D OplusTransitionController:    ChangeInfo{61300d8 container=Task{ee60308 #3 type=home I=com.android.launcher/.Launcher} flags=0x10}
04-26 12:46:22.944  3393  4229 D OplusTransitionController: ]
04-26 12:46:22.944  3393  4229 D OplusTransitionController: }
04-26 12:46:22.944  3393  4229 D FlexibleTaskTransitionController:  finishTransition pendingRecentToFlexibleTask:null,isRotationTransition:false ,pendingRecentToFlexible:null ,transition:TransitionRecord{8bcfce2 id=1498 track=0 type=OPEN flags=0x0 state=4 c=[
04-26 12:46:22.944  3393  4229 D FlexibleTaskTransitionController:    ChangeInfo{62b7c9f container=DefaultTaskDisplayArea@46608555 flags=0x0}
04-26 12:46:22.944  3393  4229 D FlexibleTaskTransitionController:    ChangeInfo{26268a container=Task{2d53fa5 #300 type=standard A=10123:com.google.android.projection.gearhead nonResizable} flags=0x10}
04-26 12:46:22.944  3393  4229 D FlexibleTaskTransitionController:    ChangeInfo{8b8a4fb container=Task{3a7d194 #1 type=home} flags=0x10}
04-26 12:46:22.944  3393  4229 D FlexibleTaskTransitionController:    ChangeInfo{276b1ec container=ActivityRecord{110859535 u0 com.google.android.projection.gearhead/.companion.settings.DefaultSettingsActivity t300 f}} flags=0x0}
04-26 12:46:22.944  3393  4229 D FlexibleTaskTransitionController:    ChangeInfo{f47d9b5 container=ActivityRecord{117790975 u0 com.android.launcher/.Launcher t3} flags=0x0}
04-26 12:46:22.944  3393  4229 D FlexibleTaskTransitionController:    ChangeInfo{ceb084a container=WallpaperWindowToken{7651ebc showWhenLocked=true} flags=0x0}
04-26 12:46:22.944  3393  4229 D FlexibleTaskTransitionController:    ChangeInfo{fd543bb container=Display{#0 state=ON size=1080x2376 ROTATION_0} flags=0x0}
04-26 12:46:22.944  3393  4229 D FlexibleTaskTransitionController:    ChangeInfo{61300d8 container=Task{ee60308 #3 type=home I=com.android.launcher/.Launcher} flags=0x10}
04-26 12:46:22.944  3393  4229 D FlexibleTaskTransitionController: ]
04-26 12:46:22.944  3393  4229 D FlexibleTaskTransitionController: }
04-26 12:46:22.944  5294  5452 D BufferQueueProducer: [VRI[Launcher]#41(BLAST Consumer)41](id:14ae000001de,api:1,p:5294,c:5294) disconnect: api 1
04-26 12:46:22.944  5294  5452 D BufferQueueProducer: [VRI[Launcher]#41(BLAST Consumer)41](id:14ae000001de,api:1,p:5294,c:5294) connect: api=1 producerControlledByApp=true
04-26 12:46:22.945  3393  4229 D RefreshRate: ***** request traversal for refresh rate change, reason is highTempRefreshRateChanged: false, windowRefreshRateChanged: true, flexibleWindowStateChanged: false, has float/zoom window *****
04-26 12:46:22.945  3393  3585 W UserAwareMgr: event can not be released, id: 5001, count: 2, releasePid: 3393
04-26 12:46:22.945  3393  3585 W UserAwareMgr: event can not be released, id: 5005, count: 3, releasePid: 3393
04-26 12:46:22.945  3393  4229 D Transition: finishTransition ar ActivityRecord{110859535 u0 com.google.android.projection.gearhead/.companion.settings.DefaultSettingsActivity t300 f}}, isVisibleRequested=false, state=STOPPING, visibleAtTransitionEndTokens={ActivityRecord{135938138 u0 com.google.android.projection.gearhead/.companion.settings.Material3SettingsActivity t300}}, this=TransitionRecord{bf0fc5b id=1499 track=0 type=CLOSE flags=0x0 state=2 c=[
04-26 12:46:22.945  3393  4229 D Transition:    ChangeInfo{b0a6f33 container=DefaultTaskDisplayArea@46608555 flags=0x0}
04-26 12:46:22.945  3393  4229 D Transition:    ChangeInfo{5c512f0 container=Task{2d53fa5 #300 type=standard A=10123:com.google.android.projection.gearhead nonResizable} flags=0x0}
04-26 12:46:22.945  3393  4229 D Transition:    ChangeInfo{7d29186 container=ActivityRecord{110859535 u0 com.google.android.projection.gearhead/.companion.settings.DefaultSettingsActivity t300 f}} flags=0x0}
04-26 12:46:22.945  3393  4229 D Transition:    ChangeInfo{bf71261 container=ActivityRecord{135938138 u0 com.google.android.projection.gearhead/.companion.settings.Material3SettingsActivity t300} flags=0x0}
04-26 12:46:22.945  3393  4229 D Transition:    ChangeInfo{64e6069 container=Window{94e5c15 u0 Splash Screen com.google.android.projection.gearhead} flags=0x0}
04-26 12:46:22.945  3393  4229 D Transition:    ChangeInfo{af53aee container=Display{#0 state=ON size=1080x2376 ROTATION_0} flags=0x0}
04-26 12:46:22.945  3393  4229 D Transition: ]
04-26 12:46:22.945  3393  4229 D Transition: }
04-26 12:46:22.945  3393  4229 D ContinuousTransitionController: when transition: TransitionRecord{bf0fc5b id=1499 track=0 type=CLOSE flags=0x0 state=2 c=[
04-26 12:46:22.945  3393  4229 D ContinuousTransitionController:    ChangeInfo{b0a6f33 container=DefaultTaskDisplayArea@46608555 flags=0x0}
04-26 12:46:22.945  3393  4229 D ContinuousTransitionController:    ChangeInfo{5c512f0 container=Task{2d53fa5 #300 type=standard A=10123:com.google.android.projection.gearhead nonResizable} flags=0x0}
04-26 12:46:22.945  3393  4229 D ContinuousTransitionController:    ChangeInfo{7d29186 container=ActivityRecord{110859535 u0 com.google.android.projection.gearhead/.companion.settings.DefaultSettingsActivity t300 f}} flags=0x0}
04-26 12:46:22.945  3393  4229 D ContinuousTransitionController:    ChangeInfo{bf71261 container=ActivityRecord{135938138 u0 com.google.android.projection.gearhead/.companion.settings.Material3SettingsActivity t300} flags=0x0}
04-26 12:46:22.945  3393  4229 D ContinuousTransitionController:    ChangeInfo{64e6069 container=Window{94e5c15 u0 Splash Screen com.google.android.projection.gearhead} flags=0x0}
04-26 12:46:22.945  3393  4229 D ContinuousTransitionController:    ChangeInfo{af53aee container=Display{#0 state=ON size=1080x2376 ROTATION_0} flags=0x0}
04-26 12:46:22.945  3393  4229 D ContinuousTransitionController: ]
04-26 12:46:22.945  3393  4229 D ContinuousTransitionController: } finished; ar: ActivityRecord{110859535 u0 com.google.android.projection.gearhead/.companion.settings.DefaultSettingsActivity t300 f}} is tranfer starting window scene
04-26 12:46:22.945  3393  4229 D ActivityTaskManager: commitVisibility: ActivityRecord{110859535 u0 com.google.android.projection.gearhead/.companion.settings.DefaultSettingsActivity t300 f}}: visible=false visibleRequested=false, isInTransition=false 
04-26 12:46:22.945  3393  4229 D WindowManager: NFW_setClientVisible:ActivityRecord{110859535 u0 com.google.android.projection.gearhead/.companion.settings.DefaultSettingsActivity t300 f}} clientVisible:false
04-26 12:46:22.945  3393  4229 D Transition: finishTransition ar ActivityRecord{135938138 u0 com.google.android.projection.gearhead/.companion.settings.Material3SettingsActivity t300}, isVisibleRequested=true, state=RESUMED, visibleAtTransitionEndTokens={ActivityRecord{135938138 u0 com.google.android.projection.gearhead/.companion.settings.Material3SettingsActivity t300}}, this=TransitionRecord{bf0fc5b id=1499 track=0 type=CLOSE flags=0x0 state=2 c=[
04-26 12:46:22.945  3393  4229 D Transition:    ChangeInfo{b0a6f33 container=DefaultTaskDisplayArea@46608555 flags=0x0}
04-26 12:46:22.945  3393  4229 D Transition:    ChangeInfo{5c512f0 container=Task{2d53fa5 #300 type=standard A=10123:com.google.android.projection.gearhead nonResizable} flags=0x0}
04-26 12:46:22.945  3393  4229 D Transition:    ChangeInfo{7d29186 container=ActivityRecord{110859535 u0 com.google.android.projection.gearhead/.companion.settings.DefaultSettingsActivity t300 f}} flags=0x0}
04-26 12:46:22.945  3393  4229 D Transition:    ChangeInfo{bf71261 container=ActivityRecord{135938138 u0 com.google.android.projection.gearhead/.companion.settings.Material3SettingsActivity t300} flags=0x0}
04-26 12:46:22.945  3393  4229 D Transition:    ChangeInfo{64e6069 container=Window{94e5c15 u0 Splash Screen com.google.android.projection.gearhead} flags=0x0}
04-26 12:46:22.945  3393  4229 D Transition:    ChangeInfo{af53aee container=Display{#0 state=ON size=1080x2376 ROTATION_0} flags=0x0}
04-26 12:46:22.945  3393  4229 D Transition: ]
04-26 12:46:22.945  3393  4229 D Transition: }
04-26 12:46:22.945  3393  4229 I OplusAppSwitchManagerService:  handleAppVisible , r = ActivityRecord{135938138 u0 com.google.android.projection.gearhead/.companion.settings.Material3SettingsActivity t300}
04-26 12:46:22.946  3393  4229 D OplusTransitionController: finishTransition, transition: TransitionRecord{bf0fc5b id=1499 track=0 type=CLOSE flags=0x0 state=4 c=[
04-26 12:46:22.946  3393  4229 D OplusTransitionController:    ChangeInfo{b0a6f33 container=DefaultTaskDisplayArea@46608555 flags=0x0}
04-26 12:46:22.946  3393  4229 D OplusTransitionController:    ChangeInfo{5c512f0 container=Task{2d53fa5 #300 type=standard A=10123:com.google.android.projection.gearhead nonResizable} flags=0x0}
04-26 12:46:22.946  3393  4229 D OplusTransitionController:    ChangeInfo{7d29186 container=ActivityRecord{110859535 u0 com.google.android.projection.gearhead/.companion.settings.DefaultSettingsActivity t300 f}} flags=0x0}
04-26 12:46:22.946  3393  4229 D OplusTransitionController:    ChangeInfo{bf71261 container=ActivityRecord{135938138 u0 com.google.android.projection.gearhead/.companion.settings.Material3SettingsActivity t300} flags=0x0}
04-26 12:46:22.946  3393  4229 D OplusTransitionController:    ChangeInfo{64e6069 container=Window{94e5c15 u0 Splash Screen com.google.android.projection.gearhead} flags=0x0}
04-26 12:46:22.946  3393  4229 D OplusTransitionController:    ChangeInfo{af53aee container=Display{#0 state=ON size=1080x2376 ROTATION_0} flags=0x0}
04-26 12:46:22.946  3393  4229 D OplusTransitionController: ]
04-26 12:46:22.946  3393  4229 D OplusTransitionController: }
04-26 12:46:22.946  3393  4229 D FlexibleTaskTransitionController:  finishTransition pendingRecentToFlexibleTask:null,isRotationTransition:false ,pendingRecentToFlexible:null ,transition:TransitionRecord{bf0fc5b id=1499 track=0 type=CLOSE flags=0x0 state=4 c=[
04-26 12:46:22.946  3393  4229 D FlexibleTaskTransitionController:    ChangeInfo{b0a6f33 container=DefaultTaskDisplayArea@46608555 flags=0x0}
04-26 12:46:22.946  3393  4229 D FlexibleTaskTransitionController:    ChangeInfo{5c512f0 container=Task{2d53fa5 #300 type=standard A=10123:com.google.android.projection.gearhead nonResizable} flags=0x0}
04-26 12:46:22.946  3393  4229 D FlexibleTaskTransitionController:    ChangeInfo{7d29186 container=ActivityRecord{110859535 u0 com.google.android.projection.gearhead/.companion.settings.DefaultSettingsActivity t300 f}} flags=0x0}
04-26 12:46:22.946  3393  4229 D FlexibleTaskTransitionController:    ChangeInfo{bf71261 container=ActivityRecord{135938138 u0 com.google.android.projection.gearhead/.companion.settings.Material3SettingsActivity t300} flags=0x0}
04-26 12:46:22.946  3393  4229 D FlexibleTaskTransitionController:    ChangeInfo{64e6069 container=Window{94e5c15 u0 Splash Screen com.google.android.projection.gearhead} flags=0x0}
04-26 12:46:22.946  3393  4229 D FlexibleTaskTransitionController:    ChangeInfo{af53aee container=Display{#0 state=ON size=1080x2376 ROTATION_0} flags=0x0}
04-26 12:46:22.946  3393  4229 D FlexibleTaskTransitionController: ]
04-26 12:46:22.946  3393  4229 D FlexibleTaskTransitionController: }
04-26 12:46:22.947  3393  4229 D RefreshRate: ***** request traversal for refresh rate change, reason is highTempRefreshRateChanged: false, windowRefreshRateChanged: true, flexibleWindowStateChanged: false, has float/zoom window *****
04-26 12:46:22.947  3393  4229 D TransitionControllerExtImpl: NFW_send RECOMPUTE_FOCUS in finishTransition
04-26 12:46:22.947  3393  3585 W UserAwareMgr: event can not be released, id: 5005, count: 2, releasePid: 3393
04-26 12:46:22.947  4925  4991 D ShellTaskOrganizer: onTransitionFinish, isRecent:false
04-26 12:46:22.947  4925  4991 V WindowManagerShell: Track 0 became idle
04-26 12:46:22.947  4925  4991 V WindowManagerShell: All active transition animations finished
04-26 12:46:22.947  3393  3571 D VRR [OPlusRefreshRatePolicy]: setRefreshRatePolicy policy=POLICY_SYSTEM, refreshRate=120, statusOn=false
04-26 12:46:22.948  3393  3571 D VRR [OPlusRefreshRatePolicy]: setRefreshRatePolicy policy=POLICY_SYSTEM, refreshRate=90, statusOn=true
04-26 12:46:22.948  3393  3571 W SettingsProvider: notifyForSettingsChange delay for adfr_policy_change, value: 2838, delta: 0, lastNotifyTimestamp: 49991302, minInterval: 10
04-26 12:46:22.948  3393  3571 D RefreshRate: Refresh rate changing from 120.00001 to 90.0,maxRefreshRate=90.0 FOR:{
04-26 12:46:22.948  3393  3571 D RefreshRate:     | COURSE[; Win preferred rateId=1, appReqFirst=false, data= RateData{PreferredRefreshRateData{mPreferredRefreshRateId=[1, 1, 2, 1],isAnimBoost=true}} ;win name:Splash Screen com.google.android.projection.gearhead]
04-26 12:46:22.948  3393  3571 D RefreshRate:     | VOTES[PRIORITY_WINDOW_REQUEST -> Vote{mRefreshRate=90.0, mMinRefreshRate=90.0, mRequestSource=null};]
04-26 12:46:22.948  3393  3571 D RefreshRate:     | TIME:2026-04-26 19:46:22}
04-26 12:46:22.948  3393  3626 D VRR [OPlusRefreshRateService]:  setDirectorStates [flag: 1, state: 0, directorStateOff: 0]
04-26 12:46:22.948  3393  3571 D DisplayModeDirector: setAppRequest displayId : 0  modeId: 6  requestedRefreshRate: 0.0  requestedMinRefreshRateRange: 0.0  requestedMaxRefreshRateRange: 90.0
04-26 12:46:22.948  2265  5963 D VRR [RefreshRateDirector]: updateState mState = 1
04-26 12:46:22.948  3393  3571 I TaskOrganizerController: onTaskInfoChanged taskid 1 config { mBounds=Rect(0, 0 - 1080, 2376) mAppBounds=Rect(0, 0 - 1080, 2376) mMaxBounds=Rect(0, 0 - 1080, 2376) mDisplayRotation=ROTATION_0 mWindowingMode=fullscreen mActivityType=home mAlwaysOnTop=undefined mRotation=ROTATION_0}
04-26 12:46:22.948  3393  3571 D OplusFlexibleDragToSplitAnimController: visibleFlexibleTaskInfos delete:1
04-26 12:46:22.948  3393  3571 E FlexibleWindowManagerService: notifyTaskObserverToAttachController not need to notify!
04-26 12:46:22.948  3393  3571 I FlexibleWindowManagerService: onFlexibleWindowTaskInfoChanged, return for cur task not embedded
04-26 12:46:22.949 10089 12666 I Quality-ScreenOnOffLogProcessor: withInScreenOnOffRange mIsScreenOn:true refTime:1777232782425 mRecentScreenOnTime:1777226698051 mRecentScreenOffTime:1777226563533
04-26 12:46:22.949  3393  3571 I WindowStateExtImpl: onSurfaceShowChange show = false mPackageName = com.android.launcher parentPkgName = com.android.launcher
04-26 12:46:22.949  4925  4991 D ShellTaskOrganizerExt: visibleFlexibleTaskInfos delete:1
04-26 12:46:22.949  4925  4991 D ShellTaskOrganizerExt: isOnCanvas size:0
04-26 12:46:22.949  4925  4991 D ShellTaskOrganizerExt: isOnThreeFlexibleCanvas size:0
04-26 12:46:22.950 25689 25689 D HWUI    : RenderProxy::destroy: this=0xb400007a238a7200, mContext=0xb400007a070f5a00
04-26 12:46:22.950 25689 25747 D HWUI    : SkiaVulkanPipeline::setSurface: this=0xb400007a238b4500, surface=NULL
04-26 12:46:22.950 25689 25747 D BufferQueueProducer: [VRI[googlequicksearchbox]#58(BLAST Consumer)58](id:64590000003a,api:1,p:25689,c:25689) disconnect: api 1
04-26 12:46:22.950   403   403 D ActivityThread: ComponentInfo{com.google.android.projection.gearhead/com.google.android.projection.gearhead.companion.settings.DefaultSettingsActivity} checkFinished=true 1
04-26 12:46:22.950  5294  5294 I SplitScreenManager: Attached Launcher#acc6ca5 ON_STOP
04-26 12:46:22.951  3393  4229 D ActivityTaskManager: removeAppToken: ActivityRecord{110859535 u0 com.google.android.projection.gearhead/.companion.settings.DefaultSettingsActivity t300 f}} delayed=false parent=Task{2d53fa5 #300 type=standard A=10123:com.google.android.projection.gearhead nonResizable} animating=false Callers=com.android.server.wm.DisplayContent.removeAppToken:1759 com.android.server.wm.ActivityRecord.removeFromHistory:4970 com.android.server.wm.ActivityRecord.destroyed:5060 com.android.server.wm.ActivityClientController.activityDestroyed:339 
04-26 12:46:22.951 25689 25689 D ViewRootImplExtImpl: wrapConfigInfoIntoFlags rotation=0, smallestScreenWidthDp=411, residentWS=false, scenario=0, bounds=Rect(0, 0 - 1080, 2376), relayoutAsync=false, flags=0, newFlags=1245721440, title=com.google.android.googlequicksearchbox
04-26 12:46:22.952  3393  4768 V WindowManager: Relayout Window{b88eaa6 u0 com.google.android.googlequicksearchbox}: viewVisibility=8, oldvis=0, req=1080x2376 , apr = 0, vsysui=
04-26 12:46:22.952  5294  5294 D AnimSeqTimeStamp: resetLastLaunchTaskTime
04-26 12:46:22.952  5294  5411 I ImeTracker: com.android.launcher:e6edc60e: onRequestHide at ORIGIN_CLIENT reason HIDE_SOFT_INPUT fromUser false
04-26 12:46:22.953  5294  5294 D InsetsController: hide(ime(), fromIme=false)
04-26 12:46:22.953  5294  5294 I ImeTracker: com.android.launcher:e6edc60e: onCancelled at PHASE_CLIENT_ALREADY_HIDDEN
04-26 12:46:22.954  3393  4768 D WindowManager: NFW_findFocusedWindowIfNeeded:Window{19506ed u0 com.google.android.projection.gearhead/com.google.android.projection.gearhead.companion.settings.Material3SettingsActivity} mCurrentFocus:Window{19506ed u0 com.google.android.projection.gearhead/com.google.android.projection.gearhead.companion.settings.Material3SettingsActivity}
04-26 12:46:22.955 25689 25689 D BLASTBufferQueue: [VRI[googlequicksearchbox]#58](f:0,a:1) destructor()
04-26 12:46:22.955 25689 25689 D BufferQueueConsumer: [VRI[googlequicksearchbox]#58(BLAST Consumer)58](id:64590000003a,api:0,p:-1,c:25689) disconnect
04-26 12:46:22.955  3393  3570 D WindowManager: NFW_findFocusedWindowIfNeeded:Window{19506ed u0 com.google.android.projection.gearhead/com.google.android.projection.gearhead.companion.settings.Material3SettingsActivity} mCurrentFocus:Window{19506ed u0 com.google.android.projection.gearhead/com.google.android.projection.gearhead.companion.settings.Material3SettingsActivity}
04-26 12:46:22.955  3393  4768 D Transition: finishTransaction-onCommitted syncId=1498
04-26 12:46:22.955  3393  4768 D Transition: finishTransaction-onCommitted syncId=1499
04-26 12:46:22.955  3393  8239 D OplusStartingWindowManager: skip remove starting window for activity = ActivityRecord{117790975 u0 com.android.launcher/.Launcher t3} ,ar != topActivityContainsStartingWindow on activityStopped
04-26 12:46:22.955  3393  3570 D DisplayManagerServiceExtImpl: scheduleTraversalLocked intraversal=false
04-26 12:46:22.955  3393  4768 I BLASTSyncEngine: onCommitted syncId: 1499, timeout: false ran: false
04-26 12:46:22.955  3393  4768 D ActivityTaskManager: removeStartingWindowAnimation starting ActivityRecord{135938138 u0 com.google.android.projection.gearhead/.companion.settings.Material3SettingsActivity t300} startingWindow=null ,startingView=com.android.server.wm.StartingSurfaceController$StartingSurface@345008,Callers=com.android.server.wm.ActivityRecord.onSyncTransactionCommitted:3408 com.android.server.wm.BLASTSyncEngine$SyncGroup$1CommitCallback.onCommitted:351 com.android.server.wm.BLASTSyncEngine$SyncGroup.lambda$finishNow$1:396 com.android.server.wm.BLASTSyncEngine$SyncGroup$$ExternalSyntheticLambda0.onTransactionCommitted:0 android.view.SurfaceControl$Transaction$$ExternalSyntheticLambda4.run:0 
04-26 12:46:22.955  3393  4768 D OplusStartingWindowManager: interceptRemoveStartingWindow: packageName=com.google.android.projection.gearhead,  componentName=com.google.android.projection.gearhead/.companion.settings.Material3SettingsActivity, isSnapshot=false, startingSurfaceRunnable=null, isDrawCompleted=false, hasSurfaceView=false, inTransition=false
04-26 12:46:22.955  3393  4768 D OplusSplitScreenManagerService: notifyRemoveStartingWindow mOplusSpiltScreenDnDUI is null, just return!
04-26 12:46:22.955  3393  4768 D OplusStartingWindowManager: interceptRemoveStartingWindow: hasSplashWindowFlag() return false for activity=ActivityRecord{135938138 u0 com.google.android.projection.gearhead/.companion.settings.Material3SettingsActivity t300}
04-26 12:46:22.955 25689 25689 I bvwa    : onStop
04-26 12:46:22.956  2265  2265 I DispPerfService: updateLayerMask 0
04-26 12:46:22.956  1986  1986 I CwbService: CwbService::notifyColorModeChange: display: 0, mode = 7, render intent = 303
04-26 12:46:22.956  3393  4768 D TaskOrganizerController: TaskOrganizerController.removeStartingWindow: call wmshell to removeStartingWindow Task{2d53fa5 #300 type=standard A=10123:com.google.android.projection.gearhead nonResizable}null
04-26 12:46:22.956  3393  3585 I UserAwareMgr: handleAppChangedToBg, pkgName: com.android.launcher, pid: 5294
04-26 12:46:22.957  1986  1986 I SDM     : SDMColorModeStc::ApplyCurrentColorModeWithRenderIntent: Applying Stc mode (gamut 1 gamma 1 intent 303), curr mode 7, render intent 303, hdr present 0
04-26 12:46:22.957  1986  1986 I DolbyVisionClstcImpl: DolbyImpl setBlendCsInfo 
04-26 12:46:22.958 30605 30623 D SurfaceSyncGroup: preCreateSurfaceSyncGroupTimerThread
04-26 12:46:22.958  1986  1986 I SDM     : ClstcAlgorithmAdapter::UcscToneMap():1632 Checksum for layer 4540 is: 0
04-26 12:46:22.959  3393  4805 D OsenseCommonUtils: /dev/memcg/apps/uid_10259/memory.app_score not exist
04-26 12:46:22.959  6394  9415 D OplusAtlas.OplusAudioScene: callback success event:atlas_event_on_foreground_activities_changed eventInfo:pid:5294,uid:10259,hasForegroundActivities:0
04-26 12:46:22.959  3393  6452 I OStatsManager_Calc: add screen power pkgName = com.google.android.projection.gearhead, uid = 10123, power = 72.81400500051677, is Fg = true, fore size = 2, mScale = 1.0
04-26 12:46:22.959  3393  6452 I OStatsManager_Calc: noteBeforePkgSwitch change = false, curTime = 72364028, com.android.launcher, fg = true
04-26 12:46:22.959  3393  6452 I OStatsManager_OplusBatteryStatsManager: updateStateTime: PkgName = com.android.launcher, uid = 10259, state to bg, mForegroundCnt = 0, isFg = false
04-26 12:46:22.959  3393  6452 I OStatsManager_OplusBatteryStatsManager: notePkgBackground [com.google.android.projection.gearhead10123], uid = 10259, pid = 5294, pkgName = com.android.launcher
04-26 12:46:22.959  1986  1986 D pfaca_s : Panel(0) AA569_P_3_A0019_dsc_cmd_mode_panel, Pre-m:0, manual-m:-1, Update:0, valid_meta_data:0, Gamut:1, Intent:303, bri:4095
04-26 12:46:22.959  1986  1986 D pfaca_s : +++ hw asset PostBlendPCC(enable:1), PCC 1.000000, 1.000000, 1.000000
04-26 12:46:22.959  1986  1986 D pfaca_s : sRGB-LsRGB-7(gamut:1,it:303)
04-26 12:46:22.959  1986  1986 D pfaca_Cache: A P:0 M:3 BRI:4095
04-26 12:46:22.959  1986  1986 D pfaca_Cache: the mode is 3 mode num is 3 brightness is 4095
04-26 12:46:22.960  4917  6345 V OsAgent : broadcastSystemEvent - 7
04-26 12:46:22.960  4917  6345 V OsAgent : broadcastSystemEvent - 7
04-26 12:46:22.960  4917  6345 V OsAgent : broadcastSystemEvent - 7
04-26 12:46:22.960  4917  6345 V OsAgent : broadcastSystemEvent - 7
04-26 12:46:22.960  4917  6345 V OsAgent : broadcastSystemEvent - 7
04-26 12:46:22.960  4917  6345 V OsAgent : broadcastSystemEvent - 7
04-26 12:46:22.960  4917  6345 V OsAgent : broadcastSystemEvent - 7
04-26 12:46:22.960  4917  6345 V OsAgent : broadcastSystemEvent - 7
04-26 12:46:22.961  1955 30145 I sensors-hal: handle_oplus_wise_rgb_event:189, high_pwm_light:lux 74.1,cct 4697.2,brl/algo/ir 2495.0/2.0/97.2,pwm/dc 0.0/0.0,rgbc 7234.501465/4782.250000/2778.162354/12534.579102,ts 72363875564601,cnt 7007,flag 53777
04-26 12:46:22.961  3393  8239 I InputDispatcher: updateFocusedWindow, 19506ed com.google.android.projection.gearhead/com.google.android.projection.gearhead.companion.settings.Material3SettingsActivity on display 0, reason: Window became focusable. Previous reason: NOT_VISIBLE, result:   FocusedWindows:
04-26 12:46:22.961  3393  8239 I InputDispatcher:     displayId=0, name='19506ed com.google.android.projection.gearhead/com.google.android.projection.gearhead.companion.settings.Material3SettingsActivity'
04-26 12:46:22.961   403   403 D VRI[Material3SettingsActivity]: onFocusEvent true
04-26 12:46:22.962  3393  3570 D DisplayManagerService: MSG_REQUEST_TRAVERSAL pendingCompleted=false
04-26 12:46:22.962  3393  4554 D BackgroundInstallControlService: Package event received: 0
04-26 12:46:22.963  3393  4418 D InputMethodManagerService: isSecurity: attribute.packageName = com.google.android.projection.gearhead mCurMethodId = com.google.android.inputmethod.latin/com.android.inputmethod.latin.LatinIME isSecurity = false ( enable = false needShow = false inBlackList = false isExist = true )
04-26 12:46:22.963  3393  4418 I ImeTracker: com.google.android.projection.gearhead:40cf8d3b: onRequestHide at ORIGIN_SERVER reason HIDE_UNSPECIFIED_WINDOW fromUser false
04-26 12:46:22.963  3393  3571 D DisplayManagerService: performTraversalInternal pendingTraversal
04-26 12:46:22.963  3393  3571 D DisplayDevice: setLayerStackLocked id=local:4630946756802996883 token=android.os.BinderProxy@6b82e2b stack=0->0
04-26 12:46:22.964  3393  4554 D BackgroundInstallControlService: Package event received: 0
04-26 12:46:22.964   403   403 D InsetsController: hide(ime(), fromIme=false)
04-26 12:46:22.964   403   403 I ImeTracker: com.google.android.projection.gearhead:40cf8d3b: onCancelled at PHASE_CLIENT_ALREADY_HIDDEN
04-26 12:46:22.965  3393  3626 D LocalDisplayAdapter: setDesiredDisplayModeSpecsAsync: display unique id = local:4630946756802996883, display mode specs = defaultMode=6 allowGroupSwitching=false primaryRanges=physical: (0.0 120.0) render:  (0.0 90.0) appRequestRanges=physical: (0.0 120.0) render:  (0.0 90.0) idleScreenRefreshRate=null
04-26 12:46:22.966  2265  2448 D VRR [RefreshRateDirector]: requestRefreshRateBySpecs insert [ 0xb4000072a8e50040, DisplayModeSpecs{defaultMode: 6, allowGroupSwitching: false, primaryRanges: RefreshRateRanges{physical: RefreshRateRange{min: 0.000000, max: 120.000000}, render: RefreshRateRange{min: 0.000000, max: 90.000000}}, appRequestRanges: RefreshRateRanges{physical: RefreshRateRange{min: 0.000000, max: 120.000000}, render: RefreshRateRange{min: 0.000000, max: 90.000000}}, idleScreenRefreshRateConfig: (null)} ]
04-26 12:46:22.966  2265  3430 D SurfaceFlinger: VRR [SurfaceFlinger] setDesiredDisplayModeSpecs, from process 2265, 6, 0, primaryRanges = [ 0.000000, 120.000000, 0.000000, 90.000000 ], appRequestRanges = [ 0.000000, 120.000000, 0.000000 90.000000 ]
04-26 12:46:22.966  2265  2265 I RefreshRateSelector: Display 4630946756802996883 policy changed
04-26 12:46:22.966  2265  2265 I RefreshRateSelector: Previous: {defaultModeId=4, allowGroupSwitching=false, primaryRanges={physical=[120.00 Hz, 120.00 Hz], render=[120.00 Hz, 120.00 Hz]}, appRequestRanges={physical=[120.00 Hz, 120.00 Hz], render=[120.00 Hz, 120.00 Hz]} idleScreenConfig=nullptr}
04-26 12:46:22.966  2265  2265 I RefreshRateSelector: Current:  DisplayManagerPolicy{defaultModeId=6, allowGroupSwitching=false, primaryRanges={physical=[0.00 Hz, 120.00 Hz], render=[0.00 Hz, 90.00 Hz]}, appRequestRanges={physical=[0.00 Hz, 120.00 Hz], render=[0.00 Hz, 90.00 Hz]} idleScreenConfig=nullptr}
04-26 12:46:22.966  2265  2265 I RefreshRateSelector: 0 mode changes were performed under the previous policy
04-26 12:46:22.966  2265  2265 D SurfaceFlinger: VRR [SurfaceFlinger] applyRefreshRateSelectorPolicy: 6 (90.00 Hz), policy: {defaultModeId=6, allowGroupSwitching=false, primaryRanges={physical=[0.00 Hz, 120.00 Hz], render=[0.00 Hz, 90.00 Hz]}, appRequestRanges={physical=[0.00 Hz, 120.00 Hz], render=[0.00 Hz, 90.00 Hz]} idleScreenConfig=nullptr}
04-26 12:46:22.966  2265  2265 D SurfaceFlinger: VRR [SurfaceFlinger] setDesiredActiveMode: displayId: 4630946756802996883, renderRate: 90, vsyncRate: 90, event: 1
04-26 12:46:22.966  2265  2265 D DisplayModeController: setDesiredMode 4630946756802996883 {mode={fps=90.00 Hz, modePtr={id=6, vsyncRate=90.00 Hz, peakRefreshRate=90.00 Hz}}, emitEvent=true, force=false}
04-26 12:46:22.966  3393  3624 D OplusFeatureDMR[display=0]: onConfigChanged threadId=71 threadName=OplusDisplayWorkHandler physicalDisplayId=4630946756802996883 modeId=4  
04-26 12:46:22.966  2265  3422 D VRR [OTI]: handleIdle from 0 to 0
04-26 12:46:22.966  2265  3422 D VRR [RefreshRateDirector]: requestRefreshRateByOti insert [ oti-hw, {fps=90, modePtr={id=6, vsyncRate=90.00 Hz, peakRefreshRate=90.00 Hz}} ]
04-26 12:46:22.966  2265  3422 D VRR [RefreshRateDirector]: updateBestFrameRate [oti-hw, {fps=90, modePtr={id=6, vsyncRate=90.00 Hz, peakRefreshRate=90.00 Hz}}]
04-26 12:46:22.966  2265  3430 D SurfaceFlinger: requestDisplayModes mModeChangePending is true
04-26 12:46:22.968  8097  8097 I GoogleInputMethodService: GoogleInputMethodService.onFinishInput():2259 
04-26 12:46:22.968  8097  8097 I Module  : DeviceLockedStatusModuleProvider$Module.updateDeviceLockedStatus():103 repeatCheckTimes = 0, locked = false
