04-26 12:46:25.715  5294  5294 I VelocityTracker: LSQ2 speed rezero
04-26 12:46:25.715  5294  5294 I         : checkMotionPaused: mPauseRecord[1]=0.0
04-26 12:46:25.721  3393  8239 I VibratorManagerServiceExtImpl: cancelVibrate uid=10262, pid=4925, usageFilter=-1, token=126094448
04-26 12:46:25.723  5294  5294 D AnimSeqTimeStamp: getTimeGapToLastStartAppTime: 49994077
04-26 12:46:25.724  5294  5294 I VelocityTracker: LSQ2 speed rezero
04-26 12:46:25.724  5294  5294 I         : checkMotionPaused: mPauseRecord[1]=0.0
04-26 12:46:25.729  3393  8239 I VibratorManagerServiceExtImpl: cancelVibrate uid=10262, pid=4925, usageFilter=-1, token=126094448
04-26 12:46:25.731  3393  3626 D VRR [OPlusSAManager]: updateAutoMinfps for 4630946756802996883 with nits: 411.10275, mHistOK true, mAmbientOK true, mCctOK true, mIrOK true, mBrightnessOK true, isPkgOK true, SA min fps: 119
04-26 12:46:25.731  2265  2449 I VRR-[OPlusRefreshRateSelector]: updateAutoMode success, display 0, mode 0, fakeframe 1, min fps: 1
04-26 12:46:25.731  5294  5294 D AnimSeqTimeStamp: getTimeGapToLastStartAppTime: 49994086
04-26 12:46:25.736 24841 24971 D OplusEffectTouchRUSConfigManager: deviceId = 0
04-26 12:46:25.736 24841 24971 D OplusEffectTouchRUSConfigManager: writeEffectTouchParam command= mod para_effect set_package_type:6
04-26 12:46:25.737  2116  2116 D OplusTouch: WRITE info len = [34] by Binder
04-26 12:46:25.737  2116  2116 D OplusTouch: path = /proc/touchpanel/touch_scene_para,len = 102400
04-26 12:46:25.737  2116  2116 D OplusTouch: binder transfer START:flag[0]node[188]deviceId[0]str[mod para_effect set_package_type:6]info[mod para_effect set_package_type:6]dataLength[102400]
04-26 12:46:25.737  3153  3260 W touchDaemon: Reached BBinder::getInterfaceDescriptor (this=0xb400007c9380d000). Override?
04-26 12:46:25.737  3153  3260 E OplusTouchDaemon: syna_touch_node_handle:Id=0, nodeFlag=188, info=mod para_effect set_package_type:6, wrFlag=0, cbsize=2048, readlen=2048
04-26 12:46:25.737  3153  3260 I touch-algo: [id:0] appType:6,gameType:6
04-26 12:46:25.737  3153  3260 E OplusTouchDaemon: [OplusTouchDaemon][algo_set_info][8960]: algo_set_info: set paramId 10, buf: , ret=0
04-26 12:46:25.737  3153  3260 E OplusTouchDaemon: syna_touch_node_handle:TOUCH_SCENE_PARA_NODE set to mod para_effect set_package_type:6, ret = 0
04-26 12:46:25.737  3153  3260 D OplusTouchDaemon: touchBinder:WRITE FINISH
04-26 12:46:25.737  2116  2116 D OplusTouch: WRITE SUCCESS! by Binder, get data len[2]
04-26 12:46:25.738  3393  8239 I VibratorManagerServiceExtImpl: cancelVibrate uid=10262, pid=4925, usageFilter=-1, token=126094448
04-26 12:46:25.739  1986  1986 I SDM     : DisplayBuiltIn::SetQSyncMode: VRR + update qsync mode 0 minfps 00C08181
04-26 12:46:25.740  5294  5294 D AnimSeqTimeStamp: getTimeGapToLastStartAppTime: 49994094
04-26 12:46:25.740  1986  2514 E SDM     : DRMConnector::Perform: Connector 68: Setting Qsync min fps 12616065
04-26 12:46:25.746  3393  8239 I VibratorManagerServiceExtImpl: cancelVibrate uid=10262, pid=4925, usageFilter=-1, token=126094448
04-26 12:46:25.748  5294  5294 D AnimSeqTimeStamp: getTimeGapToLastStartAppTime: 49994102
04-26 12:46:25.753  3393  4398 D SystemGestures: detectSwipe: 2
04-26 12:46:25.754  3393  8239 I VibratorManagerServiceExtImpl: cancelVibrate uid=10262, pid=4925, usageFilter=-1, token=126094448
04-26 12:46:25.754  3393  4398 D WindowManager: request show transient bar, navigationBar already visible
04-26 12:46:25.756  5294  5294 D AnimSeqTimeStamp: getTimeGapToLastStartAppTime: 49994111
04-26 12:46:25.761  3393  5308 I VibratorManagerServiceExtImpl: cancelVibrate uid=10262, pid=4925, usageFilter=-1, token=126094448
04-26 12:46:25.765  5294  5294 D AnimSeqTimeStamp: getTimeGapToLastStartAppTime: 49994119
04-26 12:46:25.766   403   564 V ClearcutMetricXmitter: Transmission is done.
04-26 12:46:25.767   403   564 V ClearcutMetricXmitter: Transmission is done.
04-26 12:46:25.767   403   564 V ClearcutMetricXmitter: Transmission is done.
04-26 12:46:25.767   403   564 V ClearcutMetricXmitter: Transmission is done.
04-26 12:46:25.767   403   564 V ClearcutMetricXmitter: Transmission is done.
04-26 12:46:25.770  3393  5308 I VibratorManagerServiceExtImpl: cancelVibrate uid=10262, pid=4925, usageFilter=-1, token=126094448
04-26 12:46:25.773  5294  5294 D AnimSeqTimeStamp: getTimeGapToLastStartAppTime: 49994127
04-26 12:46:25.778  3393  5308 I VibratorManagerServiceExtImpl: cancelVibrate uid=10262, pid=4925, usageFilter=-1, token=126094448
04-26 12:46:25.781  5294  5294 D AnimSeqTimeStamp: getTimeGapToLastStartAppTime: 49994135
04-26 12:46:25.786  3393  5308 I VibratorManagerServiceExtImpl: cancelVibrate uid=10262, pid=4925, usageFilter=-1, token=126094448
04-26 12:46:25.790  5294  5294 D AnimSeqTimeStamp: getTimeGapToLastStartAppTime: 49994144
04-26 12:46:25.794  3393  5308 I VibratorManagerServiceExtImpl: cancelVibrate uid=10262, pid=4925, usageFilter=-1, token=126094448
04-26 12:46:25.798  5294  5294 D AnimSeqTimeStamp: getTimeGapToLastStartAppTime: 49994152
04-26 12:46:25.799  3393  4418 E HandwritingModeController: Cannot get requestId: Handwriting was not initialized.
04-26 12:46:25.802  3393  8239 I VibratorManagerServiceExtImpl: cancelVibrate uid=10262, pid=4925, usageFilter=-1, token=126094448
04-26 12:46:25.806  5294  5294 D AnimSeqTimeStamp: getTimeGapToLastStartAppTime: 49994160
04-26 12:46:25.810  3393  3621 D PowerManagerService: userActivityNoUpdateLocked: groupId=0, eventTime=49994162, event=touch, flags=0x0, uid=1000
04-26 12:46:25.810  3393  8239 I VibratorManagerServiceExtImpl: cancelVibrate uid=10262, pid=4925, usageFilter=-1, token=126094448
04-26 12:46:25.810  3393  3621 D PowerManagerService: userActivityNoUpdateLocked: groupId=0, eventTime=49994162, event=touch, flags=0x0, uid=1000
04-26 12:46:25.814  5294  5294 D AnimSeqTimeStamp: getTimeGapToLastStartAppTime: 49994169
04-26 12:46:25.817  3153  3153 E OplusTouchDaemon: [prevent][curved_large_handle_V2][3082]: up id(0) status: 1, 1, 1, 0.
04-26 12:46:25.818  5294  5294 D AnimSeqTimeStamp: getTimeGapToLastStartAppTime: 49994172
04-26 12:46:25.818  4925  5280 I SystemUi--NavBar: SideGestureDetector-->isInvalidEvent:false ,isMisTouchInvalidEvent = false  ,disableCui:false  ,ev:MotionEvent { action=ACTION_UP, actionButton=0, id[0]=0, x[0]=544.4297, y[0]=2093.6309, toolType[0]=TOOL_TYPE_FINGER, buttonState=0, classification=NONE, metaState=0, flags=0x0, edgeFlags=0x0, pointerCount=1, historySize=0, eventTime=49994170, downTime=49993848, deviceId=6, source=0x1002, displayId=0, eventId=518014334 }
04-26 12:46:25.818  5294  5294 I [UAH_CLIENT]: UahRelease, handle:426
04-26 12:46:25.818  3393  4907 D UAH-UahAdaptHelper: adaptSetNotification identity = OplusUAwareInputHelpersrc = 1000 , type 1 ,p1 = -1 ,p2 = -1 ,p3 = -1 ,p4 =
04-26 12:46:25.818  3393  4907 I [UAH_CLIENT]: uahRuleCtl, ruleId:1000, status:1
04-26 12:46:25.818  3393  4907 I [UAH_CLIENT]: UahRelease, handle:19992
04-26 12:46:25.818  5294  5294 D OplusGcSupressionExtImpl: callGcDesupression : java.lang.NullPointerException: Attempt to invoke virtual method 'java.lang.Object java.lang.reflect.Method.invoke(java.lang.Object, java.lang.Object[])' on a null object reference
04-26 12:46:25.818  3393  8239 I VibratorManagerServiceExtImpl: cancelVibrate uid=10262, pid=4925, usageFilter=-1, token=126094448
04-26 12:46:25.818  3393  4907 I [UAH_CLIENT]: UahEventAcquire, cmdid:6, pkg:none, identity:OplusUAwareInputHelper
04-26 12:46:25.818  5294  5294 E [OPLUS_AFS_CONFIG]: Failed to open AFS config file: /proc/oplus_afs_config/afs_config
04-26 12:46:25.818  5294  5294 E AFS_CONFIG: Failed to get scene config
04-26 12:46:25.818  5294  5294 E OplusAfsManager: afsConfigSceneConfigGet sceneType is null
04-26 12:46:25.819  5294  5294 I AbsSwipeUpHandler: handleNormalGestureEnd: endTarget = HOME, forceToHome: false, forceToRecents: false
04-26 12:46:25.819  5294  5294 D GestureState: setEndTarget: target: HOME, isAtomic: false
04-26 12:46:25.819  5294  5294 D OplusBaseInputConsumerController: setInputListener(), delayed=false, listenercom.android.launcher.settings.t@fb171a0
04-26 12:46:25.819  4925  4938 V ShellRecents: [27275616] RecentsController.detachNavigationBarFromApp
04-26 12:46:25.820  5294  5294 D TaskStateHelper: TaskStateChangeTimeOutListener[ON_TO_HOME_TRANSITION_FINISH]: init.
04-26 12:46:25.821  1999  2115 I [UAH_CLIENT]: UahPlatformResAcquire
04-26 12:46:25.821  3393  8239 D OplusWallpaperAnimationManager: cancelSurfaceAnimation reason: play_animation, isAnimating: false, by window: Window{8887c79 u0 com.android.launcher/com.android.launcher.Launcher}
04-26 12:46:25.821  1999  2115 I [UAH_CLIENT]: UahEventAcquire, cmdid:-3, pkg:1999 7374, identity:qcom-perfd
04-26 12:46:25.821  3393  8239 D OplusWallpaperAnimationManager: startScaleAnimation frame: Rect(0, 0 - 1080, 2376) parentFrame: Rect(0, 0 - 1080, 2376) from: 1.2 to: 1.0 duration: 1000 mTargetZoom: -1.0 targetZoom: -1.0 by window: Window{8887c79 u0 com.android.launcher/com.android.launcher.Launcher}
04-26 12:46:25.822  3393  3572 D OplusWallpaperSurfaceAnimation: setAnimationState curState: INITIALIZED
04-26 12:46:25.822  5294  5294 E ClientInputConsumerController[u0]: Input channel had not been registered.
04-26 12:46:25.822  5294  5294 E ClientIconSurfaceHelper[u0]: Cannot notify to hide ic as null client proxy.
04-26 12:46:25.822  5294  5294 D OplusGcSupressionExtImpl: callGcSupression : java.lang.NullPointerException: Attempt to invoke virtual method 'java.lang.Object java.lang.reflect.Method.invoke(java.lang.Object, java.lang.Object[])' on a null object reference
04-26 12:46:25.822  5294  5294 E [OPLUS_AFS_CONFIG]: Failed to open AFS config file: /proc/oplus_afs_config/afs_config
04-26 12:46:25.822  5294  5294 E AFS_CONFIG: Failed to get scene config
04-26 12:46:25.822  5294  5294 E OplusAfsManager: afsConfigSceneConfigGet sceneType is null
04-26 12:46:25.822  5294  5294 E SchedAssist: ofbCfgAppFrameParam failed with error=Interrupted system call
04-26 12:46:25.822  1999  2115 E PERFHAL-RESOURCEQS: PERFHAL-RESOURCEQS: AddAndApply() 130: Resource with major=18, minor=0 not supported
04-26 12:46:25.822  1999  2115 E PERFHAL-RESOURCEQS: PERFHAL-RESOURCEQS: AddAndApply() 130: Resource with major=18, minor=30 not supported
04-26 12:46:25.822  1999  2115 E PERFHAL-RESOURCEQS: PERFHAL-RESOURCEQS: AddAndApply() 130: Resource with major=18, minor=31 not supported
04-26 12:46:25.823  1999  2115 E PERFHAL-RESOURCEQS: PERFHAL-RESOURCEQS: AddAndApply() 130: Resource with major=18, minor=0 not supported
04-26 12:46:25.823  5294  5294 D b/223498680: LRV onStateTransitionStart setFreezeVisibility=true, toState=Normal; isInterceptUIUpdate=false
04-26 12:46:25.823  4925  4991 D WindowManagerShell: setLauncherKeepClearAreaHeight: visible=true, height=222
04-26 12:46:25.823  3393  5308 D OplusWallpaperAnimationManager: cancelSurfaceAnimation reason: play_animation, isAnimating: false, by window: Window{8887c79 u0 com.android.launcher/com.android.launcher.Launcher}
04-26 12:46:25.823  5294  5294 D RemoteAnimationUtils: setRemoteAnimationViewInfo: info non-null false, withoutRelease = false
04-26 12:46:25.823  5294  5294 D RemoteAnimationUtils: releaseSurface: surfaceControl valid=null
04-26 12:46:25.823  3393  5308 D OplusWallpaperAnimationManager: startScaleAnimation frame: Rect(0, 0 - 1080, 2376) parentFrame: Rect(0, 0 - 1080, 2376) from: 1.2 to: 1.0 duration: 1000 mTargetZoom: -1.0 targetZoom: -1.0 by window: Window{8887c79 u0 com.android.launcher/com.android.launcher.Launcher}
04-26 12:46:25.823  5294  5294 D LauncherClient: getThreadPriority -10
04-26 12:46:25.823  3393  3572 D OplusWallpaperAnimationManager: onAnimationStart
04-26 12:46:25.823  3393  3572 D OplusWallpaperAnimationManager: setSkipUpdateWallpaperPosition skip: true, wallpaper: Window{2b1539d u0 com.android.wallpaper.livepicker.service.video.op.Dodge2VideoWallpaper}
04-26 12:46:25.823  3393  3572 D OplusWallpaperSurfaceAnimation: setAnimationState curState: STARTED
04-26 12:46:25.824 25689 25689 I bvwa    : onStart
04-26 12:46:25.824  3393  3572 D OplusWallpaperSurfaceAnimation: setAnimationState curState: INTERRUPT
04-26 12:46:25.824  3393  3572 D OplusWallpaperAnimationManager: onAnimationCancel
04-26 12:46:25.824  3393  3572 D OplusWallpaperSurfaceAnimation: resetEnable curState: INTERRUPT
04-26 12:46:25.824  3393  3572 D OplusWallpaperSurfaceAnimation: setAnimationState curState: INITIALIZED
04-26 12:46:25.824  3393  3572 D OplusWallpaperAnimationManager: onAnimationStart
04-26 12:46:25.824  3393  3572 D OplusWallpaperAnimationManager: setSkipUpdateWallpaperPosition skip: true, wallpaper: Window{2b1539d u0 com.android.wallpaper.livepicker.service.video.op.Dodge2VideoWallpaper}
04-26 12:46:25.824  3393  3572 D OplusWallpaperSurfaceAnimation: setAnimationState curState: STARTED
04-26 12:46:25.825  5294  5650 E SurfaceTransactionApplier: scheduleApply: async anim has started, so drop:com.android.quickstep.util.SurfaceTransaction@5d6ddce
04-26 12:46:25.825 25689 25689 I btqm    : (REDACTED) [%s] onStart()
04-26 12:46:25.825 25689 25689 I btsx    : Reloading theme data
04-26 12:46:25.826 25689 25689 I bvwa    : onResume
04-26 12:46:25.830  8448  8832 I FacsCacheGmsModule: (REDACTED) Received 'getActivityControlsSettings' request from package '%s', instance id '%s', version '%d'...
04-26 12:46:25.830  8448  8832 I FacsCacheGmsModule: Operation 'getActivityControlsSettings' dispatched!
04-26 12:46:25.830  8448 31355 I FacsCacheGmsModule: (REDACTED) Executing operation '%s'...
04-26 12:46:25.831  8448 31355 I FacsCacheGmsModule: (REDACTED) Operation '%s' successful!
04-26 12:46:25.834  8448  8832 I FacsCacheGmsModule: (REDACTED) Received 'getActivityControlsSettings' request from package '%s', instance id '%s', version '%d'...
04-26 12:46:25.834  8448  8832 I FacsCacheGmsModule: Operation 'getActivityControlsSettings' dispatched!
04-26 12:46:25.834  8448 31355 I FacsCacheGmsModule: (REDACTED) Executing operation '%s'...
04-26 12:46:25.834  8448 31355 I FacsCacheGmsModule: (REDACTED) Operation '%s' successful!
04-26 12:46:25.836 25689 25721 E fcni    : Got more than one input Future failure. Logging failures after the first
04-26 12:46:25.836 25689 25721 E fcni    : elmt: java.io.IOException: Inoperable file: canonical[/data/data/com.google.android.googlequicksearchbox/files/common/shared/mobstore_accounts.pb] freeSpace[451884675072] protoName[mobstore_accounts] mode[33152]
04-26 12:46:25.836 25689 25721 E fcni    : 	at ellp.a(PG:212)
04-26 12:46:25.836 25689 25721 E fcni    : 	at ellm.d(PG:16)
04-26 12:46:25.836 25689 25721 E fcni    : 	at ellm.q(PG:7)
04-26 12:46:25.836 25689 25721 E fcni    : 	at elom.g(PG:5)
04-26 12:46:25.836 25689 25721 E fcni    : 	at eloj.a(PG:87)
04-26 12:46:25.836 25689 25721 E fcni    : 	at ellj.c(PG:5)
04-26 12:46:25.836 25689 25721 E fcni    : 	at dlwb.a(PG:27)
04-26 12:46:25.836 25689 25721 E fcni    : 	at esng.a(PG:17)
04-26 12:46:25.836 25689 25721 E fcni    : 	at fcrd.a(PG:3)
04-26 12:46:25.836 25689 25721 E fcni    : 	at fcqi.run(PG:19)
04-26 12:46:25.836 25689 25721 E fcni    : 	at fcrf.run(PG:5)
04-26 12:46:25.836 25689 25721 E fcni    : 	at curd.run(PG:5)
04-26 12:46:25.836 25689 25721 E fcni    : 	at fbki.run(PG:46)
04-26 12:46:25.836 25689 25721 E fcni    : 	at cuqp.run(PG:81)
04-26 12:46:25.836 25689 25721 E fcni    : 	at java.lang.Thread.run(Thread.java:1563)
04-26 12:46:25.836 25689 25721 E fcni    : 	at cush.run(PG:63)
04-26 12:46:25.836 25689 25721 E fcni    : Caused by: java.io.IOException: Inoperable file: canonical[/data/data/com.google.android.googlequicksearchbox/files/common/shared/mobstore_accounts.pb] freeSpace[451884675072] protoName[mobstore_accounts] mode[33152]
04-26 12:46:25.836 25689 25721 E fcni    : 	at elsg.b(PG:97)
04-26 12:46:25.836 25689 25721 E fcni    : 	at elsg.c(PG:36)
04-26 12:46:25.836 25689 25721 E fcni    : 	at elsg.a(PG:39)
04-26 12:46:25.836 25689 25721 E fcni    : 	at elrs.b(PG:98)
04-26 12:46:25.836 25689 25721 E fcni    : 	at elqk.a(PG:41)
04-26 12:46:25.836 25689 25721 E fcni    : 	at esng.a(PG:17)
04-26 12:46:25.836 25689 25721 E fcni    : 	at fcpd.a(PG:26)
04-26 12:46:25.836 25689 25721 E fcni    : 	at fcrd.a(PG:3)
04-26 12:46:25.836 25689 25721 E fcni    : 	at fcqi.run(PG:19)
04-26 12:46:25.836 25689 25721 E fcni    : 	at fcrf.run(PG:5)
04-26 12:46:25.836 25689 25721 E fcni    : 	at fcpf.run(PG:17)
04-26 12:46:25.836 25689 25721 E fcni    : 	at fcqv.run(PG:3)
04-26 12:46:25.836 25689 25721 E fcni    : 	at fcqw.run(PG:64)
04-26 12:46:25.836 25689 25721 E fcni    : 	at curd.run(PG:5)
04-26 12:46:25.836 25689 25721 E fcni    : 	at java.util.concurrent.ThreadPoolExecutor.runWorker(ThreadPoolExecutor.java:1154)
04-26 12:46:25.836 25689 25721 E fcni    : 	at java.util.concurrent.ThreadPoolExecutor$Worker.run(ThreadPoolExecutor.java:652)
04-26 12:46:25.836 25689 25721 E fcni    : 	at cuqj.run(PG:33)
04-26 12:46:25.836 25689 25721 E fcni    : 	... 2 more
04-26 12:46:25.836 25689 25721 E fcni    : Caused by: fjew: Protocol message end-group tag did not match expected tag.
04-26 12:46:25.836 25689 25721 E fcni    : 	at fjgn.a(PG:55)
04-26 12:46:25.836 25689 25721 E fcni    : 	at fjfn.l(PG:98)
04-26 12:46:25.836 25689 25721 E fcni    : 	at fjdy.parsePartialFrom(PG:24)
04-26 12:46:25.836 25689 25721 E fcni    : 	at fjdr.o(PG:3)
04-26 12:46:25.836 25689 25721 E fcni    : 	at fjbw.b(PG:7)
04-26 12:46:25.836 25689 25721 E fcni    : 	at fjbw.j(PG:1)
04-26 12:46:25.836 25689 25721 E fcni    : 	at elta.a(PG:9)
04-26 12:46:25.836 25689 25721 E fcni    : 	at elrs.b(PG:38)
04-26 12:46:25.836 25689 25721 E fcni    : 	... 15 more
04-26 12:46:25.854  2086  2086 D SensorFeature: name=ssc_screenshot_info ,index = 22
04-26 12:46:25.855  2086  2086 D SensorFeature: write 37 bytes:72366915599491,72366923932824,53787,0
04-26 12:46:25.867  5272  5272 D VendorWifiService: onEvent event:9,action:1
04-26 12:46:25.869  3393  4643 D ScorerUtils: isLowTraffic: txTputKBps=2, rxTputKBps=2
04-26 12:46:25.870  3393  4643 D OplusWifiResidenceRecognition: No available relateBssidList
